******************************************************************************
                  TI ARM Linker PC v18.12.1                    
******************************************************************************
>> Linked Wed Apr 21 21:54:45 2021

OUTPUT FILE NAME:   <getting_started_with_wlan_station.out>
ENTRY POINT SYMBOL: "_c_int00_noargs"  address: 0000a305


MEMORY CONFIGURATION

         name            origin    length      used     unused   attr    fill
----------------------  --------  ---------  --------  --------  ----  --------
  FLASH                 00000000   00100000  0000ad02  000f52fe  R  X
  SRAM                  20000000   00040000  00001a77  0003e589  RW X


SEGMENT ALLOCATION MAP

run origin  load origin   length   init length attrs members
----------  ----------- ---------- ----------- ----- -------
00000000    00000000    0000ad08   0000ad08    r-x
  00000000    00000000    00000208   00000208    r-- .intvecs
  00000208    00000208    0000a49e   0000a49e    r-x .text
  0000a6a8    0000a6a8    00000614   00000614    r-- .const
  0000acc0    0000acc0    00000048   00000048    r-- .cinit
20000000    20000000    00001a7c   00000000    rw-
  20000000    20000000    0000026c   00000000    rw- .vtable
  2000026c    2000026c    00000d4f   00000000    rw- .bss
  20000fc0    20000fc0    000007d0   00000000    rw- .stack
  20001790    20001790    000002ec   00000000    rw- .data


SECTION ALLOCATION MAP

 output                                  attributes/
section   page    origin      length       input sections
--------  ----  ----------  ----------   ----------------
.intvecs   0    00000000    00000208     
                  00000000    00000208     tm4c1294ncpdt_startup_ccs.obj (.intvecs)

.text      0    00000208    0000a49e     
                  00000208    00001db4     driver.obj (.text)
                  00001fbc    000013dc     connect.obj (.text)
                  00003398    00000f40     socket.obj (.text)
                  000042d8    00000df8     wlan.obj (.text)
                  000050d0    00000c10     netapp.obj (.text)
                  00005ce0    00000a4e     rtsv7M4_T_le_v4SPD16_eabi.lib : _printfi.c.obj (.text:__TI_printfi)
                  0000672e    00000002                                   : div0.asm.obj (.text)
                  00006730    0000086c     main.obj (.text)
                  00006f9c    00000728     ADCSWTrigger.obj (.text)
                  000076c4    0000056c     device.obj (.text)
                  00007c30    00000270     rtsv7M4_T_le_v4SPD16_eabi.lib : _printfi.c.obj (.text:_pconv_a)
                  00007ea0    00000268     stringbuilder.obj (.text)
                  00008108    00000220     spi.obj (.text)
                  00008328    00000204     driverlib.lib : sysctl.obj (.text:SysCtlClockFreqSet)
                  0000852c    000001dc     PWM.obj (.text)
                  00008708    000001d0     rtsv7M4_T_le_v4SPD16_eabi.lib : _printfi.c.obj (.text:_pconv_g)
                  000088d8    000001b6                                   : fd_add_t2.asm.obj (.text)
                  00008a8e    00000002     --HOLE-- [fill = 0]
                  00008a90    0000019c     nonos.obj (.text)
                  00008c2c    00000168     netcfg.obj (.text)
                  00008d94    00000160     cli_uart.obj (.text)
                  00008ef4    0000013c     rtsv7M4_T_le_v4SPD16_eabi.lib : _printfi.c.obj (.text:_pconv_e)
                  00009030    00000136                                   : fd_div_t2.asm.obj (.text)
                  00009166    00000130     driverlib.lib : gpio.obj (.text:GPIOPadConfigSet)
                  00009296    00000002     --HOLE-- [fill = 0]
                  00009298    00000124     rtsv7M4_T_le_v4SPD16_eabi.lib : _printfi.c.obj (.text:fcvt)
                  000093bc    00000110     PLL.obj (.text)
                  000094cc    00000110     rtsv7M4_T_le_v4SPD16_eabi.lib : s_scalbn.c.obj (.text:scalbn)
                  000095dc    000000fc                                   : fd_mul_t2.asm.obj (.text)
                  000096d8    000000cc     board.obj (.text)
                  000097a4    000000b1     rtsv7M4_T_le_v4SPD16_eabi.lib : _printfi.c.obj (.text:_ltostr)
                  00009855    00000001     --HOLE-- [fill = 0]
                  00009856    0000009c                                   : memcpy_t2.asm.obj (.text)
                  000098f2    00000096                                   : ull_div_t2.asm.obj (.text)
                  00009988    00000086                                   : fd_cmp_t2.asm.obj (.text:__aeabi_cdcmple)
                  00009a0e    00000086                                   : fd_cmp_t2.asm.obj (.text:__aeabi_cdrcmple)
                  00009a94    0000007a     driverlib.lib : adc.obj (.text:ADCSequenceStepConfigure)
                  00009b0e    0000007a     rtsv7M4_T_le_v4SPD16_eabi.lib : memset_t2.asm.obj (.text)
                  00009b88    00000078     SysTick.obj (.text)
                  00009c00    0000006e     rtsv7M4_T_le_v4SPD16_eabi.lib : _printfi.c.obj (.text:_mcpy)
                  00009c6e    0000006e                                   : fd_tos_t2.asm.obj (.text)
                  00009cdc    00000068     driverlib.lib : interrupt.obj (.text:IntEnable)
                  00009d44    00000068     rtsv7M4_T_le_v4SPD16_eabi.lib : copy_decompress_lzss.c.obj (.text:decompress:lzss:__TI_decompress_lzss)
                  00009dac    00000064                                   : s_frexp.c.obj (.text:frexp)
                  00009e10    0000005c     timer_tick.obj (.text)
                  00009e6c    00000056     driverlib.lib : gpio.obj (.text:GPIOIntTypeSet)
                  00009ec2    00000056     rtsv7M4_T_le_v4SPD16_eabi.lib : _printfi.c.obj (.text:_pconv_f)
                  00009f18    00000054                                   : ltoa.c.obj (.text:ltoa)
                  00009f6c    00000052                                   : _printfi.c.obj (.text:_ecpy)
                  00009fbe    00000002     --HOLE-- [fill = 0]
                  00009fc0    0000004c                                   : atoi.c.obj (.text:atoi)
                  0000a00c    00000048     driverlib.lib : gpio.obj (.text:GPIOPinConfigure)
                  0000a054    00000048                   : sysctl.obj (.text:_SysCtlFrequencyGet)
                  0000a09c    00000048     rtsv7M4_T_le_v4SPD16_eabi.lib : fd_toi_t2.asm.obj (.text)
                  0000a0e4    00000044                                   : autoinit.c.obj (.text:__TI_auto_init_nobinit_nopinit:__TI_auto_init_nobinit_nopinit)
                  0000a128    00000044                                   : fd_tou_t2.asm.obj (.text)
                  0000a16c    00000040                                   : sprintf.c.obj (.text:sprintf)
                  0000a1ac    0000003e     driverlib.lib : adc.obj (.text:ADCSequenceConfigure)
                  0000a1ea    0000003e     rtsv7M4_T_le_v4SPD16_eabi.lib : _printfi.c.obj (.text:_fcpy)
                  0000a228    0000003c     driverlib.lib : ssi.obj (.text:SSIConfigSetExpClk)
                  0000a264    00000038     rtsv7M4_T_le_v4SPD16_eabi.lib : fs_tod_t2.asm.obj (.text)
                  0000a29c    00000034     driverlib.lib : interrupt.obj (.text:IntRegister)
                  0000a2d0    00000034                   : sysctl.obj (.text:SysCtlPeripheralEnable)
                  0000a304    00000034     rtsv7M4_T_le_v4SPD16_eabi.lib : boot_cortex_m.c.obj (.text:_c_int00_noargs:_c_int00_noargs)
                  0000a338    00000034                                   : strstr.c.obj (.text:strstr)
                  0000a36c    0000002e     driverlib.lib : adc.obj (.text:ADCIntStatus)
                  0000a39a    0000002e     rtsv7M4_T_le_v4SPD16_eabi.lib : i_tofd_t2.asm.obj (.text)
                  0000a3c8    0000002a     driverlib.lib : gpio.obj (.text:GPIODirModeSet)
                  0000a3f2    00000026     tm4c1294ncpdt_startup_ccs.obj (.text)
                  0000a418    0000001e     driverlib.lib : adc.obj (.text:ADCSequenceDataGet)
                  0000a436    0000001e     rtsv7M4_T_le_v4SPD16_eabi.lib : strcat.c.obj (.text:strcat)
                  0000a454    0000001c     driverlib.lib : systick.obj (.text:SysTickIntRegister)
                  0000a470    0000001c                   : sysctl.obj (.text:_SysCtlMemTimingGet)
                  0000a48c    0000001c     rtsv7M4_T_le_v4SPD16_eabi.lib : memccpy.c.obj (.text:memccpy)
                  0000a4a8    0000001a                                   : s_copysign.c.obj (.text:copysign)
                  0000a4c2    00000018     driverlib.lib : adc.obj (.text:ADCProcessorTrigger)
                  0000a4da    00000018     rtsv7M4_T_le_v4SPD16_eabi.lib : sprintf.c.obj (.text:_outs)
                  0000a4f2    00000016                                   : strchr.c.obj (.text:strchr)
                  0000a508    00000014     driverlib.lib : systick.obj (.text:SysTickDisable)
                  0000a51c    00000014                   : systick.obj (.text:SysTickEnable)
                  0000a530    00000014                   : systick.obj (.text:SysTickIntEnable)
                  0000a544    00000014     rtsv7M4_T_le_v4SPD16_eabi.lib : strcpy.c.obj (.text:strcpy)
                  0000a558    00000014                                   : strlen.c.obj (.text:strlen)
                  0000a56c    00000012     driverlib.lib : gpio.obj (.text:GPIOPinTypeGPIOInput)
                  0000a57e    00000012                   : gpio.obj (.text:GPIOPinTypeSSI)
                  0000a590    00000012                   : ssi.obj (.text:SSIDataGetNonBlocking)
                  0000a5a2    00000012     rtsv7M4_T_le_v4SPD16_eabi.lib : wcslen.c.obj (.text:wcslen)
                  0000a5b4    00000010     driverlib.lib : fpu.obj (.text:FPUEnable)
                  0000a5c4    00000010                   : fpu.obj (.text:FPULazyStackingEnable)
                  0000a5d4    00000010                   : interrupt.obj (.text:IntMasterEnable)
                  0000a5e4    00000010                   : systick.obj (.text:SysTickPeriodSet)
                  0000a5f4    0000000e                   : adc.obj (.text:ADCSequenceEnable)
                  0000a602    0000000e                   : gpio.obj (.text:GPIOIntDisable)
                  0000a610    0000000e                   : gpio.obj (.text:GPIOIntStatus)
                  0000a61e    0000000e                   : ssi.obj (.text:SSIDataPutNonBlocking)
                  0000a62c    0000000e     rtsv7M4_T_le_v4SPD16_eabi.lib : copy_decompress_none.c.obj (.text:decompress:none:__TI_decompress_none)
                  0000a63a    0000000c     driverlib.lib : cpu.obj (.text:CPUcpsie)
                  0000a646    0000000c                   : gpio.obj (.text:GPIOIntEnable)
                  0000a652    0000000c     rtsv7M4_T_le_v4SPD16_eabi.lib : copy_zero_init.c.obj (.text:decompress:ZI:__TI_zero_init)
                  0000a65e    0000000a     driverlib.lib : adc.obj (.text:ADCIntClear)
                  0000a668    0000000a                   : ssi.obj (.text:SSIEnable)
                  0000a672    0000000a     rtsv7M4_T_le_v4SPD16_eabi.lib : sprintf.c.obj (.text:_outc)
                  0000a67c    00000008     driverlib.lib : ssi.obj (.text:SSIBusy)
                  0000a684    00000008     rtsv7M4_T_le_v4SPD16_eabi.lib : errno.c.obj (.text:__aeabi_errno_addr)
                  0000a68c    00000006     driverlib.lib : gpio.obj (.text:GPIOIntClear)
                  0000a692    00000006                   : gpio.obj (.text:GPIOPinWrite)
                  0000a698    00000006                   : sysctl.obj (.text:SysCtlDelay)
                  0000a69e    00000004     rtsv7M4_T_le_v4SPD16_eabi.lib : pre_init.c.obj (.text:_system_pre_init)
                  0000a6a2    00000004                                   : exit.c.obj (.text:abort:abort)

.const     0    0000a6a8    00000614     
                  0000a6a8    00000120     driverlib.lib : sysctl.obj (.const:g_pppui32XTALtoVCO)
                  0000a7c8    00000101     rtsv7M4_T_le_v4SPD16_eabi.lib : ctype.c.obj (.const:.string:_ctypes_)
                  0000a8c9    00000003     --HOLE-- [fill = 0]
                  0000a8cc    00000090     driverlib.lib : gpio.obj (.const:g_pui32GPIOBaseAddrs)
                  0000a95c    00000070                   : interrupt.obj (.const)
                  0000a9cc    0000006c                   : sysctl.obj (.const:g_pui32Xtals)
                  0000aa38    0000003c     driver.obj (.const:OpcodeTranslateTable)
                  0000aa74    00000038     driver.obj (.const:_SlActionLookupTable)
                  0000aaac    00000030     driverlib.lib : sysctl.obj (.const:g_sXTALtoMEMTIM)
                  0000aadc    0000002c     connect.obj (.const:$P$T0$1)
                  0000ab08    00000020     connect.obj (.const:$P$T3$4)
                  0000ab28    00000020     connect.obj (.const:$P$T5$6)
                  0000ab48    00000020     driver.obj (.const:RxMsgClassLUT)
                  0000ab68    00000014     driver.obj (.const:$P$T0$1)
                  0000ab7c    00000014     nonos.obj (.const:$P$T0$1)
                  0000ab90    00000014     connect.obj (.const:$P$T1$2)
                  0000aba4    00000014     connect.obj (.const:$P$T4$5)
                  0000abb8    00000014     connect.obj (.const:$P$T6$7)
                  0000abcc    00000010     socket.obj (.const:.string:_SlPayloadByProtocolLUT)
                  0000abdc    0000000c     connect.obj (.const:$P$T2$3)
                  0000abe8    00000008     device.obj (.const:StartResponseLUT)
                  0000abf0    00000008     driverlib.lib : sysctl.obj (.const)
                  0000abf8    00000008     driver.obj (.const:g_H2NCnysPattern)
                  0000ac00    00000008     driver.obj (.const:g_H2NSyncPattern)
                  0000ac08    00000004     netapp.obj (.const:$P$T0$1)
                  0000ac0c    00000004     socket.obj (.const:$P$T0$1)
                  0000ac10    00000004     wlan.obj (.const:$P$T0$1)
                  0000ac14    00000004     socket.obj (.const:$P$T1$2)
                  0000ac18    00000004     wlan.obj (.const:$P$T1$2)
                  0000ac1c    00000004     socket.obj (.const:$P$T2$3)
                  0000ac20    00000004     wlan.obj (.const:$P$T2$3)
                  0000ac24    00000004     socket.obj (.const:_SlAcceptCmdCtrl)
                  0000ac28    00000004     device.obj (.const:_SlDeviceGetCmdCtrl)
                  0000ac2c    00000004     device.obj (.const:_SlDeviceSetCmdCtrl)
                  0000ac30    00000004     device.obj (.const:_SlEventMaskGetCmdCtrl)
                  0000ac34    00000004     device.obj (.const:_SlEventMaskSetCmdCtrl)
                  0000ac38    00000004     netapp.obj (.const:_SlGetHostByNameCtrl)
                  0000ac3c    00000004     netapp.obj (.const:_SlGetHostByServiceCtrl)
                  0000ac40    00000004     netapp.obj (.const:_SlGetServiceListeCtrl)
                  0000ac44    00000004     socket.obj (.const:_SlGetSockOptCmdCtrl)
                  0000ac48    00000004     socket.obj (.const:_SlListenCmdCtrl)
                  0000ac4c    00000004     netapp.obj (.const:_SlNetAppGetCmdCtrl)
                  0000ac50    00000004     netapp.obj (.const:_SlNetAppSendTokenValueCmdCtrl)
                  0000ac54    00000004     netapp.obj (.const:_SlNetAppSetCmdCtrl)
                  0000ac58    00000004     netapp.obj (.const:_SlNetAppStartCtrl)
                  0000ac5c    00000004     netapp.obj (.const:_SlNetAppStopCtrl)
                  0000ac60    00000004     netcfg.obj (.const:_SlNetCfgGetCmdCtrl)
                  0000ac64    00000004     netcfg.obj (.const:_SlNetCfgSetCmdCtrl)
                  0000ac68    00000004     wlan.obj (.const:_SlPolicyGetCmdCtrl)
                  0000ac6c    00000004     wlan.obj (.const:_SlPolicySetCmdCtrl)
                  0000ac70    00000004     wlan.obj (.const:_SlProfileDelCmdCtrl)
                  0000ac74    00000004     wlan.obj (.const:_SlProfileGetCmdCtrl)
                  0000ac78    00000004     socket.obj (.const:_SlRecvCmdCtrl)
                  0000ac7c    00000004     socket.obj (.const:_SlRecvfomCmdCtrl)
                  0000ac80    00000004     netapp.obj (.const:_SlRegisterServiceCtrl)
                  0000ac84    00000004     wlan.obj (.const:_SlRxFilterAddtCmdCtrl)
                  0000ac88    00000004     wlan.obj (.const:_SlRxFilterGetCmdCtrl)
                  0000ac8c    00000004     wlan.obj (.const:_SlRxFilterSetCmdCtrl)
                  0000ac90    00000004     socket.obj (.const:_SlSelectCmdCtrl)
                  0000ac94    00000004     socket.obj (.const:_SlSendCmdCtrl)
                  0000ac98    00000004     socket.obj (.const:_SlSetSockOptCmdCtrl)
                  0000ac9c    00000004     wlan.obj (.const:_SlSmartConfigStartCmdCtrl)
                  0000aca0    00000004     socket.obj (.const:_SlSockCloseCmdCtrl)
                  0000aca4    00000004     socket.obj (.const:_SlSockSocketCmdCtrl)
                  0000aca8    00000004     device.obj (.const:_SlStopCmdCtrl)
                  0000acac    00000004     wlan.obj (.const:_SlWlanCfgGetCmdCtrl)
                  0000acb0    00000004     wlan.obj (.const:_SlWlanCfgSetCmdCtrl)
                  0000acb4    00000004     wlan.obj (.const:_SlWlanGetNetworkListCtrl)
                  0000acb8    00000004     wlan.obj (.const:_SlWlanSetModeCmdCtrl)

.cinit     0    0000acc0    00000048     
                  0000acc0    0000000e     (.cinit..data.load) [load image, compression = lzss]
                  0000acce    00000002     --HOLE-- [fill = 0]
                  0000acd0    0000000c     (__TI_handler_table)
                  0000acdc    00000004     --HOLE-- [fill = 0]
                  0000ace0    00000008     (.cinit..bss.load) [load image, compression = zero_init]
                  0000ace8    00000008     (.cinit..vtable.load) [load image, compression = zero_init]
                  0000acf0    00000018     (__TI_cinit_table)

.init_array 
*          0    00000000    00000000     UNINITIALIZED

.vtable    0    20000000    0000026c     UNINITIALIZED
                  20000000    0000026c     driverlib.lib : interrupt.obj (.vtable)

.bss       0    2000026c    00000d4f     UNINITIALIZED
                  2000026c    00000630     (.common:appData)
                  2000089c    00000460     (.common:instructions)
                  20000cfc    00000168     driver.obj (.bss:g_StatMem)
                  20000e64    00000064     (.common:Edxpost)
                  20000ec8    00000064     (.common:Id)
                  20000f2c    00000064     (.common:Score)
                  20000f90    00000018     (.common:theTime)
                  20000fa8    00000004     (.common:g_Status)
                  20000fac    00000004     (.common:g_SysClock)
                  20000fb0    00000004     (.common:g_ucUARTBuffer)
                  20000fb4    00000004     (.common:numberOfInstructions)
                  20000fb8    00000001     (.common:IntIsMasked)
                  20000fb9    00000001     (.common:RxIrqCnt)
                  20000fba    00000001     (.common:g_bDeviceRestartIsRequired)

.data      0    20001790    000002ec     UNINITIALIZED
                  20001790    00000200     stringbuilder.obj (.data:buildstr)
                  20001990    0000003c     nonos.obj (.data:g__SlNonOsCB)
                  200019cc    00000032     stringbuilder.obj (.data:mystring2)
                  200019fe    00000032     stringbuilder.obj (.data:mystring)
                  20001a30    0000001c     main.obj (.data)
                  20001a4c    0000000d     driver.obj (.data)
                  20001a59    00000003     --HOLE--
                  20001a5c    00000008     connect.obj (.data)
                  20001a64    00000005     stringbuilder.obj (.data:strcontentlength)
                  20001a69    00000003     --HOLE--
                  20001a6c    00000004     board.obj (.data)
                  20001a70    00000004     rtsv7M4_T_le_v4SPD16_eabi.lib : errno.c.obj (.data)
                  20001a74    00000004     stringbuilder.obj (.data)
                  20001a78    00000004     timer_tick.obj (.data)

.stack     0    20000fc0    000007d0     UNINITIALIZED
                  20000fc0    00000004     rtsv7M4_T_le_v4SPD16_eabi.lib : boot_cortex_m.c.obj (.stack)
                  20000fc4    000007cc     --HOLE--

MODULE SUMMARY

       Module                          code    ro data   rw data
       ------                          ----    -------   -------
    .\
       connect.obj                     5084    180       3044   
       main.obj                        2156    0         28     
       ADCSWTrigger.obj                1832    0         0      
       stringbuilder.obj               616     0         621    
       tm4c1294ncpdt_startup_ccs.obj   38      520       0      
       PWM.obj                         476     0         0      
       PLL.obj                         272     0         0      
       SysTick.obj                     120     0         0      
    +--+-------------------------------+-------+---------+---------+
       Total:                          10594   700       3693   
                                                                
    .\board\
       board.obj                       204     0         9      
    +--+-------------------------------+-------+---------+---------+
       Total:                          204     0         9      
                                                                
    .\cli_uart\
       cli_uart.obj                    352     0         4      
    +--+-------------------------------+-------+---------+---------+
       Total:                          352     0         4      
                                                                
    .\simplelink\source\
       driver.obj                      7604    184       375    
       socket.obj                      3904    68        0      
       wlan.obj                        3576    60        0      
       netapp.obj                      3088    40        0      
       device.obj                      1388    28        0      
       nonos.obj                       412     20        60     
       netcfg.obj                      360     8         0      
    +--+-------------------------------+-------+---------+---------+
       Total:                          20332   408       435    
                                                                
    .\spi\
       spi.obj                         544     0         0      
    +--+-------------------------------+-------+---------+---------+
       Total:                          544     0         0      
                                                                
    .\timer\
       timer_tick.obj                  92      0         4      
    +--+-------------------------------+-------+---------+---------+
       Total:                          92      0         4      
                                                                
    C:/ti/tirtos_tivac_2_16_01_14/products/TivaWare_C_Series-2.1.1.71b/driverlib/ccs/Debug/driverlib.lib
       sysctl.obj                      674     452       0      
       interrupt.obj                   172     112       620    
       gpio.obj                        592     144       0      
       adc.obj                         308     0         0      
       ssi.obj                         110     0         0      
       systick.obj                     104     0         0      
       fpu.obj                         32      0         0      
       cpu.obj                         12      0         0      
    +--+-------------------------------+-------+---------+---------+
       Total:                          2004    708       620    
                                                                
    C:\ti\ccs901\ccs\tools\compiler\ti-cgt-arm_18.12.1.LTS\lib\rtsv7M4_T_le_v4SPD16_eabi.lib
       _printfi.c.obj                  4851    0         0      
       fd_add_t2.asm.obj               438     0         0      
       fd_div_t2.asm.obj               310     0         0      
       s_scalbn.c.obj                  272     0         0      
       fd_cmp_t2.asm.obj               268     0         0      
       ctype.c.obj                     0       257       0      
       fd_mul_t2.asm.obj               252     0         0      
       memcpy_t2.asm.obj               156     0         0      
       ull_div_t2.asm.obj              150     0         0      
       memset_t2.asm.obj               122     0         0      
       fd_tos_t2.asm.obj               110     0         0      
       copy_decompress_lzss.c.obj      104     0         0      
       s_frexp.c.obj                   100     0         0      
       sprintf.c.obj                   98      0         0      
       ltoa.c.obj                      84      0         0      
       atoi.c.obj                      76      0         0      
       fd_toi_t2.asm.obj               72      0         0      
       autoinit.c.obj                  68      0         0      
       fd_tou_t2.asm.obj               68      0         0      
       fs_tod_t2.asm.obj               56      0         0      
       boot_cortex_m.c.obj             52      0         0      
       strstr.c.obj                    52      0         0      
       i_tofd_t2.asm.obj               46      0         0      
       strcat.c.obj                    30      0         0      
       memccpy.c.obj                   28      0         0      
       s_copysign.c.obj                26      0         0      
       strchr.c.obj                    22      0         0      
       strcpy.c.obj                    20      0         0      
       strlen.c.obj                    20      0         0      
       wcslen.c.obj                    18      0         0      
       copy_decompress_none.c.obj      14      0         0      
       copy_zero_init.c.obj            12      0         0      
       errno.c.obj                     8       0         4      
       exit.c.obj                      4       0         0      
       pre_init.c.obj                  4       0         0      
       div0.asm.obj                    2       0         0      
    +--+-------------------------------+-------+---------+---------+
       Total:                          8013    257       4      
                                                                
       Stack:                          0       0         2000   
       Linker Generated:               0       66        0      
    +--+-------------------------------+-------+---------+---------+
       Grand Total:                    42135   2139      6769   


LINKER GENERATED COPY TABLES

__TI_cinit_table @ 0000acf0 records: 3, size/record: 8, table size: 24
	.data: load addr=0000acc0, load size=0000000e bytes, run addr=20001790, run size=000002ec bytes, compression=lzss
	.bss: load addr=0000ace0, load size=00000008 bytes, run addr=2000026c, run size=00000d4f bytes, compression=zero_init
	.vtable: load addr=0000ace8, load size=00000008 bytes, run addr=20000000, run size=0000026c bytes, compression=zero_init


LINKER GENERATED HANDLER TABLE

__TI_handler_table @ 0000acd0 records: 3, size/record: 4, table size: 12
	index: 0, handler: __TI_zero_init
	index: 1, handler: __TI_decompress_lzss
	index: 2, handler: __TI_decompress_none


GLOBAL SYMBOLS: SORTED ALPHABETICALLY BY Name 

address   name                                  
-------   ----                                  
0000763b  ADC0_InSeq3                           
00007561  ADC0_InitAllTriggerSeq3               
00007471  ADC0_InitSWTriggerSeq3                
00006f9d  ADC0_InitSWTriggerSeq3_Ch0            
0000a65f  ADCIntClear                           
0000a36d  ADCIntStatus                          
0000a4c3  ADCProcessorTrigger                   
0000a1ad  ADCSequenceConfigure                  
0000a419  ADCSequenceDataGet                    
0000a5f5  ADCSequenceEnable                     
00009a95  ADCSequenceStepConfigure              
0000a6a3  C$$EXIT                               
0000973b  CC3100_InterruptDisable               
0000972f  CC3100_InterruptEnable                
00009707  CC3100_disable                        
0000971b  CC3100_enable                         
00008e3b  CLI_Configure                         
00008d95  CLI_Read                              
00008de1  CLI_Write                             
0000a63b  CPUcpsie                              
000032bd  CreateConnection                      
0000a3ff  DisableInterrupts                     
20000e64  Edxpost                               
0000a403  EnableInterrupts                      
0000a40f  EndCritical                           
000031f5  ExecuteInstructions                   
0000a5b5  FPUEnable                             
0000a5c5  FPULazyStackingEnable                 
0000a3c9  GPIODirModeSet                        
0000a68d  GPIOIntClear                          
0000a603  GPIOIntDisable                        
0000a647  GPIOIntEnable                         
0000a611  GPIOIntStatus                         
00009e6d  GPIOIntTypeSet                        
00009759  GPIOM_intHandler                      
00009167  GPIOPadConfigSet                      
0000a00d  GPIOPinConfigure                      
0000a56d  GPIOPinTypeGPIOInput                  
0000a57f  GPIOPinTypeSSI                        
0000a693  GPIOPinWrite                          
00003299  GetHostIP                             
000031c9  GetInstruction                        
20000ec8  Id                                    
00009cdd  IntEnable                             
20000fb8  IntIsMasked                           
0000a5d5  IntMasterEnable                       
0000a29d  IntRegister                           
00002795  Lab16                                 
00009747  MaskIntHdlr                           
0000aa38  OpcodeTranslateTable                  
000093bd  PLL_Init                              
000085dd  PWM0A_Duty                            
0000852d  PWM0A_Init                            
000086a3  PWM0B_Duty                            
000085f3  PWM0B_Init                            
0000a3f3  ResetISR                              
20000fb9  RxIrqCnt                              
0000425d  SL_FD_CLR                             
00004285  SL_FD_ISSET                           
00004235  SL_FD_SET                             
000042b1  SL_FD_ZERO                            
0000a67d  SSIBusy                               
0000a229  SSIConfigSetExpClk                    
0000a591  SSIDataGetNonBlocking                 
0000a61f  SSIDataPutNonBlocking                 
0000a669  SSIEnable                             
20000f2c  Score                                 
00003065  SendAck                               
00002c09  SendDecimal                           
00003131  SendState                             
00002b45  SendTDS                               
000020c1  SimpleLinkGeneralEventHandler         
0000208f  SimpleLinkHttpServerCallback          
0000204d  SimpleLinkNetAppEventHandler          
0000209d  SimpleLinkPingReport                  
000020cd  SimpleLinkSockEventHandler            
00001fe1  SimpleLinkWlanEventHandler            
0000a407  StartCritical                         
00008329  SysCtlClockFreqSet                    
0000a699  SysCtlDelay                           
0000a2d1  SysCtlPeripheralEnable                
0000a509  SysTickDisable                        
0000a51d  SysTickEnable                         
0000a531  SysTickIntEnable                      
0000a455  SysTickIntRegister                    
0000a5e5  SysTickPeriodSet                      
00009b89  SysTick_Init                          
00009ba5  SysTick_Wait                          
00009bcb  SysTick_Wait10ms                      
00009757  UARTRxTxHandler                       
0000974f  UnMaskIntHdlr                         
0000a415  WaitForInterrupt                      
0000aa74  _SlActionLookupTable                  
00001e6d  _SlDriverHandleError                  
00001685  _SlDrvBasicCmd                        
00000565  _SlDrvCmdOp                           
000016d9  _SlDrvCmdSend                         
00000621  _SlDrvDataReadOp                      
00000801  _SlDrvDataWriteOp                     
00007b79  _SlDrvDeviceEventHandler              
00001cdb  _SlDrvDispatchHttpServerEvents        
000003ed  _SlDrvDriverCBDeinit                  
0000024f  _SlDrvDriverCBInit                    
00001dbf  _SlDrvGlobalObjUnLock                 
00001f2d  _SlDrvIsTimeoutExpired                
00001de1  _SlDrvMemZero                         
00001295  _SlDrvMsgReadSpawnCtx                 
00005bcd  _SlDrvNetAppEventHandler              
00001d0b  _SlDrvObjLockWaitForever              
00001d59  _SlDrvObjUnLock                       
00000209  _SlDrvProtectAsyncRespSetting         
00001d31  _SlDrvProtectionObjLockWaitForever    
00001d79  _SlDrvProtectionObjUnLock             
000018e7  _SlDrvReleasePoolObj                  
00001df7  _SlDrvResetCmdExt                     
00000511  _SlDrvRxIrqHandler                    
00001f0d  _SlDrvStartMeasureTimeout             
00001ceb  _SlDrvSyncObjSignal                   
00001e09  _SlDrvSyncObjWaitForever              
00001e2d  _SlDrvSyncObjWaitTimeout              
00001755  _SlDrvWaitForPoolObj                  
0000ac50  _SlNetAppSendTokenValueCmdCtrl        
00008bb1  _SlNonOsMainLoopTask                  
00008aa9  _SlNonOsSemGet                        
00008a91  _SlNonOsSemSet                        
00008b51  _SlNonOsSpawn                         
20001790  __STACK_END                           
000007d0  __STACK_SIZE                          
200011c0  __STACK_TOP                           
0000acf0  __TI_CINIT_Base                       
0000ad08  __TI_CINIT_Limit                      
0000acd0  __TI_Handler_Table_Base               
0000acdc  __TI_Handler_Table_Limit              
0000a0e5  __TI_auto_init_nobinit_nopinit        
00009d45  __TI_decompress_lzss                  
0000a62d  __TI_decompress_none                  
ffffffff  __TI_pprof_out_hndl                   
00005ce1  __TI_printfi                          
ffffffff  __TI_prof_data_size                   
ffffffff  __TI_prof_data_start                  
00000000  __TI_static_base__                    
0000a653  __TI_zero_init                        
00009989  __aeabi_cdcmpeq                       
00009989  __aeabi_cdcmple                       
00009a0f  __aeabi_cdrcmple                      
00009c6f  __aeabi_d2f                           
0000a09d  __aeabi_d2iz                          
0000a129  __aeabi_d2uiz                         
000088e3  __aeabi_dadd                          
00009031  __aeabi_ddiv                          
000095dd  __aeabi_dmul                          
000088d9  __aeabi_dsub                          
0000a685  __aeabi_errno_addr                    
0000a265  __aeabi_f2d                           
0000a39b  __aeabi_i2d                           
0000672f  __aeabi_idiv0                         
0000672f  __aeabi_ldiv0                         
00009b0f  __aeabi_memclr                        
00009b0f  __aeabi_memclr4                       
00009b0f  __aeabi_memclr8                       
00009857  __aeabi_memcpy                        
00009857  __aeabi_memcpy4                       
00009857  __aeabi_memcpy8                       
00009b11  __aeabi_memset                        
00009b11  __aeabi_memset4                       
00009b11  __aeabi_memset8                       
000098f3  __aeabi_uldivmod                      
ffffffff  __binit__                             
ffffffff  __c_args__                            
UNDEFED   __mpu_init                            
20000fc0  __stack                               
0000a305  _c_int00_noargs                       
0000a7c8  _ctypes_                              
00003e31  _sl_HandleAsync_Accept                
000039ef  _sl_HandleAsync_Connect               
000055cf  _sl_HandleAsync_DnsGetHostByAddr      
0000571d  _sl_HandleAsync_DnsGetHostByName      
00005509  _sl_HandleAsync_DnsGetHostByService   
000077b5  _sl_HandleAsync_InitComplete          
000057f1  _sl_HandleAsync_PingResponse          
00003e91  _sl_HandleAsync_Select                
00007839  _sl_HandleAsync_Stop                  
00005aad  _sl_NetAppSendTokenValue              
00003421  _sl_ParseAddress                      
UNDEFED   _system_post_cinit                    
0000a69f  _system_pre_init                      
0000a6a3  abort                                 
2000026c  appData                               
00009fc1  atoi                                  
ffffffff  binit                                 
00007f37  buildDecimal                          
00007ea1  buildTDS                              
00007fb7  buildack                              
20001790  buildstr                              
00002575  checkInternetConnection               
000024e1  checkLanConnection                    
00002281  configureSimpleLinkToDefaultState     
00006d01  configureWirelessConnection           
20001a74  contentLength                         
0000a4a9  copysign                              
0000a4a9  copysignl                             
20001a38  currentDay                            
20001a34  currentHour                           
20001a30  currentMinutes                        
20001a3c  currentMonth                          
20001a44  currentSecond                         
20001a40  currentYear                           
00002647  displayBanner                         
20001a70  errno                                 
00002473  establishConnectionWithAP             
00009dad  frexp                                 
00009dad  frexpl                                
20001a60  g_GatewayIP                           
20001a5c  g_PingPacketsRecv                     
20001a4c  g_SlDeviceStatus                      
20000fa8  g_Status                              
20000fac  g_SysClock                            
20001990  g__SlNonOsCB                          
20000fba  g_bDeviceRestartIsRequired            
20001a50  g_pCB                                 
20000000  g_pfnRAMVectors                       
00000000  g_pfnVectors                          
20000fb0  g_ucUARTBuffer                        
00001fc3  getCurrentDay                         
00001fd5  getCurrentHour                        
00001fdb  getCurrentMinute                      
00001fc9  getCurrentMonth                       
00001fbd  getCurrentSecond                      
00001fcf  getCurrentYear                        
000069f1  getInternalTemp                       
00002e1b  getNextInstruction                    
00002cc1  getNumberOfInstructions               
00006933  getPh                                 
00006803  getTDS                                
00006a9d  init                                  
000096d9  initClk                               
00002631  initializeAppVariables                
2000089c  instructions                          
20001a48  lastSyncMinutes                       
000094cd  ldexp                                 
000094cd  ldexpl                                
00009f19  ltoa                                  
00006af5  main                                  
00006731  median                                
0000a48d  memccpy                               
00009857  memcpy                                
00009b17  memset                                
200019fe  mystring                              
200019cc  mystring2                             
20000fb4  numberOfInstructions                  
20001a6c  pIrqEventHandler                      
20001a54  pPingCallBackFunc                     
000026a1  performcleanup                        
000096f3  registerInterruptHandler              
000094cd  scalbn                                
000094cd  scalbnl                               
00003c09  sl_Accept                             
0000354b  sl_Bind                               
000034f9  sl_Close                              
00003879  sl_Connect                            
00007a29  sl_DevGet                             
00007aeb  sl_DevSet                             
000079bd  sl_EventMaskGet                       
00007957  sl_EventMaskSet                       
0000401b  sl_GetSockOpt                         
00003daf  sl_Htonl                              
00003df5  sl_Htons                              
00003b99  sl_Listen                             
000055e1  sl_NetAppDnsGetHostByName             
00005401  sl_NetAppDnsGetHostByService          
00005b19  sl_NetAppGet                          
00005169  sl_NetAppGetServiceList               
00005331  sl_NetAppMDNSRegisterService          
0000525b  sl_NetAppMDNSRegisterUnregisterService
00005395  sl_NetAppMDNSUnRegisterService        
0000587d  sl_NetAppPingStart                    
00005a1b  sl_NetAppSet                          
000050d1  sl_NetAppStart                        
0000511d  sl_NetAppStop                         
00008cb7  sl_NetCfgGet                          
00008c2d  sl_NetCfgSet                          
00003ee9  sl_Recv                               
00003739  sl_RecvFrom                           
000040d3  sl_Select                             
00003a6d  sl_Send                               
000035f9  sl_SendTo                             
00003f91  sl_SetSockOpt                         
0000347b  sl_Socket                             
000076e1  sl_Start                              
00007883  sl_Stop                               
000076d9  sl_Task                               
000042d9  sl_WlanConnect                        
00004549  sl_WlanDisconnect                     
00004ff9  sl_WlanGet                            
00004b11  sl_WlanGetNetworkList                 
0000460d  sl_WlanPolicyGet                      
0000457d  sl_WlanPolicySet                      
00004701  sl_WlanProfileAdd                     
00004abf  sl_WlanProfileDel                     
000049b5  sl_WlanProfileGet                     
00004ba7  sl_WlanRxFilterAdd                    
00004cc1  sl_WlanRxFilterGet                    
00004c3d  sl_WlanRxFilterSet                    
00004db9  sl_WlanRxStatGet                      
00004d55  sl_WlanRxStatStart                    
00004d85  sl_WlanRxStatStop                     
00004f5d  sl_WlanSet                            
00004f05  sl_WlanSetMode                        
00004e4d  sl_WlanSmartConfigStart               
00004e19  sl_WlanSmartConfigStop                
00008109  spi_Close                             
00008115  spi_Open                              
0000827d  spi_Read                              
00008219  spi_Write                             
0000a16d  sprintf                               
000096f1  stopWDT                               
0000a437  strcat                                
0000a4f3  strchr                                
20001a64  strcontentlength                      
0000a545  strcpy                                
0000a559  strlen                                
0000a339  strstr                                
20000f90  theTime                               
00009e4d  timer_GetCurrentTimestamp             
000028e5  updateLocalTime                       
0000a5a3  wcslen                                


GLOBAL SYMBOLS: SORTED BY Symbol Address 

address   name                                  
-------   ----                                  
00000000  __TI_static_base__                    
00000000  g_pfnVectors                          
00000209  _SlDrvProtectAsyncRespSetting         
0000024f  _SlDrvDriverCBInit                    
000003ed  _SlDrvDriverCBDeinit                  
00000511  _SlDrvRxIrqHandler                    
00000565  _SlDrvCmdOp                           
00000621  _SlDrvDataReadOp                      
000007d0  __STACK_SIZE                          
00000801  _SlDrvDataWriteOp                     
00001295  _SlDrvMsgReadSpawnCtx                 
00001685  _SlDrvBasicCmd                        
000016d9  _SlDrvCmdSend                         
00001755  _SlDrvWaitForPoolObj                  
000018e7  _SlDrvReleasePoolObj                  
00001cdb  _SlDrvDispatchHttpServerEvents        
00001ceb  _SlDrvSyncObjSignal                   
00001d0b  _SlDrvObjLockWaitForever              
00001d31  _SlDrvProtectionObjLockWaitForever    
00001d59  _SlDrvObjUnLock                       
00001d79  _SlDrvProtectionObjUnLock             
00001dbf  _SlDrvGlobalObjUnLock                 
00001de1  _SlDrvMemZero                         
00001df7  _SlDrvResetCmdExt                     
00001e09  _SlDrvSyncObjWaitForever              
00001e2d  _SlDrvSyncObjWaitTimeout              
00001e6d  _SlDriverHandleError                  
00001f0d  _SlDrvStartMeasureTimeout             
00001f2d  _SlDrvIsTimeoutExpired                
00001fbd  getCurrentSecond                      
00001fc3  getCurrentDay                         
00001fc9  getCurrentMonth                       
00001fcf  getCurrentYear                        
00001fd5  getCurrentHour                        
00001fdb  getCurrentMinute                      
00001fe1  SimpleLinkWlanEventHandler            
0000204d  SimpleLinkNetAppEventHandler          
0000208f  SimpleLinkHttpServerCallback          
0000209d  SimpleLinkPingReport                  
000020c1  SimpleLinkGeneralEventHandler         
000020cd  SimpleLinkSockEventHandler            
00002281  configureSimpleLinkToDefaultState     
00002473  establishConnectionWithAP             
000024e1  checkLanConnection                    
00002575  checkInternetConnection               
00002631  initializeAppVariables                
00002647  displayBanner                         
000026a1  performcleanup                        
00002795  Lab16                                 
000028e5  updateLocalTime                       
00002b45  SendTDS                               
00002c09  SendDecimal                           
00002cc1  getNumberOfInstructions               
00002e1b  getNextInstruction                    
00003065  SendAck                               
00003131  SendState                             
000031c9  GetInstruction                        
000031f5  ExecuteInstructions                   
00003299  GetHostIP                             
000032bd  CreateConnection                      
00003421  _sl_ParseAddress                      
0000347b  sl_Socket                             
000034f9  sl_Close                              
0000354b  sl_Bind                               
000035f9  sl_SendTo                             
00003739  sl_RecvFrom                           
00003879  sl_Connect                            
000039ef  _sl_HandleAsync_Connect               
00003a6d  sl_Send                               
00003b99  sl_Listen                             
00003c09  sl_Accept                             
00003daf  sl_Htonl                              
00003df5  sl_Htons                              
00003e31  _sl_HandleAsync_Accept                
00003e91  _sl_HandleAsync_Select                
00003ee9  sl_Recv                               
00003f91  sl_SetSockOpt                         
0000401b  sl_GetSockOpt                         
000040d3  sl_Select                             
00004235  SL_FD_SET                             
0000425d  SL_FD_CLR                             
00004285  SL_FD_ISSET                           
000042b1  SL_FD_ZERO                            
000042d9  sl_WlanConnect                        
00004549  sl_WlanDisconnect                     
0000457d  sl_WlanPolicySet                      
0000460d  sl_WlanPolicyGet                      
00004701  sl_WlanProfileAdd                     
000049b5  sl_WlanProfileGet                     
00004abf  sl_WlanProfileDel                     
00004b11  sl_WlanGetNetworkList                 
00004ba7  sl_WlanRxFilterAdd                    
00004c3d  sl_WlanRxFilterSet                    
00004cc1  sl_WlanRxFilterGet                    
00004d55  sl_WlanRxStatStart                    
00004d85  sl_WlanRxStatStop                     
00004db9  sl_WlanRxStatGet                      
00004e19  sl_WlanSmartConfigStop                
00004e4d  sl_WlanSmartConfigStart               
00004f05  sl_WlanSetMode                        
00004f5d  sl_WlanSet                            
00004ff9  sl_WlanGet                            
000050d1  sl_NetAppStart                        
0000511d  sl_NetAppStop                         
00005169  sl_NetAppGetServiceList               
0000525b  sl_NetAppMDNSRegisterUnregisterService
00005331  sl_NetAppMDNSRegisterService          
00005395  sl_NetAppMDNSUnRegisterService        
00005401  sl_NetAppDnsGetHostByService          
00005509  _sl_HandleAsync_DnsGetHostByService   
000055cf  _sl_HandleAsync_DnsGetHostByAddr      
000055e1  sl_NetAppDnsGetHostByName             
0000571d  _sl_HandleAsync_DnsGetHostByName      
000057f1  _sl_HandleAsync_PingResponse          
0000587d  sl_NetAppPingStart                    
00005a1b  sl_NetAppSet                          
00005aad  _sl_NetAppSendTokenValue              
00005b19  sl_NetAppGet                          
00005bcd  _SlDrvNetAppEventHandler              
00005ce1  __TI_printfi                          
0000672f  __aeabi_idiv0                         
0000672f  __aeabi_ldiv0                         
00006731  median                                
00006803  getTDS                                
00006933  getPh                                 
000069f1  getInternalTemp                       
00006a9d  init                                  
00006af5  main                                  
00006d01  configureWirelessConnection           
00006f9d  ADC0_InitSWTriggerSeq3_Ch0            
00007471  ADC0_InitSWTriggerSeq3                
00007561  ADC0_InitAllTriggerSeq3               
0000763b  ADC0_InSeq3                           
000076d9  sl_Task                               
000076e1  sl_Start                              
000077b5  _sl_HandleAsync_InitComplete          
00007839  _sl_HandleAsync_Stop                  
00007883  sl_Stop                               
00007957  sl_EventMaskSet                       
000079bd  sl_EventMaskGet                       
00007a29  sl_DevGet                             
00007aeb  sl_DevSet                             
00007b79  _SlDrvDeviceEventHandler              
00007ea1  buildTDS                              
00007f37  buildDecimal                          
00007fb7  buildack                              
00008109  spi_Close                             
00008115  spi_Open                              
00008219  spi_Write                             
0000827d  spi_Read                              
00008329  SysCtlClockFreqSet                    
0000852d  PWM0A_Init                            
000085dd  PWM0A_Duty                            
000085f3  PWM0B_Init                            
000086a3  PWM0B_Duty                            
000088d9  __aeabi_dsub                          
000088e3  __aeabi_dadd                          
00008a91  _SlNonOsSemSet                        
00008aa9  _SlNonOsSemGet                        
00008b51  _SlNonOsSpawn                         
00008bb1  _SlNonOsMainLoopTask                  
00008c2d  sl_NetCfgSet                          
00008cb7  sl_NetCfgGet                          
00008d95  CLI_Read                              
00008de1  CLI_Write                             
00008e3b  CLI_Configure                         
00009031  __aeabi_ddiv                          
00009167  GPIOPadConfigSet                      
000093bd  PLL_Init                              
000094cd  ldexp                                 
000094cd  ldexpl                                
000094cd  scalbn                                
000094cd  scalbnl                               
000095dd  __aeabi_dmul                          
000096d9  initClk                               
000096f1  stopWDT                               
000096f3  registerInterruptHandler              
00009707  CC3100_disable                        
0000971b  CC3100_enable                         
0000972f  CC3100_InterruptEnable                
0000973b  CC3100_InterruptDisable               
00009747  MaskIntHdlr                           
0000974f  UnMaskIntHdlr                         
00009757  UARTRxTxHandler                       
00009759  GPIOM_intHandler                      
00009857  __aeabi_memcpy                        
00009857  __aeabi_memcpy4                       
00009857  __aeabi_memcpy8                       
00009857  memcpy                                
000098f3  __aeabi_uldivmod                      
00009989  __aeabi_cdcmpeq                       
00009989  __aeabi_cdcmple                       
00009a0f  __aeabi_cdrcmple                      
00009a95  ADCSequenceStepConfigure              
00009b0f  __aeabi_memclr                        
00009b0f  __aeabi_memclr4                       
00009b0f  __aeabi_memclr8                       
00009b11  __aeabi_memset                        
00009b11  __aeabi_memset4                       
00009b11  __aeabi_memset8                       
00009b17  memset                                
00009b89  SysTick_Init                          
00009ba5  SysTick_Wait                          
00009bcb  SysTick_Wait10ms                      
00009c6f  __aeabi_d2f                           
00009cdd  IntEnable                             
00009d45  __TI_decompress_lzss                  
00009dad  frexp                                 
00009dad  frexpl                                
00009e4d  timer_GetCurrentTimestamp             
00009e6d  GPIOIntTypeSet                        
00009f19  ltoa                                  
00009fc1  atoi                                  
0000a00d  GPIOPinConfigure                      
0000a09d  __aeabi_d2iz                          
0000a0e5  __TI_auto_init_nobinit_nopinit        
0000a129  __aeabi_d2uiz                         
0000a16d  sprintf                               
0000a1ad  ADCSequenceConfigure                  
0000a229  SSIConfigSetExpClk                    
0000a265  __aeabi_f2d                           
0000a29d  IntRegister                           
0000a2d1  SysCtlPeripheralEnable                
0000a305  _c_int00_noargs                       
0000a339  strstr                                
0000a36d  ADCIntStatus                          
0000a39b  __aeabi_i2d                           
0000a3c9  GPIODirModeSet                        
0000a3f3  ResetISR                              
0000a3ff  DisableInterrupts                     
0000a403  EnableInterrupts                      
0000a407  StartCritical                         
0000a40f  EndCritical                           
0000a415  WaitForInterrupt                      
0000a419  ADCSequenceDataGet                    
0000a437  strcat                                
0000a455  SysTickIntRegister                    
0000a48d  memccpy                               
0000a4a9  copysign                              
0000a4a9  copysignl                             
0000a4c3  ADCProcessorTrigger                   
0000a4f3  strchr                                
0000a509  SysTickDisable                        
0000a51d  SysTickEnable                         
0000a531  SysTickIntEnable                      
0000a545  strcpy                                
0000a559  strlen                                
0000a56d  GPIOPinTypeGPIOInput                  
0000a57f  GPIOPinTypeSSI                        
0000a591  SSIDataGetNonBlocking                 
0000a5a3  wcslen                                
0000a5b5  FPUEnable                             
0000a5c5  FPULazyStackingEnable                 
0000a5d5  IntMasterEnable                       
0000a5e5  SysTickPeriodSet                      
0000a5f5  ADCSequenceEnable                     
0000a603  GPIOIntDisable                        
0000a611  GPIOIntStatus                         
0000a61f  SSIDataPutNonBlocking                 
0000a62d  __TI_decompress_none                  
0000a63b  CPUcpsie                              
0000a647  GPIOIntEnable                         
0000a653  __TI_zero_init                        
0000a65f  ADCIntClear                           
0000a669  SSIEnable                             
0000a67d  SSIBusy                               
0000a685  __aeabi_errno_addr                    
0000a68d  GPIOIntClear                          
0000a693  GPIOPinWrite                          
0000a699  SysCtlDelay                           
0000a69f  _system_pre_init                      
0000a6a3  C$$EXIT                               
0000a6a3  abort                                 
0000a7c8  _ctypes_                              
0000aa38  OpcodeTranslateTable                  
0000aa74  _SlActionLookupTable                  
0000ac50  _SlNetAppSendTokenValueCmdCtrl        
0000acd0  __TI_Handler_Table_Base               
0000acdc  __TI_Handler_Table_Limit              
0000acf0  __TI_CINIT_Base                       
0000ad08  __TI_CINIT_Limit                      
20000000  g_pfnRAMVectors                       
2000026c  appData                               
2000089c  instructions                          
20000e64  Edxpost                               
20000ec8  Id                                    
20000f2c  Score                                 
20000f90  theTime                               
20000fa8  g_Status                              
20000fac  g_SysClock                            
20000fb0  g_ucUARTBuffer                        
20000fb4  numberOfInstructions                  
20000fb8  IntIsMasked                           
20000fb9  RxIrqCnt                              
20000fba  g_bDeviceRestartIsRequired            
20000fc0  __stack                               
200011c0  __STACK_TOP                           
20001790  __STACK_END                           
20001790  buildstr                              
20001990  g__SlNonOsCB                          
200019cc  mystring2                             
200019fe  mystring                              
20001a30  currentMinutes                        
20001a34  currentHour                           
20001a38  currentDay                            
20001a3c  currentMonth                          
20001a40  currentYear                           
20001a44  currentSecond                         
20001a48  lastSyncMinutes                       
20001a4c  g_SlDeviceStatus                      
20001a50  g_pCB                                 
20001a54  pPingCallBackFunc                     
20001a5c  g_PingPacketsRecv                     
20001a60  g_GatewayIP                           
20001a64  strcontentlength                      
20001a6c  pIrqEventHandler                      
20001a70  errno                                 
20001a74  contentLength                         
ffffffff  __TI_pprof_out_hndl                   
ffffffff  __TI_prof_data_size                   
ffffffff  __TI_prof_data_start                  
ffffffff  __binit__                             
ffffffff  __c_args__                            
ffffffff  binit                                 
UNDEFED   __mpu_init                            
UNDEFED   _system_post_cinit                    

[326 symbols]
