******************************************************************************
                  TI ARM Linker PC v18.12.1                    
******************************************************************************
>> Linked Sat Nov  9 23:31:53 2019

OUTPUT FILE NAME:   <getting_started_with_wlan_station.out>
ENTRY POINT SYMBOL: "_c_int00_noargs"  address: 00009ea5


MEMORY CONFIGURATION

         name            origin    length      used     unused   attr    fill
----------------------  --------  ---------  --------  --------  ----  --------
  FLASH                 00000000   00100000  0000a80e  000f57f2  R  X
  SRAM                  20000000   00040000  00001a77  0003e589  RW X


SEGMENT ALLOCATION MAP

run origin  load origin   length   init length attrs members
----------  ----------- ---------- ----------- ----- -------
00000000    00000000    0000a810   0000a810    r-x
  00000000    00000000    00000208   00000208    r-- .intvecs
  00000208    00000208    00009faa   00009faa    r-x .text
  0000a1b4    0000a1b4    00000614   00000614    r-- .const
  0000a7c8    0000a7c8    00000048   00000048    r-- .cinit
20000000    20000000    00001a7c   00000000    rw-
  20000000    20000000    0000026c   00000000    rw- .vtable
  2000026c    2000026c    00000d4f   00000000    rw- .bss
  20000fc0    20000fc0    000007d0   00000000    rw- .stack
  20001790    20001790    000002ec   00000000    rw- .data


SECTION ALLOCATION MAP

 output                                  attributes/
section   page    origin      length       input sections
--------  ----  ----------  ----------   ----------------
.intvecs   0    00000000    00000208     
                  00000000    00000208     tm4c1294ncpdt_startup_ccs.obj (.intvecs)

.text      0    00000208    00009faa     
                  00000208    00001db4     driver.obj (.text)
                  00001fbc    00001314     connect.obj (.text)
                  000032d0    00000f40     socket.obj (.text)
                  00004210    00000df8     wlan.obj (.text)
                  00005008    00000c10     netapp.obj (.text)
                  00005c18    00000a4e     rtsv7M4_T_le_v4SPD16_eabi.lib : _printfi.c.obj (.text:__TI_printfi)
                  00006666    00000002                                   : div0.asm.obj (.text)
                  00006668    000007a8     main.obj (.text)
                  00006e10    00000728     ADCSWTrigger.obj (.text)
                  00007538    0000056c     device.obj (.text)
                  00007aa4    00000270     rtsv7M4_T_le_v4SPD16_eabi.lib : _printfi.c.obj (.text:_pconv_a)
                  00007d14    00000268     stringbuilder.obj (.text)
                  00007f7c    00000220     spi.obj (.text)
                  0000819c    00000204     driverlib.lib : sysctl.obj (.text:SysCtlClockFreqSet)
                  000083a0    000001d0     rtsv7M4_T_le_v4SPD16_eabi.lib : _printfi.c.obj (.text:_pconv_g)
                  00008570    000001b6                                   : fd_add_t2.asm.obj (.text)
                  00008726    00000002     --HOLE-- [fill = 0]
                  00008728    0000019c     nonos.obj (.text)
                  000088c4    00000168     netcfg.obj (.text)
                  00008a2c    00000160     cli_uart.obj (.text)
                  00008b8c    0000013c     rtsv7M4_T_le_v4SPD16_eabi.lib : _printfi.c.obj (.text:_pconv_e)
                  00008cc8    00000136                                   : fd_div_t2.asm.obj (.text)
                  00008dfe    00000130     driverlib.lib : gpio.obj (.text:GPIOPadConfigSet)
                  00008f2e    00000002     --HOLE-- [fill = 0]
                  00008f30    00000124     rtsv7M4_T_le_v4SPD16_eabi.lib : _printfi.c.obj (.text:fcvt)
                  00009054    00000110     PLL.obj (.text)
                  00009164    00000110     rtsv7M4_T_le_v4SPD16_eabi.lib : s_scalbn.c.obj (.text:scalbn)
                  00009274    000000fc                                   : fd_mul_t2.asm.obj (.text)
                  00009370    000000cc     board.obj (.text)
                  0000943c    000000b1     rtsv7M4_T_le_v4SPD16_eabi.lib : _printfi.c.obj (.text:_ltostr)
                  000094ed    00000001     --HOLE-- [fill = 0]
                  000094ee    0000009c                                   : memcpy_t2.asm.obj (.text)
                  0000958a    00000096                                   : ull_div_t2.asm.obj (.text)
                  00009620    00000086                                   : fd_cmp_t2.asm.obj (.text:__aeabi_cdcmple)
                  000096a6    00000086                                   : fd_cmp_t2.asm.obj (.text:__aeabi_cdrcmple)
                  0000972c    0000007a                                   : memset_t2.asm.obj (.text)
                  000097a6    00000002     --HOLE-- [fill = 0]
                  000097a8    00000078     SysTick.obj (.text)
                  00009820    0000006e     rtsv7M4_T_le_v4SPD16_eabi.lib : _printfi.c.obj (.text:_mcpy)
                  0000988e    0000006e                                   : fd_tos_t2.asm.obj (.text)
                  000098fc    00000068     driverlib.lib : interrupt.obj (.text:IntEnable)
                  00009964    00000068     rtsv7M4_T_le_v4SPD16_eabi.lib : copy_decompress_lzss.c.obj (.text:decompress:lzss:__TI_decompress_lzss)
                  000099cc    00000064                                   : s_frexp.c.obj (.text:frexp)
                  00009a30    0000005c     timer_tick.obj (.text)
                  00009a8c    00000056     driverlib.lib : gpio.obj (.text:GPIOIntTypeSet)
                  00009ae2    00000056     rtsv7M4_T_le_v4SPD16_eabi.lib : _printfi.c.obj (.text:_pconv_f)
                  00009b38    00000054                                   : ltoa.c.obj (.text:ltoa)
                  00009b8c    00000052                                   : _printfi.c.obj (.text:_ecpy)
                  00009bde    00000002     --HOLE-- [fill = 0]
                  00009be0    0000004c                                   : atoi.c.obj (.text:atoi)
                  00009c2c    00000048     driverlib.lib : gpio.obj (.text:GPIOPinConfigure)
                  00009c74    00000048                   : sysctl.obj (.text:_SysCtlFrequencyGet)
                  00009cbc    00000048     rtsv7M4_T_le_v4SPD16_eabi.lib : fd_toi_t2.asm.obj (.text)
                  00009d04    00000044                                   : autoinit.c.obj (.text:__TI_auto_init_nobinit_nopinit:__TI_auto_init_nobinit_nopinit)
                  00009d48    00000040                                   : sprintf.c.obj (.text:sprintf)
                  00009d88    0000003e                                   : _printfi.c.obj (.text:_fcpy)
                  00009dc6    0000003c     driverlib.lib : ssi.obj (.text:SSIConfigSetExpClk)
                  00009e02    00000038     rtsv7M4_T_le_v4SPD16_eabi.lib : fs_tod_t2.asm.obj (.text)
                  00009e3a    00000002     --HOLE-- [fill = 0]
                  00009e3c    00000034     driverlib.lib : interrupt.obj (.text:IntRegister)
                  00009e70    00000034                   : sysctl.obj (.text:SysCtlPeripheralEnable)
                  00009ea4    00000034     rtsv7M4_T_le_v4SPD16_eabi.lib : boot_cortex_m.c.obj (.text:_c_int00_noargs:_c_int00_noargs)
                  00009ed8    00000034                                   : strstr.c.obj (.text:strstr)
                  00009f0c    0000002e                                   : i_tofd_t2.asm.obj (.text)
                  00009f3a    0000002a     driverlib.lib : gpio.obj (.text:GPIODirModeSet)
                  00009f64    0000001e     rtsv7M4_T_le_v4SPD16_eabi.lib : strcat.c.obj (.text:strcat)
                  00009f82    00000002     --HOLE-- [fill = 0]
                  00009f84    0000001c     driverlib.lib : systick.obj (.text:SysTickIntRegister)
                  00009fa0    0000001c                   : sysctl.obj (.text:_SysCtlMemTimingGet)
                  00009fbc    0000001c     rtsv7M4_T_le_v4SPD16_eabi.lib : memccpy.c.obj (.text:memccpy)
                  00009fd8    0000001a                                   : s_copysign.c.obj (.text:copysign)
                  00009ff2    00000018                                   : sprintf.c.obj (.text:_outs)
                  0000a00a    00000016                                   : strchr.c.obj (.text:strchr)
                  0000a020    00000014     driverlib.lib : systick.obj (.text:SysTickDisable)
                  0000a034    00000014                   : systick.obj (.text:SysTickEnable)
                  0000a048    00000014                   : systick.obj (.text:SysTickIntEnable)
                  0000a05c    00000014     rtsv7M4_T_le_v4SPD16_eabi.lib : strcpy.c.obj (.text:strcpy)
                  0000a070    00000014                                   : strlen.c.obj (.text:strlen)
                  0000a084    00000012     driverlib.lib : gpio.obj (.text:GPIOPinTypeGPIOInput)
                  0000a096    00000012                   : gpio.obj (.text:GPIOPinTypeSSI)
                  0000a0a8    00000012                   : ssi.obj (.text:SSIDataGetNonBlocking)
                  0000a0ba    00000012     rtsv7M4_T_le_v4SPD16_eabi.lib : wcslen.c.obj (.text:wcslen)
                  0000a0cc    00000010     driverlib.lib : fpu.obj (.text:FPUEnable)
                  0000a0dc    00000010                   : fpu.obj (.text:FPULazyStackingEnable)
                  0000a0ec    00000010                   : interrupt.obj (.text:IntMasterEnable)
                  0000a0fc    00000010                   : systick.obj (.text:SysTickPeriodSet)
                  0000a10c    0000000e                   : gpio.obj (.text:GPIOIntDisable)
                  0000a11a    0000000e                   : gpio.obj (.text:GPIOIntStatus)
                  0000a128    0000000e                   : ssi.obj (.text:SSIDataPutNonBlocking)
                  0000a136    0000000e     rtsv7M4_T_le_v4SPD16_eabi.lib : copy_decompress_none.c.obj (.text:decompress:none:__TI_decompress_none)
                  0000a144    0000000c     driverlib.lib : cpu.obj (.text:CPUcpsie)
                  0000a150    0000000c                   : gpio.obj (.text:GPIOIntEnable)
                  0000a15c    0000000c     rtsv7M4_T_le_v4SPD16_eabi.lib : copy_zero_init.c.obj (.text:decompress:ZI:__TI_zero_init)
                  0000a168    0000000c     tm4c1294ncpdt_startup_ccs.obj (.text)
                  0000a174    0000000a     driverlib.lib : ssi.obj (.text:SSIEnable)
                  0000a17e    0000000a     rtsv7M4_T_le_v4SPD16_eabi.lib : sprintf.c.obj (.text:_outc)
                  0000a188    00000008     driverlib.lib : ssi.obj (.text:SSIBusy)
                  0000a190    00000008     rtsv7M4_T_le_v4SPD16_eabi.lib : errno.c.obj (.text:__aeabi_errno_addr)
                  0000a198    00000006     driverlib.lib : gpio.obj (.text:GPIOIntClear)
                  0000a19e    00000006                   : gpio.obj (.text:GPIOPinWrite)
                  0000a1a4    00000006                   : sysctl.obj (.text:SysCtlDelay)
                  0000a1aa    00000004     rtsv7M4_T_le_v4SPD16_eabi.lib : pre_init.c.obj (.text:_system_pre_init)
                  0000a1ae    00000004                                   : exit.c.obj (.text:abort:abort)

.const     0    0000a1b4    00000614     
                  0000a1b4    00000120     driverlib.lib : sysctl.obj (.const:g_pppui32XTALtoVCO)
                  0000a2d4    00000101     rtsv7M4_T_le_v4SPD16_eabi.lib : ctype.c.obj (.const:.string:_ctypes_)
                  0000a3d5    00000003     --HOLE-- [fill = 0]
                  0000a3d8    00000090     driverlib.lib : gpio.obj (.const:g_pui32GPIOBaseAddrs)
                  0000a468    00000070                   : interrupt.obj (.const)
                  0000a4d8    0000006c                   : sysctl.obj (.const:g_pui32Xtals)
                  0000a544    0000003c     driver.obj (.const:OpcodeTranslateTable)
                  0000a580    00000038     driver.obj (.const:_SlActionLookupTable)
                  0000a5b8    00000030     driverlib.lib : sysctl.obj (.const:g_sXTALtoMEMTIM)
                  0000a5e8    0000002c     connect.obj (.const:$P$T0$1)
                  0000a614    00000020     connect.obj (.const:$P$T3$4)
                  0000a634    00000020     connect.obj (.const:$P$T5$6)
                  0000a654    00000020     driver.obj (.const:RxMsgClassLUT)
                  0000a674    00000014     driver.obj (.const:$P$T0$1)
                  0000a688    00000014     nonos.obj (.const:$P$T0$1)
                  0000a69c    00000014     connect.obj (.const:$P$T1$2)
                  0000a6b0    00000014     connect.obj (.const:$P$T4$5)
                  0000a6c4    00000014     connect.obj (.const:$P$T6$7)
                  0000a6d8    00000010     socket.obj (.const:.string:_SlPayloadByProtocolLUT)
                  0000a6e8    0000000c     connect.obj (.const:$P$T2$3)
                  0000a6f4    00000008     device.obj (.const:StartResponseLUT)
                  0000a6fc    00000008     driverlib.lib : sysctl.obj (.const)
                  0000a704    00000008     driver.obj (.const:g_H2NCnysPattern)
                  0000a70c    00000008     driver.obj (.const:g_H2NSyncPattern)
                  0000a714    00000004     netapp.obj (.const:$P$T0$1)
                  0000a718    00000004     socket.obj (.const:$P$T0$1)
                  0000a71c    00000004     wlan.obj (.const:$P$T0$1)
                  0000a720    00000004     socket.obj (.const:$P$T1$2)
                  0000a724    00000004     wlan.obj (.const:$P$T1$2)
                  0000a728    00000004     socket.obj (.const:$P$T2$3)
                  0000a72c    00000004     wlan.obj (.const:$P$T2$3)
                  0000a730    00000004     socket.obj (.const:_SlAcceptCmdCtrl)
                  0000a734    00000004     device.obj (.const:_SlDeviceGetCmdCtrl)
                  0000a738    00000004     device.obj (.const:_SlDeviceSetCmdCtrl)
                  0000a73c    00000004     device.obj (.const:_SlEventMaskGetCmdCtrl)
                  0000a740    00000004     device.obj (.const:_SlEventMaskSetCmdCtrl)
                  0000a744    00000004     netapp.obj (.const:_SlGetHostByNameCtrl)
                  0000a748    00000004     netapp.obj (.const:_SlGetHostByServiceCtrl)
                  0000a74c    00000004     netapp.obj (.const:_SlGetServiceListeCtrl)
                  0000a750    00000004     socket.obj (.const:_SlGetSockOptCmdCtrl)
                  0000a754    00000004     socket.obj (.const:_SlListenCmdCtrl)
                  0000a758    00000004     netapp.obj (.const:_SlNetAppGetCmdCtrl)
                  0000a75c    00000004     netapp.obj (.const:_SlNetAppSendTokenValueCmdCtrl)
                  0000a760    00000004     netapp.obj (.const:_SlNetAppSetCmdCtrl)
                  0000a764    00000004     netapp.obj (.const:_SlNetAppStartCtrl)
                  0000a768    00000004     netapp.obj (.const:_SlNetAppStopCtrl)
                  0000a76c    00000004     netcfg.obj (.const:_SlNetCfgGetCmdCtrl)
                  0000a770    00000004     netcfg.obj (.const:_SlNetCfgSetCmdCtrl)
                  0000a774    00000004     wlan.obj (.const:_SlPolicyGetCmdCtrl)
                  0000a778    00000004     wlan.obj (.const:_SlPolicySetCmdCtrl)
                  0000a77c    00000004     wlan.obj (.const:_SlProfileDelCmdCtrl)
                  0000a780    00000004     wlan.obj (.const:_SlProfileGetCmdCtrl)
                  0000a784    00000004     socket.obj (.const:_SlRecvCmdCtrl)
                  0000a788    00000004     socket.obj (.const:_SlRecvfomCmdCtrl)
                  0000a78c    00000004     netapp.obj (.const:_SlRegisterServiceCtrl)
                  0000a790    00000004     wlan.obj (.const:_SlRxFilterAddtCmdCtrl)
                  0000a794    00000004     wlan.obj (.const:_SlRxFilterGetCmdCtrl)
                  0000a798    00000004     wlan.obj (.const:_SlRxFilterSetCmdCtrl)
                  0000a79c    00000004     socket.obj (.const:_SlSelectCmdCtrl)
                  0000a7a0    00000004     socket.obj (.const:_SlSendCmdCtrl)
                  0000a7a4    00000004     socket.obj (.const:_SlSetSockOptCmdCtrl)
                  0000a7a8    00000004     wlan.obj (.const:_SlSmartConfigStartCmdCtrl)
                  0000a7ac    00000004     socket.obj (.const:_SlSockCloseCmdCtrl)
                  0000a7b0    00000004     socket.obj (.const:_SlSockSocketCmdCtrl)
                  0000a7b4    00000004     device.obj (.const:_SlStopCmdCtrl)
                  0000a7b8    00000004     wlan.obj (.const:_SlWlanCfgGetCmdCtrl)
                  0000a7bc    00000004     wlan.obj (.const:_SlWlanCfgSetCmdCtrl)
                  0000a7c0    00000004     wlan.obj (.const:_SlWlanGetNetworkListCtrl)
                  0000a7c4    00000004     wlan.obj (.const:_SlWlanSetModeCmdCtrl)

.cinit     0    0000a7c8    00000048     
                  0000a7c8    0000000e     (.cinit..data.load) [load image, compression = lzss]
                  0000a7d6    00000002     --HOLE-- [fill = 0]
                  0000a7d8    0000000c     (__TI_handler_table)
                  0000a7e4    00000004     --HOLE-- [fill = 0]
                  0000a7e8    00000008     (.cinit..bss.load) [load image, compression = zero_init]
                  0000a7f0    00000008     (.cinit..vtable.load) [load image, compression = zero_init]
                  0000a7f8    00000018     (__TI_cinit_table)

.init_array 
*          0    00000000    00000000     UNINITIALIZED

.vtable    0    20000000    0000026c     UNINITIALIZED
                  20000000    0000026c     driverlib.lib : interrupt.obj (.vtable)

.bss       0    2000026c    00000d4f     UNINITIALIZED
                  2000026c    00000630     (.common:appData)
                  2000089c    00000460     (.common:instructions)
                  20000cfc    00000168     driver.obj (.bss:g_StatMem)
                  20000e64    00000064     (.common:Edxpost)
                  20000ec8    00000064     (.common:Id)
                  20000f2c    00000064     (.common:Score)
                  20000f90    00000018     (.common:theTime)
                  20000fa8    00000004     (.common:g_Status)
                  20000fac    00000004     (.common:g_SysClock)
                  20000fb0    00000004     (.common:g_ucUARTBuffer)
                  20000fb4    00000004     (.common:numberOfInstructions)
                  20000fb8    00000001     (.common:IntIsMasked)
                  20000fb9    00000001     (.common:RxIrqCnt)
                  20000fba    00000001     (.common:g_bDeviceRestartIsRequired)

.data      0    20001790    000002ec     UNINITIALIZED
                  20001790    00000200     stringbuilder.obj (.data:buildstr)
                  20001990    0000003c     nonos.obj (.data:g__SlNonOsCB)
                  200019cc    00000032     stringbuilder.obj (.data:mystring2)
                  200019fe    00000032     stringbuilder.obj (.data:mystring)
                  20001a30    0000001c     main.obj (.data)
                  20001a4c    0000000d     driver.obj (.data)
                  20001a59    00000003     --HOLE--
                  20001a5c    00000008     connect.obj (.data)
                  20001a64    00000005     stringbuilder.obj (.data:strcontentlength)
                  20001a69    00000003     --HOLE--
                  20001a6c    00000004     board.obj (.data)
                  20001a70    00000004     rtsv7M4_T_le_v4SPD16_eabi.lib : errno.c.obj (.data)
                  20001a74    00000004     stringbuilder.obj (.data)
                  20001a78    00000004     timer_tick.obj (.data)

.stack     0    20000fc0    000007d0     UNINITIALIZED
                  20000fc0    00000004     rtsv7M4_T_le_v4SPD16_eabi.lib : boot_cortex_m.c.obj (.stack)
                  20000fc4    000007cc     --HOLE--

MODULE SUMMARY

       Module                          code    ro data   rw data
       ------                          ----    -------   -------
    .\
       connect.obj                     4884    180       3044   
       main.obj                        1960    0         28     
       ADCSWTrigger.obj                1832    0         0      
       stringbuilder.obj               616     0         621    
       tm4c1294ncpdt_startup_ccs.obj   12      520       0      
       PLL.obj                         272     0         0      
       SysTick.obj                     120     0         0      
    +--+-------------------------------+-------+---------+---------+
       Total:                          9696    700       3693   
                                                                
    .\board\
       board.obj                       204     0         9      
    +--+-------------------------------+-------+---------+---------+
       Total:                          204     0         9      
                                                                
    .\cli_uart\
       cli_uart.obj                    352     0         4      
    +--+-------------------------------+-------+---------+---------+
       Total:                          352     0         4      
                                                                
    .\simplelink\source\
       driver.obj                      7604    184       375    
       socket.obj                      3904    68        0      
       wlan.obj                        3576    60        0      
       netapp.obj                      3088    40        0      
       device.obj                      1388    28        0      
       nonos.obj                       412     20        60     
       netcfg.obj                      360     8         0      
    +--+-------------------------------+-------+---------+---------+
       Total:                          20332   408       435    
                                                                
    .\spi\
       spi.obj                         544     0         0      
    +--+-------------------------------+-------+---------+---------+
       Total:                          544     0         0      
                                                                
    .\timer\
       timer_tick.obj                  92      0         4      
    +--+-------------------------------+-------+---------+---------+
       Total:                          92      0         4      
                                                                
    C:/ti/tirtos_tivac_2_16_01_14/products/TivaWare_C_Series-2.1.1.71b/driverlib/ccs/Debug/driverlib.lib
       sysctl.obj                      674     452       0      
       interrupt.obj                   172     112       620    
       gpio.obj                        592     144       0      
       ssi.obj                         110     0         0      
       systick.obj                     104     0         0      
       fpu.obj                         32      0         0      
       cpu.obj                         12      0         0      
    +--+-------------------------------+-------+---------+---------+
       Total:                          1696    708       620    
                                                                
    C:\ti\ccs901\ccs\tools\compiler\ti-cgt-arm_18.12.1.LTS\lib\rtsv7M4_T_le_v4SPD16_eabi.lib
       _printfi.c.obj                  4851    0         0      
       fd_add_t2.asm.obj               438     0         0      
       fd_div_t2.asm.obj               310     0         0      
       s_scalbn.c.obj                  272     0         0      
       fd_cmp_t2.asm.obj               268     0         0      
       ctype.c.obj                     0       257       0      
       fd_mul_t2.asm.obj               252     0         0      
       memcpy_t2.asm.obj               156     0         0      
       ull_div_t2.asm.obj              150     0         0      
       memset_t2.asm.obj               122     0         0      
       fd_tos_t2.asm.obj               110     0         0      
       copy_decompress_lzss.c.obj      104     0         0      
       s_frexp.c.obj                   100     0         0      
       sprintf.c.obj                   98      0         0      
       ltoa.c.obj                      84      0         0      
       atoi.c.obj                      76      0         0      
       fd_toi_t2.asm.obj               72      0         0      
       autoinit.c.obj                  68      0         0      
       fs_tod_t2.asm.obj               56      0         0      
       boot_cortex_m.c.obj             52      0         0      
       strstr.c.obj                    52      0         0      
       i_tofd_t2.asm.obj               46      0         0      
       strcat.c.obj                    30      0         0      
       memccpy.c.obj                   28      0         0      
       s_copysign.c.obj                26      0         0      
       strchr.c.obj                    22      0         0      
       strcpy.c.obj                    20      0         0      
       strlen.c.obj                    20      0         0      
       wcslen.c.obj                    18      0         0      
       copy_decompress_none.c.obj      14      0         0      
       copy_zero_init.c.obj            12      0         0      
       errno.c.obj                     8       0         4      
       exit.c.obj                      4       0         0      
       pre_init.c.obj                  4       0         0      
       div0.asm.obj                    2       0         0      
    +--+-------------------------------+-------+---------+---------+
       Total:                          7945    257       4      
                                                                
       Stack:                          0       0         2000   
       Linker Generated:               0       66        0      
    +--+-------------------------------+-------+---------+---------+
       Grand Total:                    40861   2139      6769   


LINKER GENERATED COPY TABLES

__TI_cinit_table @ 0000a7f8 records: 3, size/record: 8, table size: 24
	.data: load addr=0000a7c8, load size=0000000e bytes, run addr=20001790, run size=000002ec bytes, compression=lzss
	.bss: load addr=0000a7e8, load size=00000008 bytes, run addr=2000026c, run size=00000d4f bytes, compression=zero_init
	.vtable: load addr=0000a7f0, load size=00000008 bytes, run addr=20000000, run size=0000026c bytes, compression=zero_init


LINKER GENERATED HANDLER TABLE

__TI_handler_table @ 0000a7d8 records: 3, size/record: 4, table size: 12
	index: 0, handler: __TI_zero_init
	index: 1, handler: __TI_decompress_lzss
	index: 2, handler: __TI_decompress_none


GLOBAL SYMBOLS: SORTED ALPHABETICALLY BY Name 

address   name                                  
-------   ----                                  
000074af  ADC0_InSeq3                           
000073d5  ADC0_InitAllTriggerSeq3               
000072e5  ADC0_InitSWTriggerSeq3                
00006e11  ADC0_InitSWTriggerSeq3_Ch0            
0000a1af  C$$EXIT                               
000093d3  CC3100_InterruptDisable               
000093c7  CC3100_InterruptEnable                
0000939f  CC3100_disable                        
000093b3  CC3100_enable                         
00008ad3  CLI_Configure                         
00008a2d  CLI_Read                              
00008a79  CLI_Write                             
0000a145  CPUcpsie                              
000031ed  CreateConnection                      
20000e64  Edxpost                               
00003139  ExecuteInstructions                   
0000a0cd  FPUEnable                             
0000a0dd  FPULazyStackingEnable                 
00009f3b  GPIODirModeSet                        
0000a199  GPIOIntClear                          
0000a10d  GPIOIntDisable                        
0000a151  GPIOIntEnable                         
0000a11b  GPIOIntStatus                         
00009a8d  GPIOIntTypeSet                        
000093f1  GPIOM_intHandler                      
00008dff  GPIOPadConfigSet                      
00009c2d  GPIOPinConfigure                      
0000a085  GPIOPinTypeGPIOInput                  
0000a097  GPIOPinTypeSSI                        
0000a19f  GPIOPinWrite                          
000031dd  GetHostIP                             
0000310d  GetInstruction                        
20000ec8  Id                                    
000098fd  IntEnable                             
20000fb8  IntIsMasked                           
0000a0ed  IntMasterEnable                       
00009e3d  IntRegister                           
00002741  Lab16                                 
000093df  MaskIntHdlr                           
0000a544  OpcodeTranslateTable                  
00009055  PLL_Init                              
0000a169  ResetISR                              
20000fb9  RxIrqCnt                              
00004195  SL_FD_CLR                             
000041bd  SL_FD_ISSET                           
0000416d  SL_FD_SET                             
000041e9  SL_FD_ZERO                            
0000a189  SSIBusy                               
00009dc7  SSIConfigSetExpClk                    
0000a0a9  SSIDataGetNonBlocking                 
0000a129  SSIDataPutNonBlocking                 
0000a175  SSIEnable                             
20000f2c  Score                                 
00003041  SendAck                               
00002bed  SendDecimal                           
00002b19  SendTDS                               
0000209d  SimpleLinkGeneralEventHandler         
0000206b  SimpleLinkHttpServerCallback          
00002029  SimpleLinkNetAppEventHandler          
00002079  SimpleLinkPingReport                  
000020a9  SimpleLinkSockEventHandler            
00001fbd  SimpleLinkWlanEventHandler            
0000819d  SysCtlClockFreqSet                    
0000a1a5  SysCtlDelay                           
00009e71  SysCtlPeripheralEnable                
0000a021  SysTickDisable                        
0000a035  SysTickEnable                         
0000a049  SysTickIntEnable                      
00009f85  SysTickIntRegister                    
0000a0fd  SysTickPeriodSet                      
000097a9  SysTick_Init                          
000097c5  SysTick_Wait                          
000097eb  SysTick_Wait10ms                      
000093ef  UARTRxTxHandler                       
000093e7  UnMaskIntHdlr                         
0000a580  _SlActionLookupTable                  
00001e6d  _SlDriverHandleError                  
00001685  _SlDrvBasicCmd                        
00000565  _SlDrvCmdOp                           
000016d9  _SlDrvCmdSend                         
00000621  _SlDrvDataReadOp                      
00000801  _SlDrvDataWriteOp                     
000079ed  _SlDrvDeviceEventHandler              
00001cdb  _SlDrvDispatchHttpServerEvents        
000003ed  _SlDrvDriverCBDeinit                  
0000024f  _SlDrvDriverCBInit                    
00001dbf  _SlDrvGlobalObjUnLock                 
00001f2d  _SlDrvIsTimeoutExpired                
00001de1  _SlDrvMemZero                         
00001295  _SlDrvMsgReadSpawnCtx                 
00005b05  _SlDrvNetAppEventHandler              
00001d0b  _SlDrvObjLockWaitForever              
00001d59  _SlDrvObjUnLock                       
00000209  _SlDrvProtectAsyncRespSetting         
00001d31  _SlDrvProtectionObjLockWaitForever    
00001d79  _SlDrvProtectionObjUnLock             
000018e7  _SlDrvReleasePoolObj                  
00001df7  _SlDrvResetCmdExt                     
00000511  _SlDrvRxIrqHandler                    
00001f0d  _SlDrvStartMeasureTimeout             
00001ceb  _SlDrvSyncObjSignal                   
00001e09  _SlDrvSyncObjWaitForever              
00001e2d  _SlDrvSyncObjWaitTimeout              
00001755  _SlDrvWaitForPoolObj                  
0000a75c  _SlNetAppSendTokenValueCmdCtrl        
00008849  _SlNonOsMainLoopTask                  
00008741  _SlNonOsSemGet                        
00008729  _SlNonOsSemSet                        
000087e9  _SlNonOsSpawn                         
20001790  __STACK_END                           
000007d0  __STACK_SIZE                          
200011c0  __STACK_TOP                           
0000a7f8  __TI_CINIT_Base                       
0000a810  __TI_CINIT_Limit                      
0000a7d8  __TI_Handler_Table_Base               
0000a7e4  __TI_Handler_Table_Limit              
00009d05  __TI_auto_init_nobinit_nopinit        
00009965  __TI_decompress_lzss                  
0000a137  __TI_decompress_none                  
ffffffff  __TI_pprof_out_hndl                   
00005c19  __TI_printfi                          
ffffffff  __TI_prof_data_size                   
ffffffff  __TI_prof_data_start                  
00000000  __TI_static_base__                    
0000a15d  __TI_zero_init                        
00009621  __aeabi_cdcmpeq                       
00009621  __aeabi_cdcmple                       
000096a7  __aeabi_cdrcmple                      
0000988f  __aeabi_d2f                           
00009cbd  __aeabi_d2iz                          
0000857b  __aeabi_dadd                          
00008cc9  __aeabi_ddiv                          
00009275  __aeabi_dmul                          
00008571  __aeabi_dsub                          
0000a191  __aeabi_errno_addr                    
00009e03  __aeabi_f2d                           
00009f0d  __aeabi_i2d                           
00006667  __aeabi_idiv0                         
00006667  __aeabi_ldiv0                         
0000972d  __aeabi_memclr                        
0000972d  __aeabi_memclr4                       
0000972d  __aeabi_memclr8                       
000094ef  __aeabi_memcpy                        
000094ef  __aeabi_memcpy4                       
000094ef  __aeabi_memcpy8                       
0000972f  __aeabi_memset                        
0000972f  __aeabi_memset4                       
0000972f  __aeabi_memset8                       
0000958b  __aeabi_uldivmod                      
ffffffff  __binit__                             
ffffffff  __c_args__                            
UNDEFED   __mpu_init                            
20000fc0  __stack                               
00009ea5  _c_int00_noargs                       
0000a2d4  _ctypes_                              
00003d69  _sl_HandleAsync_Accept                
00003927  _sl_HandleAsync_Connect               
00005507  _sl_HandleAsync_DnsGetHostByAddr      
00005655  _sl_HandleAsync_DnsGetHostByName      
00005441  _sl_HandleAsync_DnsGetHostByService   
00007629  _sl_HandleAsync_InitComplete          
00005729  _sl_HandleAsync_PingResponse          
00003dc9  _sl_HandleAsync_Select                
000076ad  _sl_HandleAsync_Stop                  
000059e5  _sl_NetAppSendTokenValue              
00003359  _sl_ParseAddress                      
UNDEFED   _system_post_cinit                    
0000a1ab  _system_pre_init                      
0000a1af  abort                                 
2000026c  appData                               
00009be1  atoi                                  
ffffffff  binit                                 
00007dab  buildDecimal                          
00007d15  buildTDS                              
00007e2b  buildack                              
20001790  buildstr                              
00002539  checkInternetConnection               
000024a5  checkLanConnection                    
00002245  configureSimpleLinkToDefaultState     
00006b71  configureWirelessConnection           
20001a74  contentLength                         
00009fd9  copysign                              
00009fd9  copysignl                             
20001a38  currentDay                            
20001a34  currentHour                           
20001a30  currentMinutes                        
20001a3c  currentMonth                          
20001a44  currentSecond                         
20001a40  currentYear                           
00002609  displayBanner                         
20001a70  errno                                 
00002439  establishConnectionWithAP             
000099cd  frexp                                 
000099cd  frexpl                                
20001a60  g_GatewayIP                           
20001a5c  g_PingPacketsRecv                     
20001a4c  g_SlDeviceStatus                      
20000fa8  g_Status                              
20000fac  g_SysClock                            
20001990  g__SlNonOsCB                          
20000fba  g_bDeviceRestartIsRequired            
20001a50  g_pCB                                 
20000000  g_pfnRAMVectors                       
00000000  g_pfnVectors                          
20000fb0  g_ucUARTBuffer                        
00002a55  getCurrentDay                         
00002a71  getCurrentHour                        
00002a77  getCurrentMinute                      
00002a5b  getCurrentMonth                       
00002a7d  getCurrentSecond                      
00002a61  getCurrentYear                        
00002df7  getNextInstruction                    
00002c9d  getNumberOfInstructions               
0000686b  getPh                                 
0000673b  getTDS                                
00009371  initClk                               
000025ef  initializeAppVariables                
2000089c  instructions                          
20001a48  lastSyncMinutes                       
00009165  ldexp                                 
00009165  ldexpl                                
00009b39  ltoa                                  
00006941  main                                  
00006669  median                                
00009fbd  memccpy                               
000094ef  memcpy                                
00009735  memset                                
200019fe  mystring                              
200019cc  mystring2                             
20000fb4  numberOfInstructions                  
20001a6c  pIrqEventHandler                      
20001a54  pPingCallBackFunc                     
00002651  performcleanup                        
0000938b  registerInterruptHandler              
00009165  scalbn                                
00009165  scalbnl                               
00003b41  sl_Accept                             
00003483  sl_Bind                               
00003431  sl_Close                              
000037b1  sl_Connect                            
0000789d  sl_DevGet                             
0000795f  sl_DevSet                             
00007831  sl_EventMaskGet                       
000077cb  sl_EventMaskSet                       
00003f53  sl_GetSockOpt                         
00003ce7  sl_Htonl                              
00003d2d  sl_Htons                              
00003ad1  sl_Listen                             
00005519  sl_NetAppDnsGetHostByName             
00005339  sl_NetAppDnsGetHostByService          
00005a51  sl_NetAppGet                          
000050a1  sl_NetAppGetServiceList               
00005269  sl_NetAppMDNSRegisterService          
00005193  sl_NetAppMDNSRegisterUnregisterService
000052cd  sl_NetAppMDNSUnRegisterService        
000057b5  sl_NetAppPingStart                    
00005953  sl_NetAppSet                          
00005009  sl_NetAppStart                        
00005055  sl_NetAppStop                         
0000894f  sl_NetCfgGet                          
000088c5  sl_NetCfgSet                          
00003e21  sl_Recv                               
00003671  sl_RecvFrom                           
0000400b  sl_Select                             
000039a5  sl_Send                               
00003531  sl_SendTo                             
00003ec9  sl_SetSockOpt                         
000033b3  sl_Socket                             
00007555  sl_Start                              
000076f7  sl_Stop                               
0000754d  sl_Task                               
00004211  sl_WlanConnect                        
00004481  sl_WlanDisconnect                     
00004f31  sl_WlanGet                            
00004a49  sl_WlanGetNetworkList                 
00004545  sl_WlanPolicyGet                      
000044b5  sl_WlanPolicySet                      
00004639  sl_WlanProfileAdd                     
000049f7  sl_WlanProfileDel                     
000048ed  sl_WlanProfileGet                     
00004adf  sl_WlanRxFilterAdd                    
00004bf9  sl_WlanRxFilterGet                    
00004b75  sl_WlanRxFilterSet                    
00004cf1  sl_WlanRxStatGet                      
00004c8d  sl_WlanRxStatStart                    
00004cbd  sl_WlanRxStatStop                     
00004e95  sl_WlanSet                            
00004e3d  sl_WlanSetMode                        
00004d85  sl_WlanSmartConfigStart               
00004d51  sl_WlanSmartConfigStop                
00007f7d  spi_Close                             
00007f89  spi_Open                              
000080f1  spi_Read                              
0000808d  spi_Write                             
00009d49  sprintf                               
00009389  stopWDT                               
00009f65  strcat                                
0000a00b  strchr                                
20001a64  strcontentlength                      
0000a05d  strcpy                                
0000a071  strlen                                
00009ed9  strstr                                
20000f90  theTime                               
00009a6d  timer_GetCurrentTimestamp             
00002891  updateLocalTime                       
0000a0bb  wcslen                                


GLOBAL SYMBOLS: SORTED BY Symbol Address 

address   name                                  
-------   ----                                  
00000000  __TI_static_base__                    
00000000  g_pfnVectors                          
00000209  _SlDrvProtectAsyncRespSetting         
0000024f  _SlDrvDriverCBInit                    
000003ed  _SlDrvDriverCBDeinit                  
00000511  _SlDrvRxIrqHandler                    
00000565  _SlDrvCmdOp                           
00000621  _SlDrvDataReadOp                      
000007d0  __STACK_SIZE                          
00000801  _SlDrvDataWriteOp                     
00001295  _SlDrvMsgReadSpawnCtx                 
00001685  _SlDrvBasicCmd                        
000016d9  _SlDrvCmdSend                         
00001755  _SlDrvWaitForPoolObj                  
000018e7  _SlDrvReleasePoolObj                  
00001cdb  _SlDrvDispatchHttpServerEvents        
00001ceb  _SlDrvSyncObjSignal                   
00001d0b  _SlDrvObjLockWaitForever              
00001d31  _SlDrvProtectionObjLockWaitForever    
00001d59  _SlDrvObjUnLock                       
00001d79  _SlDrvProtectionObjUnLock             
00001dbf  _SlDrvGlobalObjUnLock                 
00001de1  _SlDrvMemZero                         
00001df7  _SlDrvResetCmdExt                     
00001e09  _SlDrvSyncObjWaitForever              
00001e2d  _SlDrvSyncObjWaitTimeout              
00001e6d  _SlDriverHandleError                  
00001f0d  _SlDrvStartMeasureTimeout             
00001f2d  _SlDrvIsTimeoutExpired                
00001fbd  SimpleLinkWlanEventHandler            
00002029  SimpleLinkNetAppEventHandler          
0000206b  SimpleLinkHttpServerCallback          
00002079  SimpleLinkPingReport                  
0000209d  SimpleLinkGeneralEventHandler         
000020a9  SimpleLinkSockEventHandler            
00002245  configureSimpleLinkToDefaultState     
00002439  establishConnectionWithAP             
000024a5  checkLanConnection                    
00002539  checkInternetConnection               
000025ef  initializeAppVariables                
00002609  displayBanner                         
00002651  performcleanup                        
00002741  Lab16                                 
00002891  updateLocalTime                       
00002a55  getCurrentDay                         
00002a5b  getCurrentMonth                       
00002a61  getCurrentYear                        
00002a71  getCurrentHour                        
00002a77  getCurrentMinute                      
00002a7d  getCurrentSecond                      
00002b19  SendTDS                               
00002bed  SendDecimal                           
00002c9d  getNumberOfInstructions               
00002df7  getNextInstruction                    
00003041  SendAck                               
0000310d  GetInstruction                        
00003139  ExecuteInstructions                   
000031dd  GetHostIP                             
000031ed  CreateConnection                      
00003359  _sl_ParseAddress                      
000033b3  sl_Socket                             
00003431  sl_Close                              
00003483  sl_Bind                               
00003531  sl_SendTo                             
00003671  sl_RecvFrom                           
000037b1  sl_Connect                            
00003927  _sl_HandleAsync_Connect               
000039a5  sl_Send                               
00003ad1  sl_Listen                             
00003b41  sl_Accept                             
00003ce7  sl_Htonl                              
00003d2d  sl_Htons                              
00003d69  _sl_HandleAsync_Accept                
00003dc9  _sl_HandleAsync_Select                
00003e21  sl_Recv                               
00003ec9  sl_SetSockOpt                         
00003f53  sl_GetSockOpt                         
0000400b  sl_Select                             
0000416d  SL_FD_SET                             
00004195  SL_FD_CLR                             
000041bd  SL_FD_ISSET                           
000041e9  SL_FD_ZERO                            
00004211  sl_WlanConnect                        
00004481  sl_WlanDisconnect                     
000044b5  sl_WlanPolicySet                      
00004545  sl_WlanPolicyGet                      
00004639  sl_WlanProfileAdd                     
000048ed  sl_WlanProfileGet                     
000049f7  sl_WlanProfileDel                     
00004a49  sl_WlanGetNetworkList                 
00004adf  sl_WlanRxFilterAdd                    
00004b75  sl_WlanRxFilterSet                    
00004bf9  sl_WlanRxFilterGet                    
00004c8d  sl_WlanRxStatStart                    
00004cbd  sl_WlanRxStatStop                     
00004cf1  sl_WlanRxStatGet                      
00004d51  sl_WlanSmartConfigStop                
00004d85  sl_WlanSmartConfigStart               
00004e3d  sl_WlanSetMode                        
00004e95  sl_WlanSet                            
00004f31  sl_WlanGet                            
00005009  sl_NetAppStart                        
00005055  sl_NetAppStop                         
000050a1  sl_NetAppGetServiceList               
00005193  sl_NetAppMDNSRegisterUnregisterService
00005269  sl_NetAppMDNSRegisterService          
000052cd  sl_NetAppMDNSUnRegisterService        
00005339  sl_NetAppDnsGetHostByService          
00005441  _sl_HandleAsync_DnsGetHostByService   
00005507  _sl_HandleAsync_DnsGetHostByAddr      
00005519  sl_NetAppDnsGetHostByName             
00005655  _sl_HandleAsync_DnsGetHostByName      
00005729  _sl_HandleAsync_PingResponse          
000057b5  sl_NetAppPingStart                    
00005953  sl_NetAppSet                          
000059e5  _sl_NetAppSendTokenValue              
00005a51  sl_NetAppGet                          
00005b05  _SlDrvNetAppEventHandler              
00005c19  __TI_printfi                          
00006667  __aeabi_idiv0                         
00006667  __aeabi_ldiv0                         
00006669  median                                
0000673b  getTDS                                
0000686b  getPh                                 
00006941  main                                  
00006b71  configureWirelessConnection           
00006e11  ADC0_InitSWTriggerSeq3_Ch0            
000072e5  ADC0_InitSWTriggerSeq3                
000073d5  ADC0_InitAllTriggerSeq3               
000074af  ADC0_InSeq3                           
0000754d  sl_Task                               
00007555  sl_Start                              
00007629  _sl_HandleAsync_InitComplete          
000076ad  _sl_HandleAsync_Stop                  
000076f7  sl_Stop                               
000077cb  sl_EventMaskSet                       
00007831  sl_EventMaskGet                       
0000789d  sl_DevGet                             
0000795f  sl_DevSet                             
000079ed  _SlDrvDeviceEventHandler              
00007d15  buildTDS                              
00007dab  buildDecimal                          
00007e2b  buildack                              
00007f7d  spi_Close                             
00007f89  spi_Open                              
0000808d  spi_Write                             
000080f1  spi_Read                              
0000819d  SysCtlClockFreqSet                    
00008571  __aeabi_dsub                          
0000857b  __aeabi_dadd                          
00008729  _SlNonOsSemSet                        
00008741  _SlNonOsSemGet                        
000087e9  _SlNonOsSpawn                         
00008849  _SlNonOsMainLoopTask                  
000088c5  sl_NetCfgSet                          
0000894f  sl_NetCfgGet                          
00008a2d  CLI_Read                              
00008a79  CLI_Write                             
00008ad3  CLI_Configure                         
00008cc9  __aeabi_ddiv                          
00008dff  GPIOPadConfigSet                      
00009055  PLL_Init                              
00009165  ldexp                                 
00009165  ldexpl                                
00009165  scalbn                                
00009165  scalbnl                               
00009275  __aeabi_dmul                          
00009371  initClk                               
00009389  stopWDT                               
0000938b  registerInterruptHandler              
0000939f  CC3100_disable                        
000093b3  CC3100_enable                         
000093c7  CC3100_InterruptEnable                
000093d3  CC3100_InterruptDisable               
000093df  MaskIntHdlr                           
000093e7  UnMaskIntHdlr                         
000093ef  UARTRxTxHandler                       
000093f1  GPIOM_intHandler                      
000094ef  __aeabi_memcpy                        
000094ef  __aeabi_memcpy4                       
000094ef  __aeabi_memcpy8                       
000094ef  memcpy                                
0000958b  __aeabi_uldivmod                      
00009621  __aeabi_cdcmpeq                       
00009621  __aeabi_cdcmple                       
000096a7  __aeabi_cdrcmple                      
0000972d  __aeabi_memclr                        
0000972d  __aeabi_memclr4                       
0000972d  __aeabi_memclr8                       
0000972f  __aeabi_memset                        
0000972f  __aeabi_memset4                       
0000972f  __aeabi_memset8                       
00009735  memset                                
000097a9  SysTick_Init                          
000097c5  SysTick_Wait                          
000097eb  SysTick_Wait10ms                      
0000988f  __aeabi_d2f                           
000098fd  IntEnable                             
00009965  __TI_decompress_lzss                  
000099cd  frexp                                 
000099cd  frexpl                                
00009a6d  timer_GetCurrentTimestamp             
00009a8d  GPIOIntTypeSet                        
00009b39  ltoa                                  
00009be1  atoi                                  
00009c2d  GPIOPinConfigure                      
00009cbd  __aeabi_d2iz                          
00009d05  __TI_auto_init_nobinit_nopinit        
00009d49  sprintf                               
00009dc7  SSIConfigSetExpClk                    
00009e03  __aeabi_f2d                           
00009e3d  IntRegister                           
00009e71  SysCtlPeripheralEnable                
00009ea5  _c_int00_noargs                       
00009ed9  strstr                                
00009f0d  __aeabi_i2d                           
00009f3b  GPIODirModeSet                        
00009f65  strcat                                
00009f85  SysTickIntRegister                    
00009fbd  memccpy                               
00009fd9  copysign                              
00009fd9  copysignl                             
0000a00b  strchr                                
0000a021  SysTickDisable                        
0000a035  SysTickEnable                         
0000a049  SysTickIntEnable                      
0000a05d  strcpy                                
0000a071  strlen                                
0000a085  GPIOPinTypeGPIOInput                  
0000a097  GPIOPinTypeSSI                        
0000a0a9  SSIDataGetNonBlocking                 
0000a0bb  wcslen                                
0000a0cd  FPUEnable                             
0000a0dd  FPULazyStackingEnable                 
0000a0ed  IntMasterEnable                       
0000a0fd  SysTickPeriodSet                      
0000a10d  GPIOIntDisable                        
0000a11b  GPIOIntStatus                         
0000a129  SSIDataPutNonBlocking                 
0000a137  __TI_decompress_none                  
0000a145  CPUcpsie                              
0000a151  GPIOIntEnable                         
0000a15d  __TI_zero_init                        
0000a169  ResetISR                              
0000a175  SSIEnable                             
0000a189  SSIBusy                               
0000a191  __aeabi_errno_addr                    
0000a199  GPIOIntClear                          
0000a19f  GPIOPinWrite                          
0000a1a5  SysCtlDelay                           
0000a1ab  _system_pre_init                      
0000a1af  C$$EXIT                               
0000a1af  abort                                 
0000a2d4  _ctypes_                              
0000a544  OpcodeTranslateTable                  
0000a580  _SlActionLookupTable                  
0000a75c  _SlNetAppSendTokenValueCmdCtrl        
0000a7d8  __TI_Handler_Table_Base               
0000a7e4  __TI_Handler_Table_Limit              
0000a7f8  __TI_CINIT_Base                       
0000a810  __TI_CINIT_Limit                      
20000000  g_pfnRAMVectors                       
2000026c  appData                               
2000089c  instructions                          
20000e64  Edxpost                               
20000ec8  Id                                    
20000f2c  Score                                 
20000f90  theTime                               
20000fa8  g_Status                              
20000fac  g_SysClock                            
20000fb0  g_ucUARTBuffer                        
20000fb4  numberOfInstructions                  
20000fb8  IntIsMasked                           
20000fb9  RxIrqCnt                              
20000fba  g_bDeviceRestartIsRequired            
20000fc0  __stack                               
200011c0  __STACK_TOP                           
20001790  __STACK_END                           
20001790  buildstr                              
20001990  g__SlNonOsCB                          
200019cc  mystring2                             
200019fe  mystring                              
20001a30  currentMinutes                        
20001a34  currentHour                           
20001a38  currentDay                            
20001a3c  currentMonth                          
20001a40  currentYear                           
20001a44  currentSecond                         
20001a48  lastSyncMinutes                       
20001a4c  g_SlDeviceStatus                      
20001a50  g_pCB                                 
20001a54  pPingCallBackFunc                     
20001a5c  g_PingPacketsRecv                     
20001a60  g_GatewayIP                           
20001a64  strcontentlength                      
20001a6c  pIrqEventHandler                      
20001a70  errno                                 
20001a74  contentLength                         
ffffffff  __TI_pprof_out_hndl                   
ffffffff  __TI_prof_data_size                   
ffffffff  __TI_prof_data_start                  
ffffffff  __binit__                             
ffffffff  __c_args__                            
ffffffff  binit                                 
UNDEFED   __mpu_init                            
UNDEFED   _system_post_cinit                    

[306 symbols]
