******************************************************************************
                  TI ARM Linker PC v18.12.1                    
******************************************************************************
>> Linked Tue Jul 16 22:20:49 2019

OUTPUT FILE NAME:   <getting_started_with_wlan_station.out>
ENTRY POINT SYMBOL: "_c_int00_noargs"  address: 000097bd


MEMORY CONFIGURATION

         name            origin    length      used     unused   attr    fill
----------------------  --------  ---------  --------  --------  ----  --------
  FLASH                 00000000   00100000  0000a126  000f5eda  R  X
  SRAM                  20000000   00040000  00001613  0003e9ed  RW X


SEGMENT ALLOCATION MAP

run origin  load origin   length   init length attrs members
----------  ----------- ---------- ----------- ----- -------
00000000    00000000    0000a128   0000a128    r-x
  00000000    00000000    00000208   00000208    r-- .intvecs
  00000208    00000208    000098c2   000098c2    r-x .text
  00009acc    00009acc    00000614   00000614    r-- .const
  0000a0e0    0000a0e0    00000048   00000048    r-- .cinit
20000000    20000000    00001614   00000000    rw-
  20000000    20000000    0000026c   00000000    rw- .vtable
  2000026c    2000026c    000008eb   00000000    rw- .bss
  20000b58    20000b58    000007d0   00000000    rw- .stack
  20001328    20001328    000002ec   00000000    rw- .data


SECTION ALLOCATION MAP

 output                                  attributes/
section   page    origin      length       input sections
--------  ----  ----------  ----------   ----------------
.intvecs   0    00000000    00000208     
                  00000000    00000208     tm4c1294ncpdt_startup_ccs.obj (.intvecs)

.text      0    00000208    000098c2     
                  00000208    00001db4     driver.obj (.text)
                  00001fbc    00001088     connect.obj (.text)
                  00003044    00000f40     socket.obj (.text)
                  00003f84    00000df8     wlan.obj (.text)
                  00004d7c    00000c10     netapp.obj (.text)
                  0000598c    00000a4e     rtsv7M4_T_le_v4SPD16_eabi.lib : _printfi.c.obj (.text:__TI_printfi)
                  000063da    00000002                                   : div0.asm.obj (.text)
                  000063dc    00000728     ADCSWTrigger.obj (.text)
                  00006b04    000005b4     main.obj (.text)
                  000070b8    0000056c     device.obj (.text)
                  00007624    00000270     rtsv7M4_T_le_v4SPD16_eabi.lib : _printfi.c.obj (.text:_pconv_a)
                  00007894    00000220     spi.obj (.text)
                  00007ab4    00000204     driverlib.lib : sysctl.obj (.text:SysCtlClockFreqSet)
                  00007cb8    000001d0     rtsv7M4_T_le_v4SPD16_eabi.lib : _printfi.c.obj (.text:_pconv_g)
                  00007e88    000001b6                                   : fd_add_t2.asm.obj (.text)
                  0000803e    00000002     --HOLE-- [fill = 0]
                  00008040    0000019c     nonos.obj (.text)
                  000081dc    00000168     netcfg.obj (.text)
                  00008344    00000160     cli_uart.obj (.text)
                  000084a4    0000013c     rtsv7M4_T_le_v4SPD16_eabi.lib : _printfi.c.obj (.text:_pconv_e)
                  000085e0    00000136                                   : fd_div_t2.asm.obj (.text)
                  00008716    00000130     driverlib.lib : gpio.obj (.text:GPIOPadConfigSet)
                  00008846    00000002     --HOLE-- [fill = 0]
                  00008848    00000124     rtsv7M4_T_le_v4SPD16_eabi.lib : _printfi.c.obj (.text:fcvt)
                  0000896c    00000110     PLL.obj (.text)
                  00008a7c    00000110     rtsv7M4_T_le_v4SPD16_eabi.lib : s_scalbn.c.obj (.text:scalbn)
                  00008b8c    000000fc                                   : fd_mul_t2.asm.obj (.text)
                  00008c88    000000cc     board.obj (.text)
                  00008d54    000000b1     rtsv7M4_T_le_v4SPD16_eabi.lib : _printfi.c.obj (.text:_ltostr)
                  00008e05    00000001     --HOLE-- [fill = 0]
                  00008e06    0000009c                                   : memcpy_t2.asm.obj (.text)
                  00008ea2    00000096                                   : ull_div_t2.asm.obj (.text)
                  00008f38    00000086                                   : fd_cmp_t2.asm.obj (.text:__aeabi_cdcmple)
                  00008fbe    00000086                                   : fd_cmp_t2.asm.obj (.text:__aeabi_cdrcmple)
                  00009044    0000007a                                   : memset_t2.asm.obj (.text)
                  000090be    00000002     --HOLE-- [fill = 0]
                  000090c0    00000078     SysTick.obj (.text)
                  00009138    0000006e     rtsv7M4_T_le_v4SPD16_eabi.lib : _printfi.c.obj (.text:_mcpy)
                  000091a6    0000006e                                   : fd_tos_t2.asm.obj (.text)
                  00009214    00000068     driverlib.lib : interrupt.obj (.text:IntEnable)
                  0000927c    00000068     rtsv7M4_T_le_v4SPD16_eabi.lib : copy_decompress_lzss.c.obj (.text:decompress:lzss:__TI_decompress_lzss)
                  000092e4    00000064                                   : s_frexp.c.obj (.text:frexp)
                  00009348    0000005c     timer_tick.obj (.text)
                  000093a4    00000056     driverlib.lib : gpio.obj (.text:GPIOIntTypeSet)
                  000093fa    00000056     rtsv7M4_T_le_v4SPD16_eabi.lib : _printfi.c.obj (.text:_pconv_f)
                  00009450    00000054                                   : ltoa.c.obj (.text:ltoa)
                  000094a4    00000052                                   : _printfi.c.obj (.text:_ecpy)
                  000094f6    00000002     --HOLE-- [fill = 0]
                  000094f8    0000004c                                   : atoi.c.obj (.text:atoi)
                  00009544    00000048     driverlib.lib : gpio.obj (.text:GPIOPinConfigure)
                  0000958c    00000048                   : sysctl.obj (.text:_SysCtlFrequencyGet)
                  000095d4    00000048     rtsv7M4_T_le_v4SPD16_eabi.lib : fd_toi_t2.asm.obj (.text)
                  0000961c    00000044                                   : autoinit.c.obj (.text:__TI_auto_init_nobinit_nopinit:__TI_auto_init_nobinit_nopinit)
                  00009660    00000040                                   : sprintf.c.obj (.text:sprintf)
                  000096a0    0000003e                                   : _printfi.c.obj (.text:_fcpy)
                  000096de    0000003c     driverlib.lib : ssi.obj (.text:SSIConfigSetExpClk)
                  0000971a    00000038     rtsv7M4_T_le_v4SPD16_eabi.lib : fs_tod_t2.asm.obj (.text)
                  00009752    00000002     --HOLE-- [fill = 0]
                  00009754    00000034     driverlib.lib : interrupt.obj (.text:IntRegister)
                  00009788    00000034                   : sysctl.obj (.text:SysCtlPeripheralEnable)
                  000097bc    00000034     rtsv7M4_T_le_v4SPD16_eabi.lib : boot_cortex_m.c.obj (.text:_c_int00_noargs:_c_int00_noargs)
                  000097f0    00000034                                   : strstr.c.obj (.text:strstr)
                  00009824    0000002e                                   : i_tofd_t2.asm.obj (.text)
                  00009852    0000002a     driverlib.lib : gpio.obj (.text:GPIODirModeSet)
                  0000987c    0000001e     rtsv7M4_T_le_v4SPD16_eabi.lib : strcat.c.obj (.text:strcat)
                  0000989a    00000002     --HOLE-- [fill = 0]
                  0000989c    0000001c     driverlib.lib : systick.obj (.text:SysTickIntRegister)
                  000098b8    0000001c                   : sysctl.obj (.text:_SysCtlMemTimingGet)
                  000098d4    0000001c     rtsv7M4_T_le_v4SPD16_eabi.lib : memccpy.c.obj (.text:memccpy)
                  000098f0    0000001a                                   : s_copysign.c.obj (.text:copysign)
                  0000990a    00000018                                   : sprintf.c.obj (.text:_outs)
                  00009922    00000016                                   : strchr.c.obj (.text:strchr)
                  00009938    00000014     driverlib.lib : systick.obj (.text:SysTickDisable)
                  0000994c    00000014                   : systick.obj (.text:SysTickEnable)
                  00009960    00000014                   : systick.obj (.text:SysTickIntEnable)
                  00009974    00000014     rtsv7M4_T_le_v4SPD16_eabi.lib : strcpy.c.obj (.text:strcpy)
                  00009988    00000014                                   : strlen.c.obj (.text:strlen)
                  0000999c    00000012     driverlib.lib : gpio.obj (.text:GPIOPinTypeGPIOInput)
                  000099ae    00000012                   : gpio.obj (.text:GPIOPinTypeSSI)
                  000099c0    00000012                   : ssi.obj (.text:SSIDataGetNonBlocking)
                  000099d2    00000012     rtsv7M4_T_le_v4SPD16_eabi.lib : wcslen.c.obj (.text:wcslen)
                  000099e4    00000010     driverlib.lib : fpu.obj (.text:FPUEnable)
                  000099f4    00000010                   : fpu.obj (.text:FPULazyStackingEnable)
                  00009a04    00000010                   : interrupt.obj (.text:IntMasterEnable)
                  00009a14    00000010                   : systick.obj (.text:SysTickPeriodSet)
                  00009a24    0000000e                   : gpio.obj (.text:GPIOIntDisable)
                  00009a32    0000000e                   : gpio.obj (.text:GPIOIntStatus)
                  00009a40    0000000e                   : ssi.obj (.text:SSIDataPutNonBlocking)
                  00009a4e    0000000e     rtsv7M4_T_le_v4SPD16_eabi.lib : copy_decompress_none.c.obj (.text:decompress:none:__TI_decompress_none)
                  00009a5c    0000000c     driverlib.lib : cpu.obj (.text:CPUcpsie)
                  00009a68    0000000c                   : gpio.obj (.text:GPIOIntEnable)
                  00009a74    0000000c     rtsv7M4_T_le_v4SPD16_eabi.lib : copy_zero_init.c.obj (.text:decompress:ZI:__TI_zero_init)
                  00009a80    0000000c     tm4c1294ncpdt_startup_ccs.obj (.text)
                  00009a8c    0000000a     driverlib.lib : ssi.obj (.text:SSIEnable)
                  00009a96    0000000a     rtsv7M4_T_le_v4SPD16_eabi.lib : sprintf.c.obj (.text:_outc)
                  00009aa0    00000008     driverlib.lib : ssi.obj (.text:SSIBusy)
                  00009aa8    00000008     rtsv7M4_T_le_v4SPD16_eabi.lib : errno.c.obj (.text:__aeabi_errno_addr)
                  00009ab0    00000006     driverlib.lib : gpio.obj (.text:GPIOIntClear)
                  00009ab6    00000006                   : gpio.obj (.text:GPIOPinWrite)
                  00009abc    00000006                   : sysctl.obj (.text:SysCtlDelay)
                  00009ac2    00000004     rtsv7M4_T_le_v4SPD16_eabi.lib : pre_init.c.obj (.text:_system_pre_init)
                  00009ac6    00000004                                   : exit.c.obj (.text:abort:abort)

.const     0    00009acc    00000614     
                  00009acc    00000120     driverlib.lib : sysctl.obj (.const:g_pppui32XTALtoVCO)
                  00009bec    00000101     rtsv7M4_T_le_v4SPD16_eabi.lib : ctype.c.obj (.const:.string:_ctypes_)
                  00009ced    00000003     --HOLE-- [fill = 0]
                  00009cf0    00000090     driverlib.lib : gpio.obj (.const:g_pui32GPIOBaseAddrs)
                  00009d80    00000070                   : interrupt.obj (.const)
                  00009df0    0000006c                   : sysctl.obj (.const:g_pui32Xtals)
                  00009e5c    0000003c     driver.obj (.const:OpcodeTranslateTable)
                  00009e98    00000038     driver.obj (.const:_SlActionLookupTable)
                  00009ed0    00000030     driverlib.lib : sysctl.obj (.const:g_sXTALtoMEMTIM)
                  00009f00    0000002c     connect.obj (.const:$P$T0$1)
                  00009f2c    00000020     connect.obj (.const:$P$T3$4)
                  00009f4c    00000020     connect.obj (.const:$P$T5$6)
                  00009f6c    00000020     driver.obj (.const:RxMsgClassLUT)
                  00009f8c    00000014     driver.obj (.const:$P$T0$1)
                  00009fa0    00000014     nonos.obj (.const:$P$T0$1)
                  00009fb4    00000014     connect.obj (.const:$P$T1$2)
                  00009fc8    00000014     connect.obj (.const:$P$T4$5)
                  00009fdc    00000014     connect.obj (.const:$P$T6$7)
                  00009ff0    00000010     socket.obj (.const:.string:_SlPayloadByProtocolLUT)
                  0000a000    0000000c     connect.obj (.const:$P$T2$3)
                  0000a00c    00000008     device.obj (.const:StartResponseLUT)
                  0000a014    00000008     driverlib.lib : sysctl.obj (.const)
                  0000a01c    00000008     driver.obj (.const:g_H2NCnysPattern)
                  0000a024    00000008     driver.obj (.const:g_H2NSyncPattern)
                  0000a02c    00000004     netapp.obj (.const:$P$T0$1)
                  0000a030    00000004     socket.obj (.const:$P$T0$1)
                  0000a034    00000004     wlan.obj (.const:$P$T0$1)
                  0000a038    00000004     socket.obj (.const:$P$T1$2)
                  0000a03c    00000004     wlan.obj (.const:$P$T1$2)
                  0000a040    00000004     socket.obj (.const:$P$T2$3)
                  0000a044    00000004     wlan.obj (.const:$P$T2$3)
                  0000a048    00000004     socket.obj (.const:_SlAcceptCmdCtrl)
                  0000a04c    00000004     device.obj (.const:_SlDeviceGetCmdCtrl)
                  0000a050    00000004     device.obj (.const:_SlDeviceSetCmdCtrl)
                  0000a054    00000004     device.obj (.const:_SlEventMaskGetCmdCtrl)
                  0000a058    00000004     device.obj (.const:_SlEventMaskSetCmdCtrl)
                  0000a05c    00000004     netapp.obj (.const:_SlGetHostByNameCtrl)
                  0000a060    00000004     netapp.obj (.const:_SlGetHostByServiceCtrl)
                  0000a064    00000004     netapp.obj (.const:_SlGetServiceListeCtrl)
                  0000a068    00000004     socket.obj (.const:_SlGetSockOptCmdCtrl)
                  0000a06c    00000004     socket.obj (.const:_SlListenCmdCtrl)
                  0000a070    00000004     netapp.obj (.const:_SlNetAppGetCmdCtrl)
                  0000a074    00000004     netapp.obj (.const:_SlNetAppSendTokenValueCmdCtrl)
                  0000a078    00000004     netapp.obj (.const:_SlNetAppSetCmdCtrl)
                  0000a07c    00000004     netapp.obj (.const:_SlNetAppStartCtrl)
                  0000a080    00000004     netapp.obj (.const:_SlNetAppStopCtrl)
                  0000a084    00000004     netcfg.obj (.const:_SlNetCfgGetCmdCtrl)
                  0000a088    00000004     netcfg.obj (.const:_SlNetCfgSetCmdCtrl)
                  0000a08c    00000004     wlan.obj (.const:_SlPolicyGetCmdCtrl)
                  0000a090    00000004     wlan.obj (.const:_SlPolicySetCmdCtrl)
                  0000a094    00000004     wlan.obj (.const:_SlProfileDelCmdCtrl)
                  0000a098    00000004     wlan.obj (.const:_SlProfileGetCmdCtrl)
                  0000a09c    00000004     socket.obj (.const:_SlRecvCmdCtrl)
                  0000a0a0    00000004     socket.obj (.const:_SlRecvfomCmdCtrl)
                  0000a0a4    00000004     netapp.obj (.const:_SlRegisterServiceCtrl)
                  0000a0a8    00000004     wlan.obj (.const:_SlRxFilterAddtCmdCtrl)
                  0000a0ac    00000004     wlan.obj (.const:_SlRxFilterGetCmdCtrl)
                  0000a0b0    00000004     wlan.obj (.const:_SlRxFilterSetCmdCtrl)
                  0000a0b4    00000004     socket.obj (.const:_SlSelectCmdCtrl)
                  0000a0b8    00000004     socket.obj (.const:_SlSendCmdCtrl)
                  0000a0bc    00000004     socket.obj (.const:_SlSetSockOptCmdCtrl)
                  0000a0c0    00000004     wlan.obj (.const:_SlSmartConfigStartCmdCtrl)
                  0000a0c4    00000004     socket.obj (.const:_SlSockCloseCmdCtrl)
                  0000a0c8    00000004     socket.obj (.const:_SlSockSocketCmdCtrl)
                  0000a0cc    00000004     device.obj (.const:_SlStopCmdCtrl)
                  0000a0d0    00000004     wlan.obj (.const:_SlWlanCfgGetCmdCtrl)
                  0000a0d4    00000004     wlan.obj (.const:_SlWlanCfgSetCmdCtrl)
                  0000a0d8    00000004     wlan.obj (.const:_SlWlanGetNetworkListCtrl)
                  0000a0dc    00000004     wlan.obj (.const:_SlWlanSetModeCmdCtrl)

.cinit     0    0000a0e0    00000048     
                  0000a0e0    0000000e     (.cinit..data.load) [load image, compression = lzss]
                  0000a0ee    00000002     --HOLE-- [fill = 0]
                  0000a0f0    0000000c     (__TI_handler_table)
                  0000a0fc    00000004     --HOLE-- [fill = 0]
                  0000a100    00000008     (.cinit..bss.load) [load image, compression = zero_init]
                  0000a108    00000008     (.cinit..vtable.load) [load image, compression = zero_init]
                  0000a110    00000018     (__TI_cinit_table)

.init_array 
*          0    00000000    00000000     UNINITIALIZED

.vtable    0    20000000    0000026c     UNINITIALIZED
                  20000000    0000026c     driverlib.lib : interrupt.obj (.vtable)

.bss       0    2000026c    000008eb     UNINITIALIZED
                  2000026c    00000630     (.common:appData)
                  2000089c    00000168     driver.obj (.bss:g_StatMem)
                  20000a04    00000064     (.common:Edxpost)
                  20000a68    00000064     (.common:Id)
                  20000acc    00000064     (.common:Score)
                  20000b30    00000018     (.common:theTime)
                  20000b48    00000004     (.common:g_Status)
                  20000b4c    00000004     (.common:g_SysClock)
                  20000b50    00000004     (.common:g_ucUARTBuffer)
                  20000b54    00000001     (.common:IntIsMasked)
                  20000b55    00000001     (.common:RxIrqCnt)
                  20000b56    00000001     (.common:g_bDeviceRestartIsRequired)

.data      0    20001328    000002ec     UNINITIALIZED
                  20001328    00000200     connect.obj (.data:buildstr)
                  20001528    0000003c     nonos.obj (.data:g__SlNonOsCB)
                  20001564    00000032     connect.obj (.data:mystring2)
                  20001596    00000032     connect.obj (.data:mystring)
                  200015c8    0000001c     main.obj (.data)
                  200015e4    0000000d     driver.obj (.data)
                  200015f1    00000003     --HOLE--
                  200015f4    0000000c     connect.obj (.data)
                  20001600    00000005     connect.obj (.data:strcontentlength)
                  20001605    00000003     --HOLE--
                  20001608    00000004     board.obj (.data)
                  2000160c    00000004     rtsv7M4_T_le_v4SPD16_eabi.lib : errno.c.obj (.data)
                  20001610    00000004     timer_tick.obj (.data)

.stack     0    20000b58    000007d0     UNINITIALIZED
                  20000b58    00000004     rtsv7M4_T_le_v4SPD16_eabi.lib : boot_cortex_m.c.obj (.stack)
                  20000b5c    000007cc     --HOLE--

MODULE SUMMARY

       Module                          code    ro data   rw data
       ------                          ----    -------   -------
    .\
       connect.obj                     4232    180       2541   
       ADCSWTrigger.obj                1832    0         0      
       main.obj                        1460    0         28     
       tm4c1294ncpdt_startup_ccs.obj   12      520       0      
       PLL.obj                         272     0         0      
       SysTick.obj                     120     0         0      
    +--+-------------------------------+-------+---------+---------+
       Total:                          7928    700       2569   
                                                                
    .\board\
       board.obj                       204     0         9      
    +--+-------------------------------+-------+---------+---------+
       Total:                          204     0         9      
                                                                
    .\cli_uart\
       cli_uart.obj                    352     0         4      
    +--+-------------------------------+-------+---------+---------+
       Total:                          352     0         4      
                                                                
    .\simplelink\source\
       driver.obj                      7604    184       375    
       socket.obj                      3904    68        0      
       wlan.obj                        3576    60        0      
       netapp.obj                      3088    40        0      
       device.obj                      1388    28        0      
       nonos.obj                       412     20        60     
       netcfg.obj                      360     8         0      
    +--+-------------------------------+-------+---------+---------+
       Total:                          20332   408       435    
                                                                
    .\spi\
       spi.obj                         544     0         0      
    +--+-------------------------------+-------+---------+---------+
       Total:                          544     0         0      
                                                                
    .\timer\
       timer_tick.obj                  92      0         4      
    +--+-------------------------------+-------+---------+---------+
       Total:                          92      0         4      
                                                                
    C:/ti/tirtos_tivac_2_16_01_14/products/TivaWare_C_Series-2.1.1.71b/driverlib/ccs/Debug/driverlib.lib
       sysctl.obj                      674     452       0      
       interrupt.obj                   172     112       620    
       gpio.obj                        592     144       0      
       ssi.obj                         110     0         0      
       systick.obj                     104     0         0      
       fpu.obj                         32      0         0      
       cpu.obj                         12      0         0      
    +--+-------------------------------+-------+---------+---------+
       Total:                          1696    708       620    
                                                                
    C:\ti\ccs901\ccs\tools\compiler\ti-cgt-arm_18.12.1.LTS\lib\rtsv7M4_T_le_v4SPD16_eabi.lib
       _printfi.c.obj                  4851    0         0      
       fd_add_t2.asm.obj               438     0         0      
       fd_div_t2.asm.obj               310     0         0      
       s_scalbn.c.obj                  272     0         0      
       fd_cmp_t2.asm.obj               268     0         0      
       ctype.c.obj                     0       257       0      
       fd_mul_t2.asm.obj               252     0         0      
       memcpy_t2.asm.obj               156     0         0      
       ull_div_t2.asm.obj              150     0         0      
       memset_t2.asm.obj               122     0         0      
       fd_tos_t2.asm.obj               110     0         0      
       copy_decompress_lzss.c.obj      104     0         0      
       s_frexp.c.obj                   100     0         0      
       sprintf.c.obj                   98      0         0      
       ltoa.c.obj                      84      0         0      
       atoi.c.obj                      76      0         0      
       fd_toi_t2.asm.obj               72      0         0      
       autoinit.c.obj                  68      0         0      
       fs_tod_t2.asm.obj               56      0         0      
       boot_cortex_m.c.obj             52      0         0      
       strstr.c.obj                    52      0         0      
       i_tofd_t2.asm.obj               46      0         0      
       strcat.c.obj                    30      0         0      
       memccpy.c.obj                   28      0         0      
       s_copysign.c.obj                26      0         0      
       strchr.c.obj                    22      0         0      
       strcpy.c.obj                    20      0         0      
       strlen.c.obj                    20      0         0      
       wcslen.c.obj                    18      0         0      
       copy_decompress_none.c.obj      14      0         0      
       copy_zero_init.c.obj            12      0         0      
       errno.c.obj                     8       0         4      
       exit.c.obj                      4       0         0      
       pre_init.c.obj                  4       0         0      
       div0.asm.obj                    2       0         0      
    +--+-------------------------------+-------+---------+---------+
       Total:                          7945    257       4      
                                                                
       Stack:                          0       0         2000   
       Linker Generated:               0       66        0      
    +--+-------------------------------+-------+---------+---------+
       Grand Total:                    39093   2139      5645   


LINKER GENERATED COPY TABLES

__TI_cinit_table @ 0000a110 records: 3, size/record: 8, table size: 24
	.data: load addr=0000a0e0, load size=0000000e bytes, run addr=20001328, run size=000002ec bytes, compression=lzss
	.bss: load addr=0000a100, load size=00000008 bytes, run addr=2000026c, run size=000008eb bytes, compression=zero_init
	.vtable: load addr=0000a108, load size=00000008 bytes, run addr=20000000, run size=0000026c bytes, compression=zero_init


LINKER GENERATED HANDLER TABLE

__TI_handler_table @ 0000a0f0 records: 3, size/record: 4, table size: 12
	index: 0, handler: __TI_zero_init
	index: 1, handler: __TI_decompress_lzss
	index: 2, handler: __TI_decompress_none


GLOBAL SYMBOLS: SORTED ALPHABETICALLY BY Name 

address   name                                  
-------   ----                                  
00006a7b  ADC0_InSeq3                           
000069a1  ADC0_InitAllTriggerSeq3               
000068b1  ADC0_InitSWTriggerSeq3                
000063dd  ADC0_InitSWTriggerSeq3_Ch0            
00009ac7  C$$EXIT                               
00008ceb  CC3100_InterruptDisable               
00008cdf  CC3100_InterruptEnable                
00008cb7  CC3100_disable                        
00008ccb  CC3100_enable                         
000083eb  CLI_Configure                         
00008345  CLI_Read                              
00008391  CLI_Write                             
00009a5d  CPUcpsie                              
00002f81  CreateConnection                      
20000a04  Edxpost                               
000099e5  FPUEnable                             
000099f5  FPULazyStackingEnable                 
00009853  GPIODirModeSet                        
00009ab1  GPIOIntClear                          
00009a25  GPIOIntDisable                        
00009a69  GPIOIntEnable                         
00009a33  GPIOIntStatus                         
000093a5  GPIOIntTypeSet                        
00008d09  GPIOM_intHandler                      
00008717  GPIOPadConfigSet                      
00009545  GPIOPinConfigure                      
0000999d  GPIOPinTypeGPIOInput                  
000099af  GPIOPinTypeSSI                        
00009ab7  GPIOPinWrite                          
00002f69  GetHostIP                             
20000a68  Id                                    
00009215  IntEnable                             
20000b54  IntIsMasked                           
00009a05  IntMasterEnable                       
00009755  IntRegister                           
00002659  Lab16                                 
00008cf7  MaskIntHdlr                           
00009e5c  OpcodeTranslateTable                  
0000896d  PLL_Init                              
00009a81  ResetISR                              
20000b55  RxIrqCnt                              
00003f09  SL_FD_CLR                             
00003f31  SL_FD_ISSET                           
00003ee1  SL_FD_SET                             
00003f5d  SL_FD_ZERO                            
00009aa1  SSIBusy                               
000096df  SSIConfigSetExpClk                    
000099c1  SSIDataGetNonBlocking                 
00009a41  SSIDataPutNonBlocking                 
00009a8d  SSIEnable                             
20000acc  Score                                 
00002de1  SendTDS                               
0000209d  SimpleLinkGeneralEventHandler         
0000206b  SimpleLinkHttpServerCallback          
00002029  SimpleLinkNetAppEventHandler          
00002079  SimpleLinkPingReport                  
000020a9  SimpleLinkSockEventHandler            
00001fbd  SimpleLinkWlanEventHandler            
00007ab5  SysCtlClockFreqSet                    
00009abd  SysCtlDelay                           
00009789  SysCtlPeripheralEnable                
00009939  SysTickDisable                        
0000994d  SysTickEnable                         
00009961  SysTickIntEnable                      
0000989d  SysTickIntRegister                    
00009a15  SysTickPeriodSet                      
000090c1  SysTick_Init                          
000090dd  SysTick_Wait                          
00009103  SysTick_Wait10ms                      
00008d07  UARTRxTxHandler                       
00008cff  UnMaskIntHdlr                         
00009e98  _SlActionLookupTable                  
00001e6d  _SlDriverHandleError                  
00001685  _SlDrvBasicCmd                        
00000565  _SlDrvCmdOp                           
000016d9  _SlDrvCmdSend                         
00000621  _SlDrvDataReadOp                      
00000801  _SlDrvDataWriteOp                     
0000756d  _SlDrvDeviceEventHandler              
00001cdb  _SlDrvDispatchHttpServerEvents        
000003ed  _SlDrvDriverCBDeinit                  
0000024f  _SlDrvDriverCBInit                    
00001dbf  _SlDrvGlobalObjUnLock                 
00001f2d  _SlDrvIsTimeoutExpired                
00001de1  _SlDrvMemZero                         
00001295  _SlDrvMsgReadSpawnCtx                 
00005879  _SlDrvNetAppEventHandler              
00001d0b  _SlDrvObjLockWaitForever              
00001d59  _SlDrvObjUnLock                       
00000209  _SlDrvProtectAsyncRespSetting         
00001d31  _SlDrvProtectionObjLockWaitForever    
00001d79  _SlDrvProtectionObjUnLock             
000018e7  _SlDrvReleasePoolObj                  
00001df7  _SlDrvResetCmdExt                     
00000511  _SlDrvRxIrqHandler                    
00001f0d  _SlDrvStartMeasureTimeout             
00001ceb  _SlDrvSyncObjSignal                   
00001e09  _SlDrvSyncObjWaitForever              
00001e2d  _SlDrvSyncObjWaitTimeout              
00001755  _SlDrvWaitForPoolObj                  
0000a074  _SlNetAppSendTokenValueCmdCtrl        
00008161  _SlNonOsMainLoopTask                  
00008059  _SlNonOsSemGet                        
00008041  _SlNonOsSemSet                        
00008101  _SlNonOsSpawn                         
20001328  __STACK_END                           
000007d0  __STACK_SIZE                          
20000d58  __STACK_TOP                           
0000a110  __TI_CINIT_Base                       
0000a128  __TI_CINIT_Limit                      
0000a0f0  __TI_Handler_Table_Base               
0000a0fc  __TI_Handler_Table_Limit              
0000961d  __TI_auto_init_nobinit_nopinit        
0000927d  __TI_decompress_lzss                  
00009a4f  __TI_decompress_none                  
ffffffff  __TI_pprof_out_hndl                   
0000598d  __TI_printfi                          
ffffffff  __TI_prof_data_size                   
ffffffff  __TI_prof_data_start                  
00000000  __TI_static_base__                    
00009a75  __TI_zero_init                        
00008f39  __aeabi_cdcmpeq                       
00008f39  __aeabi_cdcmple                       
00008fbf  __aeabi_cdrcmple                      
000091a7  __aeabi_d2f                           
000095d5  __aeabi_d2iz                          
00007e93  __aeabi_dadd                          
000085e1  __aeabi_ddiv                          
00008b8d  __aeabi_dmul                          
00007e89  __aeabi_dsub                          
00009aa9  __aeabi_errno_addr                    
0000971b  __aeabi_f2d                           
00009825  __aeabi_i2d                           
000063db  __aeabi_idiv0                         
000063db  __aeabi_ldiv0                         
00009045  __aeabi_memclr                        
00009045  __aeabi_memclr4                       
00009045  __aeabi_memclr8                       
00008e07  __aeabi_memcpy                        
00008e07  __aeabi_memcpy4                       
00008e07  __aeabi_memcpy8                       
00009047  __aeabi_memset                        
00009047  __aeabi_memset4                       
00009047  __aeabi_memset8                       
00008ea3  __aeabi_uldivmod                      
ffffffff  __binit__                             
ffffffff  __c_args__                            
UNDEFED   __mpu_init                            
20000b58  __stack                               
000097bd  _c_int00_noargs                       
00009bec  _ctypes_                              
00003add  _sl_HandleAsync_Accept                
0000369b  _sl_HandleAsync_Connect               
0000527b  _sl_HandleAsync_DnsGetHostByAddr      
000053c9  _sl_HandleAsync_DnsGetHostByName      
000051b5  _sl_HandleAsync_DnsGetHostByService   
000071a9  _sl_HandleAsync_InitComplete          
0000549d  _sl_HandleAsync_PingResponse          
00003b3d  _sl_HandleAsync_Select                
0000722d  _sl_HandleAsync_Stop                  
00005759  _sl_NetAppSendTokenValue              
000030cd  _sl_ParseAddress                      
UNDEFED   _system_post_cinit                    
00009ac3  _system_pre_init                      
00009ac7  abort                                 
2000026c  appData                               
000094f9  atoi                                  
ffffffff  binit                                 
000027e1  buildTDS                              
20001328  buildstr                              
00002539  checkInternetConnection               
000024a5  checkLanConnection                    
00002245  configureSimpleLinkToDefaultState     
200015f4  contentLength                         
000098f1  copysign                              
000098f1  copysignl                             
200015d0  currentDay                            
200015cc  currentHour                           
200015c8  currentMinutes                        
200015d4  currentMonth                          
200015dc  currentSecond                         
200015d8  currentYear                           
00002609  displayBanner                         
2000160c  errno                                 
00002439  establishConnectionWithAP             
000092e5  frexp                                 
000092e5  frexpl                                
200015fc  g_GatewayIP                           
200015f8  g_PingPacketsRecv                     
200015e4  g_SlDeviceStatus                      
20000b48  g_Status                              
20000b4c  g_SysClock                            
20001528  g__SlNonOsCB                          
20000b56  g_bDeviceRestartIsRequired            
200015e8  g_pCB                                 
20000000  g_pfnRAMVectors                       
00000000  g_pfnVectors                          
20000b50  g_ucUARTBuffer                        
00002d61  getCurrentDay                         
00002d73  getCurrentHour                        
00002d79  getCurrentMinute                      
00002d67  getCurrentMonth                       
00002d7f  getCurrentSecond                      
00002d6d  getCurrentYear                        
00008c89  initClk                               
000025ef  initializeAppVariables                
200015e0  lastSyncMinutes                       
00008a7d  ldexp                                 
00008a7d  ldexpl                                
00009451  ltoa                                  
00006be1  main                                  
00006b05  median                                
000098d5  memccpy                               
00008e07  memcpy                                
0000904d  memset                                
20001596  mystring                              
20001564  mystring2                             
20001608  pIrqEventHandler                      
200015ec  pPingCallBackFunc                     
00008ca3  registerInterruptHandler              
00008a7d  scalbn                                
00008a7d  scalbnl                               
000038b5  sl_Accept                             
000031f7  sl_Bind                               
000031a5  sl_Close                              
00003525  sl_Connect                            
0000741d  sl_DevGet                             
000074df  sl_DevSet                             
000073b1  sl_EventMaskGet                       
0000734b  sl_EventMaskSet                       
00003cc7  sl_GetSockOpt                         
00003a5b  sl_Htonl                              
00003aa1  sl_Htons                              
00003845  sl_Listen                             
0000528d  sl_NetAppDnsGetHostByName             
000050ad  sl_NetAppDnsGetHostByService          
000057c5  sl_NetAppGet                          
00004e15  sl_NetAppGetServiceList               
00004fdd  sl_NetAppMDNSRegisterService          
00004f07  sl_NetAppMDNSRegisterUnregisterService
00005041  sl_NetAppMDNSUnRegisterService        
00005529  sl_NetAppPingStart                    
000056c7  sl_NetAppSet                          
00004d7d  sl_NetAppStart                        
00004dc9  sl_NetAppStop                         
00008267  sl_NetCfgGet                          
000081dd  sl_NetCfgSet                          
00003b95  sl_Recv                               
000033e5  sl_RecvFrom                           
00003d7f  sl_Select                             
00003719  sl_Send                               
000032a5  sl_SendTo                             
00003c3d  sl_SetSockOpt                         
00003127  sl_Socket                             
000070d5  sl_Start                              
00007277  sl_Stop                               
000070cd  sl_Task                               
00003f85  sl_WlanConnect                        
000041f5  sl_WlanDisconnect                     
00004ca5  sl_WlanGet                            
000047bd  sl_WlanGetNetworkList                 
000042b9  sl_WlanPolicyGet                      
00004229  sl_WlanPolicySet                      
000043ad  sl_WlanProfileAdd                     
0000476b  sl_WlanProfileDel                     
00004661  sl_WlanProfileGet                     
00004853  sl_WlanRxFilterAdd                    
0000496d  sl_WlanRxFilterGet                    
000048e9  sl_WlanRxFilterSet                    
00004a65  sl_WlanRxStatGet                      
00004a01  sl_WlanRxStatStart                    
00004a31  sl_WlanRxStatStop                     
00004c09  sl_WlanSet                            
00004bb1  sl_WlanSetMode                        
00004af9  sl_WlanSmartConfigStart               
00004ac5  sl_WlanSmartConfigStop                
00007895  spi_Close                             
000078a1  spi_Open                              
00007a09  spi_Read                              
000079a5  spi_Write                             
00009661  sprintf                               
00008ca1  stopWDT                               
0000987d  strcat                                
00009923  strchr                                
20001600  strcontentlength                      
00009975  strcpy                                
00009989  strlen                                
000097f1  strstr                                
20000b30  theTime                               
00009385  timer_GetCurrentTimestamp             
00002ab9  updateLocalTime                       
000099d3  wcslen                                


GLOBAL SYMBOLS: SORTED BY Symbol Address 

address   name                                  
-------   ----                                  
00000000  __TI_static_base__                    
00000000  g_pfnVectors                          
00000209  _SlDrvProtectAsyncRespSetting         
0000024f  _SlDrvDriverCBInit                    
000003ed  _SlDrvDriverCBDeinit                  
00000511  _SlDrvRxIrqHandler                    
00000565  _SlDrvCmdOp                           
00000621  _SlDrvDataReadOp                      
000007d0  __STACK_SIZE                          
00000801  _SlDrvDataWriteOp                     
00001295  _SlDrvMsgReadSpawnCtx                 
00001685  _SlDrvBasicCmd                        
000016d9  _SlDrvCmdSend                         
00001755  _SlDrvWaitForPoolObj                  
000018e7  _SlDrvReleasePoolObj                  
00001cdb  _SlDrvDispatchHttpServerEvents        
00001ceb  _SlDrvSyncObjSignal                   
00001d0b  _SlDrvObjLockWaitForever              
00001d31  _SlDrvProtectionObjLockWaitForever    
00001d59  _SlDrvObjUnLock                       
00001d79  _SlDrvProtectionObjUnLock             
00001dbf  _SlDrvGlobalObjUnLock                 
00001de1  _SlDrvMemZero                         
00001df7  _SlDrvResetCmdExt                     
00001e09  _SlDrvSyncObjWaitForever              
00001e2d  _SlDrvSyncObjWaitTimeout              
00001e6d  _SlDriverHandleError                  
00001f0d  _SlDrvStartMeasureTimeout             
00001f2d  _SlDrvIsTimeoutExpired                
00001fbd  SimpleLinkWlanEventHandler            
00002029  SimpleLinkNetAppEventHandler          
0000206b  SimpleLinkHttpServerCallback          
00002079  SimpleLinkPingReport                  
0000209d  SimpleLinkGeneralEventHandler         
000020a9  SimpleLinkSockEventHandler            
00002245  configureSimpleLinkToDefaultState     
00002439  establishConnectionWithAP             
000024a5  checkLanConnection                    
00002539  checkInternetConnection               
000025ef  initializeAppVariables                
00002609  displayBanner                         
00002659  Lab16                                 
000027e1  buildTDS                              
00002ab9  updateLocalTime                       
00002d61  getCurrentDay                         
00002d67  getCurrentMonth                       
00002d6d  getCurrentYear                        
00002d73  getCurrentHour                        
00002d79  getCurrentMinute                      
00002d7f  getCurrentSecond                      
00002de1  SendTDS                               
00002f69  GetHostIP                             
00002f81  CreateConnection                      
000030cd  _sl_ParseAddress                      
00003127  sl_Socket                             
000031a5  sl_Close                              
000031f7  sl_Bind                               
000032a5  sl_SendTo                             
000033e5  sl_RecvFrom                           
00003525  sl_Connect                            
0000369b  _sl_HandleAsync_Connect               
00003719  sl_Send                               
00003845  sl_Listen                             
000038b5  sl_Accept                             
00003a5b  sl_Htonl                              
00003aa1  sl_Htons                              
00003add  _sl_HandleAsync_Accept                
00003b3d  _sl_HandleAsync_Select                
00003b95  sl_Recv                               
00003c3d  sl_SetSockOpt                         
00003cc7  sl_GetSockOpt                         
00003d7f  sl_Select                             
00003ee1  SL_FD_SET                             
00003f09  SL_FD_CLR                             
00003f31  SL_FD_ISSET                           
00003f5d  SL_FD_ZERO                            
00003f85  sl_WlanConnect                        
000041f5  sl_WlanDisconnect                     
00004229  sl_WlanPolicySet                      
000042b9  sl_WlanPolicyGet                      
000043ad  sl_WlanProfileAdd                     
00004661  sl_WlanProfileGet                     
0000476b  sl_WlanProfileDel                     
000047bd  sl_WlanGetNetworkList                 
00004853  sl_WlanRxFilterAdd                    
000048e9  sl_WlanRxFilterSet                    
0000496d  sl_WlanRxFilterGet                    
00004a01  sl_WlanRxStatStart                    
00004a31  sl_WlanRxStatStop                     
00004a65  sl_WlanRxStatGet                      
00004ac5  sl_WlanSmartConfigStop                
00004af9  sl_WlanSmartConfigStart               
00004bb1  sl_WlanSetMode                        
00004c09  sl_WlanSet                            
00004ca5  sl_WlanGet                            
00004d7d  sl_NetAppStart                        
00004dc9  sl_NetAppStop                         
00004e15  sl_NetAppGetServiceList               
00004f07  sl_NetAppMDNSRegisterUnregisterService
00004fdd  sl_NetAppMDNSRegisterService          
00005041  sl_NetAppMDNSUnRegisterService        
000050ad  sl_NetAppDnsGetHostByService          
000051b5  _sl_HandleAsync_DnsGetHostByService   
0000527b  _sl_HandleAsync_DnsGetHostByAddr      
0000528d  sl_NetAppDnsGetHostByName             
000053c9  _sl_HandleAsync_DnsGetHostByName      
0000549d  _sl_HandleAsync_PingResponse          
00005529  sl_NetAppPingStart                    
000056c7  sl_NetAppSet                          
00005759  _sl_NetAppSendTokenValue              
000057c5  sl_NetAppGet                          
00005879  _SlDrvNetAppEventHandler              
0000598d  __TI_printfi                          
000063db  __aeabi_idiv0                         
000063db  __aeabi_ldiv0                         
000063dd  ADC0_InitSWTriggerSeq3_Ch0            
000068b1  ADC0_InitSWTriggerSeq3                
000069a1  ADC0_InitAllTriggerSeq3               
00006a7b  ADC0_InSeq3                           
00006b05  median                                
00006be1  main                                  
000070cd  sl_Task                               
000070d5  sl_Start                              
000071a9  _sl_HandleAsync_InitComplete          
0000722d  _sl_HandleAsync_Stop                  
00007277  sl_Stop                               
0000734b  sl_EventMaskSet                       
000073b1  sl_EventMaskGet                       
0000741d  sl_DevGet                             
000074df  sl_DevSet                             
0000756d  _SlDrvDeviceEventHandler              
00007895  spi_Close                             
000078a1  spi_Open                              
000079a5  spi_Write                             
00007a09  spi_Read                              
00007ab5  SysCtlClockFreqSet                    
00007e89  __aeabi_dsub                          
00007e93  __aeabi_dadd                          
00008041  _SlNonOsSemSet                        
00008059  _SlNonOsSemGet                        
00008101  _SlNonOsSpawn                         
00008161  _SlNonOsMainLoopTask                  
000081dd  sl_NetCfgSet                          
00008267  sl_NetCfgGet                          
00008345  CLI_Read                              
00008391  CLI_Write                             
000083eb  CLI_Configure                         
000085e1  __aeabi_ddiv                          
00008717  GPIOPadConfigSet                      
0000896d  PLL_Init                              
00008a7d  ldexp                                 
00008a7d  ldexpl                                
00008a7d  scalbn                                
00008a7d  scalbnl                               
00008b8d  __aeabi_dmul                          
00008c89  initClk                               
00008ca1  stopWDT                               
00008ca3  registerInterruptHandler              
00008cb7  CC3100_disable                        
00008ccb  CC3100_enable                         
00008cdf  CC3100_InterruptEnable                
00008ceb  CC3100_InterruptDisable               
00008cf7  MaskIntHdlr                           
00008cff  UnMaskIntHdlr                         
00008d07  UARTRxTxHandler                       
00008d09  GPIOM_intHandler                      
00008e07  __aeabi_memcpy                        
00008e07  __aeabi_memcpy4                       
00008e07  __aeabi_memcpy8                       
00008e07  memcpy                                
00008ea3  __aeabi_uldivmod                      
00008f39  __aeabi_cdcmpeq                       
00008f39  __aeabi_cdcmple                       
00008fbf  __aeabi_cdrcmple                      
00009045  __aeabi_memclr                        
00009045  __aeabi_memclr4                       
00009045  __aeabi_memclr8                       
00009047  __aeabi_memset                        
00009047  __aeabi_memset4                       
00009047  __aeabi_memset8                       
0000904d  memset                                
000090c1  SysTick_Init                          
000090dd  SysTick_Wait                          
00009103  SysTick_Wait10ms                      
000091a7  __aeabi_d2f                           
00009215  IntEnable                             
0000927d  __TI_decompress_lzss                  
000092e5  frexp                                 
000092e5  frexpl                                
00009385  timer_GetCurrentTimestamp             
000093a5  GPIOIntTypeSet                        
00009451  ltoa                                  
000094f9  atoi                                  
00009545  GPIOPinConfigure                      
000095d5  __aeabi_d2iz                          
0000961d  __TI_auto_init_nobinit_nopinit        
00009661  sprintf                               
000096df  SSIConfigSetExpClk                    
0000971b  __aeabi_f2d                           
00009755  IntRegister                           
00009789  SysCtlPeripheralEnable                
000097bd  _c_int00_noargs                       
000097f1  strstr                                
00009825  __aeabi_i2d                           
00009853  GPIODirModeSet                        
0000987d  strcat                                
0000989d  SysTickIntRegister                    
000098d5  memccpy                               
000098f1  copysign                              
000098f1  copysignl                             
00009923  strchr                                
00009939  SysTickDisable                        
0000994d  SysTickEnable                         
00009961  SysTickIntEnable                      
00009975  strcpy                                
00009989  strlen                                
0000999d  GPIOPinTypeGPIOInput                  
000099af  GPIOPinTypeSSI                        
000099c1  SSIDataGetNonBlocking                 
000099d3  wcslen                                
000099e5  FPUEnable                             
000099f5  FPULazyStackingEnable                 
00009a05  IntMasterEnable                       
00009a15  SysTickPeriodSet                      
00009a25  GPIOIntDisable                        
00009a33  GPIOIntStatus                         
00009a41  SSIDataPutNonBlocking                 
00009a4f  __TI_decompress_none                  
00009a5d  CPUcpsie                              
00009a69  GPIOIntEnable                         
00009a75  __TI_zero_init                        
00009a81  ResetISR                              
00009a8d  SSIEnable                             
00009aa1  SSIBusy                               
00009aa9  __aeabi_errno_addr                    
00009ab1  GPIOIntClear                          
00009ab7  GPIOPinWrite                          
00009abd  SysCtlDelay                           
00009ac3  _system_pre_init                      
00009ac7  C$$EXIT                               
00009ac7  abort                                 
00009bec  _ctypes_                              
00009e5c  OpcodeTranslateTable                  
00009e98  _SlActionLookupTable                  
0000a074  _SlNetAppSendTokenValueCmdCtrl        
0000a0f0  __TI_Handler_Table_Base               
0000a0fc  __TI_Handler_Table_Limit              
0000a110  __TI_CINIT_Base                       
0000a128  __TI_CINIT_Limit                      
20000000  g_pfnRAMVectors                       
2000026c  appData                               
20000a04  Edxpost                               
20000a68  Id                                    
20000acc  Score                                 
20000b30  theTime                               
20000b48  g_Status                              
20000b4c  g_SysClock                            
20000b50  g_ucUARTBuffer                        
20000b54  IntIsMasked                           
20000b55  RxIrqCnt                              
20000b56  g_bDeviceRestartIsRequired            
20000b58  __stack                               
20000d58  __STACK_TOP                           
20001328  __STACK_END                           
20001328  buildstr                              
20001528  g__SlNonOsCB                          
20001564  mystring2                             
20001596  mystring                              
200015c8  currentMinutes                        
200015cc  currentHour                           
200015d0  currentDay                            
200015d4  currentMonth                          
200015d8  currentYear                           
200015dc  currentSecond                         
200015e0  lastSyncMinutes                       
200015e4  g_SlDeviceStatus                      
200015e8  g_pCB                                 
200015ec  pPingCallBackFunc                     
200015f4  contentLength                         
200015f8  g_PingPacketsRecv                     
200015fc  g_GatewayIP                           
20001600  strcontentlength                      
20001608  pIrqEventHandler                      
2000160c  errno                                 
ffffffff  __TI_pprof_out_hndl                   
ffffffff  __TI_prof_data_size                   
ffffffff  __TI_prof_data_start                  
ffffffff  __binit__                             
ffffffff  __c_args__                            
ffffffff  binit                                 
UNDEFED   __mpu_init                            
UNDEFED   _system_post_cinit                    

[292 symbols]
