******************************************************************************
                  TI ARM Linker PC v18.12.1                    
******************************************************************************
>> Linked Tue Jul 16 23:37:35 2019

OUTPUT FILE NAME:   <getting_started_with_wlan_station.out>
ENTRY POINT SYMBOL: "_c_int00_noargs"  address: 00009b3d


MEMORY CONFIGURATION

         name            origin    length      used     unused   attr    fill
----------------------  --------  ---------  --------  --------  ----  --------
  FLASH                 00000000   00100000  0000a4a6  000f5b5a  R  X
  SRAM                  20000000   00040000  00001613  0003e9ed  RW X


SEGMENT ALLOCATION MAP

run origin  load origin   length   init length attrs members
----------  ----------- ---------- ----------- ----- -------
00000000    00000000    0000a4a8   0000a4a8    r-x
  00000000    00000000    00000208   00000208    r-- .intvecs
  00000208    00000208    00009c42   00009c42    r-x .text
  00009e4c    00009e4c    00000614   00000614    r-- .const
  0000a460    0000a460    00000048   00000048    r-- .cinit
20000000    20000000    00001614   00000000    rw-
  20000000    20000000    0000026c   00000000    rw- .vtable
  2000026c    2000026c    000008eb   00000000    rw- .bss
  20000b58    20000b58    000007d0   00000000    rw- .stack
  20001328    20001328    000002ec   00000000    rw- .data


SECTION ALLOCATION MAP

 output                                  attributes/
section   page    origin      length       input sections
--------  ----  ----------  ----------   ----------------
.intvecs   0    00000000    00000208     
                  00000000    00000208     tm4c1294ncpdt_startup_ccs.obj (.intvecs)

.text      0    00000208    00009c42     
                  00000208    00001db4     driver.obj (.text)
                  00001fbc    00001378     connect.obj (.text)
                  00003334    00000f40     socket.obj (.text)
                  00004274    00000df8     wlan.obj (.text)
                  0000506c    00000c10     netapp.obj (.text)
                  00005c7c    00000a4e     rtsv7M4_T_le_v4SPD16_eabi.lib : _printfi.c.obj (.text:__TI_printfi)
                  000066ca    00000002                                   : div0.asm.obj (.text)
                  000066cc    00000728     ADCSWTrigger.obj (.text)
                  00006df4    00000644     main.obj (.text)
                  00007438    0000056c     device.obj (.text)
                  000079a4    00000270     rtsv7M4_T_le_v4SPD16_eabi.lib : _printfi.c.obj (.text:_pconv_a)
                  00007c14    00000220     spi.obj (.text)
                  00007e34    00000204     driverlib.lib : sysctl.obj (.text:SysCtlClockFreqSet)
                  00008038    000001d0     rtsv7M4_T_le_v4SPD16_eabi.lib : _printfi.c.obj (.text:_pconv_g)
                  00008208    000001b6                                   : fd_add_t2.asm.obj (.text)
                  000083be    00000002     --HOLE-- [fill = 0]
                  000083c0    0000019c     nonos.obj (.text)
                  0000855c    00000168     netcfg.obj (.text)
                  000086c4    00000160     cli_uart.obj (.text)
                  00008824    0000013c     rtsv7M4_T_le_v4SPD16_eabi.lib : _printfi.c.obj (.text:_pconv_e)
                  00008960    00000136                                   : fd_div_t2.asm.obj (.text)
                  00008a96    00000130     driverlib.lib : gpio.obj (.text:GPIOPadConfigSet)
                  00008bc6    00000002     --HOLE-- [fill = 0]
                  00008bc8    00000124     rtsv7M4_T_le_v4SPD16_eabi.lib : _printfi.c.obj (.text:fcvt)
                  00008cec    00000110     PLL.obj (.text)
                  00008dfc    00000110     rtsv7M4_T_le_v4SPD16_eabi.lib : s_scalbn.c.obj (.text:scalbn)
                  00008f0c    000000fc                                   : fd_mul_t2.asm.obj (.text)
                  00009008    000000cc     board.obj (.text)
                  000090d4    000000b1     rtsv7M4_T_le_v4SPD16_eabi.lib : _printfi.c.obj (.text:_ltostr)
                  00009185    00000001     --HOLE-- [fill = 0]
                  00009186    0000009c                                   : memcpy_t2.asm.obj (.text)
                  00009222    00000096                                   : ull_div_t2.asm.obj (.text)
                  000092b8    00000086                                   : fd_cmp_t2.asm.obj (.text:__aeabi_cdcmple)
                  0000933e    00000086                                   : fd_cmp_t2.asm.obj (.text:__aeabi_cdrcmple)
                  000093c4    0000007a                                   : memset_t2.asm.obj (.text)
                  0000943e    00000002     --HOLE-- [fill = 0]
                  00009440    00000078     SysTick.obj (.text)
                  000094b8    0000006e     rtsv7M4_T_le_v4SPD16_eabi.lib : _printfi.c.obj (.text:_mcpy)
                  00009526    0000006e                                   : fd_tos_t2.asm.obj (.text)
                  00009594    00000068     driverlib.lib : interrupt.obj (.text:IntEnable)
                  000095fc    00000068     rtsv7M4_T_le_v4SPD16_eabi.lib : copy_decompress_lzss.c.obj (.text:decompress:lzss:__TI_decompress_lzss)
                  00009664    00000064                                   : s_frexp.c.obj (.text:frexp)
                  000096c8    0000005c     timer_tick.obj (.text)
                  00009724    00000056     driverlib.lib : gpio.obj (.text:GPIOIntTypeSet)
                  0000977a    00000056     rtsv7M4_T_le_v4SPD16_eabi.lib : _printfi.c.obj (.text:_pconv_f)
                  000097d0    00000054                                   : ltoa.c.obj (.text:ltoa)
                  00009824    00000052                                   : _printfi.c.obj (.text:_ecpy)
                  00009876    00000002     --HOLE-- [fill = 0]
                  00009878    0000004c                                   : atoi.c.obj (.text:atoi)
                  000098c4    00000048     driverlib.lib : gpio.obj (.text:GPIOPinConfigure)
                  0000990c    00000048                   : sysctl.obj (.text:_SysCtlFrequencyGet)
                  00009954    00000048     rtsv7M4_T_le_v4SPD16_eabi.lib : fd_toi_t2.asm.obj (.text)
                  0000999c    00000044                                   : autoinit.c.obj (.text:__TI_auto_init_nobinit_nopinit:__TI_auto_init_nobinit_nopinit)
                  000099e0    00000040                                   : sprintf.c.obj (.text:sprintf)
                  00009a20    0000003e                                   : _printfi.c.obj (.text:_fcpy)
                  00009a5e    0000003c     driverlib.lib : ssi.obj (.text:SSIConfigSetExpClk)
                  00009a9a    00000038     rtsv7M4_T_le_v4SPD16_eabi.lib : fs_tod_t2.asm.obj (.text)
                  00009ad2    00000002     --HOLE-- [fill = 0]
                  00009ad4    00000034     driverlib.lib : interrupt.obj (.text:IntRegister)
                  00009b08    00000034                   : sysctl.obj (.text:SysCtlPeripheralEnable)
                  00009b3c    00000034     rtsv7M4_T_le_v4SPD16_eabi.lib : boot_cortex_m.c.obj (.text:_c_int00_noargs:_c_int00_noargs)
                  00009b70    00000034                                   : strstr.c.obj (.text:strstr)
                  00009ba4    0000002e                                   : i_tofd_t2.asm.obj (.text)
                  00009bd2    0000002a     driverlib.lib : gpio.obj (.text:GPIODirModeSet)
                  00009bfc    0000001e     rtsv7M4_T_le_v4SPD16_eabi.lib : strcat.c.obj (.text:strcat)
                  00009c1a    00000002     --HOLE-- [fill = 0]
                  00009c1c    0000001c     driverlib.lib : systick.obj (.text:SysTickIntRegister)
                  00009c38    0000001c                   : sysctl.obj (.text:_SysCtlMemTimingGet)
                  00009c54    0000001c     rtsv7M4_T_le_v4SPD16_eabi.lib : memccpy.c.obj (.text:memccpy)
                  00009c70    0000001a                                   : s_copysign.c.obj (.text:copysign)
                  00009c8a    00000018                                   : sprintf.c.obj (.text:_outs)
                  00009ca2    00000016                                   : strchr.c.obj (.text:strchr)
                  00009cb8    00000014     driverlib.lib : systick.obj (.text:SysTickDisable)
                  00009ccc    00000014                   : systick.obj (.text:SysTickEnable)
                  00009ce0    00000014                   : systick.obj (.text:SysTickIntEnable)
                  00009cf4    00000014     rtsv7M4_T_le_v4SPD16_eabi.lib : strcpy.c.obj (.text:strcpy)
                  00009d08    00000014                                   : strlen.c.obj (.text:strlen)
                  00009d1c    00000012     driverlib.lib : gpio.obj (.text:GPIOPinTypeGPIOInput)
                  00009d2e    00000012                   : gpio.obj (.text:GPIOPinTypeSSI)
                  00009d40    00000012                   : ssi.obj (.text:SSIDataGetNonBlocking)
                  00009d52    00000012     rtsv7M4_T_le_v4SPD16_eabi.lib : wcslen.c.obj (.text:wcslen)
                  00009d64    00000010     driverlib.lib : fpu.obj (.text:FPUEnable)
                  00009d74    00000010                   : fpu.obj (.text:FPULazyStackingEnable)
                  00009d84    00000010                   : interrupt.obj (.text:IntMasterEnable)
                  00009d94    00000010                   : systick.obj (.text:SysTickPeriodSet)
                  00009da4    0000000e                   : gpio.obj (.text:GPIOIntDisable)
                  00009db2    0000000e                   : gpio.obj (.text:GPIOIntStatus)
                  00009dc0    0000000e                   : ssi.obj (.text:SSIDataPutNonBlocking)
                  00009dce    0000000e     rtsv7M4_T_le_v4SPD16_eabi.lib : copy_decompress_none.c.obj (.text:decompress:none:__TI_decompress_none)
                  00009ddc    0000000c     driverlib.lib : cpu.obj (.text:CPUcpsie)
                  00009de8    0000000c                   : gpio.obj (.text:GPIOIntEnable)
                  00009df4    0000000c     rtsv7M4_T_le_v4SPD16_eabi.lib : copy_zero_init.c.obj (.text:decompress:ZI:__TI_zero_init)
                  00009e00    0000000c     tm4c1294ncpdt_startup_ccs.obj (.text)
                  00009e0c    0000000a     driverlib.lib : ssi.obj (.text:SSIEnable)
                  00009e16    0000000a     rtsv7M4_T_le_v4SPD16_eabi.lib : sprintf.c.obj (.text:_outc)
                  00009e20    00000008     driverlib.lib : ssi.obj (.text:SSIBusy)
                  00009e28    00000008     rtsv7M4_T_le_v4SPD16_eabi.lib : errno.c.obj (.text:__aeabi_errno_addr)
                  00009e30    00000006     driverlib.lib : gpio.obj (.text:GPIOIntClear)
                  00009e36    00000006                   : gpio.obj (.text:GPIOPinWrite)
                  00009e3c    00000006                   : sysctl.obj (.text:SysCtlDelay)
                  00009e42    00000004     rtsv7M4_T_le_v4SPD16_eabi.lib : pre_init.c.obj (.text:_system_pre_init)
                  00009e46    00000004                                   : exit.c.obj (.text:abort:abort)

.const     0    00009e4c    00000614     
                  00009e4c    00000120     driverlib.lib : sysctl.obj (.const:g_pppui32XTALtoVCO)
                  00009f6c    00000101     rtsv7M4_T_le_v4SPD16_eabi.lib : ctype.c.obj (.const:.string:_ctypes_)
                  0000a06d    00000003     --HOLE-- [fill = 0]
                  0000a070    00000090     driverlib.lib : gpio.obj (.const:g_pui32GPIOBaseAddrs)
                  0000a100    00000070                   : interrupt.obj (.const)
                  0000a170    0000006c                   : sysctl.obj (.const:g_pui32Xtals)
                  0000a1dc    0000003c     driver.obj (.const:OpcodeTranslateTable)
                  0000a218    00000038     driver.obj (.const:_SlActionLookupTable)
                  0000a250    00000030     driverlib.lib : sysctl.obj (.const:g_sXTALtoMEMTIM)
                  0000a280    0000002c     connect.obj (.const:$P$T0$1)
                  0000a2ac    00000020     connect.obj (.const:$P$T3$4)
                  0000a2cc    00000020     connect.obj (.const:$P$T5$6)
                  0000a2ec    00000020     driver.obj (.const:RxMsgClassLUT)
                  0000a30c    00000014     driver.obj (.const:$P$T0$1)
                  0000a320    00000014     nonos.obj (.const:$P$T0$1)
                  0000a334    00000014     connect.obj (.const:$P$T1$2)
                  0000a348    00000014     connect.obj (.const:$P$T4$5)
                  0000a35c    00000014     connect.obj (.const:$P$T6$7)
                  0000a370    00000010     socket.obj (.const:.string:_SlPayloadByProtocolLUT)
                  0000a380    0000000c     connect.obj (.const:$P$T2$3)
                  0000a38c    00000008     device.obj (.const:StartResponseLUT)
                  0000a394    00000008     driverlib.lib : sysctl.obj (.const)
                  0000a39c    00000008     driver.obj (.const:g_H2NCnysPattern)
                  0000a3a4    00000008     driver.obj (.const:g_H2NSyncPattern)
                  0000a3ac    00000004     netapp.obj (.const:$P$T0$1)
                  0000a3b0    00000004     socket.obj (.const:$P$T0$1)
                  0000a3b4    00000004     wlan.obj (.const:$P$T0$1)
                  0000a3b8    00000004     socket.obj (.const:$P$T1$2)
                  0000a3bc    00000004     wlan.obj (.const:$P$T1$2)
                  0000a3c0    00000004     socket.obj (.const:$P$T2$3)
                  0000a3c4    00000004     wlan.obj (.const:$P$T2$3)
                  0000a3c8    00000004     socket.obj (.const:_SlAcceptCmdCtrl)
                  0000a3cc    00000004     device.obj (.const:_SlDeviceGetCmdCtrl)
                  0000a3d0    00000004     device.obj (.const:_SlDeviceSetCmdCtrl)
                  0000a3d4    00000004     device.obj (.const:_SlEventMaskGetCmdCtrl)
                  0000a3d8    00000004     device.obj (.const:_SlEventMaskSetCmdCtrl)
                  0000a3dc    00000004     netapp.obj (.const:_SlGetHostByNameCtrl)
                  0000a3e0    00000004     netapp.obj (.const:_SlGetHostByServiceCtrl)
                  0000a3e4    00000004     netapp.obj (.const:_SlGetServiceListeCtrl)
                  0000a3e8    00000004     socket.obj (.const:_SlGetSockOptCmdCtrl)
                  0000a3ec    00000004     socket.obj (.const:_SlListenCmdCtrl)
                  0000a3f0    00000004     netapp.obj (.const:_SlNetAppGetCmdCtrl)
                  0000a3f4    00000004     netapp.obj (.const:_SlNetAppSendTokenValueCmdCtrl)
                  0000a3f8    00000004     netapp.obj (.const:_SlNetAppSetCmdCtrl)
                  0000a3fc    00000004     netapp.obj (.const:_SlNetAppStartCtrl)
                  0000a400    00000004     netapp.obj (.const:_SlNetAppStopCtrl)
                  0000a404    00000004     netcfg.obj (.const:_SlNetCfgGetCmdCtrl)
                  0000a408    00000004     netcfg.obj (.const:_SlNetCfgSetCmdCtrl)
                  0000a40c    00000004     wlan.obj (.const:_SlPolicyGetCmdCtrl)
                  0000a410    00000004     wlan.obj (.const:_SlPolicySetCmdCtrl)
                  0000a414    00000004     wlan.obj (.const:_SlProfileDelCmdCtrl)
                  0000a418    00000004     wlan.obj (.const:_SlProfileGetCmdCtrl)
                  0000a41c    00000004     socket.obj (.const:_SlRecvCmdCtrl)
                  0000a420    00000004     socket.obj (.const:_SlRecvfomCmdCtrl)
                  0000a424    00000004     netapp.obj (.const:_SlRegisterServiceCtrl)
                  0000a428    00000004     wlan.obj (.const:_SlRxFilterAddtCmdCtrl)
                  0000a42c    00000004     wlan.obj (.const:_SlRxFilterGetCmdCtrl)
                  0000a430    00000004     wlan.obj (.const:_SlRxFilterSetCmdCtrl)
                  0000a434    00000004     socket.obj (.const:_SlSelectCmdCtrl)
                  0000a438    00000004     socket.obj (.const:_SlSendCmdCtrl)
                  0000a43c    00000004     socket.obj (.const:_SlSetSockOptCmdCtrl)
                  0000a440    00000004     wlan.obj (.const:_SlSmartConfigStartCmdCtrl)
                  0000a444    00000004     socket.obj (.const:_SlSockCloseCmdCtrl)
                  0000a448    00000004     socket.obj (.const:_SlSockSocketCmdCtrl)
                  0000a44c    00000004     device.obj (.const:_SlStopCmdCtrl)
                  0000a450    00000004     wlan.obj (.const:_SlWlanCfgGetCmdCtrl)
                  0000a454    00000004     wlan.obj (.const:_SlWlanCfgSetCmdCtrl)
                  0000a458    00000004     wlan.obj (.const:_SlWlanGetNetworkListCtrl)
                  0000a45c    00000004     wlan.obj (.const:_SlWlanSetModeCmdCtrl)

.cinit     0    0000a460    00000048     
                  0000a460    0000000e     (.cinit..data.load) [load image, compression = lzss]
                  0000a46e    00000002     --HOLE-- [fill = 0]
                  0000a470    0000000c     (__TI_handler_table)
                  0000a47c    00000004     --HOLE-- [fill = 0]
                  0000a480    00000008     (.cinit..bss.load) [load image, compression = zero_init]
                  0000a488    00000008     (.cinit..vtable.load) [load image, compression = zero_init]
                  0000a490    00000018     (__TI_cinit_table)

.init_array 
*          0    00000000    00000000     UNINITIALIZED

.vtable    0    20000000    0000026c     UNINITIALIZED
                  20000000    0000026c     driverlib.lib : interrupt.obj (.vtable)

.bss       0    2000026c    000008eb     UNINITIALIZED
                  2000026c    00000630     (.common:appData)
                  2000089c    00000168     driver.obj (.bss:g_StatMem)
                  20000a04    00000064     (.common:Edxpost)
                  20000a68    00000064     (.common:Id)
                  20000acc    00000064     (.common:Score)
                  20000b30    00000018     (.common:theTime)
                  20000b48    00000004     (.common:g_Status)
                  20000b4c    00000004     (.common:g_SysClock)
                  20000b50    00000004     (.common:g_ucUARTBuffer)
                  20000b54    00000001     (.common:IntIsMasked)
                  20000b55    00000001     (.common:RxIrqCnt)
                  20000b56    00000001     (.common:g_bDeviceRestartIsRequired)

.data      0    20001328    000002ec     UNINITIALIZED
                  20001328    00000200     connect.obj (.data:buildstr)
                  20001528    0000003c     nonos.obj (.data:g__SlNonOsCB)
                  20001564    00000032     connect.obj (.data:mystring2)
                  20001596    00000032     connect.obj (.data:mystring)
                  200015c8    0000001c     main.obj (.data)
                  200015e4    0000000d     driver.obj (.data)
                  200015f1    00000003     --HOLE--
                  200015f4    0000000c     connect.obj (.data)
                  20001600    00000005     connect.obj (.data:strcontentlength)
                  20001605    00000003     --HOLE--
                  20001608    00000004     board.obj (.data)
                  2000160c    00000004     rtsv7M4_T_le_v4SPD16_eabi.lib : errno.c.obj (.data)
                  20001610    00000004     timer_tick.obj (.data)

.stack     0    20000b58    000007d0     UNINITIALIZED
                  20000b58    00000004     rtsv7M4_T_le_v4SPD16_eabi.lib : boot_cortex_m.c.obj (.stack)
                  20000b5c    000007cc     --HOLE--

MODULE SUMMARY

       Module                          code    ro data   rw data
       ------                          ----    -------   -------
    .\
       connect.obj                     4984    180       2541   
       ADCSWTrigger.obj                1832    0         0      
       main.obj                        1604    0         28     
       tm4c1294ncpdt_startup_ccs.obj   12      520       0      
       PLL.obj                         272     0         0      
       SysTick.obj                     120     0         0      
    +--+-------------------------------+-------+---------+---------+
       Total:                          8824    700       2569   
                                                                
    .\board\
       board.obj                       204     0         9      
    +--+-------------------------------+-------+---------+---------+
       Total:                          204     0         9      
                                                                
    .\cli_uart\
       cli_uart.obj                    352     0         4      
    +--+-------------------------------+-------+---------+---------+
       Total:                          352     0         4      
                                                                
    .\simplelink\source\
       driver.obj                      7604    184       375    
       socket.obj                      3904    68        0      
       wlan.obj                        3576    60        0      
       netapp.obj                      3088    40        0      
       device.obj                      1388    28        0      
       nonos.obj                       412     20        60     
       netcfg.obj                      360     8         0      
    +--+-------------------------------+-------+---------+---------+
       Total:                          20332   408       435    
                                                                
    .\spi\
       spi.obj                         544     0         0      
    +--+-------------------------------+-------+---------+---------+
       Total:                          544     0         0      
                                                                
    .\timer\
       timer_tick.obj                  92      0         4      
    +--+-------------------------------+-------+---------+---------+
       Total:                          92      0         4      
                                                                
    C:/ti/tirtos_tivac_2_16_01_14/products/TivaWare_C_Series-2.1.1.71b/driverlib/ccs/Debug/driverlib.lib
       sysctl.obj                      674     452       0      
       interrupt.obj                   172     112       620    
       gpio.obj                        592     144       0      
       ssi.obj                         110     0         0      
       systick.obj                     104     0         0      
       fpu.obj                         32      0         0      
       cpu.obj                         12      0         0      
    +--+-------------------------------+-------+---------+---------+
       Total:                          1696    708       620    
                                                                
    C:\ti\ccs901\ccs\tools\compiler\ti-cgt-arm_18.12.1.LTS\lib\rtsv7M4_T_le_v4SPD16_eabi.lib
       _printfi.c.obj                  4851    0         0      
       fd_add_t2.asm.obj               438     0         0      
       fd_div_t2.asm.obj               310     0         0      
       s_scalbn.c.obj                  272     0         0      
       fd_cmp_t2.asm.obj               268     0         0      
       ctype.c.obj                     0       257       0      
       fd_mul_t2.asm.obj               252     0         0      
       memcpy_t2.asm.obj               156     0         0      
       ull_div_t2.asm.obj              150     0         0      
       memset_t2.asm.obj               122     0         0      
       fd_tos_t2.asm.obj               110     0         0      
       copy_decompress_lzss.c.obj      104     0         0      
       s_frexp.c.obj                   100     0         0      
       sprintf.c.obj                   98      0         0      
       ltoa.c.obj                      84      0         0      
       atoi.c.obj                      76      0         0      
       fd_toi_t2.asm.obj               72      0         0      
       autoinit.c.obj                  68      0         0      
       fs_tod_t2.asm.obj               56      0         0      
       boot_cortex_m.c.obj             52      0         0      
       strstr.c.obj                    52      0         0      
       i_tofd_t2.asm.obj               46      0         0      
       strcat.c.obj                    30      0         0      
       memccpy.c.obj                   28      0         0      
       s_copysign.c.obj                26      0         0      
       strchr.c.obj                    22      0         0      
       strcpy.c.obj                    20      0         0      
       strlen.c.obj                    20      0         0      
       wcslen.c.obj                    18      0         0      
       copy_decompress_none.c.obj      14      0         0      
       copy_zero_init.c.obj            12      0         0      
       errno.c.obj                     8       0         4      
       exit.c.obj                      4       0         0      
       pre_init.c.obj                  4       0         0      
       div0.asm.obj                    2       0         0      
    +--+-------------------------------+-------+---------+---------+
       Total:                          7945    257       4      
                                                                
       Stack:                          0       0         2000   
       Linker Generated:               0       66        0      
    +--+-------------------------------+-------+---------+---------+
       Grand Total:                    39989   2139      5645   


LINKER GENERATED COPY TABLES

__TI_cinit_table @ 0000a490 records: 3, size/record: 8, table size: 24
	.data: load addr=0000a460, load size=0000000e bytes, run addr=20001328, run size=000002ec bytes, compression=lzss
	.bss: load addr=0000a480, load size=00000008 bytes, run addr=2000026c, run size=000008eb bytes, compression=zero_init
	.vtable: load addr=0000a488, load size=00000008 bytes, run addr=20000000, run size=0000026c bytes, compression=zero_init


LINKER GENERATED HANDLER TABLE

__TI_handler_table @ 0000a470 records: 3, size/record: 4, table size: 12
	index: 0, handler: __TI_zero_init
	index: 1, handler: __TI_decompress_lzss
	index: 2, handler: __TI_decompress_none


GLOBAL SYMBOLS: SORTED ALPHABETICALLY BY Name 

address   name                                  
-------   ----                                  
00006d6b  ADC0_InSeq3                           
00006c91  ADC0_InitAllTriggerSeq3               
00006ba1  ADC0_InitSWTriggerSeq3                
000066cd  ADC0_InitSWTriggerSeq3_Ch0            
00009e47  C$$EXIT                               
0000906b  CC3100_InterruptDisable               
0000905f  CC3100_InterruptEnable                
00009037  CC3100_disable                        
0000904b  CC3100_enable                         
0000876b  CLI_Configure                         
000086c5  CLI_Read                              
00008711  CLI_Write                             
00009ddd  CPUcpsie                              
00003243  CreateConnection                      
20000a04  Edxpost                               
00009d65  FPUEnable                             
00009d75  FPULazyStackingEnable                 
00009bd3  GPIODirModeSet                        
00009e31  GPIOIntClear                          
00009da5  GPIOIntDisable                        
00009de9  GPIOIntEnable                         
00009db3  GPIOIntStatus                         
00009725  GPIOIntTypeSet                        
00009089  GPIOM_intHandler                      
00008a97  GPIOPadConfigSet                      
000098c5  GPIOPinConfigure                      
00009d1d  GPIOPinTypeGPIOInput                  
00009d2f  GPIOPinTypeSSI                        
00009e37  GPIOPinWrite                          
00003205  GetHostIP                             
00002f75  GetInstruction                        
20000a68  Id                                    
00009595  IntEnable                             
20000b54  IntIsMasked                           
00009d85  IntMasterEnable                       
00009ad5  IntRegister                           
00002659  Lab16                                 
00009077  MaskIntHdlr                           
0000a1dc  OpcodeTranslateTable                  
00008ced  PLL_Init                              
00009e01  ResetISR                              
20000b55  RxIrqCnt                              
000041f9  SL_FD_CLR                             
00004221  SL_FD_ISSET                           
000041d1  SL_FD_SET                             
0000424d  SL_FD_ZERO                            
00009e21  SSIBusy                               
00009a5f  SSIConfigSetExpClk                    
00009d41  SSIDataGetNonBlocking                 
00009dc1  SSIDataPutNonBlocking                 
00009e0d  SSIEnable                             
20000acc  Score                                 
00002de1  SendTDS                               
0000209d  SimpleLinkGeneralEventHandler         
0000206b  SimpleLinkHttpServerCallback          
00002029  SimpleLinkNetAppEventHandler          
00002079  SimpleLinkPingReport                  
000020a9  SimpleLinkSockEventHandler            
00001fbd  SimpleLinkWlanEventHandler            
00007e35  SysCtlClockFreqSet                    
00009e3d  SysCtlDelay                           
00009b09  SysCtlPeripheralEnable                
00009cb9  SysTickDisable                        
00009ccd  SysTickEnable                         
00009ce1  SysTickIntEnable                      
00009c1d  SysTickIntRegister                    
00009d95  SysTickPeriodSet                      
00009441  SysTick_Init                          
0000945d  SysTick_Wait                          
00009483  SysTick_Wait10ms                      
00009087  UARTRxTxHandler                       
0000907f  UnMaskIntHdlr                         
0000a218  _SlActionLookupTable                  
00001e6d  _SlDriverHandleError                  
00001685  _SlDrvBasicCmd                        
00000565  _SlDrvCmdOp                           
000016d9  _SlDrvCmdSend                         
00000621  _SlDrvDataReadOp                      
00000801  _SlDrvDataWriteOp                     
000078ed  _SlDrvDeviceEventHandler              
00001cdb  _SlDrvDispatchHttpServerEvents        
000003ed  _SlDrvDriverCBDeinit                  
0000024f  _SlDrvDriverCBInit                    
00001dbf  _SlDrvGlobalObjUnLock                 
00001f2d  _SlDrvIsTimeoutExpired                
00001de1  _SlDrvMemZero                         
00001295  _SlDrvMsgReadSpawnCtx                 
00005b69  _SlDrvNetAppEventHandler              
00001d0b  _SlDrvObjLockWaitForever              
00001d59  _SlDrvObjUnLock                       
00000209  _SlDrvProtectAsyncRespSetting         
00001d31  _SlDrvProtectionObjLockWaitForever    
00001d79  _SlDrvProtectionObjUnLock             
000018e7  _SlDrvReleasePoolObj                  
00001df7  _SlDrvResetCmdExt                     
00000511  _SlDrvRxIrqHandler                    
00001f0d  _SlDrvStartMeasureTimeout             
00001ceb  _SlDrvSyncObjSignal                   
00001e09  _SlDrvSyncObjWaitForever              
00001e2d  _SlDrvSyncObjWaitTimeout              
00001755  _SlDrvWaitForPoolObj                  
0000a3f4  _SlNetAppSendTokenValueCmdCtrl        
000084e1  _SlNonOsMainLoopTask                  
000083d9  _SlNonOsSemGet                        
000083c1  _SlNonOsSemSet                        
00008481  _SlNonOsSpawn                         
20001328  __STACK_END                           
000007d0  __STACK_SIZE                          
20000d58  __STACK_TOP                           
0000a490  __TI_CINIT_Base                       
0000a4a8  __TI_CINIT_Limit                      
0000a470  __TI_Handler_Table_Base               
0000a47c  __TI_Handler_Table_Limit              
0000999d  __TI_auto_init_nobinit_nopinit        
000095fd  __TI_decompress_lzss                  
00009dcf  __TI_decompress_none                  
ffffffff  __TI_pprof_out_hndl                   
00005c7d  __TI_printfi                          
ffffffff  __TI_prof_data_size                   
ffffffff  __TI_prof_data_start                  
00000000  __TI_static_base__                    
00009df5  __TI_zero_init                        
000092b9  __aeabi_cdcmpeq                       
000092b9  __aeabi_cdcmple                       
0000933f  __aeabi_cdrcmple                      
00009527  __aeabi_d2f                           
00009955  __aeabi_d2iz                          
00008213  __aeabi_dadd                          
00008961  __aeabi_ddiv                          
00008f0d  __aeabi_dmul                          
00008209  __aeabi_dsub                          
00009e29  __aeabi_errno_addr                    
00009a9b  __aeabi_f2d                           
00009ba5  __aeabi_i2d                           
000066cb  __aeabi_idiv0                         
000066cb  __aeabi_ldiv0                         
000093c5  __aeabi_memclr                        
000093c5  __aeabi_memclr4                       
000093c5  __aeabi_memclr8                       
00009187  __aeabi_memcpy                        
00009187  __aeabi_memcpy4                       
00009187  __aeabi_memcpy8                       
000093c7  __aeabi_memset                        
000093c7  __aeabi_memset4                       
000093c7  __aeabi_memset8                       
00009223  __aeabi_uldivmod                      
ffffffff  __binit__                             
ffffffff  __c_args__                            
UNDEFED   __mpu_init                            
20000b58  __stack                               
00009b3d  _c_int00_noargs                       
00009f6c  _ctypes_                              
00003dcd  _sl_HandleAsync_Accept                
0000398b  _sl_HandleAsync_Connect               
0000556b  _sl_HandleAsync_DnsGetHostByAddr      
000056b9  _sl_HandleAsync_DnsGetHostByName      
000054a5  _sl_HandleAsync_DnsGetHostByService   
00007529  _sl_HandleAsync_InitComplete          
0000578d  _sl_HandleAsync_PingResponse          
00003e2d  _sl_HandleAsync_Select                
000075ad  _sl_HandleAsync_Stop                  
00005a49  _sl_NetAppSendTokenValue              
000033bd  _sl_ParseAddress                      
UNDEFED   _system_post_cinit                    
00009e43  _system_pre_init                      
00009e47  abort                                 
2000026c  appData                               
00009879  atoi                                  
ffffffff  binit                                 
000027e1  buildTDS                              
20001328  buildstr                              
00002539  checkInternetConnection               
000024a5  checkLanConnection                    
00002245  configureSimpleLinkToDefaultState     
200015f4  contentLength                         
00009c71  copysign                              
00009c71  copysignl                             
200015d0  currentDay                            
200015cc  currentHour                           
200015c8  currentMinutes                        
200015d4  currentMonth                          
200015dc  currentSecond                         
200015d8  currentYear                           
00002609  displayBanner                         
2000160c  errno                                 
00002439  establishConnectionWithAP             
00009665  frexp                                 
00009665  frexpl                                
200015fc  g_GatewayIP                           
200015f8  g_PingPacketsRecv                     
200015e4  g_SlDeviceStatus                      
20000b48  g_Status                              
20000b4c  g_SysClock                            
20001528  g__SlNonOsCB                          
20000b56  g_bDeviceRestartIsRequired            
200015e8  g_pCB                                 
20000000  g_pfnRAMVectors                       
00000000  g_pfnVectors                          
20000b50  g_ucUARTBuffer                        
00002d61  getCurrentDay                         
00002d73  getCurrentHour                        
00002d79  getCurrentMinute                      
00002d67  getCurrentMonth                       
00002d7f  getCurrentSecond                      
00002d6d  getCurrentYear                        
00009009  initClk                               
000025ef  initializeAppVariables                
200015e0  lastSyncMinutes                       
00008dfd  ldexp                                 
00008dfd  ldexpl                                
000097d1  ltoa                                  
00006ed1  main                                  
00006df5  median                                
00009c55  memccpy                               
00009187  memcpy                                
000093cd  memset                                
20001596  mystring                              
20001564  mystring2                             
20001608  pIrqEventHandler                      
200015ec  pPingCallBackFunc                     
00009023  registerInterruptHandler              
00008dfd  scalbn                                
00008dfd  scalbnl                               
00003ba5  sl_Accept                             
000034e7  sl_Bind                               
00003495  sl_Close                              
00003815  sl_Connect                            
0000779d  sl_DevGet                             
0000785f  sl_DevSet                             
00007731  sl_EventMaskGet                       
000076cb  sl_EventMaskSet                       
00003fb7  sl_GetSockOpt                         
00003d4b  sl_Htonl                              
00003d91  sl_Htons                              
00003b35  sl_Listen                             
0000557d  sl_NetAppDnsGetHostByName             
0000539d  sl_NetAppDnsGetHostByService          
00005ab5  sl_NetAppGet                          
00005105  sl_NetAppGetServiceList               
000052cd  sl_NetAppMDNSRegisterService          
000051f7  sl_NetAppMDNSRegisterUnregisterService
00005331  sl_NetAppMDNSUnRegisterService        
00005819  sl_NetAppPingStart                    
000059b7  sl_NetAppSet                          
0000506d  sl_NetAppStart                        
000050b9  sl_NetAppStop                         
000085e7  sl_NetCfgGet                          
0000855d  sl_NetCfgSet                          
00003e85  sl_Recv                               
000036d5  sl_RecvFrom                           
0000406f  sl_Select                             
00003a09  sl_Send                               
00003595  sl_SendTo                             
00003f2d  sl_SetSockOpt                         
00003417  sl_Socket                             
00007455  sl_Start                              
000075f7  sl_Stop                               
0000744d  sl_Task                               
00004275  sl_WlanConnect                        
000044e5  sl_WlanDisconnect                     
00004f95  sl_WlanGet                            
00004aad  sl_WlanGetNetworkList                 
000045a9  sl_WlanPolicyGet                      
00004519  sl_WlanPolicySet                      
0000469d  sl_WlanProfileAdd                     
00004a5b  sl_WlanProfileDel                     
00004951  sl_WlanProfileGet                     
00004b43  sl_WlanRxFilterAdd                    
00004c5d  sl_WlanRxFilterGet                    
00004bd9  sl_WlanRxFilterSet                    
00004d55  sl_WlanRxStatGet                      
00004cf1  sl_WlanRxStatStart                    
00004d21  sl_WlanRxStatStop                     
00004ef9  sl_WlanSet                            
00004ea1  sl_WlanSetMode                        
00004de9  sl_WlanSmartConfigStart               
00004db5  sl_WlanSmartConfigStop                
00007c15  spi_Close                             
00007c21  spi_Open                              
00007d89  spi_Read                              
00007d25  spi_Write                             
000099e1  sprintf                               
00009021  stopWDT                               
00009bfd  strcat                                
00009ca3  strchr                                
20001600  strcontentlength                      
00009cf5  strcpy                                
00009d09  strlen                                
00009b71  strstr                                
20000b30  theTime                               
00009705  timer_GetCurrentTimestamp             
00002ab9  updateLocalTime                       
00009d53  wcslen                                


GLOBAL SYMBOLS: SORTED BY Symbol Address 

address   name                                  
-------   ----                                  
00000000  __TI_static_base__                    
00000000  g_pfnVectors                          
00000209  _SlDrvProtectAsyncRespSetting         
0000024f  _SlDrvDriverCBInit                    
000003ed  _SlDrvDriverCBDeinit                  
00000511  _SlDrvRxIrqHandler                    
00000565  _SlDrvCmdOp                           
00000621  _SlDrvDataReadOp                      
000007d0  __STACK_SIZE                          
00000801  _SlDrvDataWriteOp                     
00001295  _SlDrvMsgReadSpawnCtx                 
00001685  _SlDrvBasicCmd                        
000016d9  _SlDrvCmdSend                         
00001755  _SlDrvWaitForPoolObj                  
000018e7  _SlDrvReleasePoolObj                  
00001cdb  _SlDrvDispatchHttpServerEvents        
00001ceb  _SlDrvSyncObjSignal                   
00001d0b  _SlDrvObjLockWaitForever              
00001d31  _SlDrvProtectionObjLockWaitForever    
00001d59  _SlDrvObjUnLock                       
00001d79  _SlDrvProtectionObjUnLock             
00001dbf  _SlDrvGlobalObjUnLock                 
00001de1  _SlDrvMemZero                         
00001df7  _SlDrvResetCmdExt                     
00001e09  _SlDrvSyncObjWaitForever              
00001e2d  _SlDrvSyncObjWaitTimeout              
00001e6d  _SlDriverHandleError                  
00001f0d  _SlDrvStartMeasureTimeout             
00001f2d  _SlDrvIsTimeoutExpired                
00001fbd  SimpleLinkWlanEventHandler            
00002029  SimpleLinkNetAppEventHandler          
0000206b  SimpleLinkHttpServerCallback          
00002079  SimpleLinkPingReport                  
0000209d  SimpleLinkGeneralEventHandler         
000020a9  SimpleLinkSockEventHandler            
00002245  configureSimpleLinkToDefaultState     
00002439  establishConnectionWithAP             
000024a5  checkLanConnection                    
00002539  checkInternetConnection               
000025ef  initializeAppVariables                
00002609  displayBanner                         
00002659  Lab16                                 
000027e1  buildTDS                              
00002ab9  updateLocalTime                       
00002d61  getCurrentDay                         
00002d67  getCurrentMonth                       
00002d6d  getCurrentYear                        
00002d73  getCurrentHour                        
00002d79  getCurrentMinute                      
00002d7f  getCurrentSecond                      
00002de1  SendTDS                               
00002f75  GetInstruction                        
00003205  GetHostIP                             
00003243  CreateConnection                      
000033bd  _sl_ParseAddress                      
00003417  sl_Socket                             
00003495  sl_Close                              
000034e7  sl_Bind                               
00003595  sl_SendTo                             
000036d5  sl_RecvFrom                           
00003815  sl_Connect                            
0000398b  _sl_HandleAsync_Connect               
00003a09  sl_Send                               
00003b35  sl_Listen                             
00003ba5  sl_Accept                             
00003d4b  sl_Htonl                              
00003d91  sl_Htons                              
00003dcd  _sl_HandleAsync_Accept                
00003e2d  _sl_HandleAsync_Select                
00003e85  sl_Recv                               
00003f2d  sl_SetSockOpt                         
00003fb7  sl_GetSockOpt                         
0000406f  sl_Select                             
000041d1  SL_FD_SET                             
000041f9  SL_FD_CLR                             
00004221  SL_FD_ISSET                           
0000424d  SL_FD_ZERO                            
00004275  sl_WlanConnect                        
000044e5  sl_WlanDisconnect                     
00004519  sl_WlanPolicySet                      
000045a9  sl_WlanPolicyGet                      
0000469d  sl_WlanProfileAdd                     
00004951  sl_WlanProfileGet                     
00004a5b  sl_WlanProfileDel                     
00004aad  sl_WlanGetNetworkList                 
00004b43  sl_WlanRxFilterAdd                    
00004bd9  sl_WlanRxFilterSet                    
00004c5d  sl_WlanRxFilterGet                    
00004cf1  sl_WlanRxStatStart                    
00004d21  sl_WlanRxStatStop                     
00004d55  sl_WlanRxStatGet                      
00004db5  sl_WlanSmartConfigStop                
00004de9  sl_WlanSmartConfigStart               
00004ea1  sl_WlanSetMode                        
00004ef9  sl_WlanSet                            
00004f95  sl_WlanGet                            
0000506d  sl_NetAppStart                        
000050b9  sl_NetAppStop                         
00005105  sl_NetAppGetServiceList               
000051f7  sl_NetAppMDNSRegisterUnregisterService
000052cd  sl_NetAppMDNSRegisterService          
00005331  sl_NetAppMDNSUnRegisterService        
0000539d  sl_NetAppDnsGetHostByService          
000054a5  _sl_HandleAsync_DnsGetHostByService   
0000556b  _sl_HandleAsync_DnsGetHostByAddr      
0000557d  sl_NetAppDnsGetHostByName             
000056b9  _sl_HandleAsync_DnsGetHostByName      
0000578d  _sl_HandleAsync_PingResponse          
00005819  sl_NetAppPingStart                    
000059b7  sl_NetAppSet                          
00005a49  _sl_NetAppSendTokenValue              
00005ab5  sl_NetAppGet                          
00005b69  _SlDrvNetAppEventHandler              
00005c7d  __TI_printfi                          
000066cb  __aeabi_idiv0                         
000066cb  __aeabi_ldiv0                         
000066cd  ADC0_InitSWTriggerSeq3_Ch0            
00006ba1  ADC0_InitSWTriggerSeq3                
00006c91  ADC0_InitAllTriggerSeq3               
00006d6b  ADC0_InSeq3                           
00006df5  median                                
00006ed1  main                                  
0000744d  sl_Task                               
00007455  sl_Start                              
00007529  _sl_HandleAsync_InitComplete          
000075ad  _sl_HandleAsync_Stop                  
000075f7  sl_Stop                               
000076cb  sl_EventMaskSet                       
00007731  sl_EventMaskGet                       
0000779d  sl_DevGet                             
0000785f  sl_DevSet                             
000078ed  _SlDrvDeviceEventHandler              
00007c15  spi_Close                             
00007c21  spi_Open                              
00007d25  spi_Write                             
00007d89  spi_Read                              
00007e35  SysCtlClockFreqSet                    
00008209  __aeabi_dsub                          
00008213  __aeabi_dadd                          
000083c1  _SlNonOsSemSet                        
000083d9  _SlNonOsSemGet                        
00008481  _SlNonOsSpawn                         
000084e1  _SlNonOsMainLoopTask                  
0000855d  sl_NetCfgSet                          
000085e7  sl_NetCfgGet                          
000086c5  CLI_Read                              
00008711  CLI_Write                             
0000876b  CLI_Configure                         
00008961  __aeabi_ddiv                          
00008a97  GPIOPadConfigSet                      
00008ced  PLL_Init                              
00008dfd  ldexp                                 
00008dfd  ldexpl                                
00008dfd  scalbn                                
00008dfd  scalbnl                               
00008f0d  __aeabi_dmul                          
00009009  initClk                               
00009021  stopWDT                               
00009023  registerInterruptHandler              
00009037  CC3100_disable                        
0000904b  CC3100_enable                         
0000905f  CC3100_InterruptEnable                
0000906b  CC3100_InterruptDisable               
00009077  MaskIntHdlr                           
0000907f  UnMaskIntHdlr                         
00009087  UARTRxTxHandler                       
00009089  GPIOM_intHandler                      
00009187  __aeabi_memcpy                        
00009187  __aeabi_memcpy4                       
00009187  __aeabi_memcpy8                       
00009187  memcpy                                
00009223  __aeabi_uldivmod                      
000092b9  __aeabi_cdcmpeq                       
000092b9  __aeabi_cdcmple                       
0000933f  __aeabi_cdrcmple                      
000093c5  __aeabi_memclr                        
000093c5  __aeabi_memclr4                       
000093c5  __aeabi_memclr8                       
000093c7  __aeabi_memset                        
000093c7  __aeabi_memset4                       
000093c7  __aeabi_memset8                       
000093cd  memset                                
00009441  SysTick_Init                          
0000945d  SysTick_Wait                          
00009483  SysTick_Wait10ms                      
00009527  __aeabi_d2f                           
00009595  IntEnable                             
000095fd  __TI_decompress_lzss                  
00009665  frexp                                 
00009665  frexpl                                
00009705  timer_GetCurrentTimestamp             
00009725  GPIOIntTypeSet                        
000097d1  ltoa                                  
00009879  atoi                                  
000098c5  GPIOPinConfigure                      
00009955  __aeabi_d2iz                          
0000999d  __TI_auto_init_nobinit_nopinit        
000099e1  sprintf                               
00009a5f  SSIConfigSetExpClk                    
00009a9b  __aeabi_f2d                           
00009ad5  IntRegister                           
00009b09  SysCtlPeripheralEnable                
00009b3d  _c_int00_noargs                       
00009b71  strstr                                
00009ba5  __aeabi_i2d                           
00009bd3  GPIODirModeSet                        
00009bfd  strcat                                
00009c1d  SysTickIntRegister                    
00009c55  memccpy                               
00009c71  copysign                              
00009c71  copysignl                             
00009ca3  strchr                                
00009cb9  SysTickDisable                        
00009ccd  SysTickEnable                         
00009ce1  SysTickIntEnable                      
00009cf5  strcpy                                
00009d09  strlen                                
00009d1d  GPIOPinTypeGPIOInput                  
00009d2f  GPIOPinTypeSSI                        
00009d41  SSIDataGetNonBlocking                 
00009d53  wcslen                                
00009d65  FPUEnable                             
00009d75  FPULazyStackingEnable                 
00009d85  IntMasterEnable                       
00009d95  SysTickPeriodSet                      
00009da5  GPIOIntDisable                        
00009db3  GPIOIntStatus                         
00009dc1  SSIDataPutNonBlocking                 
00009dcf  __TI_decompress_none                  
00009ddd  CPUcpsie                              
00009de9  GPIOIntEnable                         
00009df5  __TI_zero_init                        
00009e01  ResetISR                              
00009e0d  SSIEnable                             
00009e21  SSIBusy                               
00009e29  __aeabi_errno_addr                    
00009e31  GPIOIntClear                          
00009e37  GPIOPinWrite                          
00009e3d  SysCtlDelay                           
00009e43  _system_pre_init                      
00009e47  C$$EXIT                               
00009e47  abort                                 
00009f6c  _ctypes_                              
0000a1dc  OpcodeTranslateTable                  
0000a218  _SlActionLookupTable                  
0000a3f4  _SlNetAppSendTokenValueCmdCtrl        
0000a470  __TI_Handler_Table_Base               
0000a47c  __TI_Handler_Table_Limit              
0000a490  __TI_CINIT_Base                       
0000a4a8  __TI_CINIT_Limit                      
20000000  g_pfnRAMVectors                       
2000026c  appData                               
20000a04  Edxpost                               
20000a68  Id                                    
20000acc  Score                                 
20000b30  theTime                               
20000b48  g_Status                              
20000b4c  g_SysClock                            
20000b50  g_ucUARTBuffer                        
20000b54  IntIsMasked                           
20000b55  RxIrqCnt                              
20000b56  g_bDeviceRestartIsRequired            
20000b58  __stack                               
20000d58  __STACK_TOP                           
20001328  __STACK_END                           
20001328  buildstr                              
20001528  g__SlNonOsCB                          
20001564  mystring2                             
20001596  mystring                              
200015c8  currentMinutes                        
200015cc  currentHour                           
200015d0  currentDay                            
200015d4  currentMonth                          
200015d8  currentYear                           
200015dc  currentSecond                         
200015e0  lastSyncMinutes                       
200015e4  g_SlDeviceStatus                      
200015e8  g_pCB                                 
200015ec  pPingCallBackFunc                     
200015f4  contentLength                         
200015f8  g_PingPacketsRecv                     
200015fc  g_GatewayIP                           
20001600  strcontentlength                      
20001608  pIrqEventHandler                      
2000160c  errno                                 
ffffffff  __TI_pprof_out_hndl                   
ffffffff  __TI_prof_data_size                   
ffffffff  __TI_prof_data_start                  
ffffffff  __binit__                             
ffffffff  __c_args__                            
ffffffff  binit                                 
UNDEFED   __mpu_init                            
UNDEFED   _system_post_cinit                    

[293 symbols]
