******************************************************************************
                  TI ARM Linker PC v18.12.1                    
******************************************************************************
>> Linked Sun Jul 28 14:36:23 2019

OUTPUT FILE NAME:   <getting_started_with_wlan_station.out>
ENTRY POINT SYMBOL: "_c_int00_noargs"  address: 0000a0e1


MEMORY CONFIGURATION

         name            origin    length      used     unused   attr    fill
----------------------  --------  ---------  --------  --------  ----  --------
  FLASH                 00000000   00100000  0000aa4a  000f55b6  R  X
  SRAM                  20000000   00040000  00001937  0003e6c9  RW X


SEGMENT ALLOCATION MAP

run origin  load origin   length   init length attrs members
----------  ----------- ---------- ----------- ----- -------
00000000    00000000    0000aa50   0000aa50    r-x
  00000000    00000000    00000208   00000208    r-- .intvecs
  00000208    00000208    0000a1e6   0000a1e6    r-x .text
  0000a3f0    0000a3f0    00000614   00000614    r-- .const
  0000aa08    0000aa08    00000048   00000048    r-- .cinit
20000000    20000000    0000193c   00000000    rw-
  20000000    20000000    0000026c   00000000    rw- .vtable
  2000026c    2000026c    00000c0f   00000000    rw- .bss
  20000e80    20000e80    000007d0   00000000    rw- .stack
  20001650    20001650    000002ec   00000000    rw- .data


SECTION ALLOCATION MAP

 output                                  attributes/
section   page    origin      length       input sections
--------  ----  ----------  ----------   ----------------
.intvecs   0    00000000    00000208     
                  00000000    00000208     tm4c1294ncpdt_startup_ccs.obj (.intvecs)

.text      0    00000208    0000a1e6     
                  00000208    00001db4     driver.obj (.text)
                  00001fbc    00001848     connect.obj (.text)
                  00003804    00000f40     socket.obj (.text)
                  00004744    00000df8     wlan.obj (.text)
                  0000553c    00000c10     netapp.obj (.text)
                  0000614c    00000a4e     rtsv7M4_T_le_v4SPD16_eabi.lib : _printfi.c.obj (.text:__TI_printfi)
                  00006b9a    00000002                                   : div0.asm.obj (.text)
                  00006b9c    00000728     ADCSWTrigger.obj (.text)
                  000072c4    00000718     main.obj (.text)
                  000079dc    0000056c     device.obj (.text)
                  00007f48    00000270     rtsv7M4_T_le_v4SPD16_eabi.lib : _printfi.c.obj (.text:_pconv_a)
                  000081b8    00000220     spi.obj (.text)
                  000083d8    00000204     driverlib.lib : sysctl.obj (.text:SysCtlClockFreqSet)
                  000085dc    000001d0     rtsv7M4_T_le_v4SPD16_eabi.lib : _printfi.c.obj (.text:_pconv_g)
                  000087ac    000001b6                                   : fd_add_t2.asm.obj (.text)
                  00008962    00000002     --HOLE-- [fill = 0]
                  00008964    0000019c     nonos.obj (.text)
                  00008b00    00000168     netcfg.obj (.text)
                  00008c68    00000160     cli_uart.obj (.text)
                  00008dc8    0000013c     rtsv7M4_T_le_v4SPD16_eabi.lib : _printfi.c.obj (.text:_pconv_e)
                  00008f04    00000136                                   : fd_div_t2.asm.obj (.text)
                  0000903a    00000130     driverlib.lib : gpio.obj (.text:GPIOPadConfigSet)
                  0000916a    00000002     --HOLE-- [fill = 0]
                  0000916c    00000124     rtsv7M4_T_le_v4SPD16_eabi.lib : _printfi.c.obj (.text:fcvt)
                  00009290    00000110     PLL.obj (.text)
                  000093a0    00000110     rtsv7M4_T_le_v4SPD16_eabi.lib : s_scalbn.c.obj (.text:scalbn)
                  000094b0    000000fc                                   : fd_mul_t2.asm.obj (.text)
                  000095ac    000000cc     board.obj (.text)
                  00009678    000000b1     rtsv7M4_T_le_v4SPD16_eabi.lib : _printfi.c.obj (.text:_ltostr)
                  00009729    00000001     --HOLE-- [fill = 0]
                  0000972a    0000009c                                   : memcpy_t2.asm.obj (.text)
                  000097c6    00000096                                   : ull_div_t2.asm.obj (.text)
                  0000985c    00000086                                   : fd_cmp_t2.asm.obj (.text:__aeabi_cdcmple)
                  000098e2    00000086                                   : fd_cmp_t2.asm.obj (.text:__aeabi_cdrcmple)
                  00009968    0000007a                                   : memset_t2.asm.obj (.text)
                  000099e2    00000002     --HOLE-- [fill = 0]
                  000099e4    00000078     SysTick.obj (.text)
                  00009a5c    0000006e     rtsv7M4_T_le_v4SPD16_eabi.lib : _printfi.c.obj (.text:_mcpy)
                  00009aca    0000006e                                   : fd_tos_t2.asm.obj (.text)
                  00009b38    00000068     driverlib.lib : interrupt.obj (.text:IntEnable)
                  00009ba0    00000068     rtsv7M4_T_le_v4SPD16_eabi.lib : copy_decompress_lzss.c.obj (.text:decompress:lzss:__TI_decompress_lzss)
                  00009c08    00000064                                   : s_frexp.c.obj (.text:frexp)
                  00009c6c    0000005c     timer_tick.obj (.text)
                  00009cc8    00000056     driverlib.lib : gpio.obj (.text:GPIOIntTypeSet)
                  00009d1e    00000056     rtsv7M4_T_le_v4SPD16_eabi.lib : _printfi.c.obj (.text:_pconv_f)
                  00009d74    00000054                                   : ltoa.c.obj (.text:ltoa)
                  00009dc8    00000052                                   : _printfi.c.obj (.text:_ecpy)
                  00009e1a    00000002     --HOLE-- [fill = 0]
                  00009e1c    0000004c                                   : atoi.c.obj (.text:atoi)
                  00009e68    00000048     driverlib.lib : gpio.obj (.text:GPIOPinConfigure)
                  00009eb0    00000048                   : sysctl.obj (.text:_SysCtlFrequencyGet)
                  00009ef8    00000048     rtsv7M4_T_le_v4SPD16_eabi.lib : fd_toi_t2.asm.obj (.text)
                  00009f40    00000044                                   : autoinit.c.obj (.text:__TI_auto_init_nobinit_nopinit:__TI_auto_init_nobinit_nopinit)
                  00009f84    00000040                                   : sprintf.c.obj (.text:sprintf)
                  00009fc4    0000003e                                   : _printfi.c.obj (.text:_fcpy)
                  0000a002    0000003c     driverlib.lib : ssi.obj (.text:SSIConfigSetExpClk)
                  0000a03e    00000038     rtsv7M4_T_le_v4SPD16_eabi.lib : fs_tod_t2.asm.obj (.text)
                  0000a076    00000002     --HOLE-- [fill = 0]
                  0000a078    00000034     driverlib.lib : interrupt.obj (.text:IntRegister)
                  0000a0ac    00000034                   : sysctl.obj (.text:SysCtlPeripheralEnable)
                  0000a0e0    00000034     rtsv7M4_T_le_v4SPD16_eabi.lib : boot_cortex_m.c.obj (.text:_c_int00_noargs:_c_int00_noargs)
                  0000a114    00000034                                   : strstr.c.obj (.text:strstr)
                  0000a148    0000002e                                   : i_tofd_t2.asm.obj (.text)
                  0000a176    0000002a     driverlib.lib : gpio.obj (.text:GPIODirModeSet)
                  0000a1a0    0000001e     rtsv7M4_T_le_v4SPD16_eabi.lib : strcat.c.obj (.text:strcat)
                  0000a1be    00000002     --HOLE-- [fill = 0]
                  0000a1c0    0000001c     driverlib.lib : systick.obj (.text:SysTickIntRegister)
                  0000a1dc    0000001c                   : sysctl.obj (.text:_SysCtlMemTimingGet)
                  0000a1f8    0000001c     rtsv7M4_T_le_v4SPD16_eabi.lib : memccpy.c.obj (.text:memccpy)
                  0000a214    0000001a                                   : s_copysign.c.obj (.text:copysign)
                  0000a22e    00000018                                   : sprintf.c.obj (.text:_outs)
                  0000a246    00000016                                   : strchr.c.obj (.text:strchr)
                  0000a25c    00000014     driverlib.lib : systick.obj (.text:SysTickDisable)
                  0000a270    00000014                   : systick.obj (.text:SysTickEnable)
                  0000a284    00000014                   : systick.obj (.text:SysTickIntEnable)
                  0000a298    00000014     rtsv7M4_T_le_v4SPD16_eabi.lib : strcpy.c.obj (.text:strcpy)
                  0000a2ac    00000014                                   : strlen.c.obj (.text:strlen)
                  0000a2c0    00000012     driverlib.lib : gpio.obj (.text:GPIOPinTypeGPIOInput)
                  0000a2d2    00000012                   : gpio.obj (.text:GPIOPinTypeSSI)
                  0000a2e4    00000012                   : ssi.obj (.text:SSIDataGetNonBlocking)
                  0000a2f6    00000012     rtsv7M4_T_le_v4SPD16_eabi.lib : wcslen.c.obj (.text:wcslen)
                  0000a308    00000010     driverlib.lib : fpu.obj (.text:FPUEnable)
                  0000a318    00000010                   : fpu.obj (.text:FPULazyStackingEnable)
                  0000a328    00000010                   : interrupt.obj (.text:IntMasterEnable)
                  0000a338    00000010                   : systick.obj (.text:SysTickPeriodSet)
                  0000a348    0000000e                   : gpio.obj (.text:GPIOIntDisable)
                  0000a356    0000000e                   : gpio.obj (.text:GPIOIntStatus)
                  0000a364    0000000e                   : ssi.obj (.text:SSIDataPutNonBlocking)
                  0000a372    0000000e     rtsv7M4_T_le_v4SPD16_eabi.lib : copy_decompress_none.c.obj (.text:decompress:none:__TI_decompress_none)
                  0000a380    0000000c     driverlib.lib : cpu.obj (.text:CPUcpsie)
                  0000a38c    0000000c                   : gpio.obj (.text:GPIOIntEnable)
                  0000a398    0000000c     rtsv7M4_T_le_v4SPD16_eabi.lib : copy_zero_init.c.obj (.text:decompress:ZI:__TI_zero_init)
                  0000a3a4    0000000c     tm4c1294ncpdt_startup_ccs.obj (.text)
                  0000a3b0    0000000a     driverlib.lib : ssi.obj (.text:SSIEnable)
                  0000a3ba    0000000a     rtsv7M4_T_le_v4SPD16_eabi.lib : sprintf.c.obj (.text:_outc)
                  0000a3c4    00000008     driverlib.lib : ssi.obj (.text:SSIBusy)
                  0000a3cc    00000008     rtsv7M4_T_le_v4SPD16_eabi.lib : errno.c.obj (.text:__aeabi_errno_addr)
                  0000a3d4    00000006     driverlib.lib : gpio.obj (.text:GPIOIntClear)
                  0000a3da    00000006                   : gpio.obj (.text:GPIOPinWrite)
                  0000a3e0    00000006                   : sysctl.obj (.text:SysCtlDelay)
                  0000a3e6    00000004     rtsv7M4_T_le_v4SPD16_eabi.lib : pre_init.c.obj (.text:_system_pre_init)
                  0000a3ea    00000004                                   : exit.c.obj (.text:abort:abort)

.const     0    0000a3f0    00000614     
                  0000a3f0    00000120     driverlib.lib : sysctl.obj (.const:g_pppui32XTALtoVCO)
                  0000a510    00000101     rtsv7M4_T_le_v4SPD16_eabi.lib : ctype.c.obj (.const:.string:_ctypes_)
                  0000a611    00000003     --HOLE-- [fill = 0]
                  0000a614    00000090     driverlib.lib : gpio.obj (.const:g_pui32GPIOBaseAddrs)
                  0000a6a4    00000070                   : interrupt.obj (.const)
                  0000a714    0000006c                   : sysctl.obj (.const:g_pui32Xtals)
                  0000a780    0000003c     driver.obj (.const:OpcodeTranslateTable)
                  0000a7bc    00000038     driver.obj (.const:_SlActionLookupTable)
                  0000a7f4    00000030     driverlib.lib : sysctl.obj (.const:g_sXTALtoMEMTIM)
                  0000a824    0000002c     connect.obj (.const:$P$T0$1)
                  0000a850    00000020     connect.obj (.const:$P$T3$4)
                  0000a870    00000020     connect.obj (.const:$P$T5$6)
                  0000a890    00000020     driver.obj (.const:RxMsgClassLUT)
                  0000a8b0    00000014     driver.obj (.const:$P$T0$1)
                  0000a8c4    00000014     nonos.obj (.const:$P$T0$1)
                  0000a8d8    00000014     connect.obj (.const:$P$T1$2)
                  0000a8ec    00000014     connect.obj (.const:$P$T4$5)
                  0000a900    00000014     connect.obj (.const:$P$T6$7)
                  0000a914    00000010     socket.obj (.const:.string:_SlPayloadByProtocolLUT)
                  0000a924    0000000c     connect.obj (.const:$P$T2$3)
                  0000a930    00000008     device.obj (.const:StartResponseLUT)
                  0000a938    00000008     driverlib.lib : sysctl.obj (.const)
                  0000a940    00000008     driver.obj (.const:g_H2NCnysPattern)
                  0000a948    00000008     driver.obj (.const:g_H2NSyncPattern)
                  0000a950    00000004     netapp.obj (.const:$P$T0$1)
                  0000a954    00000004     socket.obj (.const:$P$T0$1)
                  0000a958    00000004     wlan.obj (.const:$P$T0$1)
                  0000a95c    00000004     socket.obj (.const:$P$T1$2)
                  0000a960    00000004     wlan.obj (.const:$P$T1$2)
                  0000a964    00000004     socket.obj (.const:$P$T2$3)
                  0000a968    00000004     wlan.obj (.const:$P$T2$3)
                  0000a96c    00000004     socket.obj (.const:_SlAcceptCmdCtrl)
                  0000a970    00000004     device.obj (.const:_SlDeviceGetCmdCtrl)
                  0000a974    00000004     device.obj (.const:_SlDeviceSetCmdCtrl)
                  0000a978    00000004     device.obj (.const:_SlEventMaskGetCmdCtrl)
                  0000a97c    00000004     device.obj (.const:_SlEventMaskSetCmdCtrl)
                  0000a980    00000004     netapp.obj (.const:_SlGetHostByNameCtrl)
                  0000a984    00000004     netapp.obj (.const:_SlGetHostByServiceCtrl)
                  0000a988    00000004     netapp.obj (.const:_SlGetServiceListeCtrl)
                  0000a98c    00000004     socket.obj (.const:_SlGetSockOptCmdCtrl)
                  0000a990    00000004     socket.obj (.const:_SlListenCmdCtrl)
                  0000a994    00000004     netapp.obj (.const:_SlNetAppGetCmdCtrl)
                  0000a998    00000004     netapp.obj (.const:_SlNetAppSendTokenValueCmdCtrl)
                  0000a99c    00000004     netapp.obj (.const:_SlNetAppSetCmdCtrl)
                  0000a9a0    00000004     netapp.obj (.const:_SlNetAppStartCtrl)
                  0000a9a4    00000004     netapp.obj (.const:_SlNetAppStopCtrl)
                  0000a9a8    00000004     netcfg.obj (.const:_SlNetCfgGetCmdCtrl)
                  0000a9ac    00000004     netcfg.obj (.const:_SlNetCfgSetCmdCtrl)
                  0000a9b0    00000004     wlan.obj (.const:_SlPolicyGetCmdCtrl)
                  0000a9b4    00000004     wlan.obj (.const:_SlPolicySetCmdCtrl)
                  0000a9b8    00000004     wlan.obj (.const:_SlProfileDelCmdCtrl)
                  0000a9bc    00000004     wlan.obj (.const:_SlProfileGetCmdCtrl)
                  0000a9c0    00000004     socket.obj (.const:_SlRecvCmdCtrl)
                  0000a9c4    00000004     socket.obj (.const:_SlRecvfomCmdCtrl)
                  0000a9c8    00000004     netapp.obj (.const:_SlRegisterServiceCtrl)
                  0000a9cc    00000004     wlan.obj (.const:_SlRxFilterAddtCmdCtrl)
                  0000a9d0    00000004     wlan.obj (.const:_SlRxFilterGetCmdCtrl)
                  0000a9d4    00000004     wlan.obj (.const:_SlRxFilterSetCmdCtrl)
                  0000a9d8    00000004     socket.obj (.const:_SlSelectCmdCtrl)
                  0000a9dc    00000004     socket.obj (.const:_SlSendCmdCtrl)
                  0000a9e0    00000004     socket.obj (.const:_SlSetSockOptCmdCtrl)
                  0000a9e4    00000004     wlan.obj (.const:_SlSmartConfigStartCmdCtrl)
                  0000a9e8    00000004     socket.obj (.const:_SlSockCloseCmdCtrl)
                  0000a9ec    00000004     socket.obj (.const:_SlSockSocketCmdCtrl)
                  0000a9f0    00000004     device.obj (.const:_SlStopCmdCtrl)
                  0000a9f4    00000004     wlan.obj (.const:_SlWlanCfgGetCmdCtrl)
                  0000a9f8    00000004     wlan.obj (.const:_SlWlanCfgSetCmdCtrl)
                  0000a9fc    00000004     wlan.obj (.const:_SlWlanGetNetworkListCtrl)
                  0000aa00    00000004     wlan.obj (.const:_SlWlanSetModeCmdCtrl)

.cinit     0    0000aa08    00000048     
                  0000aa08    0000000e     (.cinit..data.load) [load image, compression = lzss]
                  0000aa16    00000002     --HOLE-- [fill = 0]
                  0000aa18    0000000c     (__TI_handler_table)
                  0000aa24    00000004     --HOLE-- [fill = 0]
                  0000aa28    00000008     (.cinit..bss.load) [load image, compression = zero_init]
                  0000aa30    00000008     (.cinit..vtable.load) [load image, compression = zero_init]
                  0000aa38    00000018     (__TI_cinit_table)

.init_array 
*          0    00000000    00000000     UNINITIALIZED

.vtable    0    20000000    0000026c     UNINITIALIZED
                  20000000    0000026c     driverlib.lib : interrupt.obj (.vtable)

.bss       0    2000026c    00000c0f     UNINITIALIZED
                  2000026c    00000630     (.common:appData)
                  2000089c    00000320     (.common:instructions)
                  20000bbc    00000168     driver.obj (.bss:g_StatMem)
                  20000d24    00000064     (.common:Edxpost)
                  20000d88    00000064     (.common:Id)
                  20000dec    00000064     (.common:Score)
                  20000e50    00000018     (.common:theTime)
                  20000e68    00000004     (.common:g_Status)
                  20000e6c    00000004     (.common:g_SysClock)
                  20000e70    00000004     (.common:g_ucUARTBuffer)
                  20000e74    00000004     (.common:numberOfInstructions)
                  20000e78    00000001     (.common:IntIsMasked)
                  20000e79    00000001     (.common:RxIrqCnt)
                  20000e7a    00000001     (.common:g_bDeviceRestartIsRequired)

.data      0    20001650    000002ec     UNINITIALIZED
                  20001650    00000200     connect.obj (.data:buildstr)
                  20001850    0000003c     nonos.obj (.data:g__SlNonOsCB)
                  2000188c    00000032     connect.obj (.data:mystring2)
                  200018be    00000032     connect.obj (.data:mystring)
                  200018f0    0000001c     main.obj (.data)
                  2000190c    0000000d     driver.obj (.data)
                  20001919    00000003     --HOLE--
                  2000191c    0000000c     connect.obj (.data)
                  20001928    00000005     connect.obj (.data:strcontentlength)
                  2000192d    00000003     --HOLE--
                  20001930    00000004     board.obj (.data)
                  20001934    00000004     rtsv7M4_T_le_v4SPD16_eabi.lib : errno.c.obj (.data)
                  20001938    00000004     timer_tick.obj (.data)

.stack     0    20000e80    000007d0     UNINITIALIZED
                  20000e80    00000004     rtsv7M4_T_le_v4SPD16_eabi.lib : boot_cortex_m.c.obj (.stack)
                  20000e84    000007cc     --HOLE--

MODULE SUMMARY

       Module                          code    ro data   rw data
       ------                          ----    -------   -------
    .\
       connect.obj                     6216    180       3345   
       main.obj                        1816    0         28     
       ADCSWTrigger.obj                1832    0         0      
       tm4c1294ncpdt_startup_ccs.obj   12      520       0      
       PLL.obj                         272     0         0      
       SysTick.obj                     120     0         0      
    +--+-------------------------------+-------+---------+---------+
       Total:                          10268   700       3373   
                                                                
    .\board\
       board.obj                       204     0         9      
    +--+-------------------------------+-------+---------+---------+
       Total:                          204     0         9      
                                                                
    .\cli_uart\
       cli_uart.obj                    352     0         4      
    +--+-------------------------------+-------+---------+---------+
       Total:                          352     0         4      
                                                                
    .\simplelink\source\
       driver.obj                      7604    184       375    
       socket.obj                      3904    68        0      
       wlan.obj                        3576    60        0      
       netapp.obj                      3088    40        0      
       device.obj                      1388    28        0      
       nonos.obj                       412     20        60     
       netcfg.obj                      360     8         0      
    +--+-------------------------------+-------+---------+---------+
       Total:                          20332   408       435    
                                                                
    .\spi\
       spi.obj                         544     0         0      
    +--+-------------------------------+-------+---------+---------+
       Total:                          544     0         0      
                                                                
    .\timer\
       timer_tick.obj                  92      0         4      
    +--+-------------------------------+-------+---------+---------+
       Total:                          92      0         4      
                                                                
    C:/ti/tirtos_tivac_2_16_01_14/products/TivaWare_C_Series-2.1.1.71b/driverlib/ccs/Debug/driverlib.lib
       sysctl.obj                      674     452       0      
       interrupt.obj                   172     112       620    
       gpio.obj                        592     144       0      
       ssi.obj                         110     0         0      
       systick.obj                     104     0         0      
       fpu.obj                         32      0         0      
       cpu.obj                         12      0         0      
    +--+-------------------------------+-------+---------+---------+
       Total:                          1696    708       620    
                                                                
    C:\ti\ccs901\ccs\tools\compiler\ti-cgt-arm_18.12.1.LTS\lib\rtsv7M4_T_le_v4SPD16_eabi.lib
       _printfi.c.obj                  4851    0         0      
       fd_add_t2.asm.obj               438     0         0      
       fd_div_t2.asm.obj               310     0         0      
       s_scalbn.c.obj                  272     0         0      
       fd_cmp_t2.asm.obj               268     0         0      
       ctype.c.obj                     0       257       0      
       fd_mul_t2.asm.obj               252     0         0      
       memcpy_t2.asm.obj               156     0         0      
       ull_div_t2.asm.obj              150     0         0      
       memset_t2.asm.obj               122     0         0      
       fd_tos_t2.asm.obj               110     0         0      
       copy_decompress_lzss.c.obj      104     0         0      
       s_frexp.c.obj                   100     0         0      
       sprintf.c.obj                   98      0         0      
       ltoa.c.obj                      84      0         0      
       atoi.c.obj                      76      0         0      
       fd_toi_t2.asm.obj               72      0         0      
       autoinit.c.obj                  68      0         0      
       fs_tod_t2.asm.obj               56      0         0      
       boot_cortex_m.c.obj             52      0         0      
       strstr.c.obj                    52      0         0      
       i_tofd_t2.asm.obj               46      0         0      
       strcat.c.obj                    30      0         0      
       memccpy.c.obj                   28      0         0      
       s_copysign.c.obj                26      0         0      
       strchr.c.obj                    22      0         0      
       strcpy.c.obj                    20      0         0      
       strlen.c.obj                    20      0         0      
       wcslen.c.obj                    18      0         0      
       copy_decompress_none.c.obj      14      0         0      
       copy_zero_init.c.obj            12      0         0      
       errno.c.obj                     8       0         4      
       exit.c.obj                      4       0         0      
       pre_init.c.obj                  4       0         0      
       div0.asm.obj                    2       0         0      
    +--+-------------------------------+-------+---------+---------+
       Total:                          7945    257       4      
                                                                
       Stack:                          0       0         2000   
       Linker Generated:               0       66        0      
    +--+-------------------------------+-------+---------+---------+
       Grand Total:                    41433   2139      6449   


LINKER GENERATED COPY TABLES

__TI_cinit_table @ 0000aa38 records: 3, size/record: 8, table size: 24
	.data: load addr=0000aa08, load size=0000000e bytes, run addr=20001650, run size=000002ec bytes, compression=lzss
	.bss: load addr=0000aa28, load size=00000008 bytes, run addr=2000026c, run size=00000c0f bytes, compression=zero_init
	.vtable: load addr=0000aa30, load size=00000008 bytes, run addr=20000000, run size=0000026c bytes, compression=zero_init


LINKER GENERATED HANDLER TABLE

__TI_handler_table @ 0000aa18 records: 3, size/record: 4, table size: 12
	index: 0, handler: __TI_zero_init
	index: 1, handler: __TI_decompress_lzss
	index: 2, handler: __TI_decompress_none


GLOBAL SYMBOLS: SORTED ALPHABETICALLY BY Name 

address   name                                  
-------   ----                                  
0000723b  ADC0_InSeq3                           
00007161  ADC0_InitAllTriggerSeq3               
00007071  ADC0_InitSWTriggerSeq3                
00006b9d  ADC0_InitSWTriggerSeq3_Ch0            
0000a3eb  C$$EXIT                               
0000960f  CC3100_InterruptDisable               
00009603  CC3100_InterruptEnable                
000095db  CC3100_disable                        
000095ef  CC3100_enable                         
00008d0f  CLI_Configure                         
00008c69  CLI_Read                              
00008cb5  CLI_Write                             
0000a381  CPUcpsie                              
00003719  CreateConnection                      
20000d24  Edxpost                               
000036f7  ExecuteInstructions                   
0000a309  FPUEnable                             
0000a319  FPULazyStackingEnable                 
0000a177  GPIODirModeSet                        
0000a3d5  GPIOIntClear                          
0000a349  GPIOIntDisable                        
0000a38d  GPIOIntEnable                         
0000a357  GPIOIntStatus                         
00009cc9  GPIOIntTypeSet                        
0000962d  GPIOM_intHandler                      
0000903b  GPIOPadConfigSet                      
00009e69  GPIOPinConfigure                      
0000a2c1  GPIOPinTypeGPIOInput                  
0000a2d3  GPIOPinTypeSSI                        
0000a3db  GPIOPinWrite                          
00003709  GetHostIP                             
000036cb  GetInstruction                        
20000d88  Id                                    
00009b39  IntEnable                             
20000e78  IntIsMasked                           
0000a329  IntMasterEnable                       
0000a079  IntRegister                           
00002659  Lab16                                 
0000961b  MaskIntHdlr                           
0000a780  OpcodeTranslateTable                  
00009291  PLL_Init                              
0000a3a5  ResetISR                              
20000e79  RxIrqCnt                              
000046c9  SL_FD_CLR                             
000046f1  SL_FD_ISSET                           
000046a1  SL_FD_SET                             
0000471d  SL_FD_ZERO                            
0000a3c5  SSIBusy                               
0000a003  SSIConfigSetExpClk                    
0000a2e5  SSIDataGetNonBlocking                 
0000a365  SSIDataPutNonBlocking                 
0000a3b1  SSIEnable                             
20000dec  Score                                 
00002ffd  SendDecimal                           
00002e6d  SendTDS                               
0000209d  SimpleLinkGeneralEventHandler         
0000206b  SimpleLinkHttpServerCallback          
00002029  SimpleLinkNetAppEventHandler          
00002079  SimpleLinkPingReport                  
000020a9  SimpleLinkSockEventHandler            
00001fbd  SimpleLinkWlanEventHandler            
000083d9  SysCtlClockFreqSet                    
0000a3e1  SysCtlDelay                           
0000a0ad  SysCtlPeripheralEnable                
0000a25d  SysTickDisable                        
0000a271  SysTickEnable                         
0000a285  SysTickIntEnable                      
0000a1c1  SysTickIntRegister                    
0000a339  SysTickPeriodSet                      
000099e5  SysTick_Init                          
00009a01  SysTick_Wait                          
00009a27  SysTick_Wait10ms                      
0000962b  UARTRxTxHandler                       
00009623  UnMaskIntHdlr                         
0000a7bc  _SlActionLookupTable                  
00001e6d  _SlDriverHandleError                  
00001685  _SlDrvBasicCmd                        
00000565  _SlDrvCmdOp                           
000016d9  _SlDrvCmdSend                         
00000621  _SlDrvDataReadOp                      
00000801  _SlDrvDataWriteOp                     
00007e91  _SlDrvDeviceEventHandler              
00001cdb  _SlDrvDispatchHttpServerEvents        
000003ed  _SlDrvDriverCBDeinit                  
0000024f  _SlDrvDriverCBInit                    
00001dbf  _SlDrvGlobalObjUnLock                 
00001f2d  _SlDrvIsTimeoutExpired                
00001de1  _SlDrvMemZero                         
00001295  _SlDrvMsgReadSpawnCtx                 
00006039  _SlDrvNetAppEventHandler              
00001d0b  _SlDrvObjLockWaitForever              
00001d59  _SlDrvObjUnLock                       
00000209  _SlDrvProtectAsyncRespSetting         
00001d31  _SlDrvProtectionObjLockWaitForever    
00001d79  _SlDrvProtectionObjUnLock             
000018e7  _SlDrvReleasePoolObj                  
00001df7  _SlDrvResetCmdExt                     
00000511  _SlDrvRxIrqHandler                    
00001f0d  _SlDrvStartMeasureTimeout             
00001ceb  _SlDrvSyncObjSignal                   
00001e09  _SlDrvSyncObjWaitForever              
00001e2d  _SlDrvSyncObjWaitTimeout              
00001755  _SlDrvWaitForPoolObj                  
0000a998  _SlNetAppSendTokenValueCmdCtrl        
00008a85  _SlNonOsMainLoopTask                  
0000897d  _SlNonOsSemGet                        
00008965  _SlNonOsSemSet                        
00008a25  _SlNonOsSpawn                         
20001650  __STACK_END                           
000007d0  __STACK_SIZE                          
20001080  __STACK_TOP                           
0000aa38  __TI_CINIT_Base                       
0000aa50  __TI_CINIT_Limit                      
0000aa18  __TI_Handler_Table_Base               
0000aa24  __TI_Handler_Table_Limit              
00009f41  __TI_auto_init_nobinit_nopinit        
00009ba1  __TI_decompress_lzss                  
0000a373  __TI_decompress_none                  
ffffffff  __TI_pprof_out_hndl                   
0000614d  __TI_printfi                          
ffffffff  __TI_prof_data_size                   
ffffffff  __TI_prof_data_start                  
00000000  __TI_static_base__                    
0000a399  __TI_zero_init                        
0000985d  __aeabi_cdcmpeq                       
0000985d  __aeabi_cdcmple                       
000098e3  __aeabi_cdrcmple                      
00009acb  __aeabi_d2f                           
00009ef9  __aeabi_d2iz                          
000087b7  __aeabi_dadd                          
00008f05  __aeabi_ddiv                          
000094b1  __aeabi_dmul                          
000087ad  __aeabi_dsub                          
0000a3cd  __aeabi_errno_addr                    
0000a03f  __aeabi_f2d                           
0000a149  __aeabi_i2d                           
00006b9b  __aeabi_idiv0                         
00006b9b  __aeabi_ldiv0                         
00009969  __aeabi_memclr                        
00009969  __aeabi_memclr4                       
00009969  __aeabi_memclr8                       
0000972b  __aeabi_memcpy                        
0000972b  __aeabi_memcpy4                       
0000972b  __aeabi_memcpy8                       
0000996b  __aeabi_memset                        
0000996b  __aeabi_memset4                       
0000996b  __aeabi_memset8                       
000097c7  __aeabi_uldivmod                      
ffffffff  __binit__                             
ffffffff  __c_args__                            
UNDEFED   __mpu_init                            
20000e80  __stack                               
0000a0e1  _c_int00_noargs                       
0000a510  _ctypes_                              
0000429d  _sl_HandleAsync_Accept                
00003e5b  _sl_HandleAsync_Connect               
00005a3b  _sl_HandleAsync_DnsGetHostByAddr      
00005b89  _sl_HandleAsync_DnsGetHostByName      
00005975  _sl_HandleAsync_DnsGetHostByService   
00007acd  _sl_HandleAsync_InitComplete          
00005c5d  _sl_HandleAsync_PingResponse          
000042fd  _sl_HandleAsync_Select                
00007b51  _sl_HandleAsync_Stop                  
00005f19  _sl_NetAppSendTokenValue              
0000388d  _sl_ParseAddress                      
UNDEFED   _system_post_cinit                    
0000a3e7  _system_pre_init                      
0000a3eb  abort                                 
2000026c  appData                               
00009e1d  atoi                                  
ffffffff  binit                                 
000029e5  buildDecimal                          
000027e1  buildTDS                              
20001650  buildstr                              
00002539  checkInternetConnection               
000024a5  checkLanConnection                    
00002245  configureSimpleLinkToDefaultState     
2000191c  contentLength                         
0000a215  copysign                              
0000a215  copysignl                             
200018f8  currentDay                            
200018f4  currentHour                           
200018f0  currentMinutes                        
200018fc  currentMonth                          
20001904  currentSecond                         
20001900  currentYear                           
00002609  displayBanner                         
20001934  errno                                 
00002439  establishConnectionWithAP             
00009c09  frexp                                 
00009c09  frexpl                                
20001924  g_GatewayIP                           
20001920  g_PingPacketsRecv                     
2000190c  g_SlDeviceStatus                      
20000e68  g_Status                              
20000e6c  g_SysClock                            
20001850  g__SlNonOsCB                          
20000e7a  g_bDeviceRestartIsRequired            
20001910  g_pCB                                 
20000000  g_pfnRAMVectors                       
00000000  g_pfnVectors                          
20000e70  g_ucUARTBuffer                        
00002de9  getCurrentDay                         
00002dfb  getCurrentHour                        
00002e05  getCurrentMinute                      
00002def  getCurrentMonth                       
00002e0b  getCurrentSecond                      
00002df5  getCurrentYear                        
000033f1  getNextInstruction                    
00003195  getNumberOfInstructions               
00007503  getPh                                 
00007397  getTDS                                
000095ad  initClk                               
000025ef  initializeAppVariables                
2000089c  instructions                          
20001908  lastSyncMinutes                       
000093a1  ldexp                                 
000093a1  ldexpl                                
00009d75  ltoa                                  
0000760d  main                                  
000072c5  median                                
0000a1f9  memccpy                               
0000972b  memcpy                                
00009971  memset                                
200018be  mystring                              
2000188c  mystring2                             
20000e74  numberOfInstructions                  
20001930  pIrqEventHandler                      
20001914  pPingCallBackFunc                     
000095c7  registerInterruptHandler              
000093a1  scalbn                                
000093a1  scalbnl                               
00004075  sl_Accept                             
000039b7  sl_Bind                               
00003965  sl_Close                              
00003ce5  sl_Connect                            
00007d41  sl_DevGet                             
00007e03  sl_DevSet                             
00007cd5  sl_EventMaskGet                       
00007c6f  sl_EventMaskSet                       
00004487  sl_GetSockOpt                         
0000421b  sl_Htonl                              
00004261  sl_Htons                              
00004005  sl_Listen                             
00005a4d  sl_NetAppDnsGetHostByName             
0000586d  sl_NetAppDnsGetHostByService          
00005f85  sl_NetAppGet                          
000055d5  sl_NetAppGetServiceList               
0000579d  sl_NetAppMDNSRegisterService          
000056c7  sl_NetAppMDNSRegisterUnregisterService
00005801  sl_NetAppMDNSUnRegisterService        
00005ce9  sl_NetAppPingStart                    
00005e87  sl_NetAppSet                          
0000553d  sl_NetAppStart                        
00005589  sl_NetAppStop                         
00008b8b  sl_NetCfgGet                          
00008b01  sl_NetCfgSet                          
00004355  sl_Recv                               
00003ba5  sl_RecvFrom                           
0000453f  sl_Select                             
00003ed9  sl_Send                               
00003a65  sl_SendTo                             
000043fd  sl_SetSockOpt                         
000038e7  sl_Socket                             
000079f9  sl_Start                              
00007b9b  sl_Stop                               
000079f1  sl_Task                               
00004745  sl_WlanConnect                        
000049b5  sl_WlanDisconnect                     
00005465  sl_WlanGet                            
00004f7d  sl_WlanGetNetworkList                 
00004a79  sl_WlanPolicyGet                      
000049e9  sl_WlanPolicySet                      
00004b6d  sl_WlanProfileAdd                     
00004f2b  sl_WlanProfileDel                     
00004e21  sl_WlanProfileGet                     
00005013  sl_WlanRxFilterAdd                    
0000512d  sl_WlanRxFilterGet                    
000050a9  sl_WlanRxFilterSet                    
00005225  sl_WlanRxStatGet                      
000051c1  sl_WlanRxStatStart                    
000051f1  sl_WlanRxStatStop                     
000053c9  sl_WlanSet                            
00005371  sl_WlanSetMode                        
000052b9  sl_WlanSmartConfigStart               
00005285  sl_WlanSmartConfigStop                
000081b9  spi_Close                             
000081c5  spi_Open                              
0000832d  spi_Read                              
000082c9  spi_Write                             
00009f85  sprintf                               
000095c5  stopWDT                               
0000a1a1  strcat                                
0000a247  strchr                                
20001928  strcontentlength                      
0000a299  strcpy                                
0000a2ad  strlen                                
0000a115  strstr                                
20000e50  theTime                               
00009ca9  timer_GetCurrentTimestamp             
00002b45  updateLocalTime                       
0000a2f7  wcslen                                


GLOBAL SYMBOLS: SORTED BY Symbol Address 

address   name                                  
-------   ----                                  
00000000  __TI_static_base__                    
00000000  g_pfnVectors                          
00000209  _SlDrvProtectAsyncRespSetting         
0000024f  _SlDrvDriverCBInit                    
000003ed  _SlDrvDriverCBDeinit                  
00000511  _SlDrvRxIrqHandler                    
00000565  _SlDrvCmdOp                           
00000621  _SlDrvDataReadOp                      
000007d0  __STACK_SIZE                          
00000801  _SlDrvDataWriteOp                     
00001295  _SlDrvMsgReadSpawnCtx                 
00001685  _SlDrvBasicCmd                        
000016d9  _SlDrvCmdSend                         
00001755  _SlDrvWaitForPoolObj                  
000018e7  _SlDrvReleasePoolObj                  
00001cdb  _SlDrvDispatchHttpServerEvents        
00001ceb  _SlDrvSyncObjSignal                   
00001d0b  _SlDrvObjLockWaitForever              
00001d31  _SlDrvProtectionObjLockWaitForever    
00001d59  _SlDrvObjUnLock                       
00001d79  _SlDrvProtectionObjUnLock             
00001dbf  _SlDrvGlobalObjUnLock                 
00001de1  _SlDrvMemZero                         
00001df7  _SlDrvResetCmdExt                     
00001e09  _SlDrvSyncObjWaitForever              
00001e2d  _SlDrvSyncObjWaitTimeout              
00001e6d  _SlDriverHandleError                  
00001f0d  _SlDrvStartMeasureTimeout             
00001f2d  _SlDrvIsTimeoutExpired                
00001fbd  SimpleLinkWlanEventHandler            
00002029  SimpleLinkNetAppEventHandler          
0000206b  SimpleLinkHttpServerCallback          
00002079  SimpleLinkPingReport                  
0000209d  SimpleLinkGeneralEventHandler         
000020a9  SimpleLinkSockEventHandler            
00002245  configureSimpleLinkToDefaultState     
00002439  establishConnectionWithAP             
000024a5  checkLanConnection                    
00002539  checkInternetConnection               
000025ef  initializeAppVariables                
00002609  displayBanner                         
00002659  Lab16                                 
000027e1  buildTDS                              
000029e5  buildDecimal                          
00002b45  updateLocalTime                       
00002de9  getCurrentDay                         
00002def  getCurrentMonth                       
00002df5  getCurrentYear                        
00002dfb  getCurrentHour                        
00002e05  getCurrentMinute                      
00002e0b  getCurrentSecond                      
00002e6d  SendTDS                               
00002ffd  SendDecimal                           
00003195  getNumberOfInstructions               
000033f1  getNextInstruction                    
000036cb  GetInstruction                        
000036f7  ExecuteInstructions                   
00003709  GetHostIP                             
00003719  CreateConnection                      
0000388d  _sl_ParseAddress                      
000038e7  sl_Socket                             
00003965  sl_Close                              
000039b7  sl_Bind                               
00003a65  sl_SendTo                             
00003ba5  sl_RecvFrom                           
00003ce5  sl_Connect                            
00003e5b  _sl_HandleAsync_Connect               
00003ed9  sl_Send                               
00004005  sl_Listen                             
00004075  sl_Accept                             
0000421b  sl_Htonl                              
00004261  sl_Htons                              
0000429d  _sl_HandleAsync_Accept                
000042fd  _sl_HandleAsync_Select                
00004355  sl_Recv                               
000043fd  sl_SetSockOpt                         
00004487  sl_GetSockOpt                         
0000453f  sl_Select                             
000046a1  SL_FD_SET                             
000046c9  SL_FD_CLR                             
000046f1  SL_FD_ISSET                           
0000471d  SL_FD_ZERO                            
00004745  sl_WlanConnect                        
000049b5  sl_WlanDisconnect                     
000049e9  sl_WlanPolicySet                      
00004a79  sl_WlanPolicyGet                      
00004b6d  sl_WlanProfileAdd                     
00004e21  sl_WlanProfileGet                     
00004f2b  sl_WlanProfileDel                     
00004f7d  sl_WlanGetNetworkList                 
00005013  sl_WlanRxFilterAdd                    
000050a9  sl_WlanRxFilterSet                    
0000512d  sl_WlanRxFilterGet                    
000051c1  sl_WlanRxStatStart                    
000051f1  sl_WlanRxStatStop                     
00005225  sl_WlanRxStatGet                      
00005285  sl_WlanSmartConfigStop                
000052b9  sl_WlanSmartConfigStart               
00005371  sl_WlanSetMode                        
000053c9  sl_WlanSet                            
00005465  sl_WlanGet                            
0000553d  sl_NetAppStart                        
00005589  sl_NetAppStop                         
000055d5  sl_NetAppGetServiceList               
000056c7  sl_NetAppMDNSRegisterUnregisterService
0000579d  sl_NetAppMDNSRegisterService          
00005801  sl_NetAppMDNSUnRegisterService        
0000586d  sl_NetAppDnsGetHostByService          
00005975  _sl_HandleAsync_DnsGetHostByService   
00005a3b  _sl_HandleAsync_DnsGetHostByAddr      
00005a4d  sl_NetAppDnsGetHostByName             
00005b89  _sl_HandleAsync_DnsGetHostByName      
00005c5d  _sl_HandleAsync_PingResponse          
00005ce9  sl_NetAppPingStart                    
00005e87  sl_NetAppSet                          
00005f19  _sl_NetAppSendTokenValue              
00005f85  sl_NetAppGet                          
00006039  _SlDrvNetAppEventHandler              
0000614d  __TI_printfi                          
00006b9b  __aeabi_idiv0                         
00006b9b  __aeabi_ldiv0                         
00006b9d  ADC0_InitSWTriggerSeq3_Ch0            
00007071  ADC0_InitSWTriggerSeq3                
00007161  ADC0_InitAllTriggerSeq3               
0000723b  ADC0_InSeq3                           
000072c5  median                                
00007397  getTDS                                
00007503  getPh                                 
0000760d  main                                  
000079f1  sl_Task                               
000079f9  sl_Start                              
00007acd  _sl_HandleAsync_InitComplete          
00007b51  _sl_HandleAsync_Stop                  
00007b9b  sl_Stop                               
00007c6f  sl_EventMaskSet                       
00007cd5  sl_EventMaskGet                       
00007d41  sl_DevGet                             
00007e03  sl_DevSet                             
00007e91  _SlDrvDeviceEventHandler              
000081b9  spi_Close                             
000081c5  spi_Open                              
000082c9  spi_Write                             
0000832d  spi_Read                              
000083d9  SysCtlClockFreqSet                    
000087ad  __aeabi_dsub                          
000087b7  __aeabi_dadd                          
00008965  _SlNonOsSemSet                        
0000897d  _SlNonOsSemGet                        
00008a25  _SlNonOsSpawn                         
00008a85  _SlNonOsMainLoopTask                  
00008b01  sl_NetCfgSet                          
00008b8b  sl_NetCfgGet                          
00008c69  CLI_Read                              
00008cb5  CLI_Write                             
00008d0f  CLI_Configure                         
00008f05  __aeabi_ddiv                          
0000903b  GPIOPadConfigSet                      
00009291  PLL_Init                              
000093a1  ldexp                                 
000093a1  ldexpl                                
000093a1  scalbn                                
000093a1  scalbnl                               
000094b1  __aeabi_dmul                          
000095ad  initClk                               
000095c5  stopWDT                               
000095c7  registerInterruptHandler              
000095db  CC3100_disable                        
000095ef  CC3100_enable                         
00009603  CC3100_InterruptEnable                
0000960f  CC3100_InterruptDisable               
0000961b  MaskIntHdlr                           
00009623  UnMaskIntHdlr                         
0000962b  UARTRxTxHandler                       
0000962d  GPIOM_intHandler                      
0000972b  __aeabi_memcpy                        
0000972b  __aeabi_memcpy4                       
0000972b  __aeabi_memcpy8                       
0000972b  memcpy                                
000097c7  __aeabi_uldivmod                      
0000985d  __aeabi_cdcmpeq                       
0000985d  __aeabi_cdcmple                       
000098e3  __aeabi_cdrcmple                      
00009969  __aeabi_memclr                        
00009969  __aeabi_memclr4                       
00009969  __aeabi_memclr8                       
0000996b  __aeabi_memset                        
0000996b  __aeabi_memset4                       
0000996b  __aeabi_memset8                       
00009971  memset                                
000099e5  SysTick_Init                          
00009a01  SysTick_Wait                          
00009a27  SysTick_Wait10ms                      
00009acb  __aeabi_d2f                           
00009b39  IntEnable                             
00009ba1  __TI_decompress_lzss                  
00009c09  frexp                                 
00009c09  frexpl                                
00009ca9  timer_GetCurrentTimestamp             
00009cc9  GPIOIntTypeSet                        
00009d75  ltoa                                  
00009e1d  atoi                                  
00009e69  GPIOPinConfigure                      
00009ef9  __aeabi_d2iz                          
00009f41  __TI_auto_init_nobinit_nopinit        
00009f85  sprintf                               
0000a003  SSIConfigSetExpClk                    
0000a03f  __aeabi_f2d                           
0000a079  IntRegister                           
0000a0ad  SysCtlPeripheralEnable                
0000a0e1  _c_int00_noargs                       
0000a115  strstr                                
0000a149  __aeabi_i2d                           
0000a177  GPIODirModeSet                        
0000a1a1  strcat                                
0000a1c1  SysTickIntRegister                    
0000a1f9  memccpy                               
0000a215  copysign                              
0000a215  copysignl                             
0000a247  strchr                                
0000a25d  SysTickDisable                        
0000a271  SysTickEnable                         
0000a285  SysTickIntEnable                      
0000a299  strcpy                                
0000a2ad  strlen                                
0000a2c1  GPIOPinTypeGPIOInput                  
0000a2d3  GPIOPinTypeSSI                        
0000a2e5  SSIDataGetNonBlocking                 
0000a2f7  wcslen                                
0000a309  FPUEnable                             
0000a319  FPULazyStackingEnable                 
0000a329  IntMasterEnable                       
0000a339  SysTickPeriodSet                      
0000a349  GPIOIntDisable                        
0000a357  GPIOIntStatus                         
0000a365  SSIDataPutNonBlocking                 
0000a373  __TI_decompress_none                  
0000a381  CPUcpsie                              
0000a38d  GPIOIntEnable                         
0000a399  __TI_zero_init                        
0000a3a5  ResetISR                              
0000a3b1  SSIEnable                             
0000a3c5  SSIBusy                               
0000a3cd  __aeabi_errno_addr                    
0000a3d5  GPIOIntClear                          
0000a3db  GPIOPinWrite                          
0000a3e1  SysCtlDelay                           
0000a3e7  _system_pre_init                      
0000a3eb  C$$EXIT                               
0000a3eb  abort                                 
0000a510  _ctypes_                              
0000a780  OpcodeTranslateTable                  
0000a7bc  _SlActionLookupTable                  
0000a998  _SlNetAppSendTokenValueCmdCtrl        
0000aa18  __TI_Handler_Table_Base               
0000aa24  __TI_Handler_Table_Limit              
0000aa38  __TI_CINIT_Base                       
0000aa50  __TI_CINIT_Limit                      
20000000  g_pfnRAMVectors                       
2000026c  appData                               
2000089c  instructions                          
20000d24  Edxpost                               
20000d88  Id                                    
20000dec  Score                                 
20000e50  theTime                               
20000e68  g_Status                              
20000e6c  g_SysClock                            
20000e70  g_ucUARTBuffer                        
20000e74  numberOfInstructions                  
20000e78  IntIsMasked                           
20000e79  RxIrqCnt                              
20000e7a  g_bDeviceRestartIsRequired            
20000e80  __stack                               
20001080  __STACK_TOP                           
20001650  __STACK_END                           
20001650  buildstr                              
20001850  g__SlNonOsCB                          
2000188c  mystring2                             
200018be  mystring                              
200018f0  currentMinutes                        
200018f4  currentHour                           
200018f8  currentDay                            
200018fc  currentMonth                          
20001900  currentYear                           
20001904  currentSecond                         
20001908  lastSyncMinutes                       
2000190c  g_SlDeviceStatus                      
20001910  g_pCB                                 
20001914  pPingCallBackFunc                     
2000191c  contentLength                         
20001920  g_PingPacketsRecv                     
20001924  g_GatewayIP                           
20001928  strcontentlength                      
20001930  pIrqEventHandler                      
20001934  errno                                 
ffffffff  __TI_pprof_out_hndl                   
ffffffff  __TI_prof_data_size                   
ffffffff  __TI_prof_data_start                  
ffffffff  __binit__                             
ffffffff  __c_args__                            
ffffffff  binit                                 
UNDEFED   __mpu_init                            
UNDEFED   _system_post_cinit                    

[302 symbols]
