******************************************************************************
                  TI ARM Linker PC v18.12.1                    
******************************************************************************
>> Linked Fri Jul 12 22:45:41 2019

OUTPUT FILE NAME:   <getting_started_with_wlan_station.out>
ENTRY POINT SYMBOL: "_c_int00_noargs"  address: 00008e41


MEMORY CONFIGURATION

         name            origin    length      used     unused   attr    fill
----------------------  --------  ---------  --------  --------  ----  --------
  FLASH                 00000000   00100000  000097aa  000f6856  R  X
  SRAM                  20000000   00040000  000010bf  0003ef41  RW X


SEGMENT ALLOCATION MAP

run origin  load origin   length   init length attrs members
----------  ----------- ---------- ----------- ----- -------
00000000    00000000    000097b0   000097b0    r-x
  00000000    00000000    00000208   00000208    r-- .intvecs
  00000208    00000208    00008f46   00008f46    r-x .text
  00009150    00009150    00000614   00000614    r-- .const
  00009768    00009768    00000048   00000048    r-- .cinit
20000000    20000000    000010c0   00000000    rw-
  20000000    20000000    0000026c   00000000    rw- .vtable
  2000026c    2000026c    00000b0b   00000000    rw- .bss
  20000d78    20000d78    000002c0   00000000    rw- .stack
  20001038    20001038    00000088   00000000    rw- .data


SECTION ALLOCATION MAP

 output                                  attributes/
section   page    origin      length       input sections
--------  ----  ----------  ----------   ----------------
.intvecs   0    00000000    00000208     
                  00000000    00000208     tm4c1294ncpdt_startup_ccs.obj (.intvecs)

.text      0    00000208    00008f46     
                  00000208    00001db4     driver.obj (.text)
                  00001fbc    00001020     connect.obj (.text)
                  00002fdc    00000f40     socket.obj (.text)
                  00003f1c    00000df8     wlan.obj (.text)
                  00004d14    00000c10     netapp.obj (.text)
                  00005924    00000a4e     rtsv7M4_T_le_v4SPD16_eabi.lib : _printfi.c.obj (.text:__TI_printfi)
                  00006372    00000002                                   : div0.asm.obj (.text)
                  00006374    0000056c     device.obj (.text)
                  000068e0    00000400     main.obj (.text)
                  00006ce0    00000270     rtsv7M4_T_le_v4SPD16_eabi.lib : _printfi.c.obj (.text:_pconv_a)
                  00006f50    00000220     spi.obj (.text)
                  00007170    00000204     driverlib.lib : sysctl.obj (.text:SysCtlClockFreqSet)
                  00007374    000001d0     rtsv7M4_T_le_v4SPD16_eabi.lib : _printfi.c.obj (.text:_pconv_g)
                  00007544    000001b6                                   : fd_add_t2.asm.obj (.text)
                  000076fa    00000002     --HOLE-- [fill = 0]
                  000076fc    0000019c     nonos.obj (.text)
                  00007898    00000168     netcfg.obj (.text)
                  00007a00    00000160     cli_uart.obj (.text)
                  00007b60    0000013c     rtsv7M4_T_le_v4SPD16_eabi.lib : _printfi.c.obj (.text:_pconv_e)
                  00007c9c    00000136                                   : fd_div_t2.asm.obj (.text)
                  00007dd2    00000130     driverlib.lib : gpio.obj (.text:GPIOPadConfigSet)
                  00007f02    00000002     --HOLE-- [fill = 0]
                  00007f04    00000124     rtsv7M4_T_le_v4SPD16_eabi.lib : _printfi.c.obj (.text:fcvt)
                  00008028    00000110     PLL.obj (.text)
                  00008138    00000110     rtsv7M4_T_le_v4SPD16_eabi.lib : s_scalbn.c.obj (.text:scalbn)
                  00008248    000000fc                                   : fd_mul_t2.asm.obj (.text)
                  00008344    000000cc     board.obj (.text)
                  00008410    000000b1     rtsv7M4_T_le_v4SPD16_eabi.lib : _printfi.c.obj (.text:_ltostr)
                  000084c1    00000001     --HOLE-- [fill = 0]
                  000084c2    0000009c                                   : memcpy_t2.asm.obj (.text)
                  0000855e    00000096                                   : ull_div_t2.asm.obj (.text)
                  000085f4    00000086                                   : fd_cmp_t2.asm.obj (.text:__aeabi_cdcmple)
                  0000867a    00000086                                   : fd_cmp_t2.asm.obj (.text:__aeabi_cdrcmple)
                  00008700    0000007a                                   : memset_t2.asm.obj (.text)
                  0000877a    00000002     --HOLE-- [fill = 0]
                  0000877c    00000078     SysTick.obj (.text)
                  000087f4    0000006e     rtsv7M4_T_le_v4SPD16_eabi.lib : _printfi.c.obj (.text:_mcpy)
                  00008862    0000006e                                   : fd_tos_t2.asm.obj (.text)
                  000088d0    00000068     driverlib.lib : interrupt.obj (.text:IntEnable)
                  00008938    00000068     rtsv7M4_T_le_v4SPD16_eabi.lib : copy_decompress_lzss.c.obj (.text:decompress:lzss:__TI_decompress_lzss)
                  000089a0    00000064                                   : s_frexp.c.obj (.text:frexp)
                  00008a04    0000005c     timer_tick.obj (.text)
                  00008a60    00000056     driverlib.lib : gpio.obj (.text:GPIOIntTypeSet)
                  00008ab6    00000056     rtsv7M4_T_le_v4SPD16_eabi.lib : _printfi.c.obj (.text:_pconv_f)
                  00008b0c    00000054                                   : ltoa.c.obj (.text:ltoa)
                  00008b60    00000052                                   : _printfi.c.obj (.text:_ecpy)
                  00008bb2    00000002     --HOLE-- [fill = 0]
                  00008bb4    0000004c                                   : atoi.c.obj (.text:atoi)
                  00008c00    00000048     driverlib.lib : gpio.obj (.text:GPIOPinConfigure)
                  00008c48    00000048                   : sysctl.obj (.text:_SysCtlFrequencyGet)
                  00008c90    00000048     rtsv7M4_T_le_v4SPD16_eabi.lib : fd_toi_t2.asm.obj (.text)
                  00008cd8    00000044                                   : autoinit.c.obj (.text:__TI_auto_init_nobinit_nopinit:__TI_auto_init_nobinit_nopinit)
                  00008d1c    00000040                                   : sprintf.c.obj (.text:sprintf)
                  00008d5c    0000003e                                   : _printfi.c.obj (.text:_fcpy)
                  00008d9a    0000003c     driverlib.lib : ssi.obj (.text:SSIConfigSetExpClk)
                  00008dd6    00000002     --HOLE-- [fill = 0]
                  00008dd8    00000034                   : interrupt.obj (.text:IntRegister)
                  00008e0c    00000034                   : sysctl.obj (.text:SysCtlPeripheralEnable)
                  00008e40    00000034     rtsv7M4_T_le_v4SPD16_eabi.lib : boot_cortex_m.c.obj (.text:_c_int00_noargs:_c_int00_noargs)
                  00008e74    00000034                                   : strstr.c.obj (.text:strstr)
                  00008ea8    0000002e                                   : i_tofd_t2.asm.obj (.text)
                  00008ed6    0000002a     driverlib.lib : gpio.obj (.text:GPIODirModeSet)
                  00008f00    0000001e     rtsv7M4_T_le_v4SPD16_eabi.lib : strcat.c.obj (.text:strcat)
                  00008f1e    00000002     --HOLE-- [fill = 0]
                  00008f20    0000001c     driverlib.lib : systick.obj (.text:SysTickIntRegister)
                  00008f3c    0000001c                   : sysctl.obj (.text:_SysCtlMemTimingGet)
                  00008f58    0000001c     rtsv7M4_T_le_v4SPD16_eabi.lib : memccpy.c.obj (.text:memccpy)
                  00008f74    0000001a                                   : s_copysign.c.obj (.text:copysign)
                  00008f8e    00000018                                   : sprintf.c.obj (.text:_outs)
                  00008fa6    00000016                                   : strchr.c.obj (.text:strchr)
                  00008fbc    00000014     driverlib.lib : systick.obj (.text:SysTickDisable)
                  00008fd0    00000014                   : systick.obj (.text:SysTickEnable)
                  00008fe4    00000014                   : systick.obj (.text:SysTickIntEnable)
                  00008ff8    00000014     rtsv7M4_T_le_v4SPD16_eabi.lib : strcpy.c.obj (.text:strcpy)
                  0000900c    00000014                                   : strlen.c.obj (.text:strlen)
                  00009020    00000012     driverlib.lib : gpio.obj (.text:GPIOPinTypeGPIOInput)
                  00009032    00000012                   : gpio.obj (.text:GPIOPinTypeSSI)
                  00009044    00000012                   : ssi.obj (.text:SSIDataGetNonBlocking)
                  00009056    00000012     rtsv7M4_T_le_v4SPD16_eabi.lib : wcslen.c.obj (.text:wcslen)
                  00009068    00000010     driverlib.lib : fpu.obj (.text:FPUEnable)
                  00009078    00000010                   : fpu.obj (.text:FPULazyStackingEnable)
                  00009088    00000010                   : interrupt.obj (.text:IntMasterEnable)
                  00009098    00000010                   : systick.obj (.text:SysTickPeriodSet)
                  000090a8    0000000e                   : gpio.obj (.text:GPIOIntDisable)
                  000090b6    0000000e                   : gpio.obj (.text:GPIOIntStatus)
                  000090c4    0000000e                   : ssi.obj (.text:SSIDataPutNonBlocking)
                  000090d2    0000000e     rtsv7M4_T_le_v4SPD16_eabi.lib : copy_decompress_none.c.obj (.text:decompress:none:__TI_decompress_none)
                  000090e0    0000000c     driverlib.lib : cpu.obj (.text:CPUcpsie)
                  000090ec    0000000c                   : gpio.obj (.text:GPIOIntEnable)
                  000090f8    0000000c     rtsv7M4_T_le_v4SPD16_eabi.lib : copy_zero_init.c.obj (.text:decompress:ZI:__TI_zero_init)
                  00009104    0000000c     tm4c1294ncpdt_startup_ccs.obj (.text)
                  00009110    0000000a     driverlib.lib : ssi.obj (.text:SSIEnable)
                  0000911a    0000000a     rtsv7M4_T_le_v4SPD16_eabi.lib : sprintf.c.obj (.text:_outc)
                  00009124    00000008     driverlib.lib : ssi.obj (.text:SSIBusy)
                  0000912c    00000008     rtsv7M4_T_le_v4SPD16_eabi.lib : errno.c.obj (.text:__aeabi_errno_addr)
                  00009134    00000006     driverlib.lib : gpio.obj (.text:GPIOIntClear)
                  0000913a    00000006                   : gpio.obj (.text:GPIOPinWrite)
                  00009140    00000006                   : sysctl.obj (.text:SysCtlDelay)
                  00009146    00000004     rtsv7M4_T_le_v4SPD16_eabi.lib : pre_init.c.obj (.text:_system_pre_init)
                  0000914a    00000004                                   : exit.c.obj (.text:abort:abort)

.const     0    00009150    00000614     
                  00009150    00000120     driverlib.lib : sysctl.obj (.const:g_pppui32XTALtoVCO)
                  00009270    00000101     rtsv7M4_T_le_v4SPD16_eabi.lib : ctype.c.obj (.const:.string:_ctypes_)
                  00009371    00000003     --HOLE-- [fill = 0]
                  00009374    00000090     driverlib.lib : gpio.obj (.const:g_pui32GPIOBaseAddrs)
                  00009404    00000070                   : interrupt.obj (.const)
                  00009474    0000006c                   : sysctl.obj (.const:g_pui32Xtals)
                  000094e0    0000003c     driver.obj (.const:OpcodeTranslateTable)
                  0000951c    00000038     driver.obj (.const:_SlActionLookupTable)
                  00009554    00000030     driverlib.lib : sysctl.obj (.const:g_sXTALtoMEMTIM)
                  00009584    0000002c     connect.obj (.const:$P$T0$1)
                  000095b0    00000020     connect.obj (.const:$P$T3$4)
                  000095d0    00000020     connect.obj (.const:$P$T5$6)
                  000095f0    00000020     driver.obj (.const:RxMsgClassLUT)
                  00009610    00000014     driver.obj (.const:$P$T0$1)
                  00009624    00000014     nonos.obj (.const:$P$T0$1)
                  00009638    00000014     connect.obj (.const:$P$T1$2)
                  0000964c    00000014     connect.obj (.const:$P$T4$5)
                  00009660    00000014     connect.obj (.const:$P$T6$7)
                  00009674    00000010     socket.obj (.const:.string:_SlPayloadByProtocolLUT)
                  00009684    0000000c     connect.obj (.const:$P$T2$3)
                  00009690    00000008     device.obj (.const:StartResponseLUT)
                  00009698    00000008     driverlib.lib : sysctl.obj (.const)
                  000096a0    00000008     driver.obj (.const:g_H2NCnysPattern)
                  000096a8    00000008     driver.obj (.const:g_H2NSyncPattern)
                  000096b0    00000004     netapp.obj (.const:$P$T0$1)
                  000096b4    00000004     socket.obj (.const:$P$T0$1)
                  000096b8    00000004     wlan.obj (.const:$P$T0$1)
                  000096bc    00000004     socket.obj (.const:$P$T1$2)
                  000096c0    00000004     wlan.obj (.const:$P$T1$2)
                  000096c4    00000004     socket.obj (.const:$P$T2$3)
                  000096c8    00000004     wlan.obj (.const:$P$T2$3)
                  000096cc    00000004     socket.obj (.const:_SlAcceptCmdCtrl)
                  000096d0    00000004     device.obj (.const:_SlDeviceGetCmdCtrl)
                  000096d4    00000004     device.obj (.const:_SlDeviceSetCmdCtrl)
                  000096d8    00000004     device.obj (.const:_SlEventMaskGetCmdCtrl)
                  000096dc    00000004     device.obj (.const:_SlEventMaskSetCmdCtrl)
                  000096e0    00000004     netapp.obj (.const:_SlGetHostByNameCtrl)
                  000096e4    00000004     netapp.obj (.const:_SlGetHostByServiceCtrl)
                  000096e8    00000004     netapp.obj (.const:_SlGetServiceListeCtrl)
                  000096ec    00000004     socket.obj (.const:_SlGetSockOptCmdCtrl)
                  000096f0    00000004     socket.obj (.const:_SlListenCmdCtrl)
                  000096f4    00000004     netapp.obj (.const:_SlNetAppGetCmdCtrl)
                  000096f8    00000004     netapp.obj (.const:_SlNetAppSendTokenValueCmdCtrl)
                  000096fc    00000004     netapp.obj (.const:_SlNetAppSetCmdCtrl)
                  00009700    00000004     netapp.obj (.const:_SlNetAppStartCtrl)
                  00009704    00000004     netapp.obj (.const:_SlNetAppStopCtrl)
                  00009708    00000004     netcfg.obj (.const:_SlNetCfgGetCmdCtrl)
                  0000970c    00000004     netcfg.obj (.const:_SlNetCfgSetCmdCtrl)
                  00009710    00000004     wlan.obj (.const:_SlPolicyGetCmdCtrl)
                  00009714    00000004     wlan.obj (.const:_SlPolicySetCmdCtrl)
                  00009718    00000004     wlan.obj (.const:_SlProfileDelCmdCtrl)
                  0000971c    00000004     wlan.obj (.const:_SlProfileGetCmdCtrl)
                  00009720    00000004     socket.obj (.const:_SlRecvCmdCtrl)
                  00009724    00000004     socket.obj (.const:_SlRecvfomCmdCtrl)
                  00009728    00000004     netapp.obj (.const:_SlRegisterServiceCtrl)
                  0000972c    00000004     wlan.obj (.const:_SlRxFilterAddtCmdCtrl)
                  00009730    00000004     wlan.obj (.const:_SlRxFilterGetCmdCtrl)
                  00009734    00000004     wlan.obj (.const:_SlRxFilterSetCmdCtrl)
                  00009738    00000004     socket.obj (.const:_SlSelectCmdCtrl)
                  0000973c    00000004     socket.obj (.const:_SlSendCmdCtrl)
                  00009740    00000004     socket.obj (.const:_SlSetSockOptCmdCtrl)
                  00009744    00000004     wlan.obj (.const:_SlSmartConfigStartCmdCtrl)
                  00009748    00000004     socket.obj (.const:_SlSockCloseCmdCtrl)
                  0000974c    00000004     socket.obj (.const:_SlSockSocketCmdCtrl)
                  00009750    00000004     device.obj (.const:_SlStopCmdCtrl)
                  00009754    00000004     wlan.obj (.const:_SlWlanCfgGetCmdCtrl)
                  00009758    00000004     wlan.obj (.const:_SlWlanCfgSetCmdCtrl)
                  0000975c    00000004     wlan.obj (.const:_SlWlanGetNetworkListCtrl)
                  00009760    00000004     wlan.obj (.const:_SlWlanSetModeCmdCtrl)

.cinit     0    00009768    00000048     
                  00009768    0000000d     (.cinit..data.load) [load image, compression = lzss]
                  00009775    00000003     --HOLE-- [fill = 0]
                  00009778    0000000c     (__TI_handler_table)
                  00009784    00000004     --HOLE-- [fill = 0]
                  00009788    00000008     (.cinit..bss.load) [load image, compression = zero_init]
                  00009790    00000008     (.cinit..vtable.load) [load image, compression = zero_init]
                  00009798    00000018     (__TI_cinit_table)

.init_array 
*          0    00000000    00000000     UNINITIALIZED

.vtable    0    20000000    0000026c     UNINITIALIZED
                  20000000    0000026c     driverlib.lib : interrupt.obj (.vtable)

.bss       0    2000026c    00000b0b     UNINITIALIZED
                  2000026c    00000630     (.common:appData)
                  2000089c    00000200     (.common:buildstr)
                  20000a9c    00000168     driver.obj (.bss:g_StatMem)
                  20000c04    00000064     (.common:Edxpost)
                  20000c68    00000064     (.common:Id)
                  20000ccc    00000064     (.common:Score)
                  20000d30    00000018     (.common:theTime)
                  20000d48    0000000c     (.common:strdevicenum)
                  20000d54    0000000c     (.common:strval)
                  20000d60    00000008     (.common:strcontentlength)
                  20000d68    00000004     (.common:g_Status)
                  20000d6c    00000004     (.common:g_SysClock)
                  20000d70    00000004     (.common:g_ucUARTBuffer)
                  20000d74    00000001     (.common:IntIsMasked)
                  20000d75    00000001     (.common:RxIrqCnt)
                  20000d76    00000001     (.common:g_bDeviceRestartIsRequired)

.data      0    20001038    00000088     UNINITIALIZED
                  20001038    0000003c     nonos.obj (.data:g__SlNonOsCB)
                  20001074    0000001c     main.obj (.data)
                  20001090    00000014     connect.obj (.data)
                  200010a4    0000000d     driver.obj (.data)
                  200010b1    00000003     --HOLE--
                  200010b4    00000004     board.obj (.data)
                  200010b8    00000004     rtsv7M4_T_le_v4SPD16_eabi.lib : errno.c.obj (.data)
                  200010bc    00000004     timer_tick.obj (.data)

.stack     0    20000d78    000002c0     UNINITIALIZED
                  20000d78    00000004     rtsv7M4_T_le_v4SPD16_eabi.lib : boot_cortex_m.c.obj (.stack)
                  20000d7c    000002bc     --HOLE--

MODULE SUMMARY

       Module                          code    ro data   rw data
       ------                          ----    -------   -------
    .\
       connect.obj                     4128    180       2476   
       main.obj                        1024    0         28     
       tm4c1294ncpdt_startup_ccs.obj   12      520       0      
       PLL.obj                         272     0         0      
       SysTick.obj                     120     0         0      
    +--+-------------------------------+-------+---------+---------+
       Total:                          5556    700       2504   
                                                                
    .\board\
       board.obj                       204     0         9      
    +--+-------------------------------+-------+---------+---------+
       Total:                          204     0         9      
                                                                
    .\cli_uart\
       cli_uart.obj                    352     0         4      
    +--+-------------------------------+-------+---------+---------+
       Total:                          352     0         4      
                                                                
    .\simplelink\source\
       driver.obj                      7604    184       375    
       socket.obj                      3904    68        0      
       wlan.obj                        3576    60        0      
       netapp.obj                      3088    40        0      
       device.obj                      1388    28        0      
       nonos.obj                       412     20        60     
       netcfg.obj                      360     8         0      
    +--+-------------------------------+-------+---------+---------+
       Total:                          20332   408       435    
                                                                
    .\spi\
       spi.obj                         544     0         0      
    +--+-------------------------------+-------+---------+---------+
       Total:                          544     0         0      
                                                                
    .\timer\
       timer_tick.obj                  92      0         4      
    +--+-------------------------------+-------+---------+---------+
       Total:                          92      0         4      
                                                                
    C:/ti/tirtos_tivac_2_16_01_14/products/TivaWare_C_Series-2.1.1.71b/driverlib/ccs/Debug/driverlib.lib
       sysctl.obj                      674     452       0      
       interrupt.obj                   172     112       620    
       gpio.obj                        592     144       0      
       ssi.obj                         110     0         0      
       systick.obj                     104     0         0      
       fpu.obj                         32      0         0      
       cpu.obj                         12      0         0      
    +--+-------------------------------+-------+---------+---------+
       Total:                          1696    708       620    
                                                                
    C:\ti\ccs901\ccs\tools\compiler\ti-cgt-arm_18.12.1.LTS\lib\rtsv7M4_T_le_v4SPD16_eabi.lib
       _printfi.c.obj                  4851    0         0      
       fd_add_t2.asm.obj               438     0         0      
       fd_div_t2.asm.obj               310     0         0      
       s_scalbn.c.obj                  272     0         0      
       fd_cmp_t2.asm.obj               268     0         0      
       ctype.c.obj                     0       257       0      
       fd_mul_t2.asm.obj               252     0         0      
       memcpy_t2.asm.obj               156     0         0      
       ull_div_t2.asm.obj              150     0         0      
       memset_t2.asm.obj               122     0         0      
       fd_tos_t2.asm.obj               110     0         0      
       copy_decompress_lzss.c.obj      104     0         0      
       s_frexp.c.obj                   100     0         0      
       sprintf.c.obj                   98      0         0      
       ltoa.c.obj                      84      0         0      
       atoi.c.obj                      76      0         0      
       fd_toi_t2.asm.obj               72      0         0      
       autoinit.c.obj                  68      0         0      
       boot_cortex_m.c.obj             52      0         0      
       strstr.c.obj                    52      0         0      
       i_tofd_t2.asm.obj               46      0         0      
       strcat.c.obj                    30      0         0      
       memccpy.c.obj                   28      0         0      
       s_copysign.c.obj                26      0         0      
       strchr.c.obj                    22      0         0      
       strcpy.c.obj                    20      0         0      
       strlen.c.obj                    20      0         0      
       wcslen.c.obj                    18      0         0      
       copy_decompress_none.c.obj      14      0         0      
       copy_zero_init.c.obj            12      0         0      
       errno.c.obj                     8       0         4      
       exit.c.obj                      4       0         0      
       pre_init.c.obj                  4       0         0      
       div0.asm.obj                    2       0         0      
    +--+-------------------------------+-------+---------+---------+
       Total:                          7889    257       4      
                                                                
       Stack:                          0       0         704    
       Linker Generated:               0       65        0      
    +--+-------------------------------+-------+---------+---------+
       Grand Total:                    36665   2138      4284   


LINKER GENERATED COPY TABLES

__TI_cinit_table @ 00009798 records: 3, size/record: 8, table size: 24
	.data: load addr=00009768, load size=0000000d bytes, run addr=20001038, run size=00000088 bytes, compression=lzss
	.bss: load addr=00009788, load size=00000008 bytes, run addr=2000026c, run size=00000b0b bytes, compression=zero_init
	.vtable: load addr=00009790, load size=00000008 bytes, run addr=20000000, run size=0000026c bytes, compression=zero_init


LINKER GENERATED HANDLER TABLE

__TI_handler_table @ 00009778 records: 3, size/record: 4, table size: 12
	index: 0, handler: __TI_zero_init
	index: 1, handler: __TI_decompress_lzss
	index: 2, handler: __TI_decompress_none


GLOBAL SYMBOLS: SORTED ALPHABETICALLY BY Name 

address   name                                  
-------   ----                                  
0000914b  C$$EXIT                               
000083a7  CC3100_InterruptDisable               
0000839b  CC3100_InterruptEnable                
00008373  CC3100_disable                        
00008387  CC3100_enable                         
00007aa7  CLI_Configure                         
00007a01  CLI_Read                              
00007a4d  CLI_Write                             
000090e1  CPUcpsie                              
00002e8d  CreateConnection                      
20000c04  Edxpost                               
00009069  FPUEnable                             
00009079  FPULazyStackingEnable                 
00008ed7  GPIODirModeSet                        
00009135  GPIOIntClear                          
000090a9  GPIOIntDisable                        
000090ed  GPIOIntEnable                         
000090b7  GPIOIntStatus                         
00008a61  GPIOIntTypeSet                        
000083c5  GPIOM_intHandler                      
00007dd3  GPIOPadConfigSet                      
00008c01  GPIOPinConfigure                      
00009021  GPIOPinTypeGPIOInput                  
00009033  GPIOPinTypeSSI                        
0000913b  GPIOPinWrite                          
00002e5d  GetHostIP                             
20000c68  Id                                    
000088d1  IntEnable                             
20000d74  IntIsMasked                           
00009089  IntMasterEnable                       
00008dd9  IntRegister                           
00002659  Lab16                                 
000083b3  MaskIntHdlr                           
000094e0  OpcodeTranslateTable                  
00008029  PLL_Init                              
00009105  ResetISR                              
20000d75  RxIrqCnt                              
00003ea1  SL_FD_CLR                             
00003ec9  SL_FD_ISSET                           
00003e79  SL_FD_SET                             
00003ef5  SL_FD_ZERO                            
00009125  SSIBusy                               
00008d9b  SSIConfigSetExpClk                    
00009045  SSIDataGetNonBlocking                 
000090c5  SSIDataPutNonBlocking                 
00009111  SSIEnable                             
20000ccc  Score                                 
00002c79  SendTDS                               
0000209d  SimpleLinkGeneralEventHandler         
0000206b  SimpleLinkHttpServerCallback          
00002029  SimpleLinkNetAppEventHandler          
00002079  SimpleLinkPingReport                  
000020a9  SimpleLinkSockEventHandler            
00001fbd  SimpleLinkWlanEventHandler            
00007171  SysCtlClockFreqSet                    
00009141  SysCtlDelay                           
00008e0d  SysCtlPeripheralEnable                
00008fbd  SysTickDisable                        
00008fd1  SysTickEnable                         
00008fe5  SysTickIntEnable                      
00008f21  SysTickIntRegister                    
00009099  SysTickPeriodSet                      
0000877d  SysTick_Init                          
00008799  SysTick_Wait                          
000087bf  SysTick_Wait10ms                      
000083c3  UARTRxTxHandler                       
000083bb  UnMaskIntHdlr                         
0000951c  _SlActionLookupTable                  
00001e6d  _SlDriverHandleError                  
00001685  _SlDrvBasicCmd                        
00000565  _SlDrvCmdOp                           
000016d9  _SlDrvCmdSend                         
00000621  _SlDrvDataReadOp                      
00000801  _SlDrvDataWriteOp                     
00006829  _SlDrvDeviceEventHandler              
00001cdb  _SlDrvDispatchHttpServerEvents        
000003ed  _SlDrvDriverCBDeinit                  
0000024f  _SlDrvDriverCBInit                    
00001dbf  _SlDrvGlobalObjUnLock                 
00001f2d  _SlDrvIsTimeoutExpired                
00001de1  _SlDrvMemZero                         
00001295  _SlDrvMsgReadSpawnCtx                 
00005811  _SlDrvNetAppEventHandler              
00001d0b  _SlDrvObjLockWaitForever              
00001d59  _SlDrvObjUnLock                       
00000209  _SlDrvProtectAsyncRespSetting         
00001d31  _SlDrvProtectionObjLockWaitForever    
00001d79  _SlDrvProtectionObjUnLock             
000018e7  _SlDrvReleasePoolObj                  
00001df7  _SlDrvResetCmdExt                     
00000511  _SlDrvRxIrqHandler                    
00001f0d  _SlDrvStartMeasureTimeout             
00001ceb  _SlDrvSyncObjSignal                   
00001e09  _SlDrvSyncObjWaitForever              
00001e2d  _SlDrvSyncObjWaitTimeout              
00001755  _SlDrvWaitForPoolObj                  
000096f8  _SlNetAppSendTokenValueCmdCtrl        
0000781d  _SlNonOsMainLoopTask                  
00007715  _SlNonOsSemGet                        
000076fd  _SlNonOsSemSet                        
000077bd  _SlNonOsSpawn                         
20001038  __STACK_END                           
000002c0  __STACK_SIZE                          
20000f78  __STACK_TOP                           
00009798  __TI_CINIT_Base                       
000097b0  __TI_CINIT_Limit                      
00009778  __TI_Handler_Table_Base               
00009784  __TI_Handler_Table_Limit              
00008cd9  __TI_auto_init_nobinit_nopinit        
00008939  __TI_decompress_lzss                  
000090d3  __TI_decompress_none                  
ffffffff  __TI_pprof_out_hndl                   
00005925  __TI_printfi                          
ffffffff  __TI_prof_data_size                   
ffffffff  __TI_prof_data_start                  
00000000  __TI_static_base__                    
000090f9  __TI_zero_init                        
000085f5  __aeabi_cdcmpeq                       
000085f5  __aeabi_cdcmple                       
0000867b  __aeabi_cdrcmple                      
00008863  __aeabi_d2f                           
00008c91  __aeabi_d2iz                          
0000754f  __aeabi_dadd                          
00007c9d  __aeabi_ddiv                          
00008249  __aeabi_dmul                          
00007545  __aeabi_dsub                          
0000912d  __aeabi_errno_addr                    
00008ea9  __aeabi_i2d                           
00006373  __aeabi_idiv0                         
00006373  __aeabi_ldiv0                         
00008701  __aeabi_memclr                        
00008701  __aeabi_memclr4                       
00008701  __aeabi_memclr8                       
000084c3  __aeabi_memcpy                        
000084c3  __aeabi_memcpy4                       
000084c3  __aeabi_memcpy8                       
00008703  __aeabi_memset                        
00008703  __aeabi_memset4                       
00008703  __aeabi_memset8                       
0000855f  __aeabi_uldivmod                      
ffffffff  __binit__                             
ffffffff  __c_args__                            
UNDEFED   __mpu_init                            
20000d78  __stack                               
00008e41  _c_int00_noargs                       
00009270  _ctypes_                              
00003a75  _sl_HandleAsync_Accept                
00003633  _sl_HandleAsync_Connect               
00005213  _sl_HandleAsync_DnsGetHostByAddr      
00005361  _sl_HandleAsync_DnsGetHostByName      
0000514d  _sl_HandleAsync_DnsGetHostByService   
00006465  _sl_HandleAsync_InitComplete          
00005435  _sl_HandleAsync_PingResponse          
00003ad5  _sl_HandleAsync_Select                
000064e9  _sl_HandleAsync_Stop                  
000056f1  _sl_NetAppSendTokenValue              
00003065  _sl_ParseAddress                      
UNDEFED   _system_post_cinit                    
00009147  _system_pre_init                      
0000914b  abort                                 
2000026c  appData                               
00008bb5  atoi                                  
ffffffff  binit                                 
2000089c  buildstr                              
00002539  checkInternetConnection               
000024a5  checkLanConnection                    
00002245  configureSimpleLinkToDefaultState     
20001090  contentLength                         
00008f75  copysign                              
00008f75  copysignl                             
2000107c  currentDay                            
20001078  currentHour                           
20001074  currentMinutes                        
20001080  currentMonth                          
20001088  currentSecond                         
20001084  currentYear                           
20001094  deviceNum                             
00002609  displayBanner                         
200010b8  errno                                 
00002439  establishConnectionWithAP             
000089a1  frexp                                 
000089a1  frexpl                                
200010a0  g_GatewayIP                           
2000109c  g_PingPacketsRecv                     
200010a4  g_SlDeviceStatus                      
20000d68  g_Status                              
20000d6c  g_SysClock                            
20001038  g__SlNonOsCB                          
20000d76  g_bDeviceRestartIsRequired            
200010a8  g_pCB                                 
20000000  g_pfnRAMVectors                       
00000000  g_pfnVectors                          
20000d70  g_ucUARTBuffer                        
00002c05  getCurrentDay                         
00002c17  getCurrentHour                        
00002c1d  getCurrentMinute                      
00002c0b  getCurrentMonth                       
00002c23  getCurrentSecond                      
00002c11  getCurrentYear                        
00008345  initClk                               
000025ef  initializeAppVariables                
2000108c  lastSyncMinutes                       
00008139  ldexp                                 
00008139  ldexpl                                
00008b0d  ltoa                                  
000069b3  main                                  
000068e1  median                                
00008f59  memccpy                               
000084c3  memcpy                                
00008709  memset                                
200010b4  pIrqEventHandler                      
200010ac  pPingCallBackFunc                     
0000835f  registerInterruptHandler              
00008139  scalbn                                
00008139  scalbnl                               
0000384d  sl_Accept                             
0000318f  sl_Bind                               
0000313d  sl_Close                              
000034bd  sl_Connect                            
000066d9  sl_DevGet                             
0000679b  sl_DevSet                             
0000666d  sl_EventMaskGet                       
00006607  sl_EventMaskSet                       
00003c5f  sl_GetSockOpt                         
000039f3  sl_Htonl                              
00003a39  sl_Htons                              
000037dd  sl_Listen                             
00005225  sl_NetAppDnsGetHostByName             
00005045  sl_NetAppDnsGetHostByService          
0000575d  sl_NetAppGet                          
00004dad  sl_NetAppGetServiceList               
00004f75  sl_NetAppMDNSRegisterService          
00004e9f  sl_NetAppMDNSRegisterUnregisterService
00004fd9  sl_NetAppMDNSUnRegisterService        
000054c1  sl_NetAppPingStart                    
0000565f  sl_NetAppSet                          
00004d15  sl_NetAppStart                        
00004d61  sl_NetAppStop                         
00007923  sl_NetCfgGet                          
00007899  sl_NetCfgSet                          
00003b2d  sl_Recv                               
0000337d  sl_RecvFrom                           
00003d17  sl_Select                             
000036b1  sl_Send                               
0000323d  sl_SendTo                             
00003bd5  sl_SetSockOpt                         
000030bf  sl_Socket                             
00006391  sl_Start                              
00006533  sl_Stop                               
00006389  sl_Task                               
00003f1d  sl_WlanConnect                        
0000418d  sl_WlanDisconnect                     
00004c3d  sl_WlanGet                            
00004755  sl_WlanGetNetworkList                 
00004251  sl_WlanPolicyGet                      
000041c1  sl_WlanPolicySet                      
00004345  sl_WlanProfileAdd                     
00004703  sl_WlanProfileDel                     
000045f9  sl_WlanProfileGet                     
000047eb  sl_WlanRxFilterAdd                    
00004905  sl_WlanRxFilterGet                    
00004881  sl_WlanRxFilterSet                    
000049fd  sl_WlanRxStatGet                      
00004999  sl_WlanRxStatStart                    
000049c9  sl_WlanRxStatStop                     
00004ba1  sl_WlanSet                            
00004b49  sl_WlanSetMode                        
00004a91  sl_WlanSmartConfigStart               
00004a5d  sl_WlanSmartConfigStop                
00006f51  spi_Close                             
00006f5d  spi_Open                              
000070c5  spi_Read                              
00007061  spi_Write                             
00008d1d  sprintf                               
0000835d  stopWDT                               
00008f01  strcat                                
00008fa7  strchr                                
20000d60  strcontentlength                      
00008ff9  strcpy                                
20000d48  strdevicenum                          
0000900d  strlen                                
00008e75  strstr                                
20000d54  strval                                
20000d30  theTime                               
00008a41  timer_GetCurrentTimestamp             
00002921  updateLocalTime                       
20001098  val                                   
00009057  wcslen                                


GLOBAL SYMBOLS: SORTED BY Symbol Address 

address   name                                  
-------   ----                                  
00000000  __TI_static_base__                    
00000000  g_pfnVectors                          
00000209  _SlDrvProtectAsyncRespSetting         
0000024f  _SlDrvDriverCBInit                    
000002c0  __STACK_SIZE                          
000003ed  _SlDrvDriverCBDeinit                  
00000511  _SlDrvRxIrqHandler                    
00000565  _SlDrvCmdOp                           
00000621  _SlDrvDataReadOp                      
00000801  _SlDrvDataWriteOp                     
00001295  _SlDrvMsgReadSpawnCtx                 
00001685  _SlDrvBasicCmd                        
000016d9  _SlDrvCmdSend                         
00001755  _SlDrvWaitForPoolObj                  
000018e7  _SlDrvReleasePoolObj                  
00001cdb  _SlDrvDispatchHttpServerEvents        
00001ceb  _SlDrvSyncObjSignal                   
00001d0b  _SlDrvObjLockWaitForever              
00001d31  _SlDrvProtectionObjLockWaitForever    
00001d59  _SlDrvObjUnLock                       
00001d79  _SlDrvProtectionObjUnLock             
00001dbf  _SlDrvGlobalObjUnLock                 
00001de1  _SlDrvMemZero                         
00001df7  _SlDrvResetCmdExt                     
00001e09  _SlDrvSyncObjWaitForever              
00001e2d  _SlDrvSyncObjWaitTimeout              
00001e6d  _SlDriverHandleError                  
00001f0d  _SlDrvStartMeasureTimeout             
00001f2d  _SlDrvIsTimeoutExpired                
00001fbd  SimpleLinkWlanEventHandler            
00002029  SimpleLinkNetAppEventHandler          
0000206b  SimpleLinkHttpServerCallback          
00002079  SimpleLinkPingReport                  
0000209d  SimpleLinkGeneralEventHandler         
000020a9  SimpleLinkSockEventHandler            
00002245  configureSimpleLinkToDefaultState     
00002439  establishConnectionWithAP             
000024a5  checkLanConnection                    
00002539  checkInternetConnection               
000025ef  initializeAppVariables                
00002609  displayBanner                         
00002659  Lab16                                 
00002921  updateLocalTime                       
00002c05  getCurrentDay                         
00002c0b  getCurrentMonth                       
00002c11  getCurrentYear                        
00002c17  getCurrentHour                        
00002c1d  getCurrentMinute                      
00002c23  getCurrentSecond                      
00002c79  SendTDS                               
00002e5d  GetHostIP                             
00002e8d  CreateConnection                      
00003065  _sl_ParseAddress                      
000030bf  sl_Socket                             
0000313d  sl_Close                              
0000318f  sl_Bind                               
0000323d  sl_SendTo                             
0000337d  sl_RecvFrom                           
000034bd  sl_Connect                            
00003633  _sl_HandleAsync_Connect               
000036b1  sl_Send                               
000037dd  sl_Listen                             
0000384d  sl_Accept                             
000039f3  sl_Htonl                              
00003a39  sl_Htons                              
00003a75  _sl_HandleAsync_Accept                
00003ad5  _sl_HandleAsync_Select                
00003b2d  sl_Recv                               
00003bd5  sl_SetSockOpt                         
00003c5f  sl_GetSockOpt                         
00003d17  sl_Select                             
00003e79  SL_FD_SET                             
00003ea1  SL_FD_CLR                             
00003ec9  SL_FD_ISSET                           
00003ef5  SL_FD_ZERO                            
00003f1d  sl_WlanConnect                        
0000418d  sl_WlanDisconnect                     
000041c1  sl_WlanPolicySet                      
00004251  sl_WlanPolicyGet                      
00004345  sl_WlanProfileAdd                     
000045f9  sl_WlanProfileGet                     
00004703  sl_WlanProfileDel                     
00004755  sl_WlanGetNetworkList                 
000047eb  sl_WlanRxFilterAdd                    
00004881  sl_WlanRxFilterSet                    
00004905  sl_WlanRxFilterGet                    
00004999  sl_WlanRxStatStart                    
000049c9  sl_WlanRxStatStop                     
000049fd  sl_WlanRxStatGet                      
00004a5d  sl_WlanSmartConfigStop                
00004a91  sl_WlanSmartConfigStart               
00004b49  sl_WlanSetMode                        
00004ba1  sl_WlanSet                            
00004c3d  sl_WlanGet                            
00004d15  sl_NetAppStart                        
00004d61  sl_NetAppStop                         
00004dad  sl_NetAppGetServiceList               
00004e9f  sl_NetAppMDNSRegisterUnregisterService
00004f75  sl_NetAppMDNSRegisterService          
00004fd9  sl_NetAppMDNSUnRegisterService        
00005045  sl_NetAppDnsGetHostByService          
0000514d  _sl_HandleAsync_DnsGetHostByService   
00005213  _sl_HandleAsync_DnsGetHostByAddr      
00005225  sl_NetAppDnsGetHostByName             
00005361  _sl_HandleAsync_DnsGetHostByName      
00005435  _sl_HandleAsync_PingResponse          
000054c1  sl_NetAppPingStart                    
0000565f  sl_NetAppSet                          
000056f1  _sl_NetAppSendTokenValue              
0000575d  sl_NetAppGet                          
00005811  _SlDrvNetAppEventHandler              
00005925  __TI_printfi                          
00006373  __aeabi_idiv0                         
00006373  __aeabi_ldiv0                         
00006389  sl_Task                               
00006391  sl_Start                              
00006465  _sl_HandleAsync_InitComplete          
000064e9  _sl_HandleAsync_Stop                  
00006533  sl_Stop                               
00006607  sl_EventMaskSet                       
0000666d  sl_EventMaskGet                       
000066d9  sl_DevGet                             
0000679b  sl_DevSet                             
00006829  _SlDrvDeviceEventHandler              
000068e1  median                                
000069b3  main                                  
00006f51  spi_Close                             
00006f5d  spi_Open                              
00007061  spi_Write                             
000070c5  spi_Read                              
00007171  SysCtlClockFreqSet                    
00007545  __aeabi_dsub                          
0000754f  __aeabi_dadd                          
000076fd  _SlNonOsSemSet                        
00007715  _SlNonOsSemGet                        
000077bd  _SlNonOsSpawn                         
0000781d  _SlNonOsMainLoopTask                  
00007899  sl_NetCfgSet                          
00007923  sl_NetCfgGet                          
00007a01  CLI_Read                              
00007a4d  CLI_Write                             
00007aa7  CLI_Configure                         
00007c9d  __aeabi_ddiv                          
00007dd3  GPIOPadConfigSet                      
00008029  PLL_Init                              
00008139  ldexp                                 
00008139  ldexpl                                
00008139  scalbn                                
00008139  scalbnl                               
00008249  __aeabi_dmul                          
00008345  initClk                               
0000835d  stopWDT                               
0000835f  registerInterruptHandler              
00008373  CC3100_disable                        
00008387  CC3100_enable                         
0000839b  CC3100_InterruptEnable                
000083a7  CC3100_InterruptDisable               
000083b3  MaskIntHdlr                           
000083bb  UnMaskIntHdlr                         
000083c3  UARTRxTxHandler                       
000083c5  GPIOM_intHandler                      
000084c3  __aeabi_memcpy                        
000084c3  __aeabi_memcpy4                       
000084c3  __aeabi_memcpy8                       
000084c3  memcpy                                
0000855f  __aeabi_uldivmod                      
000085f5  __aeabi_cdcmpeq                       
000085f5  __aeabi_cdcmple                       
0000867b  __aeabi_cdrcmple                      
00008701  __aeabi_memclr                        
00008701  __aeabi_memclr4                       
00008701  __aeabi_memclr8                       
00008703  __aeabi_memset                        
00008703  __aeabi_memset4                       
00008703  __aeabi_memset8                       
00008709  memset                                
0000877d  SysTick_Init                          
00008799  SysTick_Wait                          
000087bf  SysTick_Wait10ms                      
00008863  __aeabi_d2f                           
000088d1  IntEnable                             
00008939  __TI_decompress_lzss                  
000089a1  frexp                                 
000089a1  frexpl                                
00008a41  timer_GetCurrentTimestamp             
00008a61  GPIOIntTypeSet                        
00008b0d  ltoa                                  
00008bb5  atoi                                  
00008c01  GPIOPinConfigure                      
00008c91  __aeabi_d2iz                          
00008cd9  __TI_auto_init_nobinit_nopinit        
00008d1d  sprintf                               
00008d9b  SSIConfigSetExpClk                    
00008dd9  IntRegister                           
00008e0d  SysCtlPeripheralEnable                
00008e41  _c_int00_noargs                       
00008e75  strstr                                
00008ea9  __aeabi_i2d                           
00008ed7  GPIODirModeSet                        
00008f01  strcat                                
00008f21  SysTickIntRegister                    
00008f59  memccpy                               
00008f75  copysign                              
00008f75  copysignl                             
00008fa7  strchr                                
00008fbd  SysTickDisable                        
00008fd1  SysTickEnable                         
00008fe5  SysTickIntEnable                      
00008ff9  strcpy                                
0000900d  strlen                                
00009021  GPIOPinTypeGPIOInput                  
00009033  GPIOPinTypeSSI                        
00009045  SSIDataGetNonBlocking                 
00009057  wcslen                                
00009069  FPUEnable                             
00009079  FPULazyStackingEnable                 
00009089  IntMasterEnable                       
00009099  SysTickPeriodSet                      
000090a9  GPIOIntDisable                        
000090b7  GPIOIntStatus                         
000090c5  SSIDataPutNonBlocking                 
000090d3  __TI_decompress_none                  
000090e1  CPUcpsie                              
000090ed  GPIOIntEnable                         
000090f9  __TI_zero_init                        
00009105  ResetISR                              
00009111  SSIEnable                             
00009125  SSIBusy                               
0000912d  __aeabi_errno_addr                    
00009135  GPIOIntClear                          
0000913b  GPIOPinWrite                          
00009141  SysCtlDelay                           
00009147  _system_pre_init                      
0000914b  C$$EXIT                               
0000914b  abort                                 
00009270  _ctypes_                              
000094e0  OpcodeTranslateTable                  
0000951c  _SlActionLookupTable                  
000096f8  _SlNetAppSendTokenValueCmdCtrl        
00009778  __TI_Handler_Table_Base               
00009784  __TI_Handler_Table_Limit              
00009798  __TI_CINIT_Base                       
000097b0  __TI_CINIT_Limit                      
20000000  g_pfnRAMVectors                       
2000026c  appData                               
2000089c  buildstr                              
20000c04  Edxpost                               
20000c68  Id                                    
20000ccc  Score                                 
20000d30  theTime                               
20000d48  strdevicenum                          
20000d54  strval                                
20000d60  strcontentlength                      
20000d68  g_Status                              
20000d6c  g_SysClock                            
20000d70  g_ucUARTBuffer                        
20000d74  IntIsMasked                           
20000d75  RxIrqCnt                              
20000d76  g_bDeviceRestartIsRequired            
20000d78  __stack                               
20000f78  __STACK_TOP                           
20001038  __STACK_END                           
20001038  g__SlNonOsCB                          
20001074  currentMinutes                        
20001078  currentHour                           
2000107c  currentDay                            
20001080  currentMonth                          
20001084  currentYear                           
20001088  currentSecond                         
2000108c  lastSyncMinutes                       
20001090  contentLength                         
20001094  deviceNum                             
20001098  val                                   
2000109c  g_PingPacketsRecv                     
200010a0  g_GatewayIP                           
200010a4  g_SlDeviceStatus                      
200010a8  g_pCB                                 
200010ac  pPingCallBackFunc                     
200010b4  pIrqEventHandler                      
200010b8  errno                                 
ffffffff  __TI_pprof_out_hndl                   
ffffffff  __TI_prof_data_size                   
ffffffff  __TI_prof_data_start                  
ffffffff  __binit__                             
ffffffff  __c_args__                            
ffffffff  binit                                 
UNDEFED   __mpu_init                            
UNDEFED   _system_post_cinit                    

[288 symbols]
