******************************************************************************
                  TI ARM Linker PC v18.12.1                    
******************************************************************************
>> Linked Wed Jun 26 23:11:36 2019

OUTPUT FILE NAME:   <getting_started_with_wlan_station.out>
ENTRY POINT SYMBOL: "_c_int00_noargs"  address: 00006a45


MEMORY CONFIGURATION

         name            origin    length      used     unused   attr    fill
----------------------  --------  ---------  --------  --------  ----  --------
  FLASH                 00000000   00100000  000071d8  000f8e28  R  X
  SRAM                  20000000   00040000  00000e5f  0003f1a1  RW X


SEGMENT ALLOCATION MAP

run origin  load origin   length   init length attrs members
----------  ----------- ---------- ----------- ----- -------
00000000    00000000    000071d8   000071d8    r-x
  00000000    00000000    00000208   00000208    r-- .intvecs
  00000208    00000208    00006a78   00006a78    r-x .text
  00006c80    00006c80    00000510   00000510    r-- .const
  00007190    00007190    00000048   00000048    r-- .cinit
20000000    20000000    00000e64   00000000    rw-
  20000000    20000000    0000026c   00000000    rw- .vtable
  2000026c    2000026c    000008cf   00000000    rw- .bss
  20000b40    20000b40    000002c0   00000000    rw- .stack
  20000e00    20000e00    00000064   00000000    rw- .data


SECTION ALLOCATION MAP

 output                                  attributes/
section   page    origin      length       input sections
--------  ----  ----------  ----------   ----------------
.intvecs   0    00000000    00000208     
                  00000000    00000208     tm4c1294ncpdt_startup_ccs.obj (.intvecs)

.text      0    00000208    00006a78     
                  00000208    00001db4     driver.obj (.text)
                  00001fbc    00000f40     socket.obj (.text)
                  00002efc    00000df8     wlan.obj (.text)
                  00003cf4    00000d3c     main.obj (.text)
                  00004a30    00000c10     netapp.obj (.text)
                  00005640    0000056c     device.obj (.text)
                  00005bac    00000220     spi.obj (.text)
                  00005dcc    00000204     driverlib.lib : sysctl.obj (.text:SysCtlClockFreqSet)
                  00005fd0    0000019c     nonos.obj (.text)
                  0000616c    00000168     netcfg.obj (.text)
                  000062d4    00000160     cli_uart.obj (.text)
                  00006434    00000130     driverlib.lib : gpio.obj (.text:GPIOPadConfigSet)
                  00006564    000000cc     board.obj (.text)
                  00006630    0000009c     rtsv7M4_T_le_v4SPD16_eabi.lib : memcpy_t2.asm.obj (.text)
                  000066cc    0000007a                                   : memset_t2.asm.obj (.text)
                  00006746    00000002     --HOLE-- [fill = 0]
                  00006748    00000068     driverlib.lib : interrupt.obj (.text:IntEnable)
                  000067b0    00000068     rtsv7M4_T_le_v4SPD16_eabi.lib : copy_decompress_lzss.c.obj (.text:decompress:lzss:__TI_decompress_lzss)
                  00006818    0000005c     timer_tick.obj (.text)
                  00006874    00000056     driverlib.lib : gpio.obj (.text:GPIOIntTypeSet)
                  000068ca    00000002     --HOLE-- [fill = 0]
                  000068cc    00000048                   : gpio.obj (.text:GPIOPinConfigure)
                  00006914    00000048                   : sysctl.obj (.text:_SysCtlFrequencyGet)
                  0000695c    00000044     rtsv7M4_T_le_v4SPD16_eabi.lib : autoinit.c.obj (.text:__TI_auto_init_nobinit_nopinit:__TI_auto_init_nobinit_nopinit)
                  000069a0    0000003c     driverlib.lib : ssi.obj (.text:SSIConfigSetExpClk)
                  000069dc    00000034                   : interrupt.obj (.text:IntRegister)
                  00006a10    00000034                   : sysctl.obj (.text:SysCtlPeripheralEnable)
                  00006a44    00000034     rtsv7M4_T_le_v4SPD16_eabi.lib : boot_cortex_m.c.obj (.text:_c_int00_noargs:_c_int00_noargs)
                  00006a78    00000034                                   : strstr.c.obj (.text:strstr)
                  00006aac    0000002a     driverlib.lib : gpio.obj (.text:GPIODirModeSet)
                  00006ad6    00000002     --HOLE-- [fill = 0]
                  00006ad8    0000001c                   : systick.obj (.text:SysTickIntRegister)
                  00006af4    0000001c                   : sysctl.obj (.text:_SysCtlMemTimingGet)
                  00006b10    00000014                   : systick.obj (.text:SysTickDisable)
                  00006b24    00000014                   : systick.obj (.text:SysTickEnable)
                  00006b38    00000014                   : systick.obj (.text:SysTickIntEnable)
                  00006b4c    00000014     rtsv7M4_T_le_v4SPD16_eabi.lib : strcpy.c.obj (.text:strcpy)
                  00006b60    00000014                                   : strlen.c.obj (.text:strlen)
                  00006b74    00000012     driverlib.lib : gpio.obj (.text:GPIOPinTypeGPIOInput)
                  00006b86    00000012                   : gpio.obj (.text:GPIOPinTypeSSI)
                  00006b98    00000012                   : ssi.obj (.text:SSIDataGetNonBlocking)
                  00006baa    00000002     --HOLE-- [fill = 0]
                  00006bac    00000010                   : fpu.obj (.text:FPUEnable)
                  00006bbc    00000010                   : fpu.obj (.text:FPULazyStackingEnable)
                  00006bcc    00000010                   : interrupt.obj (.text:IntMasterEnable)
                  00006bdc    00000010                   : systick.obj (.text:SysTickPeriodSet)
                  00006bec    0000000e                   : gpio.obj (.text:GPIOIntDisable)
                  00006bfa    0000000e                   : gpio.obj (.text:GPIOIntStatus)
                  00006c08    0000000e                   : ssi.obj (.text:SSIDataPutNonBlocking)
                  00006c16    0000000e     rtsv7M4_T_le_v4SPD16_eabi.lib : copy_decompress_none.c.obj (.text:decompress:none:__TI_decompress_none)
                  00006c24    0000000c     driverlib.lib : cpu.obj (.text:CPUcpsie)
                  00006c30    0000000c                   : gpio.obj (.text:GPIOIntEnable)
                  00006c3c    0000000c     rtsv7M4_T_le_v4SPD16_eabi.lib : copy_zero_init.c.obj (.text:decompress:ZI:__TI_zero_init)
                  00006c48    0000000c     tm4c1294ncpdt_startup_ccs.obj (.text)
                  00006c54    0000000a     driverlib.lib : ssi.obj (.text:SSIEnable)
                  00006c5e    00000008                   : ssi.obj (.text:SSIBusy)
                  00006c66    00000006                   : gpio.obj (.text:GPIOIntClear)
                  00006c6c    00000006                   : gpio.obj (.text:GPIOPinWrite)
                  00006c72    00000006                   : sysctl.obj (.text:SysCtlDelay)
                  00006c78    00000004     rtsv7M4_T_le_v4SPD16_eabi.lib : pre_init.c.obj (.text:_system_pre_init)
                  00006c7c    00000004                                   : exit.c.obj (.text:abort:abort)

.const     0    00006c80    00000510     
                  00006c80    00000120     driverlib.lib : sysctl.obj (.const:g_pppui32XTALtoVCO)
                  00006da0    00000090                   : gpio.obj (.const:g_pui32GPIOBaseAddrs)
                  00006e30    00000070                   : interrupt.obj (.const)
                  00006ea0    0000006c                   : sysctl.obj (.const:g_pui32Xtals)
                  00006f0c    0000003c     driver.obj (.const:OpcodeTranslateTable)
                  00006f48    00000038     driver.obj (.const:_SlActionLookupTable)
                  00006f80    00000030     driverlib.lib : sysctl.obj (.const:g_sXTALtoMEMTIM)
                  00006fb0    0000002c     main.obj (.const:$P$T0$1)
                  00006fdc    00000020     main.obj (.const:$P$T3$4)
                  00006ffc    00000020     main.obj (.const:$P$T5$6)
                  0000701c    00000020     driver.obj (.const:RxMsgClassLUT)
                  0000703c    00000014     driver.obj (.const:$P$T0$1)
                  00007050    00000014     nonos.obj (.const:$P$T0$1)
                  00007064    00000014     main.obj (.const:$P$T1$2)
                  00007078    00000014     main.obj (.const:$P$T4$5)
                  0000708c    00000014     main.obj (.const:$P$T6$7)
                  000070a0    00000010     socket.obj (.const:.string:_SlPayloadByProtocolLUT)
                  000070b0    0000000c     main.obj (.const:$P$T2$3)
                  000070bc    00000008     device.obj (.const:StartResponseLUT)
                  000070c4    00000008     driverlib.lib : sysctl.obj (.const)
                  000070cc    00000008     driver.obj (.const:g_H2NCnysPattern)
                  000070d4    00000008     driver.obj (.const:g_H2NSyncPattern)
                  000070dc    00000004     netapp.obj (.const:$P$T0$1)
                  000070e0    00000004     socket.obj (.const:$P$T0$1)
                  000070e4    00000004     wlan.obj (.const:$P$T0$1)
                  000070e8    00000004     socket.obj (.const:$P$T1$2)
                  000070ec    00000004     wlan.obj (.const:$P$T1$2)
                  000070f0    00000004     socket.obj (.const:$P$T2$3)
                  000070f4    00000004     wlan.obj (.const:$P$T2$3)
                  000070f8    00000004     socket.obj (.const:_SlAcceptCmdCtrl)
                  000070fc    00000004     device.obj (.const:_SlDeviceGetCmdCtrl)
                  00007100    00000004     device.obj (.const:_SlDeviceSetCmdCtrl)
                  00007104    00000004     device.obj (.const:_SlEventMaskGetCmdCtrl)
                  00007108    00000004     device.obj (.const:_SlEventMaskSetCmdCtrl)
                  0000710c    00000004     netapp.obj (.const:_SlGetHostByNameCtrl)
                  00007110    00000004     netapp.obj (.const:_SlGetHostByServiceCtrl)
                  00007114    00000004     netapp.obj (.const:_SlGetServiceListeCtrl)
                  00007118    00000004     socket.obj (.const:_SlGetSockOptCmdCtrl)
                  0000711c    00000004     socket.obj (.const:_SlListenCmdCtrl)
                  00007120    00000004     netapp.obj (.const:_SlNetAppGetCmdCtrl)
                  00007124    00000004     netapp.obj (.const:_SlNetAppSendTokenValueCmdCtrl)
                  00007128    00000004     netapp.obj (.const:_SlNetAppSetCmdCtrl)
                  0000712c    00000004     netapp.obj (.const:_SlNetAppStartCtrl)
                  00007130    00000004     netapp.obj (.const:_SlNetAppStopCtrl)
                  00007134    00000004     netcfg.obj (.const:_SlNetCfgGetCmdCtrl)
                  00007138    00000004     netcfg.obj (.const:_SlNetCfgSetCmdCtrl)
                  0000713c    00000004     wlan.obj (.const:_SlPolicyGetCmdCtrl)
                  00007140    00000004     wlan.obj (.const:_SlPolicySetCmdCtrl)
                  00007144    00000004     wlan.obj (.const:_SlProfileDelCmdCtrl)
                  00007148    00000004     wlan.obj (.const:_SlProfileGetCmdCtrl)
                  0000714c    00000004     socket.obj (.const:_SlRecvCmdCtrl)
                  00007150    00000004     socket.obj (.const:_SlRecvfomCmdCtrl)
                  00007154    00000004     netapp.obj (.const:_SlRegisterServiceCtrl)
                  00007158    00000004     wlan.obj (.const:_SlRxFilterAddtCmdCtrl)
                  0000715c    00000004     wlan.obj (.const:_SlRxFilterGetCmdCtrl)
                  00007160    00000004     wlan.obj (.const:_SlRxFilterSetCmdCtrl)
                  00007164    00000004     socket.obj (.const:_SlSelectCmdCtrl)
                  00007168    00000004     socket.obj (.const:_SlSendCmdCtrl)
                  0000716c    00000004     socket.obj (.const:_SlSetSockOptCmdCtrl)
                  00007170    00000004     wlan.obj (.const:_SlSmartConfigStartCmdCtrl)
                  00007174    00000004     socket.obj (.const:_SlSockCloseCmdCtrl)
                  00007178    00000004     socket.obj (.const:_SlSockSocketCmdCtrl)
                  0000717c    00000004     device.obj (.const:_SlStopCmdCtrl)
                  00007180    00000004     wlan.obj (.const:_SlWlanCfgGetCmdCtrl)
                  00007184    00000004     wlan.obj (.const:_SlWlanCfgSetCmdCtrl)
                  00007188    00000004     wlan.obj (.const:_SlWlanGetNetworkListCtrl)
                  0000718c    00000004     wlan.obj (.const:_SlWlanSetModeCmdCtrl)

.cinit     0    00007190    00000048     
                  00007190    0000000d     (.cinit..data.load) [load image, compression = lzss]
                  0000719d    00000003     --HOLE-- [fill = 0]
                  000071a0    0000000c     (__TI_handler_table)
                  000071ac    00000004     --HOLE-- [fill = 0]
                  000071b0    00000008     (.cinit..bss.load) [load image, compression = zero_init]
                  000071b8    00000008     (.cinit..vtable.load) [load image, compression = zero_init]
                  000071c0    00000018     (__TI_cinit_table)

.init_array 
*          0    00000000    00000000     UNINITIALIZED

.vtable    0    20000000    0000026c     UNINITIALIZED
                  20000000    0000026c     driverlib.lib : interrupt.obj (.vtable)

.bss       0    2000026c    000008cf     UNINITIALIZED
                  2000026c    00000630     (.common:appData)
                  2000089c    00000168     driver.obj (.bss:g_StatMem)
                  20000a04    00000064     (.common:Edxpost)
                  20000a68    00000064     (.common:Id)
                  20000acc    00000064     (.common:Score)
                  20000b30    00000004     (.common:g_SysClock)
                  20000b34    00000004     (.common:g_ucUARTBuffer)
                  20000b38    00000001     (.common:IntIsMasked)
                  20000b39    00000001     (.common:RxIrqCnt)
                  20000b3a    00000001     (.common:g_bDeviceRestartIsRequired)

.data      0    20000e00    00000064     UNINITIALIZED
                  20000e00    0000003c     nonos.obj (.data:g__SlNonOsCB)
                  20000e3c    00000010     main.obj (.data)
                  20000e4c    0000000d     driver.obj (.data)
                  20000e59    00000003     --HOLE--
                  20000e5c    00000004     board.obj (.data)
                  20000e60    00000004     timer_tick.obj (.data)

.stack     0    20000b40    000002c0     UNINITIALIZED
                  20000b40    00000004     rtsv7M4_T_le_v4SPD16_eabi.lib : boot_cortex_m.c.obj (.stack)
                  20000b44    000002bc     --HOLE--

MODULE SUMMARY

       Module                          code    ro data   rw data
       ------                          ----    -------   -------
    .\
       main.obj                        3388    180       1900   
       tm4c1294ncpdt_startup_ccs.obj   12      520       0      
    +--+-------------------------------+-------+---------+---------+
       Total:                          3400    700       1900   
                                                                
    .\board\
       board.obj                       204     0         9      
    +--+-------------------------------+-------+---------+---------+
       Total:                          204     0         9      
                                                                
    .\cli_uart\
       cli_uart.obj                    352     0         4      
    +--+-------------------------------+-------+---------+---------+
       Total:                          352     0         4      
                                                                
    .\simplelink\source\
       driver.obj                      7604    184       375    
       socket.obj                      3904    68        0      
       wlan.obj                        3576    60        0      
       netapp.obj                      3088    40        0      
       device.obj                      1388    28        0      
       nonos.obj                       412     20        60     
       netcfg.obj                      360     8         0      
    +--+-------------------------------+-------+---------+---------+
       Total:                          20332   408       435    
                                                                
    .\spi\
       spi.obj                         544     0         0      
    +--+-------------------------------+-------+---------+---------+
       Total:                          544     0         0      
                                                                
    .\timer\
       timer_tick.obj                  92      0         4      
    +--+-------------------------------+-------+---------+---------+
       Total:                          92      0         4      
                                                                
    C:/ti/tirtos_tivac_2_16_01_14/products/TivaWare_C_Series-2.1.1.71b/driverlib/ccs/Debug/driverlib.lib
       sysctl.obj                      674     452       0      
       interrupt.obj                   172     112       620    
       gpio.obj                        592     144       0      
       ssi.obj                         110     0         0      
       systick.obj                     104     0         0      
       fpu.obj                         32      0         0      
       cpu.obj                         12      0         0      
    +--+-------------------------------+-------+---------+---------+
       Total:                          1696    708       620    
                                                                
    C:\ti\ccs901\ccs\tools\compiler\ti-cgt-arm_18.12.1.LTS\lib\rtsv7M4_T_le_v4SPD16_eabi.lib
       memcpy_t2.asm.obj               156     0         0      
       memset_t2.asm.obj               122     0         0      
       copy_decompress_lzss.c.obj      104     0         0      
       autoinit.c.obj                  68      0         0      
       boot_cortex_m.c.obj             52      0         0      
       strstr.c.obj                    52      0         0      
       strcpy.c.obj                    20      0         0      
       strlen.c.obj                    20      0         0      
       copy_decompress_none.c.obj      14      0         0      
       copy_zero_init.c.obj            12      0         0      
       exit.c.obj                      4       0         0      
       pre_init.c.obj                  4       0         0      
    +--+-------------------------------+-------+---------+---------+
       Total:                          628     0         0      
                                                                
       Stack:                          0       0         704    
       Linker Generated:               0       65        0      
    +--+-------------------------------+-------+---------+---------+
       Grand Total:                    27248   1881      3676   


LINKER GENERATED COPY TABLES

__TI_cinit_table @ 000071c0 records: 3, size/record: 8, table size: 24
	.data: load addr=00007190, load size=0000000d bytes, run addr=20000e00, run size=00000064 bytes, compression=lzss
	.bss: load addr=000071b0, load size=00000008 bytes, run addr=2000026c, run size=000008cf bytes, compression=zero_init
	.vtable: load addr=000071b8, load size=00000008 bytes, run addr=20000000, run size=0000026c bytes, compression=zero_init


LINKER GENERATED HANDLER TABLE

__TI_handler_table @ 000071a0 records: 3, size/record: 4, table size: 12
	index: 0, handler: __TI_zero_init
	index: 1, handler: __TI_decompress_lzss
	index: 2, handler: __TI_decompress_none


GLOBAL SYMBOLS: SORTED ALPHABETICALLY BY Name 

address   name                                  
-------   ----                                  
00006c7d  C$$EXIT                               
000065c7  CC3100_InterruptDisable               
000065bb  CC3100_InterruptEnable                
00006593  CC3100_disable                        
000065a7  CC3100_enable                         
0000637b  CLI_Configure                         
000062d5  CLI_Read                              
00006321  CLI_Write                             
00006c25  CPUcpsie                              
20000a04  Edxpost                               
00006bad  FPUEnable                             
00006bbd  FPULazyStackingEnable                 
00006aad  GPIODirModeSet                        
00006c67  GPIOIntClear                          
00006bed  GPIOIntDisable                        
00006c31  GPIOIntEnable                         
00006bfb  GPIOIntStatus                         
00006875  GPIOIntTypeSet                        
000065e5  GPIOM_intHandler                      
00006435  GPIOPadConfigSet                      
000068cd  GPIOPinConfigure                      
00006b75  GPIOPinTypeGPIOInput                  
00006b87  GPIOPinTypeSSI                        
00006c6d  GPIOPinWrite                          
20000a68  Id                                    
00006749  IntEnable                             
20000b38  IntIsMasked                           
00006bcd  IntMasterEnable                       
000069dd  IntRegister                           
000065d3  MaskIntHdlr                           
00006f0c  OpcodeTranslateTable                  
00006c49  ResetISR                              
20000b39  RxIrqCnt                              
00002e81  SL_FD_CLR                             
00002ea9  SL_FD_ISSET                           
00002e59  SL_FD_SET                             
00002ed5  SL_FD_ZERO                            
00006c5f  SSIBusy                               
000069a1  SSIConfigSetExpClk                    
00006b99  SSIDataGetNonBlocking                 
00006c09  SSIDataPutNonBlocking                 
00006c55  SSIEnable                             
20000acc  Score                                 
00003dd5  SimpleLinkGeneralEventHandler         
00003da3  SimpleLinkHttpServerCallback          
00003d61  SimpleLinkNetAppEventHandler          
00003de1  SimpleLinkSockEventHandler            
00003cf5  SimpleLinkWlanEventHandler            
00005dcd  SysCtlClockFreqSet                    
00006c73  SysCtlDelay                           
00006a11  SysCtlPeripheralEnable                
00006b11  SysTickDisable                        
00006b25  SysTickEnable                         
00006b39  SysTickIntEnable                      
00006ad9  SysTickIntRegister                    
00006bdd  SysTickPeriodSet                      
000065e3  UARTRxTxHandler                       
000065db  UnMaskIntHdlr                         
00006f48  _SlActionLookupTable                  
00001e6d  _SlDriverHandleError                  
00001685  _SlDrvBasicCmd                        
00000565  _SlDrvCmdOp                           
000016d9  _SlDrvCmdSend                         
00000621  _SlDrvDataReadOp                      
00000801  _SlDrvDataWriteOp                     
00005af5  _SlDrvDeviceEventHandler              
00001cdb  _SlDrvDispatchHttpServerEvents        
000003ed  _SlDrvDriverCBDeinit                  
0000024f  _SlDrvDriverCBInit                    
00001dbf  _SlDrvGlobalObjUnLock                 
00001f2d  _SlDrvIsTimeoutExpired                
00001de1  _SlDrvMemZero                         
00001295  _SlDrvMsgReadSpawnCtx                 
0000552d  _SlDrvNetAppEventHandler              
00001d0b  _SlDrvObjLockWaitForever              
00001d59  _SlDrvObjUnLock                       
00000209  _SlDrvProtectAsyncRespSetting         
00001d31  _SlDrvProtectionObjLockWaitForever    
00001d79  _SlDrvProtectionObjUnLock             
000018e7  _SlDrvReleasePoolObj                  
00001df7  _SlDrvResetCmdExt                     
00000511  _SlDrvRxIrqHandler                    
00001f0d  _SlDrvStartMeasureTimeout             
00001ceb  _SlDrvSyncObjSignal                   
00001e09  _SlDrvSyncObjWaitForever              
00001e2d  _SlDrvSyncObjWaitTimeout              
00001755  _SlDrvWaitForPoolObj                  
00007124  _SlNetAppSendTokenValueCmdCtrl        
000060f1  _SlNonOsMainLoopTask                  
00005fe9  _SlNonOsSemGet                        
00005fd1  _SlNonOsSemSet                        
00006091  _SlNonOsSpawn                         
20000e00  __STACK_END                           
000002c0  __STACK_SIZE                          
20000d40  __STACK_TOP                           
000071c0  __TI_CINIT_Base                       
000071d8  __TI_CINIT_Limit                      
000071a0  __TI_Handler_Table_Base               
000071ac  __TI_Handler_Table_Limit              
0000695d  __TI_auto_init_nobinit_nopinit        
000067b1  __TI_decompress_lzss                  
00006c17  __TI_decompress_none                  
ffffffff  __TI_pprof_out_hndl                   
ffffffff  __TI_prof_data_size                   
ffffffff  __TI_prof_data_start                  
00000000  __TI_static_base__                    
00006c3d  __TI_zero_init                        
000066cd  __aeabi_memclr                        
000066cd  __aeabi_memclr4                       
000066cd  __aeabi_memclr8                       
00006631  __aeabi_memcpy                        
00006631  __aeabi_memcpy4                       
00006631  __aeabi_memcpy8                       
000066cf  __aeabi_memset                        
000066cf  __aeabi_memset4                       
000066cf  __aeabi_memset8                       
ffffffff  __binit__                             
ffffffff  __c_args__                            
UNDEFED   __mpu_init                            
20000b40  __stack                               
00006a45  _c_int00_noargs                       
00002a55  _sl_HandleAsync_Accept                
00002613  _sl_HandleAsync_Connect               
00004f2f  _sl_HandleAsync_DnsGetHostByAddr      
0000507d  _sl_HandleAsync_DnsGetHostByName      
00004e69  _sl_HandleAsync_DnsGetHostByService   
00005731  _sl_HandleAsync_InitComplete          
00005151  _sl_HandleAsync_PingResponse          
00002ab5  _sl_HandleAsync_Select                
000057b5  _sl_HandleAsync_Stop                  
0000540d  _sl_NetAppSendTokenValue              
00002045  _sl_ParseAddress                      
UNDEFED   _system_post_cinit                    
00006c79  _system_pre_init                      
00006c7d  abort                                 
2000026c  appData                               
ffffffff  binit                                 
20000e48  g_GatewayIP                           
20000e44  g_PingPacketsRecv                     
20000e4c  g_SlDeviceStatus                      
20000e3c  g_SockID                              
20000e40  g_Status                              
20000b30  g_SysClock                            
20000e00  g__SlNonOsCB                          
20000b3a  g_bDeviceRestartIsRequired            
20000e50  g_pCB                                 
20000000  g_pfnRAMVectors                       
00000000  g_pfnVectors                          
20000b34  g_ucUARTBuffer                        
00006565  initClk                               
00003df9  main                                  
00006631  memcpy                                
000066d5  memset                                
20000e5c  pIrqEventHandler                      
20000e54  pPingCallBackFunc                     
0000657f  registerInterruptHandler              
0000282d  sl_Accept                             
0000216f  sl_Bind                               
0000211d  sl_Close                              
0000249d  sl_Connect                            
000059a5  sl_DevGet                             
00005a67  sl_DevSet                             
00005939  sl_EventMaskGet                       
000058d3  sl_EventMaskSet                       
00002c3f  sl_GetSockOpt                         
000029d3  sl_Htonl                              
00002a19  sl_Htons                              
000027bd  sl_Listen                             
00004f41  sl_NetAppDnsGetHostByName             
00004d61  sl_NetAppDnsGetHostByService          
00005479  sl_NetAppGet                          
00004ac9  sl_NetAppGetServiceList               
00004c91  sl_NetAppMDNSRegisterService          
00004bbb  sl_NetAppMDNSRegisterUnregisterService
00004cf5  sl_NetAppMDNSUnRegisterService        
000051dd  sl_NetAppPingStart                    
0000537b  sl_NetAppSet                          
00004a31  sl_NetAppStart                        
00004a7d  sl_NetAppStop                         
000061f7  sl_NetCfgGet                          
0000616d  sl_NetCfgSet                          
00002b0d  sl_Recv                               
0000235d  sl_RecvFrom                           
00002cf7  sl_Select                             
00002691  sl_Send                               
0000221d  sl_SendTo                             
00002bb5  sl_SetSockOpt                         
0000209f  sl_Socket                             
0000565d  sl_Start                              
000057ff  sl_Stop                               
00005655  sl_Task                               
00002efd  sl_WlanConnect                        
0000316d  sl_WlanDisconnect                     
00003c1d  sl_WlanGet                            
00003735  sl_WlanGetNetworkList                 
00003231  sl_WlanPolicyGet                      
000031a1  sl_WlanPolicySet                      
00003325  sl_WlanProfileAdd                     
000036e3  sl_WlanProfileDel                     
000035d9  sl_WlanProfileGet                     
000037cb  sl_WlanRxFilterAdd                    
000038e5  sl_WlanRxFilterGet                    
00003861  sl_WlanRxFilterSet                    
000039dd  sl_WlanRxStatGet                      
00003979  sl_WlanRxStatStart                    
000039a9  sl_WlanRxStatStop                     
00003b81  sl_WlanSet                            
00003b29  sl_WlanSetMode                        
00003a71  sl_WlanSmartConfigStart               
00003a3d  sl_WlanSmartConfigStop                
00005bad  spi_Close                             
00005bb9  spi_Open                              
00005d21  spi_Read                              
00005cbd  spi_Write                             
0000657d  stopWDT                               
00006b4d  strcpy                                
00006b61  strlen                                
00006a79  strstr                                
00006855  timer_GetCurrentTimestamp             


GLOBAL SYMBOLS: SORTED BY Symbol Address 

address   name                                  
-------   ----                                  
00000000  __TI_static_base__                    
00000000  g_pfnVectors                          
00000209  _SlDrvProtectAsyncRespSetting         
0000024f  _SlDrvDriverCBInit                    
000002c0  __STACK_SIZE                          
000003ed  _SlDrvDriverCBDeinit                  
00000511  _SlDrvRxIrqHandler                    
00000565  _SlDrvCmdOp                           
00000621  _SlDrvDataReadOp                      
00000801  _SlDrvDataWriteOp                     
00001295  _SlDrvMsgReadSpawnCtx                 
00001685  _SlDrvBasicCmd                        
000016d9  _SlDrvCmdSend                         
00001755  _SlDrvWaitForPoolObj                  
000018e7  _SlDrvReleasePoolObj                  
00001cdb  _SlDrvDispatchHttpServerEvents        
00001ceb  _SlDrvSyncObjSignal                   
00001d0b  _SlDrvObjLockWaitForever              
00001d31  _SlDrvProtectionObjLockWaitForever    
00001d59  _SlDrvObjUnLock                       
00001d79  _SlDrvProtectionObjUnLock             
00001dbf  _SlDrvGlobalObjUnLock                 
00001de1  _SlDrvMemZero                         
00001df7  _SlDrvResetCmdExt                     
00001e09  _SlDrvSyncObjWaitForever              
00001e2d  _SlDrvSyncObjWaitTimeout              
00001e6d  _SlDriverHandleError                  
00001f0d  _SlDrvStartMeasureTimeout             
00001f2d  _SlDrvIsTimeoutExpired                
00002045  _sl_ParseAddress                      
0000209f  sl_Socket                             
0000211d  sl_Close                              
0000216f  sl_Bind                               
0000221d  sl_SendTo                             
0000235d  sl_RecvFrom                           
0000249d  sl_Connect                            
00002613  _sl_HandleAsync_Connect               
00002691  sl_Send                               
000027bd  sl_Listen                             
0000282d  sl_Accept                             
000029d3  sl_Htonl                              
00002a19  sl_Htons                              
00002a55  _sl_HandleAsync_Accept                
00002ab5  _sl_HandleAsync_Select                
00002b0d  sl_Recv                               
00002bb5  sl_SetSockOpt                         
00002c3f  sl_GetSockOpt                         
00002cf7  sl_Select                             
00002e59  SL_FD_SET                             
00002e81  SL_FD_CLR                             
00002ea9  SL_FD_ISSET                           
00002ed5  SL_FD_ZERO                            
00002efd  sl_WlanConnect                        
0000316d  sl_WlanDisconnect                     
000031a1  sl_WlanPolicySet                      
00003231  sl_WlanPolicyGet                      
00003325  sl_WlanProfileAdd                     
000035d9  sl_WlanProfileGet                     
000036e3  sl_WlanProfileDel                     
00003735  sl_WlanGetNetworkList                 
000037cb  sl_WlanRxFilterAdd                    
00003861  sl_WlanRxFilterSet                    
000038e5  sl_WlanRxFilterGet                    
00003979  sl_WlanRxStatStart                    
000039a9  sl_WlanRxStatStop                     
000039dd  sl_WlanRxStatGet                      
00003a3d  sl_WlanSmartConfigStop                
00003a71  sl_WlanSmartConfigStart               
00003b29  sl_WlanSetMode                        
00003b81  sl_WlanSet                            
00003c1d  sl_WlanGet                            
00003cf5  SimpleLinkWlanEventHandler            
00003d61  SimpleLinkNetAppEventHandler          
00003da3  SimpleLinkHttpServerCallback          
00003dd5  SimpleLinkGeneralEventHandler         
00003de1  SimpleLinkSockEventHandler            
00003df9  main                                  
00004a31  sl_NetAppStart                        
00004a7d  sl_NetAppStop                         
00004ac9  sl_NetAppGetServiceList               
00004bbb  sl_NetAppMDNSRegisterUnregisterService
00004c91  sl_NetAppMDNSRegisterService          
00004cf5  sl_NetAppMDNSUnRegisterService        
00004d61  sl_NetAppDnsGetHostByService          
00004e69  _sl_HandleAsync_DnsGetHostByService   
00004f2f  _sl_HandleAsync_DnsGetHostByAddr      
00004f41  sl_NetAppDnsGetHostByName             
0000507d  _sl_HandleAsync_DnsGetHostByName      
00005151  _sl_HandleAsync_PingResponse          
000051dd  sl_NetAppPingStart                    
0000537b  sl_NetAppSet                          
0000540d  _sl_NetAppSendTokenValue              
00005479  sl_NetAppGet                          
0000552d  _SlDrvNetAppEventHandler              
00005655  sl_Task                               
0000565d  sl_Start                              
00005731  _sl_HandleAsync_InitComplete          
000057b5  _sl_HandleAsync_Stop                  
000057ff  sl_Stop                               
000058d3  sl_EventMaskSet                       
00005939  sl_EventMaskGet                       
000059a5  sl_DevGet                             
00005a67  sl_DevSet                             
00005af5  _SlDrvDeviceEventHandler              
00005bad  spi_Close                             
00005bb9  spi_Open                              
00005cbd  spi_Write                             
00005d21  spi_Read                              
00005dcd  SysCtlClockFreqSet                    
00005fd1  _SlNonOsSemSet                        
00005fe9  _SlNonOsSemGet                        
00006091  _SlNonOsSpawn                         
000060f1  _SlNonOsMainLoopTask                  
0000616d  sl_NetCfgSet                          
000061f7  sl_NetCfgGet                          
000062d5  CLI_Read                              
00006321  CLI_Write                             
0000637b  CLI_Configure                         
00006435  GPIOPadConfigSet                      
00006565  initClk                               
0000657d  stopWDT                               
0000657f  registerInterruptHandler              
00006593  CC3100_disable                        
000065a7  CC3100_enable                         
000065bb  CC3100_InterruptEnable                
000065c7  CC3100_InterruptDisable               
000065d3  MaskIntHdlr                           
000065db  UnMaskIntHdlr                         
000065e3  UARTRxTxHandler                       
000065e5  GPIOM_intHandler                      
00006631  __aeabi_memcpy                        
00006631  __aeabi_memcpy4                       
00006631  __aeabi_memcpy8                       
00006631  memcpy                                
000066cd  __aeabi_memclr                        
000066cd  __aeabi_memclr4                       
000066cd  __aeabi_memclr8                       
000066cf  __aeabi_memset                        
000066cf  __aeabi_memset4                       
000066cf  __aeabi_memset8                       
000066d5  memset                                
00006749  IntEnable                             
000067b1  __TI_decompress_lzss                  
00006855  timer_GetCurrentTimestamp             
00006875  GPIOIntTypeSet                        
000068cd  GPIOPinConfigure                      
0000695d  __TI_auto_init_nobinit_nopinit        
000069a1  SSIConfigSetExpClk                    
000069dd  IntRegister                           
00006a11  SysCtlPeripheralEnable                
00006a45  _c_int00_noargs                       
00006a79  strstr                                
00006aad  GPIODirModeSet                        
00006ad9  SysTickIntRegister                    
00006b11  SysTickDisable                        
00006b25  SysTickEnable                         
00006b39  SysTickIntEnable                      
00006b4d  strcpy                                
00006b61  strlen                                
00006b75  GPIOPinTypeGPIOInput                  
00006b87  GPIOPinTypeSSI                        
00006b99  SSIDataGetNonBlocking                 
00006bad  FPUEnable                             
00006bbd  FPULazyStackingEnable                 
00006bcd  IntMasterEnable                       
00006bdd  SysTickPeriodSet                      
00006bed  GPIOIntDisable                        
00006bfb  GPIOIntStatus                         
00006c09  SSIDataPutNonBlocking                 
00006c17  __TI_decompress_none                  
00006c25  CPUcpsie                              
00006c31  GPIOIntEnable                         
00006c3d  __TI_zero_init                        
00006c49  ResetISR                              
00006c55  SSIEnable                             
00006c5f  SSIBusy                               
00006c67  GPIOIntClear                          
00006c6d  GPIOPinWrite                          
00006c73  SysCtlDelay                           
00006c79  _system_pre_init                      
00006c7d  C$$EXIT                               
00006c7d  abort                                 
00006f0c  OpcodeTranslateTable                  
00006f48  _SlActionLookupTable                  
00007124  _SlNetAppSendTokenValueCmdCtrl        
000071a0  __TI_Handler_Table_Base               
000071ac  __TI_Handler_Table_Limit              
000071c0  __TI_CINIT_Base                       
000071d8  __TI_CINIT_Limit                      
20000000  g_pfnRAMVectors                       
2000026c  appData                               
20000a04  Edxpost                               
20000a68  Id                                    
20000acc  Score                                 
20000b30  g_SysClock                            
20000b34  g_ucUARTBuffer                        
20000b38  IntIsMasked                           
20000b39  RxIrqCnt                              
20000b3a  g_bDeviceRestartIsRequired            
20000b40  __stack                               
20000d40  __STACK_TOP                           
20000e00  __STACK_END                           
20000e00  g__SlNonOsCB                          
20000e3c  g_SockID                              
20000e40  g_Status                              
20000e44  g_PingPacketsRecv                     
20000e48  g_GatewayIP                           
20000e4c  g_SlDeviceStatus                      
20000e50  g_pCB                                 
20000e54  pPingCallBackFunc                     
20000e5c  pIrqEventHandler                      
ffffffff  __TI_pprof_out_hndl                   
ffffffff  __TI_prof_data_size                   
ffffffff  __TI_prof_data_start                  
ffffffff  __binit__                             
ffffffff  __c_args__                            
ffffffff  binit                                 
UNDEFED   __mpu_init                            
UNDEFED   _system_post_cinit                    

[219 symbols]
