******************************************************************************
                  TI ARM Linker PC v18.12.1                    
******************************************************************************
>> Linked Sun Jul 28 21:49:24 2019

OUTPUT FILE NAME:   <getting_started_with_wlan_station.out>
ENTRY POINT SYMBOL: "_c_int00_noargs"  address: 0000a189


MEMORY CONFIGURATION

         name            origin    length      used     unused   attr    fill
----------------------  --------  ---------  --------  --------  ----  --------
  FLASH                 00000000   00100000  0000aaf2  000f550e  R  X
  SRAM                  20000000   00040000  00001937  0003e6c9  RW X


SEGMENT ALLOCATION MAP

run origin  load origin   length   init length attrs members
----------  ----------- ---------- ----------- ----- -------
00000000    00000000    0000aaf8   0000aaf8    r-x
  00000000    00000000    00000208   00000208    r-- .intvecs
  00000208    00000208    0000a28e   0000a28e    r-x .text
  0000a498    0000a498    00000614   00000614    r-- .const
  0000aab0    0000aab0    00000048   00000048    r-- .cinit
20000000    20000000    0000193c   00000000    rw-
  20000000    20000000    0000026c   00000000    rw- .vtable
  2000026c    2000026c    00000c0f   00000000    rw- .bss
  20000e80    20000e80    000007d0   00000000    rw- .stack
  20001650    20001650    000002ec   00000000    rw- .data


SECTION ALLOCATION MAP

 output                                  attributes/
section   page    origin      length       input sections
--------  ----  ----------  ----------   ----------------
.intvecs   0    00000000    00000208     
                  00000000    00000208     tm4c1294ncpdt_startup_ccs.obj (.intvecs)

.text      0    00000208    0000a28e     
                  00000208    00001db4     driver.obj (.text)
                  00001fbc    00001898     connect.obj (.text)
                  00003854    00000f40     socket.obj (.text)
                  00004794    00000df8     wlan.obj (.text)
                  0000558c    00000c10     netapp.obj (.text)
                  0000619c    00000a4e     rtsv7M4_T_le_v4SPD16_eabi.lib : _printfi.c.obj (.text:__TI_printfi)
                  00006bea    00000002                                   : div0.asm.obj (.text)
                  00006bec    00000770     main.obj (.text)
                  0000735c    00000728     ADCSWTrigger.obj (.text)
                  00007a84    0000056c     device.obj (.text)
                  00007ff0    00000270     rtsv7M4_T_le_v4SPD16_eabi.lib : _printfi.c.obj (.text:_pconv_a)
                  00008260    00000220     spi.obj (.text)
                  00008480    00000204     driverlib.lib : sysctl.obj (.text:SysCtlClockFreqSet)
                  00008684    000001d0     rtsv7M4_T_le_v4SPD16_eabi.lib : _printfi.c.obj (.text:_pconv_g)
                  00008854    000001b6                                   : fd_add_t2.asm.obj (.text)
                  00008a0a    00000002     --HOLE-- [fill = 0]
                  00008a0c    0000019c     nonos.obj (.text)
                  00008ba8    00000168     netcfg.obj (.text)
                  00008d10    00000160     cli_uart.obj (.text)
                  00008e70    0000013c     rtsv7M4_T_le_v4SPD16_eabi.lib : _printfi.c.obj (.text:_pconv_e)
                  00008fac    00000136                                   : fd_div_t2.asm.obj (.text)
                  000090e2    00000130     driverlib.lib : gpio.obj (.text:GPIOPadConfigSet)
                  00009212    00000002     --HOLE-- [fill = 0]
                  00009214    00000124     rtsv7M4_T_le_v4SPD16_eabi.lib : _printfi.c.obj (.text:fcvt)
                  00009338    00000110     PLL.obj (.text)
                  00009448    00000110     rtsv7M4_T_le_v4SPD16_eabi.lib : s_scalbn.c.obj (.text:scalbn)
                  00009558    000000fc                                   : fd_mul_t2.asm.obj (.text)
                  00009654    000000cc     board.obj (.text)
                  00009720    000000b1     rtsv7M4_T_le_v4SPD16_eabi.lib : _printfi.c.obj (.text:_ltostr)
                  000097d1    00000001     --HOLE-- [fill = 0]
                  000097d2    0000009c                                   : memcpy_t2.asm.obj (.text)
                  0000986e    00000096                                   : ull_div_t2.asm.obj (.text)
                  00009904    00000086                                   : fd_cmp_t2.asm.obj (.text:__aeabi_cdcmple)
                  0000998a    00000086                                   : fd_cmp_t2.asm.obj (.text:__aeabi_cdrcmple)
                  00009a10    0000007a                                   : memset_t2.asm.obj (.text)
                  00009a8a    00000002     --HOLE-- [fill = 0]
                  00009a8c    00000078     SysTick.obj (.text)
                  00009b04    0000006e     rtsv7M4_T_le_v4SPD16_eabi.lib : _printfi.c.obj (.text:_mcpy)
                  00009b72    0000006e                                   : fd_tos_t2.asm.obj (.text)
                  00009be0    00000068     driverlib.lib : interrupt.obj (.text:IntEnable)
                  00009c48    00000068     rtsv7M4_T_le_v4SPD16_eabi.lib : copy_decompress_lzss.c.obj (.text:decompress:lzss:__TI_decompress_lzss)
                  00009cb0    00000064                                   : s_frexp.c.obj (.text:frexp)
                  00009d14    0000005c     timer_tick.obj (.text)
                  00009d70    00000056     driverlib.lib : gpio.obj (.text:GPIOIntTypeSet)
                  00009dc6    00000056     rtsv7M4_T_le_v4SPD16_eabi.lib : _printfi.c.obj (.text:_pconv_f)
                  00009e1c    00000054                                   : ltoa.c.obj (.text:ltoa)
                  00009e70    00000052                                   : _printfi.c.obj (.text:_ecpy)
                  00009ec2    00000002     --HOLE-- [fill = 0]
                  00009ec4    0000004c                                   : atoi.c.obj (.text:atoi)
                  00009f10    00000048     driverlib.lib : gpio.obj (.text:GPIOPinConfigure)
                  00009f58    00000048                   : sysctl.obj (.text:_SysCtlFrequencyGet)
                  00009fa0    00000048     rtsv7M4_T_le_v4SPD16_eabi.lib : fd_toi_t2.asm.obj (.text)
                  00009fe8    00000044                                   : autoinit.c.obj (.text:__TI_auto_init_nobinit_nopinit:__TI_auto_init_nobinit_nopinit)
                  0000a02c    00000040                                   : sprintf.c.obj (.text:sprintf)
                  0000a06c    0000003e                                   : _printfi.c.obj (.text:_fcpy)
                  0000a0aa    0000003c     driverlib.lib : ssi.obj (.text:SSIConfigSetExpClk)
                  0000a0e6    00000038     rtsv7M4_T_le_v4SPD16_eabi.lib : fs_tod_t2.asm.obj (.text)
                  0000a11e    00000002     --HOLE-- [fill = 0]
                  0000a120    00000034     driverlib.lib : interrupt.obj (.text:IntRegister)
                  0000a154    00000034                   : sysctl.obj (.text:SysCtlPeripheralEnable)
                  0000a188    00000034     rtsv7M4_T_le_v4SPD16_eabi.lib : boot_cortex_m.c.obj (.text:_c_int00_noargs:_c_int00_noargs)
                  0000a1bc    00000034                                   : strstr.c.obj (.text:strstr)
                  0000a1f0    0000002e                                   : i_tofd_t2.asm.obj (.text)
                  0000a21e    0000002a     driverlib.lib : gpio.obj (.text:GPIODirModeSet)
                  0000a248    0000001e     rtsv7M4_T_le_v4SPD16_eabi.lib : strcat.c.obj (.text:strcat)
                  0000a266    00000002     --HOLE-- [fill = 0]
                  0000a268    0000001c     driverlib.lib : systick.obj (.text:SysTickIntRegister)
                  0000a284    0000001c                   : sysctl.obj (.text:_SysCtlMemTimingGet)
                  0000a2a0    0000001c     rtsv7M4_T_le_v4SPD16_eabi.lib : memccpy.c.obj (.text:memccpy)
                  0000a2bc    0000001a                                   : s_copysign.c.obj (.text:copysign)
                  0000a2d6    00000018                                   : sprintf.c.obj (.text:_outs)
                  0000a2ee    00000016                                   : strchr.c.obj (.text:strchr)
                  0000a304    00000014     driverlib.lib : systick.obj (.text:SysTickDisable)
                  0000a318    00000014                   : systick.obj (.text:SysTickEnable)
                  0000a32c    00000014                   : systick.obj (.text:SysTickIntEnable)
                  0000a340    00000014     rtsv7M4_T_le_v4SPD16_eabi.lib : strcpy.c.obj (.text:strcpy)
                  0000a354    00000014                                   : strlen.c.obj (.text:strlen)
                  0000a368    00000012     driverlib.lib : gpio.obj (.text:GPIOPinTypeGPIOInput)
                  0000a37a    00000012                   : gpio.obj (.text:GPIOPinTypeSSI)
                  0000a38c    00000012                   : ssi.obj (.text:SSIDataGetNonBlocking)
                  0000a39e    00000012     rtsv7M4_T_le_v4SPD16_eabi.lib : wcslen.c.obj (.text:wcslen)
                  0000a3b0    00000010     driverlib.lib : fpu.obj (.text:FPUEnable)
                  0000a3c0    00000010                   : fpu.obj (.text:FPULazyStackingEnable)
                  0000a3d0    00000010                   : interrupt.obj (.text:IntMasterEnable)
                  0000a3e0    00000010                   : systick.obj (.text:SysTickPeriodSet)
                  0000a3f0    0000000e                   : gpio.obj (.text:GPIOIntDisable)
                  0000a3fe    0000000e                   : gpio.obj (.text:GPIOIntStatus)
                  0000a40c    0000000e                   : ssi.obj (.text:SSIDataPutNonBlocking)
                  0000a41a    0000000e     rtsv7M4_T_le_v4SPD16_eabi.lib : copy_decompress_none.c.obj (.text:decompress:none:__TI_decompress_none)
                  0000a428    0000000c     driverlib.lib : cpu.obj (.text:CPUcpsie)
                  0000a434    0000000c                   : gpio.obj (.text:GPIOIntEnable)
                  0000a440    0000000c     rtsv7M4_T_le_v4SPD16_eabi.lib : copy_zero_init.c.obj (.text:decompress:ZI:__TI_zero_init)
                  0000a44c    0000000c     tm4c1294ncpdt_startup_ccs.obj (.text)
                  0000a458    0000000a     driverlib.lib : ssi.obj (.text:SSIEnable)
                  0000a462    0000000a     rtsv7M4_T_le_v4SPD16_eabi.lib : sprintf.c.obj (.text:_outc)
                  0000a46c    00000008     driverlib.lib : ssi.obj (.text:SSIBusy)
                  0000a474    00000008     rtsv7M4_T_le_v4SPD16_eabi.lib : errno.c.obj (.text:__aeabi_errno_addr)
                  0000a47c    00000006     driverlib.lib : gpio.obj (.text:GPIOIntClear)
                  0000a482    00000006                   : gpio.obj (.text:GPIOPinWrite)
                  0000a488    00000006                   : sysctl.obj (.text:SysCtlDelay)
                  0000a48e    00000004     rtsv7M4_T_le_v4SPD16_eabi.lib : pre_init.c.obj (.text:_system_pre_init)
                  0000a492    00000004                                   : exit.c.obj (.text:abort:abort)

.const     0    0000a498    00000614     
                  0000a498    00000120     driverlib.lib : sysctl.obj (.const:g_pppui32XTALtoVCO)
                  0000a5b8    00000101     rtsv7M4_T_le_v4SPD16_eabi.lib : ctype.c.obj (.const:.string:_ctypes_)
                  0000a6b9    00000003     --HOLE-- [fill = 0]
                  0000a6bc    00000090     driverlib.lib : gpio.obj (.const:g_pui32GPIOBaseAddrs)
                  0000a74c    00000070                   : interrupt.obj (.const)
                  0000a7bc    0000006c                   : sysctl.obj (.const:g_pui32Xtals)
                  0000a828    0000003c     driver.obj (.const:OpcodeTranslateTable)
                  0000a864    00000038     driver.obj (.const:_SlActionLookupTable)
                  0000a89c    00000030     driverlib.lib : sysctl.obj (.const:g_sXTALtoMEMTIM)
                  0000a8cc    0000002c     connect.obj (.const:$P$T0$1)
                  0000a8f8    00000020     connect.obj (.const:$P$T3$4)
                  0000a918    00000020     connect.obj (.const:$P$T5$6)
                  0000a938    00000020     driver.obj (.const:RxMsgClassLUT)
                  0000a958    00000014     driver.obj (.const:$P$T0$1)
                  0000a96c    00000014     nonos.obj (.const:$P$T0$1)
                  0000a980    00000014     connect.obj (.const:$P$T1$2)
                  0000a994    00000014     connect.obj (.const:$P$T4$5)
                  0000a9a8    00000014     connect.obj (.const:$P$T6$7)
                  0000a9bc    00000010     socket.obj (.const:.string:_SlPayloadByProtocolLUT)
                  0000a9cc    0000000c     connect.obj (.const:$P$T2$3)
                  0000a9d8    00000008     device.obj (.const:StartResponseLUT)
                  0000a9e0    00000008     driverlib.lib : sysctl.obj (.const)
                  0000a9e8    00000008     driver.obj (.const:g_H2NCnysPattern)
                  0000a9f0    00000008     driver.obj (.const:g_H2NSyncPattern)
                  0000a9f8    00000004     netapp.obj (.const:$P$T0$1)
                  0000a9fc    00000004     socket.obj (.const:$P$T0$1)
                  0000aa00    00000004     wlan.obj (.const:$P$T0$1)
                  0000aa04    00000004     socket.obj (.const:$P$T1$2)
                  0000aa08    00000004     wlan.obj (.const:$P$T1$2)
                  0000aa0c    00000004     socket.obj (.const:$P$T2$3)
                  0000aa10    00000004     wlan.obj (.const:$P$T2$3)
                  0000aa14    00000004     socket.obj (.const:_SlAcceptCmdCtrl)
                  0000aa18    00000004     device.obj (.const:_SlDeviceGetCmdCtrl)
                  0000aa1c    00000004     device.obj (.const:_SlDeviceSetCmdCtrl)
                  0000aa20    00000004     device.obj (.const:_SlEventMaskGetCmdCtrl)
                  0000aa24    00000004     device.obj (.const:_SlEventMaskSetCmdCtrl)
                  0000aa28    00000004     netapp.obj (.const:_SlGetHostByNameCtrl)
                  0000aa2c    00000004     netapp.obj (.const:_SlGetHostByServiceCtrl)
                  0000aa30    00000004     netapp.obj (.const:_SlGetServiceListeCtrl)
                  0000aa34    00000004     socket.obj (.const:_SlGetSockOptCmdCtrl)
                  0000aa38    00000004     socket.obj (.const:_SlListenCmdCtrl)
                  0000aa3c    00000004     netapp.obj (.const:_SlNetAppGetCmdCtrl)
                  0000aa40    00000004     netapp.obj (.const:_SlNetAppSendTokenValueCmdCtrl)
                  0000aa44    00000004     netapp.obj (.const:_SlNetAppSetCmdCtrl)
                  0000aa48    00000004     netapp.obj (.const:_SlNetAppStartCtrl)
                  0000aa4c    00000004     netapp.obj (.const:_SlNetAppStopCtrl)
                  0000aa50    00000004     netcfg.obj (.const:_SlNetCfgGetCmdCtrl)
                  0000aa54    00000004     netcfg.obj (.const:_SlNetCfgSetCmdCtrl)
                  0000aa58    00000004     wlan.obj (.const:_SlPolicyGetCmdCtrl)
                  0000aa5c    00000004     wlan.obj (.const:_SlPolicySetCmdCtrl)
                  0000aa60    00000004     wlan.obj (.const:_SlProfileDelCmdCtrl)
                  0000aa64    00000004     wlan.obj (.const:_SlProfileGetCmdCtrl)
                  0000aa68    00000004     socket.obj (.const:_SlRecvCmdCtrl)
                  0000aa6c    00000004     socket.obj (.const:_SlRecvfomCmdCtrl)
                  0000aa70    00000004     netapp.obj (.const:_SlRegisterServiceCtrl)
                  0000aa74    00000004     wlan.obj (.const:_SlRxFilterAddtCmdCtrl)
                  0000aa78    00000004     wlan.obj (.const:_SlRxFilterGetCmdCtrl)
                  0000aa7c    00000004     wlan.obj (.const:_SlRxFilterSetCmdCtrl)
                  0000aa80    00000004     socket.obj (.const:_SlSelectCmdCtrl)
                  0000aa84    00000004     socket.obj (.const:_SlSendCmdCtrl)
                  0000aa88    00000004     socket.obj (.const:_SlSetSockOptCmdCtrl)
                  0000aa8c    00000004     wlan.obj (.const:_SlSmartConfigStartCmdCtrl)
                  0000aa90    00000004     socket.obj (.const:_SlSockCloseCmdCtrl)
                  0000aa94    00000004     socket.obj (.const:_SlSockSocketCmdCtrl)
                  0000aa98    00000004     device.obj (.const:_SlStopCmdCtrl)
                  0000aa9c    00000004     wlan.obj (.const:_SlWlanCfgGetCmdCtrl)
                  0000aaa0    00000004     wlan.obj (.const:_SlWlanCfgSetCmdCtrl)
                  0000aaa4    00000004     wlan.obj (.const:_SlWlanGetNetworkListCtrl)
                  0000aaa8    00000004     wlan.obj (.const:_SlWlanSetModeCmdCtrl)

.cinit     0    0000aab0    00000048     
                  0000aab0    0000000e     (.cinit..data.load) [load image, compression = lzss]
                  0000aabe    00000002     --HOLE-- [fill = 0]
                  0000aac0    0000000c     (__TI_handler_table)
                  0000aacc    00000004     --HOLE-- [fill = 0]
                  0000aad0    00000008     (.cinit..bss.load) [load image, compression = zero_init]
                  0000aad8    00000008     (.cinit..vtable.load) [load image, compression = zero_init]
                  0000aae0    00000018     (__TI_cinit_table)

.init_array 
*          0    00000000    00000000     UNINITIALIZED

.vtable    0    20000000    0000026c     UNINITIALIZED
                  20000000    0000026c     driverlib.lib : interrupt.obj (.vtable)

.bss       0    2000026c    00000c0f     UNINITIALIZED
                  2000026c    00000630     (.common:appData)
                  2000089c    00000320     (.common:instructions)
                  20000bbc    00000168     driver.obj (.bss:g_StatMem)
                  20000d24    00000064     (.common:Edxpost)
                  20000d88    00000064     (.common:Id)
                  20000dec    00000064     (.common:Score)
                  20000e50    00000018     (.common:theTime)
                  20000e68    00000004     (.common:g_Status)
                  20000e6c    00000004     (.common:g_SysClock)
                  20000e70    00000004     (.common:g_ucUARTBuffer)
                  20000e74    00000004     (.common:numberOfInstructions)
                  20000e78    00000001     (.common:IntIsMasked)
                  20000e79    00000001     (.common:RxIrqCnt)
                  20000e7a    00000001     (.common:g_bDeviceRestartIsRequired)

.data      0    20001650    000002ec     UNINITIALIZED
                  20001650    00000200     connect.obj (.data:buildstr)
                  20001850    0000003c     nonos.obj (.data:g__SlNonOsCB)
                  2000188c    00000032     connect.obj (.data:mystring2)
                  200018be    00000032     connect.obj (.data:mystring)
                  200018f0    0000001c     main.obj (.data)
                  2000190c    0000000d     driver.obj (.data)
                  20001919    00000003     --HOLE--
                  2000191c    0000000c     connect.obj (.data)
                  20001928    00000005     connect.obj (.data:strcontentlength)
                  2000192d    00000003     --HOLE--
                  20001930    00000004     board.obj (.data)
                  20001934    00000004     rtsv7M4_T_le_v4SPD16_eabi.lib : errno.c.obj (.data)
                  20001938    00000004     timer_tick.obj (.data)

.stack     0    20000e80    000007d0     UNINITIALIZED
                  20000e80    00000004     rtsv7M4_T_le_v4SPD16_eabi.lib : boot_cortex_m.c.obj (.stack)
                  20000e84    000007cc     --HOLE--

MODULE SUMMARY

       Module                          code    ro data   rw data
       ------                          ----    -------   -------
    .\
       connect.obj                     6296    180       3345   
       main.obj                        1904    0         28     
       ADCSWTrigger.obj                1832    0         0      
       tm4c1294ncpdt_startup_ccs.obj   12      520       0      
       PLL.obj                         272     0         0      
       SysTick.obj                     120     0         0      
    +--+-------------------------------+-------+---------+---------+
       Total:                          10436   700       3373   
                                                                
    .\board\
       board.obj                       204     0         9      
    +--+-------------------------------+-------+---------+---------+
       Total:                          204     0         9      
                                                                
    .\cli_uart\
       cli_uart.obj                    352     0         4      
    +--+-------------------------------+-------+---------+---------+
       Total:                          352     0         4      
                                                                
    .\simplelink\source\
       driver.obj                      7604    184       375    
       socket.obj                      3904    68        0      
       wlan.obj                        3576    60        0      
       netapp.obj                      3088    40        0      
       device.obj                      1388    28        0      
       nonos.obj                       412     20        60     
       netcfg.obj                      360     8         0      
    +--+-------------------------------+-------+---------+---------+
       Total:                          20332   408       435    
                                                                
    .\spi\
       spi.obj                         544     0         0      
    +--+-------------------------------+-------+---------+---------+
       Total:                          544     0         0      
                                                                
    .\timer\
       timer_tick.obj                  92      0         4      
    +--+-------------------------------+-------+---------+---------+
       Total:                          92      0         4      
                                                                
    C:/ti/tirtos_tivac_2_16_01_14/products/TivaWare_C_Series-2.1.1.71b/driverlib/ccs/Debug/driverlib.lib
       sysctl.obj                      674     452       0      
       interrupt.obj                   172     112       620    
       gpio.obj                        592     144       0      
       ssi.obj                         110     0         0      
       systick.obj                     104     0         0      
       fpu.obj                         32      0         0      
       cpu.obj                         12      0         0      
    +--+-------------------------------+-------+---------+---------+
       Total:                          1696    708       620    
                                                                
    C:\ti\ccs901\ccs\tools\compiler\ti-cgt-arm_18.12.1.LTS\lib\rtsv7M4_T_le_v4SPD16_eabi.lib
       _printfi.c.obj                  4851    0         0      
       fd_add_t2.asm.obj               438     0         0      
       fd_div_t2.asm.obj               310     0         0      
       s_scalbn.c.obj                  272     0         0      
       fd_cmp_t2.asm.obj               268     0         0      
       ctype.c.obj                     0       257       0      
       fd_mul_t2.asm.obj               252     0         0      
       memcpy_t2.asm.obj               156     0         0      
       ull_div_t2.asm.obj              150     0         0      
       memset_t2.asm.obj               122     0         0      
       fd_tos_t2.asm.obj               110     0         0      
       copy_decompress_lzss.c.obj      104     0         0      
       s_frexp.c.obj                   100     0         0      
       sprintf.c.obj                   98      0         0      
       ltoa.c.obj                      84      0         0      
       atoi.c.obj                      76      0         0      
       fd_toi_t2.asm.obj               72      0         0      
       autoinit.c.obj                  68      0         0      
       fs_tod_t2.asm.obj               56      0         0      
       boot_cortex_m.c.obj             52      0         0      
       strstr.c.obj                    52      0         0      
       i_tofd_t2.asm.obj               46      0         0      
       strcat.c.obj                    30      0         0      
       memccpy.c.obj                   28      0         0      
       s_copysign.c.obj                26      0         0      
       strchr.c.obj                    22      0         0      
       strcpy.c.obj                    20      0         0      
       strlen.c.obj                    20      0         0      
       wcslen.c.obj                    18      0         0      
       copy_decompress_none.c.obj      14      0         0      
       copy_zero_init.c.obj            12      0         0      
       errno.c.obj                     8       0         4      
       exit.c.obj                      4       0         0      
       pre_init.c.obj                  4       0         0      
       div0.asm.obj                    2       0         0      
    +--+-------------------------------+-------+---------+---------+
       Total:                          7945    257       4      
                                                                
       Stack:                          0       0         2000   
       Linker Generated:               0       66        0      
    +--+-------------------------------+-------+---------+---------+
       Grand Total:                    41601   2139      6449   


LINKER GENERATED COPY TABLES

__TI_cinit_table @ 0000aae0 records: 3, size/record: 8, table size: 24
	.data: load addr=0000aab0, load size=0000000e bytes, run addr=20001650, run size=000002ec bytes, compression=lzss
	.bss: load addr=0000aad0, load size=00000008 bytes, run addr=2000026c, run size=00000c0f bytes, compression=zero_init
	.vtable: load addr=0000aad8, load size=00000008 bytes, run addr=20000000, run size=0000026c bytes, compression=zero_init


LINKER GENERATED HANDLER TABLE

__TI_handler_table @ 0000aac0 records: 3, size/record: 4, table size: 12
	index: 0, handler: __TI_zero_init
	index: 1, handler: __TI_decompress_lzss
	index: 2, handler: __TI_decompress_none


GLOBAL SYMBOLS: SORTED ALPHABETICALLY BY Name 

address   name                                  
-------   ----                                  
000079fb  ADC0_InSeq3                           
00007921  ADC0_InitAllTriggerSeq3               
00007831  ADC0_InitSWTriggerSeq3                
0000735d  ADC0_InitSWTriggerSeq3_Ch0            
0000a493  C$$EXIT                               
000096b7  CC3100_InterruptDisable               
000096ab  CC3100_InterruptEnable                
00009683  CC3100_disable                        
00009697  CC3100_enable                         
00008db7  CLI_Configure                         
00008d11  CLI_Read                              
00008d5d  CLI_Write                             
0000a429  CPUcpsie                              
00003765  CreateConnection                      
20000d24  Edxpost                               
000036fd  ExecuteInstructions                   
0000a3b1  FPUEnable                             
0000a3c1  FPULazyStackingEnable                 
0000a21f  GPIODirModeSet                        
0000a47d  GPIOIntClear                          
0000a3f1  GPIOIntDisable                        
0000a435  GPIOIntEnable                         
0000a3ff  GPIOIntStatus                         
00009d71  GPIOIntTypeSet                        
000096d5  GPIOM_intHandler                      
000090e3  GPIOPadConfigSet                      
00009f11  GPIOPinConfigure                      
0000a369  GPIOPinTypeGPIOInput                  
0000a37b  GPIOPinTypeSSI                        
0000a483  GPIOPinWrite                          
00003755  GetHostIP                             
000036cb  GetInstruction                        
20000d88  Id                                    
00009be1  IntEnable                             
20000e78  IntIsMasked                           
0000a3d1  IntMasterEnable                       
0000a121  IntRegister                           
00002659  Lab16                                 
000096c3  MaskIntHdlr                           
0000a828  OpcodeTranslateTable                  
00009339  PLL_Init                              
0000a44d  ResetISR                              
20000e79  RxIrqCnt                              
00004719  SL_FD_CLR                             
00004741  SL_FD_ISSET                           
000046f1  SL_FD_SET                             
0000476d  SL_FD_ZERO                            
0000a46d  SSIBusy                               
0000a0ab  SSIConfigSetExpClk                    
0000a38d  SSIDataGetNonBlocking                 
0000a40d  SSIDataPutNonBlocking                 
0000a459  SSIEnable                             
20000dec  Score                                 
00002ffd  SendDecimal                           
00002e6d  SendTDS                               
0000209d  SimpleLinkGeneralEventHandler         
0000206b  SimpleLinkHttpServerCallback          
00002029  SimpleLinkNetAppEventHandler          
00002079  SimpleLinkPingReport                  
000020a9  SimpleLinkSockEventHandler            
00001fbd  SimpleLinkWlanEventHandler            
00008481  SysCtlClockFreqSet                    
0000a489  SysCtlDelay                           
0000a155  SysCtlPeripheralEnable                
0000a305  SysTickDisable                        
0000a319  SysTickEnable                         
0000a32d  SysTickIntEnable                      
0000a269  SysTickIntRegister                    
0000a3e1  SysTickPeriodSet                      
00009a8d  SysTick_Init                          
00009aa9  SysTick_Wait                          
00009acf  SysTick_Wait10ms                      
000096d3  UARTRxTxHandler                       
000096cb  UnMaskIntHdlr                         
0000a864  _SlActionLookupTable                  
00001e6d  _SlDriverHandleError                  
00001685  _SlDrvBasicCmd                        
00000565  _SlDrvCmdOp                           
000016d9  _SlDrvCmdSend                         
00000621  _SlDrvDataReadOp                      
00000801  _SlDrvDataWriteOp                     
00007f39  _SlDrvDeviceEventHandler              
00001cdb  _SlDrvDispatchHttpServerEvents        
000003ed  _SlDrvDriverCBDeinit                  
0000024f  _SlDrvDriverCBInit                    
00001dbf  _SlDrvGlobalObjUnLock                 
00001f2d  _SlDrvIsTimeoutExpired                
00001de1  _SlDrvMemZero                         
00001295  _SlDrvMsgReadSpawnCtx                 
00006089  _SlDrvNetAppEventHandler              
00001d0b  _SlDrvObjLockWaitForever              
00001d59  _SlDrvObjUnLock                       
00000209  _SlDrvProtectAsyncRespSetting         
00001d31  _SlDrvProtectionObjLockWaitForever    
00001d79  _SlDrvProtectionObjUnLock             
000018e7  _SlDrvReleasePoolObj                  
00001df7  _SlDrvResetCmdExt                     
00000511  _SlDrvRxIrqHandler                    
00001f0d  _SlDrvStartMeasureTimeout             
00001ceb  _SlDrvSyncObjSignal                   
00001e09  _SlDrvSyncObjWaitForever              
00001e2d  _SlDrvSyncObjWaitTimeout              
00001755  _SlDrvWaitForPoolObj                  
0000aa40  _SlNetAppSendTokenValueCmdCtrl        
00008b2d  _SlNonOsMainLoopTask                  
00008a25  _SlNonOsSemGet                        
00008a0d  _SlNonOsSemSet                        
00008acd  _SlNonOsSpawn                         
20001650  __STACK_END                           
000007d0  __STACK_SIZE                          
20001080  __STACK_TOP                           
0000aae0  __TI_CINIT_Base                       
0000aaf8  __TI_CINIT_Limit                      
0000aac0  __TI_Handler_Table_Base               
0000aacc  __TI_Handler_Table_Limit              
00009fe9  __TI_auto_init_nobinit_nopinit        
00009c49  __TI_decompress_lzss                  
0000a41b  __TI_decompress_none                  
ffffffff  __TI_pprof_out_hndl                   
0000619d  __TI_printfi                          
ffffffff  __TI_prof_data_size                   
ffffffff  __TI_prof_data_start                  
00000000  __TI_static_base__                    
0000a441  __TI_zero_init                        
00009905  __aeabi_cdcmpeq                       
00009905  __aeabi_cdcmple                       
0000998b  __aeabi_cdrcmple                      
00009b73  __aeabi_d2f                           
00009fa1  __aeabi_d2iz                          
0000885f  __aeabi_dadd                          
00008fad  __aeabi_ddiv                          
00009559  __aeabi_dmul                          
00008855  __aeabi_dsub                          
0000a475  __aeabi_errno_addr                    
0000a0e7  __aeabi_f2d                           
0000a1f1  __aeabi_i2d                           
00006beb  __aeabi_idiv0                         
00006beb  __aeabi_ldiv0                         
00009a11  __aeabi_memclr                        
00009a11  __aeabi_memclr4                       
00009a11  __aeabi_memclr8                       
000097d3  __aeabi_memcpy                        
000097d3  __aeabi_memcpy4                       
000097d3  __aeabi_memcpy8                       
00009a13  __aeabi_memset                        
00009a13  __aeabi_memset4                       
00009a13  __aeabi_memset8                       
0000986f  __aeabi_uldivmod                      
ffffffff  __binit__                             
ffffffff  __c_args__                            
UNDEFED   __mpu_init                            
20000e80  __stack                               
0000a189  _c_int00_noargs                       
0000a5b8  _ctypes_                              
000042ed  _sl_HandleAsync_Accept                
00003eab  _sl_HandleAsync_Connect               
00005a8b  _sl_HandleAsync_DnsGetHostByAddr      
00005bd9  _sl_HandleAsync_DnsGetHostByName      
000059c5  _sl_HandleAsync_DnsGetHostByService   
00007b75  _sl_HandleAsync_InitComplete          
00005cad  _sl_HandleAsync_PingResponse          
0000434d  _sl_HandleAsync_Select                
00007bf9  _sl_HandleAsync_Stop                  
00005f69  _sl_NetAppSendTokenValue              
000038dd  _sl_ParseAddress                      
UNDEFED   _system_post_cinit                    
0000a48f  _system_pre_init                      
0000a493  abort                                 
2000026c  appData                               
00009ec5  atoi                                  
ffffffff  binit                                 
000029e5  buildDecimal                          
000027e1  buildTDS                              
20001650  buildstr                              
00002539  checkInternetConnection               
000024a5  checkLanConnection                    
00002245  configureSimpleLinkToDefaultState     
2000191c  contentLength                         
0000a2bd  copysign                              
0000a2bd  copysignl                             
200018f8  currentDay                            
200018f4  currentHour                           
200018f0  currentMinutes                        
200018fc  currentMonth                          
20001904  currentSecond                         
20001900  currentYear                           
00002609  displayBanner                         
20001934  errno                                 
00002439  establishConnectionWithAP             
00009cb1  frexp                                 
00009cb1  frexpl                                
20001924  g_GatewayIP                           
20001920  g_PingPacketsRecv                     
2000190c  g_SlDeviceStatus                      
20000e68  g_Status                              
20000e6c  g_SysClock                            
20001850  g__SlNonOsCB                          
20000e7a  g_bDeviceRestartIsRequired            
20001910  g_pCB                                 
20000000  g_pfnRAMVectors                       
00000000  g_pfnVectors                          
20000e70  g_ucUARTBuffer                        
00002de9  getCurrentDay                         
00002dfb  getCurrentHour                        
00002e05  getCurrentMinute                      
00002def  getCurrentMonth                       
00002e0b  getCurrentSecond                      
00002df5  getCurrentYear                        
000033f1  getNextInstruction                    
00003195  getNumberOfInstructions               
00006e2b  getPh                                 
00006cbf  getTDS                                
00009655  initClk                               
000025ef  initializeAppVariables                
2000089c  instructions                          
20001908  lastSyncMinutes                       
00009449  ldexp                                 
00009449  ldexpl                                
00009e1d  ltoa                                  
00006f35  main                                  
00006bed  median                                
0000a2a1  memccpy                               
000097d3  memcpy                                
00009a19  memset                                
200018be  mystring                              
2000188c  mystring2                             
20000e74  numberOfInstructions                  
20001930  pIrqEventHandler                      
20001914  pPingCallBackFunc                     
0000966f  registerInterruptHandler              
00009449  scalbn                                
00009449  scalbnl                               
000040c5  sl_Accept                             
00003a07  sl_Bind                               
000039b5  sl_Close                              
00003d35  sl_Connect                            
00007de9  sl_DevGet                             
00007eab  sl_DevSet                             
00007d7d  sl_EventMaskGet                       
00007d17  sl_EventMaskSet                       
000044d7  sl_GetSockOpt                         
0000426b  sl_Htonl                              
000042b1  sl_Htons                              
00004055  sl_Listen                             
00005a9d  sl_NetAppDnsGetHostByName             
000058bd  sl_NetAppDnsGetHostByService          
00005fd5  sl_NetAppGet                          
00005625  sl_NetAppGetServiceList               
000057ed  sl_NetAppMDNSRegisterService          
00005717  sl_NetAppMDNSRegisterUnregisterService
00005851  sl_NetAppMDNSUnRegisterService        
00005d39  sl_NetAppPingStart                    
00005ed7  sl_NetAppSet                          
0000558d  sl_NetAppStart                        
000055d9  sl_NetAppStop                         
00008c33  sl_NetCfgGet                          
00008ba9  sl_NetCfgSet                          
000043a5  sl_Recv                               
00003bf5  sl_RecvFrom                           
0000458f  sl_Select                             
00003f29  sl_Send                               
00003ab5  sl_SendTo                             
0000444d  sl_SetSockOpt                         
00003937  sl_Socket                             
00007aa1  sl_Start                              
00007c43  sl_Stop                               
00007a99  sl_Task                               
00004795  sl_WlanConnect                        
00004a05  sl_WlanDisconnect                     
000054b5  sl_WlanGet                            
00004fcd  sl_WlanGetNetworkList                 
00004ac9  sl_WlanPolicyGet                      
00004a39  sl_WlanPolicySet                      
00004bbd  sl_WlanProfileAdd                     
00004f7b  sl_WlanProfileDel                     
00004e71  sl_WlanProfileGet                     
00005063  sl_WlanRxFilterAdd                    
0000517d  sl_WlanRxFilterGet                    
000050f9  sl_WlanRxFilterSet                    
00005275  sl_WlanRxStatGet                      
00005211  sl_WlanRxStatStart                    
00005241  sl_WlanRxStatStop                     
00005419  sl_WlanSet                            
000053c1  sl_WlanSetMode                        
00005309  sl_WlanSmartConfigStart               
000052d5  sl_WlanSmartConfigStop                
00008261  spi_Close                             
0000826d  spi_Open                              
000083d5  spi_Read                              
00008371  spi_Write                             
0000a02d  sprintf                               
0000966d  stopWDT                               
0000a249  strcat                                
0000a2ef  strchr                                
20001928  strcontentlength                      
0000a341  strcpy                                
0000a355  strlen                                
0000a1bd  strstr                                
20000e50  theTime                               
00009d51  timer_GetCurrentTimestamp             
00002b45  updateLocalTime                       
0000a39f  wcslen                                


GLOBAL SYMBOLS: SORTED BY Symbol Address 

address   name                                  
-------   ----                                  
00000000  __TI_static_base__                    
00000000  g_pfnVectors                          
00000209  _SlDrvProtectAsyncRespSetting         
0000024f  _SlDrvDriverCBInit                    
000003ed  _SlDrvDriverCBDeinit                  
00000511  _SlDrvRxIrqHandler                    
00000565  _SlDrvCmdOp                           
00000621  _SlDrvDataReadOp                      
000007d0  __STACK_SIZE                          
00000801  _SlDrvDataWriteOp                     
00001295  _SlDrvMsgReadSpawnCtx                 
00001685  _SlDrvBasicCmd                        
000016d9  _SlDrvCmdSend                         
00001755  _SlDrvWaitForPoolObj                  
000018e7  _SlDrvReleasePoolObj                  
00001cdb  _SlDrvDispatchHttpServerEvents        
00001ceb  _SlDrvSyncObjSignal                   
00001d0b  _SlDrvObjLockWaitForever              
00001d31  _SlDrvProtectionObjLockWaitForever    
00001d59  _SlDrvObjUnLock                       
00001d79  _SlDrvProtectionObjUnLock             
00001dbf  _SlDrvGlobalObjUnLock                 
00001de1  _SlDrvMemZero                         
00001df7  _SlDrvResetCmdExt                     
00001e09  _SlDrvSyncObjWaitForever              
00001e2d  _SlDrvSyncObjWaitTimeout              
00001e6d  _SlDriverHandleError                  
00001f0d  _SlDrvStartMeasureTimeout             
00001f2d  _SlDrvIsTimeoutExpired                
00001fbd  SimpleLinkWlanEventHandler            
00002029  SimpleLinkNetAppEventHandler          
0000206b  SimpleLinkHttpServerCallback          
00002079  SimpleLinkPingReport                  
0000209d  SimpleLinkGeneralEventHandler         
000020a9  SimpleLinkSockEventHandler            
00002245  configureSimpleLinkToDefaultState     
00002439  establishConnectionWithAP             
000024a5  checkLanConnection                    
00002539  checkInternetConnection               
000025ef  initializeAppVariables                
00002609  displayBanner                         
00002659  Lab16                                 
000027e1  buildTDS                              
000029e5  buildDecimal                          
00002b45  updateLocalTime                       
00002de9  getCurrentDay                         
00002def  getCurrentMonth                       
00002df5  getCurrentYear                        
00002dfb  getCurrentHour                        
00002e05  getCurrentMinute                      
00002e0b  getCurrentSecond                      
00002e6d  SendTDS                               
00002ffd  SendDecimal                           
00003195  getNumberOfInstructions               
000033f1  getNextInstruction                    
000036cb  GetInstruction                        
000036fd  ExecuteInstructions                   
00003755  GetHostIP                             
00003765  CreateConnection                      
000038dd  _sl_ParseAddress                      
00003937  sl_Socket                             
000039b5  sl_Close                              
00003a07  sl_Bind                               
00003ab5  sl_SendTo                             
00003bf5  sl_RecvFrom                           
00003d35  sl_Connect                            
00003eab  _sl_HandleAsync_Connect               
00003f29  sl_Send                               
00004055  sl_Listen                             
000040c5  sl_Accept                             
0000426b  sl_Htonl                              
000042b1  sl_Htons                              
000042ed  _sl_HandleAsync_Accept                
0000434d  _sl_HandleAsync_Select                
000043a5  sl_Recv                               
0000444d  sl_SetSockOpt                         
000044d7  sl_GetSockOpt                         
0000458f  sl_Select                             
000046f1  SL_FD_SET                             
00004719  SL_FD_CLR                             
00004741  SL_FD_ISSET                           
0000476d  SL_FD_ZERO                            
00004795  sl_WlanConnect                        
00004a05  sl_WlanDisconnect                     
00004a39  sl_WlanPolicySet                      
00004ac9  sl_WlanPolicyGet                      
00004bbd  sl_WlanProfileAdd                     
00004e71  sl_WlanProfileGet                     
00004f7b  sl_WlanProfileDel                     
00004fcd  sl_WlanGetNetworkList                 
00005063  sl_WlanRxFilterAdd                    
000050f9  sl_WlanRxFilterSet                    
0000517d  sl_WlanRxFilterGet                    
00005211  sl_WlanRxStatStart                    
00005241  sl_WlanRxStatStop                     
00005275  sl_WlanRxStatGet                      
000052d5  sl_WlanSmartConfigStop                
00005309  sl_WlanSmartConfigStart               
000053c1  sl_WlanSetMode                        
00005419  sl_WlanSet                            
000054b5  sl_WlanGet                            
0000558d  sl_NetAppStart                        
000055d9  sl_NetAppStop                         
00005625  sl_NetAppGetServiceList               
00005717  sl_NetAppMDNSRegisterUnregisterService
000057ed  sl_NetAppMDNSRegisterService          
00005851  sl_NetAppMDNSUnRegisterService        
000058bd  sl_NetAppDnsGetHostByService          
000059c5  _sl_HandleAsync_DnsGetHostByService   
00005a8b  _sl_HandleAsync_DnsGetHostByAddr      
00005a9d  sl_NetAppDnsGetHostByName             
00005bd9  _sl_HandleAsync_DnsGetHostByName      
00005cad  _sl_HandleAsync_PingResponse          
00005d39  sl_NetAppPingStart                    
00005ed7  sl_NetAppSet                          
00005f69  _sl_NetAppSendTokenValue              
00005fd5  sl_NetAppGet                          
00006089  _SlDrvNetAppEventHandler              
0000619d  __TI_printfi                          
00006beb  __aeabi_idiv0                         
00006beb  __aeabi_ldiv0                         
00006bed  median                                
00006cbf  getTDS                                
00006e2b  getPh                                 
00006f35  main                                  
0000735d  ADC0_InitSWTriggerSeq3_Ch0            
00007831  ADC0_InitSWTriggerSeq3                
00007921  ADC0_InitAllTriggerSeq3               
000079fb  ADC0_InSeq3                           
00007a99  sl_Task                               
00007aa1  sl_Start                              
00007b75  _sl_HandleAsync_InitComplete          
00007bf9  _sl_HandleAsync_Stop                  
00007c43  sl_Stop                               
00007d17  sl_EventMaskSet                       
00007d7d  sl_EventMaskGet                       
00007de9  sl_DevGet                             
00007eab  sl_DevSet                             
00007f39  _SlDrvDeviceEventHandler              
00008261  spi_Close                             
0000826d  spi_Open                              
00008371  spi_Write                             
000083d5  spi_Read                              
00008481  SysCtlClockFreqSet                    
00008855  __aeabi_dsub                          
0000885f  __aeabi_dadd                          
00008a0d  _SlNonOsSemSet                        
00008a25  _SlNonOsSemGet                        
00008acd  _SlNonOsSpawn                         
00008b2d  _SlNonOsMainLoopTask                  
00008ba9  sl_NetCfgSet                          
00008c33  sl_NetCfgGet                          
00008d11  CLI_Read                              
00008d5d  CLI_Write                             
00008db7  CLI_Configure                         
00008fad  __aeabi_ddiv                          
000090e3  GPIOPadConfigSet                      
00009339  PLL_Init                              
00009449  ldexp                                 
00009449  ldexpl                                
00009449  scalbn                                
00009449  scalbnl                               
00009559  __aeabi_dmul                          
00009655  initClk                               
0000966d  stopWDT                               
0000966f  registerInterruptHandler              
00009683  CC3100_disable                        
00009697  CC3100_enable                         
000096ab  CC3100_InterruptEnable                
000096b7  CC3100_InterruptDisable               
000096c3  MaskIntHdlr                           
000096cb  UnMaskIntHdlr                         
000096d3  UARTRxTxHandler                       
000096d5  GPIOM_intHandler                      
000097d3  __aeabi_memcpy                        
000097d3  __aeabi_memcpy4                       
000097d3  __aeabi_memcpy8                       
000097d3  memcpy                                
0000986f  __aeabi_uldivmod                      
00009905  __aeabi_cdcmpeq                       
00009905  __aeabi_cdcmple                       
0000998b  __aeabi_cdrcmple                      
00009a11  __aeabi_memclr                        
00009a11  __aeabi_memclr4                       
00009a11  __aeabi_memclr8                       
00009a13  __aeabi_memset                        
00009a13  __aeabi_memset4                       
00009a13  __aeabi_memset8                       
00009a19  memset                                
00009a8d  SysTick_Init                          
00009aa9  SysTick_Wait                          
00009acf  SysTick_Wait10ms                      
00009b73  __aeabi_d2f                           
00009be1  IntEnable                             
00009c49  __TI_decompress_lzss                  
00009cb1  frexp                                 
00009cb1  frexpl                                
00009d51  timer_GetCurrentTimestamp             
00009d71  GPIOIntTypeSet                        
00009e1d  ltoa                                  
00009ec5  atoi                                  
00009f11  GPIOPinConfigure                      
00009fa1  __aeabi_d2iz                          
00009fe9  __TI_auto_init_nobinit_nopinit        
0000a02d  sprintf                               
0000a0ab  SSIConfigSetExpClk                    
0000a0e7  __aeabi_f2d                           
0000a121  IntRegister                           
0000a155  SysCtlPeripheralEnable                
0000a189  _c_int00_noargs                       
0000a1bd  strstr                                
0000a1f1  __aeabi_i2d                           
0000a21f  GPIODirModeSet                        
0000a249  strcat                                
0000a269  SysTickIntRegister                    
0000a2a1  memccpy                               
0000a2bd  copysign                              
0000a2bd  copysignl                             
0000a2ef  strchr                                
0000a305  SysTickDisable                        
0000a319  SysTickEnable                         
0000a32d  SysTickIntEnable                      
0000a341  strcpy                                
0000a355  strlen                                
0000a369  GPIOPinTypeGPIOInput                  
0000a37b  GPIOPinTypeSSI                        
0000a38d  SSIDataGetNonBlocking                 
0000a39f  wcslen                                
0000a3b1  FPUEnable                             
0000a3c1  FPULazyStackingEnable                 
0000a3d1  IntMasterEnable                       
0000a3e1  SysTickPeriodSet                      
0000a3f1  GPIOIntDisable                        
0000a3ff  GPIOIntStatus                         
0000a40d  SSIDataPutNonBlocking                 
0000a41b  __TI_decompress_none                  
0000a429  CPUcpsie                              
0000a435  GPIOIntEnable                         
0000a441  __TI_zero_init                        
0000a44d  ResetISR                              
0000a459  SSIEnable                             
0000a46d  SSIBusy                               
0000a475  __aeabi_errno_addr                    
0000a47d  GPIOIntClear                          
0000a483  GPIOPinWrite                          
0000a489  SysCtlDelay                           
0000a48f  _system_pre_init                      
0000a493  C$$EXIT                               
0000a493  abort                                 
0000a5b8  _ctypes_                              
0000a828  OpcodeTranslateTable                  
0000a864  _SlActionLookupTable                  
0000aa40  _SlNetAppSendTokenValueCmdCtrl        
0000aac0  __TI_Handler_Table_Base               
0000aacc  __TI_Handler_Table_Limit              
0000aae0  __TI_CINIT_Base                       
0000aaf8  __TI_CINIT_Limit                      
20000000  g_pfnRAMVectors                       
2000026c  appData                               
2000089c  instructions                          
20000d24  Edxpost                               
20000d88  Id                                    
20000dec  Score                                 
20000e50  theTime                               
20000e68  g_Status                              
20000e6c  g_SysClock                            
20000e70  g_ucUARTBuffer                        
20000e74  numberOfInstructions                  
20000e78  IntIsMasked                           
20000e79  RxIrqCnt                              
20000e7a  g_bDeviceRestartIsRequired            
20000e80  __stack                               
20001080  __STACK_TOP                           
20001650  __STACK_END                           
20001650  buildstr                              
20001850  g__SlNonOsCB                          
2000188c  mystring2                             
200018be  mystring                              
200018f0  currentMinutes                        
200018f4  currentHour                           
200018f8  currentDay                            
200018fc  currentMonth                          
20001900  currentYear                           
20001904  currentSecond                         
20001908  lastSyncMinutes                       
2000190c  g_SlDeviceStatus                      
20001910  g_pCB                                 
20001914  pPingCallBackFunc                     
2000191c  contentLength                         
20001920  g_PingPacketsRecv                     
20001924  g_GatewayIP                           
20001928  strcontentlength                      
20001930  pIrqEventHandler                      
20001934  errno                                 
ffffffff  __TI_pprof_out_hndl                   
ffffffff  __TI_prof_data_size                   
ffffffff  __TI_prof_data_start                  
ffffffff  __binit__                             
ffffffff  __c_args__                            
ffffffff  binit                                 
UNDEFED   __mpu_init                            
UNDEFED   _system_post_cinit                    

[302 symbols]
