******************************************************************************
                  TI ARM Linker PC v18.12.1                    
******************************************************************************
>> Linked Tue Mar 16 09:34:40 2021

OUTPUT FILE NAME:   <getting_started_with_wlan_station.out>
ENTRY POINT SYMBOL: "_c_int00_noargs"  address: 00009ebd


MEMORY CONFIGURATION

         name            origin    length      used     unused   attr    fill
----------------------  --------  ---------  --------  --------  ----  --------
  FLASH                 00000000   00100000  0000a826  000f57da  R  X
  SRAM                  20000000   00040000  00001a77  0003e589  RW X


SEGMENT ALLOCATION MAP

run origin  load origin   length   init length attrs members
----------  ----------- ---------- ----------- ----- -------
00000000    00000000    0000a828   0000a828    r-x
  00000000    00000000    00000208   00000208    r-- .intvecs
  00000208    00000208    00009fc2   00009fc2    r-x .text
  0000a1cc    0000a1cc    00000614   00000614    r-- .const
  0000a7e0    0000a7e0    00000048   00000048    r-- .cinit
20000000    20000000    00001a7c   00000000    rw-
  20000000    20000000    0000026c   00000000    rw- .vtable
  2000026c    2000026c    00000d4f   00000000    rw- .bss
  20000fc0    20000fc0    000007d0   00000000    rw- .stack
  20001790    20001790    000002ec   00000000    rw- .data


SECTION ALLOCATION MAP

 output                                  attributes/
section   page    origin      length       input sections
--------  ----  ----------  ----------   ----------------
.intvecs   0    00000000    00000208     
                  00000000    00000208     tm4c1294ncpdt_startup_ccs.obj (.intvecs)

.text      0    00000208    00009fc2     
                  00000208    00001db4     driver.obj (.text)
                  00001fbc    0000132c     connect.obj (.text)
                  000032e8    00000f40     socket.obj (.text)
                  00004228    00000df8     wlan.obj (.text)
                  00005020    00000c10     netapp.obj (.text)
                  00005c30    00000a4e     rtsv7M4_T_le_v4SPD16_eabi.lib : _printfi.c.obj (.text:__TI_printfi)
                  0000667e    00000002                                   : div0.asm.obj (.text)
                  00006680    000007a8     main.obj (.text)
                  00006e28    00000728     ADCSWTrigger.obj (.text)
                  00007550    0000056c     device.obj (.text)
                  00007abc    00000270     rtsv7M4_T_le_v4SPD16_eabi.lib : _printfi.c.obj (.text:_pconv_a)
                  00007d2c    00000268     stringbuilder.obj (.text)
                  00007f94    00000220     spi.obj (.text)
                  000081b4    00000204     driverlib.lib : sysctl.obj (.text:SysCtlClockFreqSet)
                  000083b8    000001d0     rtsv7M4_T_le_v4SPD16_eabi.lib : _printfi.c.obj (.text:_pconv_g)
                  00008588    000001b6                                   : fd_add_t2.asm.obj (.text)
                  0000873e    00000002     --HOLE-- [fill = 0]
                  00008740    0000019c     nonos.obj (.text)
                  000088dc    00000168     netcfg.obj (.text)
                  00008a44    00000160     cli_uart.obj (.text)
                  00008ba4    0000013c     rtsv7M4_T_le_v4SPD16_eabi.lib : _printfi.c.obj (.text:_pconv_e)
                  00008ce0    00000136                                   : fd_div_t2.asm.obj (.text)
                  00008e16    00000130     driverlib.lib : gpio.obj (.text:GPIOPadConfigSet)
                  00008f46    00000002     --HOLE-- [fill = 0]
                  00008f48    00000124     rtsv7M4_T_le_v4SPD16_eabi.lib : _printfi.c.obj (.text:fcvt)
                  0000906c    00000110     PLL.obj (.text)
                  0000917c    00000110     rtsv7M4_T_le_v4SPD16_eabi.lib : s_scalbn.c.obj (.text:scalbn)
                  0000928c    000000fc                                   : fd_mul_t2.asm.obj (.text)
                  00009388    000000cc     board.obj (.text)
                  00009454    000000b1     rtsv7M4_T_le_v4SPD16_eabi.lib : _printfi.c.obj (.text:_ltostr)
                  00009505    00000001     --HOLE-- [fill = 0]
                  00009506    0000009c                                   : memcpy_t2.asm.obj (.text)
                  000095a2    00000096                                   : ull_div_t2.asm.obj (.text)
                  00009638    00000086                                   : fd_cmp_t2.asm.obj (.text:__aeabi_cdcmple)
                  000096be    00000086                                   : fd_cmp_t2.asm.obj (.text:__aeabi_cdrcmple)
                  00009744    0000007a                                   : memset_t2.asm.obj (.text)
                  000097be    00000002     --HOLE-- [fill = 0]
                  000097c0    00000078     SysTick.obj (.text)
                  00009838    0000006e     rtsv7M4_T_le_v4SPD16_eabi.lib : _printfi.c.obj (.text:_mcpy)
                  000098a6    0000006e                                   : fd_tos_t2.asm.obj (.text)
                  00009914    00000068     driverlib.lib : interrupt.obj (.text:IntEnable)
                  0000997c    00000068     rtsv7M4_T_le_v4SPD16_eabi.lib : copy_decompress_lzss.c.obj (.text:decompress:lzss:__TI_decompress_lzss)
                  000099e4    00000064                                   : s_frexp.c.obj (.text:frexp)
                  00009a48    0000005c     timer_tick.obj (.text)
                  00009aa4    00000056     driverlib.lib : gpio.obj (.text:GPIOIntTypeSet)
                  00009afa    00000056     rtsv7M4_T_le_v4SPD16_eabi.lib : _printfi.c.obj (.text:_pconv_f)
                  00009b50    00000054                                   : ltoa.c.obj (.text:ltoa)
                  00009ba4    00000052                                   : _printfi.c.obj (.text:_ecpy)
                  00009bf6    00000002     --HOLE-- [fill = 0]
                  00009bf8    0000004c                                   : atoi.c.obj (.text:atoi)
                  00009c44    00000048     driverlib.lib : gpio.obj (.text:GPIOPinConfigure)
                  00009c8c    00000048                   : sysctl.obj (.text:_SysCtlFrequencyGet)
                  00009cd4    00000048     rtsv7M4_T_le_v4SPD16_eabi.lib : fd_toi_t2.asm.obj (.text)
                  00009d1c    00000044                                   : autoinit.c.obj (.text:__TI_auto_init_nobinit_nopinit:__TI_auto_init_nobinit_nopinit)
                  00009d60    00000040                                   : sprintf.c.obj (.text:sprintf)
                  00009da0    0000003e                                   : _printfi.c.obj (.text:_fcpy)
                  00009dde    0000003c     driverlib.lib : ssi.obj (.text:SSIConfigSetExpClk)
                  00009e1a    00000038     rtsv7M4_T_le_v4SPD16_eabi.lib : fs_tod_t2.asm.obj (.text)
                  00009e52    00000002     --HOLE-- [fill = 0]
                  00009e54    00000034     driverlib.lib : interrupt.obj (.text:IntRegister)
                  00009e88    00000034                   : sysctl.obj (.text:SysCtlPeripheralEnable)
                  00009ebc    00000034     rtsv7M4_T_le_v4SPD16_eabi.lib : boot_cortex_m.c.obj (.text:_c_int00_noargs:_c_int00_noargs)
                  00009ef0    00000034                                   : strstr.c.obj (.text:strstr)
                  00009f24    0000002e                                   : i_tofd_t2.asm.obj (.text)
                  00009f52    0000002a     driverlib.lib : gpio.obj (.text:GPIODirModeSet)
                  00009f7c    0000001e     rtsv7M4_T_le_v4SPD16_eabi.lib : strcat.c.obj (.text:strcat)
                  00009f9a    00000002     --HOLE-- [fill = 0]
                  00009f9c    0000001c     driverlib.lib : systick.obj (.text:SysTickIntRegister)
                  00009fb8    0000001c                   : sysctl.obj (.text:_SysCtlMemTimingGet)
                  00009fd4    0000001c     rtsv7M4_T_le_v4SPD16_eabi.lib : memccpy.c.obj (.text:memccpy)
                  00009ff0    0000001a                                   : s_copysign.c.obj (.text:copysign)
                  0000a00a    00000018                                   : sprintf.c.obj (.text:_outs)
                  0000a022    00000016                                   : strchr.c.obj (.text:strchr)
                  0000a038    00000014     driverlib.lib : systick.obj (.text:SysTickDisable)
                  0000a04c    00000014                   : systick.obj (.text:SysTickEnable)
                  0000a060    00000014                   : systick.obj (.text:SysTickIntEnable)
                  0000a074    00000014     rtsv7M4_T_le_v4SPD16_eabi.lib : strcpy.c.obj (.text:strcpy)
                  0000a088    00000014                                   : strlen.c.obj (.text:strlen)
                  0000a09c    00000012     driverlib.lib : gpio.obj (.text:GPIOPinTypeGPIOInput)
                  0000a0ae    00000012                   : gpio.obj (.text:GPIOPinTypeSSI)
                  0000a0c0    00000012                   : ssi.obj (.text:SSIDataGetNonBlocking)
                  0000a0d2    00000012     rtsv7M4_T_le_v4SPD16_eabi.lib : wcslen.c.obj (.text:wcslen)
                  0000a0e4    00000010     driverlib.lib : fpu.obj (.text:FPUEnable)
                  0000a0f4    00000010                   : fpu.obj (.text:FPULazyStackingEnable)
                  0000a104    00000010                   : interrupt.obj (.text:IntMasterEnable)
                  0000a114    00000010                   : systick.obj (.text:SysTickPeriodSet)
                  0000a124    0000000e                   : gpio.obj (.text:GPIOIntDisable)
                  0000a132    0000000e                   : gpio.obj (.text:GPIOIntStatus)
                  0000a140    0000000e                   : ssi.obj (.text:SSIDataPutNonBlocking)
                  0000a14e    0000000e     rtsv7M4_T_le_v4SPD16_eabi.lib : copy_decompress_none.c.obj (.text:decompress:none:__TI_decompress_none)
                  0000a15c    0000000c     driverlib.lib : cpu.obj (.text:CPUcpsie)
                  0000a168    0000000c                   : gpio.obj (.text:GPIOIntEnable)
                  0000a174    0000000c     rtsv7M4_T_le_v4SPD16_eabi.lib : copy_zero_init.c.obj (.text:decompress:ZI:__TI_zero_init)
                  0000a180    0000000c     tm4c1294ncpdt_startup_ccs.obj (.text)
                  0000a18c    0000000a     driverlib.lib : ssi.obj (.text:SSIEnable)
                  0000a196    0000000a     rtsv7M4_T_le_v4SPD16_eabi.lib : sprintf.c.obj (.text:_outc)
                  0000a1a0    00000008     driverlib.lib : ssi.obj (.text:SSIBusy)
                  0000a1a8    00000008     rtsv7M4_T_le_v4SPD16_eabi.lib : errno.c.obj (.text:__aeabi_errno_addr)
                  0000a1b0    00000006     driverlib.lib : gpio.obj (.text:GPIOIntClear)
                  0000a1b6    00000006                   : gpio.obj (.text:GPIOPinWrite)
                  0000a1bc    00000006                   : sysctl.obj (.text:SysCtlDelay)
                  0000a1c2    00000004     rtsv7M4_T_le_v4SPD16_eabi.lib : pre_init.c.obj (.text:_system_pre_init)
                  0000a1c6    00000004                                   : exit.c.obj (.text:abort:abort)

.const     0    0000a1cc    00000614     
                  0000a1cc    00000120     driverlib.lib : sysctl.obj (.const:g_pppui32XTALtoVCO)
                  0000a2ec    00000101     rtsv7M4_T_le_v4SPD16_eabi.lib : ctype.c.obj (.const:.string:_ctypes_)
                  0000a3ed    00000003     --HOLE-- [fill = 0]
                  0000a3f0    00000090     driverlib.lib : gpio.obj (.const:g_pui32GPIOBaseAddrs)
                  0000a480    00000070                   : interrupt.obj (.const)
                  0000a4f0    0000006c                   : sysctl.obj (.const:g_pui32Xtals)
                  0000a55c    0000003c     driver.obj (.const:OpcodeTranslateTable)
                  0000a598    00000038     driver.obj (.const:_SlActionLookupTable)
                  0000a5d0    00000030     driverlib.lib : sysctl.obj (.const:g_sXTALtoMEMTIM)
                  0000a600    0000002c     connect.obj (.const:$P$T0$1)
                  0000a62c    00000020     connect.obj (.const:$P$T3$4)
                  0000a64c    00000020     connect.obj (.const:$P$T5$6)
                  0000a66c    00000020     driver.obj (.const:RxMsgClassLUT)
                  0000a68c    00000014     driver.obj (.const:$P$T0$1)
                  0000a6a0    00000014     nonos.obj (.const:$P$T0$1)
                  0000a6b4    00000014     connect.obj (.const:$P$T1$2)
                  0000a6c8    00000014     connect.obj (.const:$P$T4$5)
                  0000a6dc    00000014     connect.obj (.const:$P$T6$7)
                  0000a6f0    00000010     socket.obj (.const:.string:_SlPayloadByProtocolLUT)
                  0000a700    0000000c     connect.obj (.const:$P$T2$3)
                  0000a70c    00000008     device.obj (.const:StartResponseLUT)
                  0000a714    00000008     driverlib.lib : sysctl.obj (.const)
                  0000a71c    00000008     driver.obj (.const:g_H2NCnysPattern)
                  0000a724    00000008     driver.obj (.const:g_H2NSyncPattern)
                  0000a72c    00000004     netapp.obj (.const:$P$T0$1)
                  0000a730    00000004     socket.obj (.const:$P$T0$1)
                  0000a734    00000004     wlan.obj (.const:$P$T0$1)
                  0000a738    00000004     socket.obj (.const:$P$T1$2)
                  0000a73c    00000004     wlan.obj (.const:$P$T1$2)
                  0000a740    00000004     socket.obj (.const:$P$T2$3)
                  0000a744    00000004     wlan.obj (.const:$P$T2$3)
                  0000a748    00000004     socket.obj (.const:_SlAcceptCmdCtrl)
                  0000a74c    00000004     device.obj (.const:_SlDeviceGetCmdCtrl)
                  0000a750    00000004     device.obj (.const:_SlDeviceSetCmdCtrl)
                  0000a754    00000004     device.obj (.const:_SlEventMaskGetCmdCtrl)
                  0000a758    00000004     device.obj (.const:_SlEventMaskSetCmdCtrl)
                  0000a75c    00000004     netapp.obj (.const:_SlGetHostByNameCtrl)
                  0000a760    00000004     netapp.obj (.const:_SlGetHostByServiceCtrl)
                  0000a764    00000004     netapp.obj (.const:_SlGetServiceListeCtrl)
                  0000a768    00000004     socket.obj (.const:_SlGetSockOptCmdCtrl)
                  0000a76c    00000004     socket.obj (.const:_SlListenCmdCtrl)
                  0000a770    00000004     netapp.obj (.const:_SlNetAppGetCmdCtrl)
                  0000a774    00000004     netapp.obj (.const:_SlNetAppSendTokenValueCmdCtrl)
                  0000a778    00000004     netapp.obj (.const:_SlNetAppSetCmdCtrl)
                  0000a77c    00000004     netapp.obj (.const:_SlNetAppStartCtrl)
                  0000a780    00000004     netapp.obj (.const:_SlNetAppStopCtrl)
                  0000a784    00000004     netcfg.obj (.const:_SlNetCfgGetCmdCtrl)
                  0000a788    00000004     netcfg.obj (.const:_SlNetCfgSetCmdCtrl)
                  0000a78c    00000004     wlan.obj (.const:_SlPolicyGetCmdCtrl)
                  0000a790    00000004     wlan.obj (.const:_SlPolicySetCmdCtrl)
                  0000a794    00000004     wlan.obj (.const:_SlProfileDelCmdCtrl)
                  0000a798    00000004     wlan.obj (.const:_SlProfileGetCmdCtrl)
                  0000a79c    00000004     socket.obj (.const:_SlRecvCmdCtrl)
                  0000a7a0    00000004     socket.obj (.const:_SlRecvfomCmdCtrl)
                  0000a7a4    00000004     netapp.obj (.const:_SlRegisterServiceCtrl)
                  0000a7a8    00000004     wlan.obj (.const:_SlRxFilterAddtCmdCtrl)
                  0000a7ac    00000004     wlan.obj (.const:_SlRxFilterGetCmdCtrl)
                  0000a7b0    00000004     wlan.obj (.const:_SlRxFilterSetCmdCtrl)
                  0000a7b4    00000004     socket.obj (.const:_SlSelectCmdCtrl)
                  0000a7b8    00000004     socket.obj (.const:_SlSendCmdCtrl)
                  0000a7bc    00000004     socket.obj (.const:_SlSetSockOptCmdCtrl)
                  0000a7c0    00000004     wlan.obj (.const:_SlSmartConfigStartCmdCtrl)
                  0000a7c4    00000004     socket.obj (.const:_SlSockCloseCmdCtrl)
                  0000a7c8    00000004     socket.obj (.const:_SlSockSocketCmdCtrl)
                  0000a7cc    00000004     device.obj (.const:_SlStopCmdCtrl)
                  0000a7d0    00000004     wlan.obj (.const:_SlWlanCfgGetCmdCtrl)
                  0000a7d4    00000004     wlan.obj (.const:_SlWlanCfgSetCmdCtrl)
                  0000a7d8    00000004     wlan.obj (.const:_SlWlanGetNetworkListCtrl)
                  0000a7dc    00000004     wlan.obj (.const:_SlWlanSetModeCmdCtrl)

.cinit     0    0000a7e0    00000048     
                  0000a7e0    0000000e     (.cinit..data.load) [load image, compression = lzss]
                  0000a7ee    00000002     --HOLE-- [fill = 0]
                  0000a7f0    0000000c     (__TI_handler_table)
                  0000a7fc    00000004     --HOLE-- [fill = 0]
                  0000a800    00000008     (.cinit..bss.load) [load image, compression = zero_init]
                  0000a808    00000008     (.cinit..vtable.load) [load image, compression = zero_init]
                  0000a810    00000018     (__TI_cinit_table)

.init_array 
*          0    00000000    00000000     UNINITIALIZED

.vtable    0    20000000    0000026c     UNINITIALIZED
                  20000000    0000026c     driverlib.lib : interrupt.obj (.vtable)

.bss       0    2000026c    00000d4f     UNINITIALIZED
                  2000026c    00000630     (.common:appData)
                  2000089c    00000460     (.common:instructions)
                  20000cfc    00000168     driver.obj (.bss:g_StatMem)
                  20000e64    00000064     (.common:Edxpost)
                  20000ec8    00000064     (.common:Id)
                  20000f2c    00000064     (.common:Score)
                  20000f90    00000018     (.common:theTime)
                  20000fa8    00000004     (.common:g_Status)
                  20000fac    00000004     (.common:g_SysClock)
                  20000fb0    00000004     (.common:g_ucUARTBuffer)
                  20000fb4    00000004     (.common:numberOfInstructions)
                  20000fb8    00000001     (.common:IntIsMasked)
                  20000fb9    00000001     (.common:RxIrqCnt)
                  20000fba    00000001     (.common:g_bDeviceRestartIsRequired)

.data      0    20001790    000002ec     UNINITIALIZED
                  20001790    00000200     stringbuilder.obj (.data:buildstr)
                  20001990    0000003c     nonos.obj (.data:g__SlNonOsCB)
                  200019cc    00000032     stringbuilder.obj (.data:mystring2)
                  200019fe    00000032     stringbuilder.obj (.data:mystring)
                  20001a30    0000001c     main.obj (.data)
                  20001a4c    0000000d     driver.obj (.data)
                  20001a59    00000003     --HOLE--
                  20001a5c    00000008     connect.obj (.data)
                  20001a64    00000005     stringbuilder.obj (.data:strcontentlength)
                  20001a69    00000003     --HOLE--
                  20001a6c    00000004     board.obj (.data)
                  20001a70    00000004     rtsv7M4_T_le_v4SPD16_eabi.lib : errno.c.obj (.data)
                  20001a74    00000004     stringbuilder.obj (.data)
                  20001a78    00000004     timer_tick.obj (.data)

.stack     0    20000fc0    000007d0     UNINITIALIZED
                  20000fc0    00000004     rtsv7M4_T_le_v4SPD16_eabi.lib : boot_cortex_m.c.obj (.stack)
                  20000fc4    000007cc     --HOLE--

MODULE SUMMARY

       Module                          code    ro data   rw data
       ------                          ----    -------   -------
    .\
       connect.obj                     4908    180       3044   
       main.obj                        1960    0         28     
       ADCSWTrigger.obj                1832    0         0      
       stringbuilder.obj               616     0         621    
       tm4c1294ncpdt_startup_ccs.obj   12      520       0      
       PLL.obj                         272     0         0      
       SysTick.obj                     120     0         0      
    +--+-------------------------------+-------+---------+---------+
       Total:                          9720    700       3693   
                                                                
    .\board\
       board.obj                       204     0         9      
    +--+-------------------------------+-------+---------+---------+
       Total:                          204     0         9      
                                                                
    .\cli_uart\
       cli_uart.obj                    352     0         4      
    +--+-------------------------------+-------+---------+---------+
       Total:                          352     0         4      
                                                                
    .\simplelink\source\
       driver.obj                      7604    184       375    
       socket.obj                      3904    68        0      
       wlan.obj                        3576    60        0      
       netapp.obj                      3088    40        0      
       device.obj                      1388    28        0      
       nonos.obj                       412     20        60     
       netcfg.obj                      360     8         0      
    +--+-------------------------------+-------+---------+---------+
       Total:                          20332   408       435    
                                                                
    .\spi\
       spi.obj                         544     0         0      
    +--+-------------------------------+-------+---------+---------+
       Total:                          544     0         0      
                                                                
    .\timer\
       timer_tick.obj                  92      0         4      
    +--+-------------------------------+-------+---------+---------+
       Total:                          92      0         4      
                                                                
    C:/ti/tirtos_tivac_2_16_01_14/products/TivaWare_C_Series-2.1.1.71b/driverlib/ccs/Debug/driverlib.lib
       sysctl.obj                      674     452       0      
       interrupt.obj                   172     112       620    
       gpio.obj                        592     144       0      
       ssi.obj                         110     0         0      
       systick.obj                     104     0         0      
       fpu.obj                         32      0         0      
       cpu.obj                         12      0         0      
    +--+-------------------------------+-------+---------+---------+
       Total:                          1696    708       620    
                                                                
    C:\ti\ccs901\ccs\tools\compiler\ti-cgt-arm_18.12.1.LTS\lib\rtsv7M4_T_le_v4SPD16_eabi.lib
       _printfi.c.obj                  4851    0         0      
       fd_add_t2.asm.obj               438     0         0      
       fd_div_t2.asm.obj               310     0         0      
       s_scalbn.c.obj                  272     0         0      
       fd_cmp_t2.asm.obj               268     0         0      
       ctype.c.obj                     0       257       0      
       fd_mul_t2.asm.obj               252     0         0      
       memcpy_t2.asm.obj               156     0         0      
       ull_div_t2.asm.obj              150     0         0      
       memset_t2.asm.obj               122     0         0      
       fd_tos_t2.asm.obj               110     0         0      
       copy_decompress_lzss.c.obj      104     0         0      
       s_frexp.c.obj                   100     0         0      
       sprintf.c.obj                   98      0         0      
       ltoa.c.obj                      84      0         0      
       atoi.c.obj                      76      0         0      
       fd_toi_t2.asm.obj               72      0         0      
       autoinit.c.obj                  68      0         0      
       fs_tod_t2.asm.obj               56      0         0      
       boot_cortex_m.c.obj             52      0         0      
       strstr.c.obj                    52      0         0      
       i_tofd_t2.asm.obj               46      0         0      
       strcat.c.obj                    30      0         0      
       memccpy.c.obj                   28      0         0      
       s_copysign.c.obj                26      0         0      
       strchr.c.obj                    22      0         0      
       strcpy.c.obj                    20      0         0      
       strlen.c.obj                    20      0         0      
       wcslen.c.obj                    18      0         0      
       copy_decompress_none.c.obj      14      0         0      
       copy_zero_init.c.obj            12      0         0      
       errno.c.obj                     8       0         4      
       exit.c.obj                      4       0         0      
       pre_init.c.obj                  4       0         0      
       div0.asm.obj                    2       0         0      
    +--+-------------------------------+-------+---------+---------+
       Total:                          7945    257       4      
                                                                
       Stack:                          0       0         2000   
       Linker Generated:               0       66        0      
    +--+-------------------------------+-------+---------+---------+
       Grand Total:                    40885   2139      6769   


LINKER GENERATED COPY TABLES

__TI_cinit_table @ 0000a810 records: 3, size/record: 8, table size: 24
	.data: load addr=0000a7e0, load size=0000000e bytes, run addr=20001790, run size=000002ec bytes, compression=lzss
	.bss: load addr=0000a800, load size=00000008 bytes, run addr=2000026c, run size=00000d4f bytes, compression=zero_init
	.vtable: load addr=0000a808, load size=00000008 bytes, run addr=20000000, run size=0000026c bytes, compression=zero_init


LINKER GENERATED HANDLER TABLE

__TI_handler_table @ 0000a7f0 records: 3, size/record: 4, table size: 12
	index: 0, handler: __TI_zero_init
	index: 1, handler: __TI_decompress_lzss
	index: 2, handler: __TI_decompress_none


GLOBAL SYMBOLS: SORTED ALPHABETICALLY BY Name 

address   name                                  
-------   ----                                  
000074c7  ADC0_InSeq3                           
000073ed  ADC0_InitAllTriggerSeq3               
000072fd  ADC0_InitSWTriggerSeq3                
00006e29  ADC0_InitSWTriggerSeq3_Ch0            
0000a1c7  C$$EXIT                               
000093eb  CC3100_InterruptDisable               
000093df  CC3100_InterruptEnable                
000093b7  CC3100_disable                        
000093cb  CC3100_enable                         
00008aeb  CLI_Configure                         
00008a45  CLI_Read                              
00008a91  CLI_Write                             
0000a15d  CPUcpsie                              
00003205  CreateConnection                      
20000e64  Edxpost                               
00003151  ExecuteInstructions                   
0000a0e5  FPUEnable                             
0000a0f5  FPULazyStackingEnable                 
00009f53  GPIODirModeSet                        
0000a1b1  GPIOIntClear                          
0000a125  GPIOIntDisable                        
0000a169  GPIOIntEnable                         
0000a133  GPIOIntStatus                         
00009aa5  GPIOIntTypeSet                        
00009409  GPIOM_intHandler                      
00008e17  GPIOPadConfigSet                      
00009c45  GPIOPinConfigure                      
0000a09d  GPIOPinTypeGPIOInput                  
0000a0af  GPIOPinTypeSSI                        
0000a1b7  GPIOPinWrite                          
000031f5  GetHostIP                             
00003125  GetInstruction                        
20000ec8  Id                                    
00009915  IntEnable                             
20000fb8  IntIsMasked                           
0000a105  IntMasterEnable                       
00009e55  IntRegister                           
00002759  Lab16                                 
000093f7  MaskIntHdlr                           
0000a55c  OpcodeTranslateTable                  
0000906d  PLL_Init                              
0000a181  ResetISR                              
20000fb9  RxIrqCnt                              
000041ad  SL_FD_CLR                             
000041d5  SL_FD_ISSET                           
00004185  SL_FD_SET                             
00004201  SL_FD_ZERO                            
0000a1a1  SSIBusy                               
00009ddf  SSIConfigSetExpClk                    
0000a0c1  SSIDataGetNonBlocking                 
0000a141  SSIDataPutNonBlocking                 
0000a18d  SSIEnable                             
20000f2c  Score                                 
00003059  SendAck                               
00002c05  SendDecimal                           
00002b31  SendTDS                               
0000209d  SimpleLinkGeneralEventHandler         
0000206b  SimpleLinkHttpServerCallback          
00002029  SimpleLinkNetAppEventHandler          
00002079  SimpleLinkPingReport                  
000020a9  SimpleLinkSockEventHandler            
00001fbd  SimpleLinkWlanEventHandler            
000081b5  SysCtlClockFreqSet                    
0000a1bd  SysCtlDelay                           
00009e89  SysCtlPeripheralEnable                
0000a039  SysTickDisable                        
0000a04d  SysTickEnable                         
0000a061  SysTickIntEnable                      
00009f9d  SysTickIntRegister                    
0000a115  SysTickPeriodSet                      
000097c1  SysTick_Init                          
000097dd  SysTick_Wait                          
00009803  SysTick_Wait10ms                      
00009407  UARTRxTxHandler                       
000093ff  UnMaskIntHdlr                         
0000a598  _SlActionLookupTable                  
00001e6d  _SlDriverHandleError                  
00001685  _SlDrvBasicCmd                        
00000565  _SlDrvCmdOp                           
000016d9  _SlDrvCmdSend                         
00000621  _SlDrvDataReadOp                      
00000801  _SlDrvDataWriteOp                     
00007a05  _SlDrvDeviceEventHandler              
00001cdb  _SlDrvDispatchHttpServerEvents        
000003ed  _SlDrvDriverCBDeinit                  
0000024f  _SlDrvDriverCBInit                    
00001dbf  _SlDrvGlobalObjUnLock                 
00001f2d  _SlDrvIsTimeoutExpired                
00001de1  _SlDrvMemZero                         
00001295  _SlDrvMsgReadSpawnCtx                 
00005b1d  _SlDrvNetAppEventHandler              
00001d0b  _SlDrvObjLockWaitForever              
00001d59  _SlDrvObjUnLock                       
00000209  _SlDrvProtectAsyncRespSetting         
00001d31  _SlDrvProtectionObjLockWaitForever    
00001d79  _SlDrvProtectionObjUnLock             
000018e7  _SlDrvReleasePoolObj                  
00001df7  _SlDrvResetCmdExt                     
00000511  _SlDrvRxIrqHandler                    
00001f0d  _SlDrvStartMeasureTimeout             
00001ceb  _SlDrvSyncObjSignal                   
00001e09  _SlDrvSyncObjWaitForever              
00001e2d  _SlDrvSyncObjWaitTimeout              
00001755  _SlDrvWaitForPoolObj                  
0000a774  _SlNetAppSendTokenValueCmdCtrl        
00008861  _SlNonOsMainLoopTask                  
00008759  _SlNonOsSemGet                        
00008741  _SlNonOsSemSet                        
00008801  _SlNonOsSpawn                         
20001790  __STACK_END                           
000007d0  __STACK_SIZE                          
200011c0  __STACK_TOP                           
0000a810  __TI_CINIT_Base                       
0000a828  __TI_CINIT_Limit                      
0000a7f0  __TI_Handler_Table_Base               
0000a7fc  __TI_Handler_Table_Limit              
00009d1d  __TI_auto_init_nobinit_nopinit        
0000997d  __TI_decompress_lzss                  
0000a14f  __TI_decompress_none                  
ffffffff  __TI_pprof_out_hndl                   
00005c31  __TI_printfi                          
ffffffff  __TI_prof_data_size                   
ffffffff  __TI_prof_data_start                  
00000000  __TI_static_base__                    
0000a175  __TI_zero_init                        
00009639  __aeabi_cdcmpeq                       
00009639  __aeabi_cdcmple                       
000096bf  __aeabi_cdrcmple                      
000098a7  __aeabi_d2f                           
00009cd5  __aeabi_d2iz                          
00008593  __aeabi_dadd                          
00008ce1  __aeabi_ddiv                          
0000928d  __aeabi_dmul                          
00008589  __aeabi_dsub                          
0000a1a9  __aeabi_errno_addr                    
00009e1b  __aeabi_f2d                           
00009f25  __aeabi_i2d                           
0000667f  __aeabi_idiv0                         
0000667f  __aeabi_ldiv0                         
00009745  __aeabi_memclr                        
00009745  __aeabi_memclr4                       
00009745  __aeabi_memclr8                       
00009507  __aeabi_memcpy                        
00009507  __aeabi_memcpy4                       
00009507  __aeabi_memcpy8                       
00009747  __aeabi_memset                        
00009747  __aeabi_memset4                       
00009747  __aeabi_memset8                       
000095a3  __aeabi_uldivmod                      
ffffffff  __binit__                             
ffffffff  __c_args__                            
UNDEFED   __mpu_init                            
20000fc0  __stack                               
00009ebd  _c_int00_noargs                       
0000a2ec  _ctypes_                              
00003d81  _sl_HandleAsync_Accept                
0000393f  _sl_HandleAsync_Connect               
0000551f  _sl_HandleAsync_DnsGetHostByAddr      
0000566d  _sl_HandleAsync_DnsGetHostByName      
00005459  _sl_HandleAsync_DnsGetHostByService   
00007641  _sl_HandleAsync_InitComplete          
00005741  _sl_HandleAsync_PingResponse          
00003de1  _sl_HandleAsync_Select                
000076c5  _sl_HandleAsync_Stop                  
000059fd  _sl_NetAppSendTokenValue              
00003371  _sl_ParseAddress                      
UNDEFED   _system_post_cinit                    
0000a1c3  _system_pre_init                      
0000a1c7  abort                                 
2000026c  appData                               
00009bf9  atoi                                  
ffffffff  binit                                 
00007dc3  buildDecimal                          
00007d2d  buildTDS                              
00007e43  buildack                              
20001790  buildstr                              
00002539  checkInternetConnection               
000024a5  checkLanConnection                    
00002245  configureSimpleLinkToDefaultState     
00006b89  configureWirelessConnection           
20001a74  contentLength                         
00009ff1  copysign                              
00009ff1  copysignl                             
20001a38  currentDay                            
20001a34  currentHour                           
20001a30  currentMinutes                        
20001a3c  currentMonth                          
20001a44  currentSecond                         
20001a40  currentYear                           
0000260b  displayBanner                         
20001a70  errno                                 
00002439  establishConnectionWithAP             
000099e5  frexp                                 
000099e5  frexpl                                
20001a60  g_GatewayIP                           
20001a5c  g_PingPacketsRecv                     
20001a4c  g_SlDeviceStatus                      
20000fa8  g_Status                              
20000fac  g_SysClock                            
20001990  g__SlNonOsCB                          
20000fba  g_bDeviceRestartIsRequired            
20001a50  g_pCB                                 
20000000  g_pfnRAMVectors                       
00000000  g_pfnVectors                          
20000fb0  g_ucUARTBuffer                        
00002a6d  getCurrentDay                         
00002a89  getCurrentHour                        
00002a8f  getCurrentMinute                      
00002a73  getCurrentMonth                       
00002a95  getCurrentSecond                      
00002a79  getCurrentYear                        
00002e0f  getNextInstruction                    
00002cb5  getNumberOfInstructions               
00006883  getPh                                 
00006753  getTDS                                
00009389  initClk                               
000025f5  initializeAppVariables                
2000089c  instructions                          
20001a48  lastSyncMinutes                       
0000917d  ldexp                                 
0000917d  ldexpl                                
00009b51  ltoa                                  
00006959  main                                  
00006681  median                                
00009fd5  memccpy                               
00009507  memcpy                                
0000974d  memset                                
200019fe  mystring                              
200019cc  mystring2                             
20000fb4  numberOfInstructions                  
20001a6c  pIrqEventHandler                      
20001a54  pPingCallBackFunc                     
00002665  performcleanup                        
000093a3  registerInterruptHandler              
0000917d  scalbn                                
0000917d  scalbnl                               
00003b59  sl_Accept                             
0000349b  sl_Bind                               
00003449  sl_Close                              
000037c9  sl_Connect                            
000078b5  sl_DevGet                             
00007977  sl_DevSet                             
00007849  sl_EventMaskGet                       
000077e3  sl_EventMaskSet                       
00003f6b  sl_GetSockOpt                         
00003cff  sl_Htonl                              
00003d45  sl_Htons                              
00003ae9  sl_Listen                             
00005531  sl_NetAppDnsGetHostByName             
00005351  sl_NetAppDnsGetHostByService          
00005a69  sl_NetAppGet                          
000050b9  sl_NetAppGetServiceList               
00005281  sl_NetAppMDNSRegisterService          
000051ab  sl_NetAppMDNSRegisterUnregisterService
000052e5  sl_NetAppMDNSUnRegisterService        
000057cd  sl_NetAppPingStart                    
0000596b  sl_NetAppSet                          
00005021  sl_NetAppStart                        
0000506d  sl_NetAppStop                         
00008967  sl_NetCfgGet                          
000088dd  sl_NetCfgSet                          
00003e39  sl_Recv                               
00003689  sl_RecvFrom                           
00004023  sl_Select                             
000039bd  sl_Send                               
00003549  sl_SendTo                             
00003ee1  sl_SetSockOpt                         
000033cb  sl_Socket                             
0000756d  sl_Start                              
0000770f  sl_Stop                               
00007565  sl_Task                               
00004229  sl_WlanConnect                        
00004499  sl_WlanDisconnect                     
00004f49  sl_WlanGet                            
00004a61  sl_WlanGetNetworkList                 
0000455d  sl_WlanPolicyGet                      
000044cd  sl_WlanPolicySet                      
00004651  sl_WlanProfileAdd                     
00004a0f  sl_WlanProfileDel                     
00004905  sl_WlanProfileGet                     
00004af7  sl_WlanRxFilterAdd                    
00004c11  sl_WlanRxFilterGet                    
00004b8d  sl_WlanRxFilterSet                    
00004d09  sl_WlanRxStatGet                      
00004ca5  sl_WlanRxStatStart                    
00004cd5  sl_WlanRxStatStop                     
00004ead  sl_WlanSet                            
00004e55  sl_WlanSetMode                        
00004d9d  sl_WlanSmartConfigStart               
00004d69  sl_WlanSmartConfigStop                
00007f95  spi_Close                             
00007fa1  spi_Open                              
00008109  spi_Read                              
000080a5  spi_Write                             
00009d61  sprintf                               
000093a1  stopWDT                               
00009f7d  strcat                                
0000a023  strchr                                
20001a64  strcontentlength                      
0000a075  strcpy                                
0000a089  strlen                                
00009ef1  strstr                                
20000f90  theTime                               
00009a85  timer_GetCurrentTimestamp             
000028a9  updateLocalTime                       
0000a0d3  wcslen                                


GLOBAL SYMBOLS: SORTED BY Symbol Address 

address   name                                  
-------   ----                                  
00000000  __TI_static_base__                    
00000000  g_pfnVectors                          
00000209  _SlDrvProtectAsyncRespSetting         
0000024f  _SlDrvDriverCBInit                    
000003ed  _SlDrvDriverCBDeinit                  
00000511  _SlDrvRxIrqHandler                    
00000565  _SlDrvCmdOp                           
00000621  _SlDrvDataReadOp                      
000007d0  __STACK_SIZE                          
00000801  _SlDrvDataWriteOp                     
00001295  _SlDrvMsgReadSpawnCtx                 
00001685  _SlDrvBasicCmd                        
000016d9  _SlDrvCmdSend                         
00001755  _SlDrvWaitForPoolObj                  
000018e7  _SlDrvReleasePoolObj                  
00001cdb  _SlDrvDispatchHttpServerEvents        
00001ceb  _SlDrvSyncObjSignal                   
00001d0b  _SlDrvObjLockWaitForever              
00001d31  _SlDrvProtectionObjLockWaitForever    
00001d59  _SlDrvObjUnLock                       
00001d79  _SlDrvProtectionObjUnLock             
00001dbf  _SlDrvGlobalObjUnLock                 
00001de1  _SlDrvMemZero                         
00001df7  _SlDrvResetCmdExt                     
00001e09  _SlDrvSyncObjWaitForever              
00001e2d  _SlDrvSyncObjWaitTimeout              
00001e6d  _SlDriverHandleError                  
00001f0d  _SlDrvStartMeasureTimeout             
00001f2d  _SlDrvIsTimeoutExpired                
00001fbd  SimpleLinkWlanEventHandler            
00002029  SimpleLinkNetAppEventHandler          
0000206b  SimpleLinkHttpServerCallback          
00002079  SimpleLinkPingReport                  
0000209d  SimpleLinkGeneralEventHandler         
000020a9  SimpleLinkSockEventHandler            
00002245  configureSimpleLinkToDefaultState     
00002439  establishConnectionWithAP             
000024a5  checkLanConnection                    
00002539  checkInternetConnection               
000025f5  initializeAppVariables                
0000260b  displayBanner                         
00002665  performcleanup                        
00002759  Lab16                                 
000028a9  updateLocalTime                       
00002a6d  getCurrentDay                         
00002a73  getCurrentMonth                       
00002a79  getCurrentYear                        
00002a89  getCurrentHour                        
00002a8f  getCurrentMinute                      
00002a95  getCurrentSecond                      
00002b31  SendTDS                               
00002c05  SendDecimal                           
00002cb5  getNumberOfInstructions               
00002e0f  getNextInstruction                    
00003059  SendAck                               
00003125  GetInstruction                        
00003151  ExecuteInstructions                   
000031f5  GetHostIP                             
00003205  CreateConnection                      
00003371  _sl_ParseAddress                      
000033cb  sl_Socket                             
00003449  sl_Close                              
0000349b  sl_Bind                               
00003549  sl_SendTo                             
00003689  sl_RecvFrom                           
000037c9  sl_Connect                            
0000393f  _sl_HandleAsync_Connect               
000039bd  sl_Send                               
00003ae9  sl_Listen                             
00003b59  sl_Accept                             
00003cff  sl_Htonl                              
00003d45  sl_Htons                              
00003d81  _sl_HandleAsync_Accept                
00003de1  _sl_HandleAsync_Select                
00003e39  sl_Recv                               
00003ee1  sl_SetSockOpt                         
00003f6b  sl_GetSockOpt                         
00004023  sl_Select                             
00004185  SL_FD_SET                             
000041ad  SL_FD_CLR                             
000041d5  SL_FD_ISSET                           
00004201  SL_FD_ZERO                            
00004229  sl_WlanConnect                        
00004499  sl_WlanDisconnect                     
000044cd  sl_WlanPolicySet                      
0000455d  sl_WlanPolicyGet                      
00004651  sl_WlanProfileAdd                     
00004905  sl_WlanProfileGet                     
00004a0f  sl_WlanProfileDel                     
00004a61  sl_WlanGetNetworkList                 
00004af7  sl_WlanRxFilterAdd                    
00004b8d  sl_WlanRxFilterSet                    
00004c11  sl_WlanRxFilterGet                    
00004ca5  sl_WlanRxStatStart                    
00004cd5  sl_WlanRxStatStop                     
00004d09  sl_WlanRxStatGet                      
00004d69  sl_WlanSmartConfigStop                
00004d9d  sl_WlanSmartConfigStart               
00004e55  sl_WlanSetMode                        
00004ead  sl_WlanSet                            
00004f49  sl_WlanGet                            
00005021  sl_NetAppStart                        
0000506d  sl_NetAppStop                         
000050b9  sl_NetAppGetServiceList               
000051ab  sl_NetAppMDNSRegisterUnregisterService
00005281  sl_NetAppMDNSRegisterService          
000052e5  sl_NetAppMDNSUnRegisterService        
00005351  sl_NetAppDnsGetHostByService          
00005459  _sl_HandleAsync_DnsGetHostByService   
0000551f  _sl_HandleAsync_DnsGetHostByAddr      
00005531  sl_NetAppDnsGetHostByName             
0000566d  _sl_HandleAsync_DnsGetHostByName      
00005741  _sl_HandleAsync_PingResponse          
000057cd  sl_NetAppPingStart                    
0000596b  sl_NetAppSet                          
000059fd  _sl_NetAppSendTokenValue              
00005a69  sl_NetAppGet                          
00005b1d  _SlDrvNetAppEventHandler              
00005c31  __TI_printfi                          
0000667f  __aeabi_idiv0                         
0000667f  __aeabi_ldiv0                         
00006681  median                                
00006753  getTDS                                
00006883  getPh                                 
00006959  main                                  
00006b89  configureWirelessConnection           
00006e29  ADC0_InitSWTriggerSeq3_Ch0            
000072fd  ADC0_InitSWTriggerSeq3                
000073ed  ADC0_InitAllTriggerSeq3               
000074c7  ADC0_InSeq3                           
00007565  sl_Task                               
0000756d  sl_Start                              
00007641  _sl_HandleAsync_InitComplete          
000076c5  _sl_HandleAsync_Stop                  
0000770f  sl_Stop                               
000077e3  sl_EventMaskSet                       
00007849  sl_EventMaskGet                       
000078b5  sl_DevGet                             
00007977  sl_DevSet                             
00007a05  _SlDrvDeviceEventHandler              
00007d2d  buildTDS                              
00007dc3  buildDecimal                          
00007e43  buildack                              
00007f95  spi_Close                             
00007fa1  spi_Open                              
000080a5  spi_Write                             
00008109  spi_Read                              
000081b5  SysCtlClockFreqSet                    
00008589  __aeabi_dsub                          
00008593  __aeabi_dadd                          
00008741  _SlNonOsSemSet                        
00008759  _SlNonOsSemGet                        
00008801  _SlNonOsSpawn                         
00008861  _SlNonOsMainLoopTask                  
000088dd  sl_NetCfgSet                          
00008967  sl_NetCfgGet                          
00008a45  CLI_Read                              
00008a91  CLI_Write                             
00008aeb  CLI_Configure                         
00008ce1  __aeabi_ddiv                          
00008e17  GPIOPadConfigSet                      
0000906d  PLL_Init                              
0000917d  ldexp                                 
0000917d  ldexpl                                
0000917d  scalbn                                
0000917d  scalbnl                               
0000928d  __aeabi_dmul                          
00009389  initClk                               
000093a1  stopWDT                               
000093a3  registerInterruptHandler              
000093b7  CC3100_disable                        
000093cb  CC3100_enable                         
000093df  CC3100_InterruptEnable                
000093eb  CC3100_InterruptDisable               
000093f7  MaskIntHdlr                           
000093ff  UnMaskIntHdlr                         
00009407  UARTRxTxHandler                       
00009409  GPIOM_intHandler                      
00009507  __aeabi_memcpy                        
00009507  __aeabi_memcpy4                       
00009507  __aeabi_memcpy8                       
00009507  memcpy                                
000095a3  __aeabi_uldivmod                      
00009639  __aeabi_cdcmpeq                       
00009639  __aeabi_cdcmple                       
000096bf  __aeabi_cdrcmple                      
00009745  __aeabi_memclr                        
00009745  __aeabi_memclr4                       
00009745  __aeabi_memclr8                       
00009747  __aeabi_memset                        
00009747  __aeabi_memset4                       
00009747  __aeabi_memset8                       
0000974d  memset                                
000097c1  SysTick_Init                          
000097dd  SysTick_Wait                          
00009803  SysTick_Wait10ms                      
000098a7  __aeabi_d2f                           
00009915  IntEnable                             
0000997d  __TI_decompress_lzss                  
000099e5  frexp                                 
000099e5  frexpl                                
00009a85  timer_GetCurrentTimestamp             
00009aa5  GPIOIntTypeSet                        
00009b51  ltoa                                  
00009bf9  atoi                                  
00009c45  GPIOPinConfigure                      
00009cd5  __aeabi_d2iz                          
00009d1d  __TI_auto_init_nobinit_nopinit        
00009d61  sprintf                               
00009ddf  SSIConfigSetExpClk                    
00009e1b  __aeabi_f2d                           
00009e55  IntRegister                           
00009e89  SysCtlPeripheralEnable                
00009ebd  _c_int00_noargs                       
00009ef1  strstr                                
00009f25  __aeabi_i2d                           
00009f53  GPIODirModeSet                        
00009f7d  strcat                                
00009f9d  SysTickIntRegister                    
00009fd5  memccpy                               
00009ff1  copysign                              
00009ff1  copysignl                             
0000a023  strchr                                
0000a039  SysTickDisable                        
0000a04d  SysTickEnable                         
0000a061  SysTickIntEnable                      
0000a075  strcpy                                
0000a089  strlen                                
0000a09d  GPIOPinTypeGPIOInput                  
0000a0af  GPIOPinTypeSSI                        
0000a0c1  SSIDataGetNonBlocking                 
0000a0d3  wcslen                                
0000a0e5  FPUEnable                             
0000a0f5  FPULazyStackingEnable                 
0000a105  IntMasterEnable                       
0000a115  SysTickPeriodSet                      
0000a125  GPIOIntDisable                        
0000a133  GPIOIntStatus                         
0000a141  SSIDataPutNonBlocking                 
0000a14f  __TI_decompress_none                  
0000a15d  CPUcpsie                              
0000a169  GPIOIntEnable                         
0000a175  __TI_zero_init                        
0000a181  ResetISR                              
0000a18d  SSIEnable                             
0000a1a1  SSIBusy                               
0000a1a9  __aeabi_errno_addr                    
0000a1b1  GPIOIntClear                          
0000a1b7  GPIOPinWrite                          
0000a1bd  SysCtlDelay                           
0000a1c3  _system_pre_init                      
0000a1c7  C$$EXIT                               
0000a1c7  abort                                 
0000a2ec  _ctypes_                              
0000a55c  OpcodeTranslateTable                  
0000a598  _SlActionLookupTable                  
0000a774  _SlNetAppSendTokenValueCmdCtrl        
0000a7f0  __TI_Handler_Table_Base               
0000a7fc  __TI_Handler_Table_Limit              
0000a810  __TI_CINIT_Base                       
0000a828  __TI_CINIT_Limit                      
20000000  g_pfnRAMVectors                       
2000026c  appData                               
2000089c  instructions                          
20000e64  Edxpost                               
20000ec8  Id                                    
20000f2c  Score                                 
20000f90  theTime                               
20000fa8  g_Status                              
20000fac  g_SysClock                            
20000fb0  g_ucUARTBuffer                        
20000fb4  numberOfInstructions                  
20000fb8  IntIsMasked                           
20000fb9  RxIrqCnt                              
20000fba  g_bDeviceRestartIsRequired            
20000fc0  __stack                               
200011c0  __STACK_TOP                           
20001790  __STACK_END                           
20001790  buildstr                              
20001990  g__SlNonOsCB                          
200019cc  mystring2                             
200019fe  mystring                              
20001a30  currentMinutes                        
20001a34  currentHour                           
20001a38  currentDay                            
20001a3c  currentMonth                          
20001a40  currentYear                           
20001a44  currentSecond                         
20001a48  lastSyncMinutes                       
20001a4c  g_SlDeviceStatus                      
20001a50  g_pCB                                 
20001a54  pPingCallBackFunc                     
20001a5c  g_PingPacketsRecv                     
20001a60  g_GatewayIP                           
20001a64  strcontentlength                      
20001a6c  pIrqEventHandler                      
20001a70  errno                                 
20001a74  contentLength                         
ffffffff  __TI_pprof_out_hndl                   
ffffffff  __TI_prof_data_size                   
ffffffff  __TI_prof_data_start                  
ffffffff  __binit__                             
ffffffff  __c_args__                            
ffffffff  binit                                 
UNDEFED   __mpu_init                            
UNDEFED   _system_post_cinit                    

[306 symbols]
