******************************************************************************
                  TI ARM Linker PC v18.12.1                    
******************************************************************************
>> Linked Fri Aug  2 21:30:11 2019

OUTPUT FILE NAME:   <getting_started_with_wlan_station.out>
ENTRY POINT SYMBOL: "_c_int00_noargs"  address: 0000a21d


MEMORY CONFIGURATION

         name            origin    length      used     unused   attr    fill
----------------------  --------  ---------  --------  --------  ----  --------
  FLASH                 00000000   00100000  0000ab86  000f547a  R  X
  SRAM                  20000000   00040000  000019d7  0003e629  RW X


SEGMENT ALLOCATION MAP

run origin  load origin   length   init length attrs members
----------  ----------- ---------- ----------- ----- -------
00000000    00000000    0000ab88   0000ab88    r-x
  00000000    00000000    00000208   00000208    r-- .intvecs
  00000208    00000208    0000a322   0000a322    r-x .text
  0000a52c    0000a52c    00000614   00000614    r-- .const
  0000ab40    0000ab40    00000048   00000048    r-- .cinit
20000000    20000000    000019dc   00000000    rw-
  20000000    20000000    0000026c   00000000    rw- .vtable
  2000026c    2000026c    00000caf   00000000    rw- .bss
  20000f20    20000f20    000007d0   00000000    rw- .stack
  200016f0    200016f0    000002ec   00000000    rw- .data


SECTION ALLOCATION MAP

 output                                  attributes/
section   page    origin      length       input sections
--------  ----  ----------  ----------   ----------------
.intvecs   0    00000000    00000208     
                  00000000    00000208     tm4c1294ncpdt_startup_ccs.obj (.intvecs)

.text      0    00000208    0000a322     
                  00000208    00001db4     driver.obj (.text)
                  00001fbc    000018c8     connect.obj (.text)
                  00003884    00000f40     socket.obj (.text)
                  000047c4    00000df8     wlan.obj (.text)
                  000055bc    00000c10     netapp.obj (.text)
                  000061cc    00000a4e     rtsv7M4_T_le_v4SPD16_eabi.lib : _printfi.c.obj (.text:__TI_printfi)
                  00006c1a    00000002                                   : div0.asm.obj (.text)
                  00006c1c    000007d4     main.obj (.text)
                  000073f0    00000728     ADCSWTrigger.obj (.text)
                  00007b18    0000056c     device.obj (.text)
                  00008084    00000270     rtsv7M4_T_le_v4SPD16_eabi.lib : _printfi.c.obj (.text:_pconv_a)
                  000082f4    00000220     spi.obj (.text)
                  00008514    00000204     driverlib.lib : sysctl.obj (.text:SysCtlClockFreqSet)
                  00008718    000001d0     rtsv7M4_T_le_v4SPD16_eabi.lib : _printfi.c.obj (.text:_pconv_g)
                  000088e8    000001b6                                   : fd_add_t2.asm.obj (.text)
                  00008a9e    00000002     --HOLE-- [fill = 0]
                  00008aa0    0000019c     nonos.obj (.text)
                  00008c3c    00000168     netcfg.obj (.text)
                  00008da4    00000160     cli_uart.obj (.text)
                  00008f04    0000013c     rtsv7M4_T_le_v4SPD16_eabi.lib : _printfi.c.obj (.text:_pconv_e)
                  00009040    00000136                                   : fd_div_t2.asm.obj (.text)
                  00009176    00000130     driverlib.lib : gpio.obj (.text:GPIOPadConfigSet)
                  000092a6    00000002     --HOLE-- [fill = 0]
                  000092a8    00000124     rtsv7M4_T_le_v4SPD16_eabi.lib : _printfi.c.obj (.text:fcvt)
                  000093cc    00000110     PLL.obj (.text)
                  000094dc    00000110     rtsv7M4_T_le_v4SPD16_eabi.lib : s_scalbn.c.obj (.text:scalbn)
                  000095ec    000000fc                                   : fd_mul_t2.asm.obj (.text)
                  000096e8    000000cc     board.obj (.text)
                  000097b4    000000b1     rtsv7M4_T_le_v4SPD16_eabi.lib : _printfi.c.obj (.text:_ltostr)
                  00009865    00000001     --HOLE-- [fill = 0]
                  00009866    0000009c                                   : memcpy_t2.asm.obj (.text)
                  00009902    00000096                                   : ull_div_t2.asm.obj (.text)
                  00009998    00000086                                   : fd_cmp_t2.asm.obj (.text:__aeabi_cdcmple)
                  00009a1e    00000086                                   : fd_cmp_t2.asm.obj (.text:__aeabi_cdrcmple)
                  00009aa4    0000007a                                   : memset_t2.asm.obj (.text)
                  00009b1e    00000002     --HOLE-- [fill = 0]
                  00009b20    00000078     SysTick.obj (.text)
                  00009b98    0000006e     rtsv7M4_T_le_v4SPD16_eabi.lib : _printfi.c.obj (.text:_mcpy)
                  00009c06    0000006e                                   : fd_tos_t2.asm.obj (.text)
                  00009c74    00000068     driverlib.lib : interrupt.obj (.text:IntEnable)
                  00009cdc    00000068     rtsv7M4_T_le_v4SPD16_eabi.lib : copy_decompress_lzss.c.obj (.text:decompress:lzss:__TI_decompress_lzss)
                  00009d44    00000064                                   : s_frexp.c.obj (.text:frexp)
                  00009da8    0000005c     timer_tick.obj (.text)
                  00009e04    00000056     driverlib.lib : gpio.obj (.text:GPIOIntTypeSet)
                  00009e5a    00000056     rtsv7M4_T_le_v4SPD16_eabi.lib : _printfi.c.obj (.text:_pconv_f)
                  00009eb0    00000054                                   : ltoa.c.obj (.text:ltoa)
                  00009f04    00000052                                   : _printfi.c.obj (.text:_ecpy)
                  00009f56    00000002     --HOLE-- [fill = 0]
                  00009f58    0000004c                                   : atoi.c.obj (.text:atoi)
                  00009fa4    00000048     driverlib.lib : gpio.obj (.text:GPIOPinConfigure)
                  00009fec    00000048                   : sysctl.obj (.text:_SysCtlFrequencyGet)
                  0000a034    00000048     rtsv7M4_T_le_v4SPD16_eabi.lib : fd_toi_t2.asm.obj (.text)
                  0000a07c    00000044                                   : autoinit.c.obj (.text:__TI_auto_init_nobinit_nopinit:__TI_auto_init_nobinit_nopinit)
                  0000a0c0    00000040                                   : sprintf.c.obj (.text:sprintf)
                  0000a100    0000003e                                   : _printfi.c.obj (.text:_fcpy)
                  0000a13e    0000003c     driverlib.lib : ssi.obj (.text:SSIConfigSetExpClk)
                  0000a17a    00000038     rtsv7M4_T_le_v4SPD16_eabi.lib : fs_tod_t2.asm.obj (.text)
                  0000a1b2    00000002     --HOLE-- [fill = 0]
                  0000a1b4    00000034     driverlib.lib : interrupt.obj (.text:IntRegister)
                  0000a1e8    00000034                   : sysctl.obj (.text:SysCtlPeripheralEnable)
                  0000a21c    00000034     rtsv7M4_T_le_v4SPD16_eabi.lib : boot_cortex_m.c.obj (.text:_c_int00_noargs:_c_int00_noargs)
                  0000a250    00000034                                   : strstr.c.obj (.text:strstr)
                  0000a284    0000002e                                   : i_tofd_t2.asm.obj (.text)
                  0000a2b2    0000002a     driverlib.lib : gpio.obj (.text:GPIODirModeSet)
                  0000a2dc    0000001e     rtsv7M4_T_le_v4SPD16_eabi.lib : strcat.c.obj (.text:strcat)
                  0000a2fa    00000002     --HOLE-- [fill = 0]
                  0000a2fc    0000001c     driverlib.lib : systick.obj (.text:SysTickIntRegister)
                  0000a318    0000001c                   : sysctl.obj (.text:_SysCtlMemTimingGet)
                  0000a334    0000001c     rtsv7M4_T_le_v4SPD16_eabi.lib : memccpy.c.obj (.text:memccpy)
                  0000a350    0000001a                                   : s_copysign.c.obj (.text:copysign)
                  0000a36a    00000018                                   : sprintf.c.obj (.text:_outs)
                  0000a382    00000016                                   : strchr.c.obj (.text:strchr)
                  0000a398    00000014     driverlib.lib : systick.obj (.text:SysTickDisable)
                  0000a3ac    00000014                   : systick.obj (.text:SysTickEnable)
                  0000a3c0    00000014                   : systick.obj (.text:SysTickIntEnable)
                  0000a3d4    00000014     rtsv7M4_T_le_v4SPD16_eabi.lib : strcpy.c.obj (.text:strcpy)
                  0000a3e8    00000014                                   : strlen.c.obj (.text:strlen)
                  0000a3fc    00000012     driverlib.lib : gpio.obj (.text:GPIOPinTypeGPIOInput)
                  0000a40e    00000012                   : gpio.obj (.text:GPIOPinTypeSSI)
                  0000a420    00000012                   : ssi.obj (.text:SSIDataGetNonBlocking)
                  0000a432    00000012     rtsv7M4_T_le_v4SPD16_eabi.lib : wcslen.c.obj (.text:wcslen)
                  0000a444    00000010     driverlib.lib : fpu.obj (.text:FPUEnable)
                  0000a454    00000010                   : fpu.obj (.text:FPULazyStackingEnable)
                  0000a464    00000010                   : interrupt.obj (.text:IntMasterEnable)
                  0000a474    00000010                   : systick.obj (.text:SysTickPeriodSet)
                  0000a484    0000000e                   : gpio.obj (.text:GPIOIntDisable)
                  0000a492    0000000e                   : gpio.obj (.text:GPIOIntStatus)
                  0000a4a0    0000000e                   : ssi.obj (.text:SSIDataPutNonBlocking)
                  0000a4ae    0000000e     rtsv7M4_T_le_v4SPD16_eabi.lib : copy_decompress_none.c.obj (.text:decompress:none:__TI_decompress_none)
                  0000a4bc    0000000c     driverlib.lib : cpu.obj (.text:CPUcpsie)
                  0000a4c8    0000000c                   : gpio.obj (.text:GPIOIntEnable)
                  0000a4d4    0000000c     rtsv7M4_T_le_v4SPD16_eabi.lib : copy_zero_init.c.obj (.text:decompress:ZI:__TI_zero_init)
                  0000a4e0    0000000c     tm4c1294ncpdt_startup_ccs.obj (.text)
                  0000a4ec    0000000a     driverlib.lib : ssi.obj (.text:SSIEnable)
                  0000a4f6    0000000a     rtsv7M4_T_le_v4SPD16_eabi.lib : sprintf.c.obj (.text:_outc)
                  0000a500    00000008     driverlib.lib : ssi.obj (.text:SSIBusy)
                  0000a508    00000008     rtsv7M4_T_le_v4SPD16_eabi.lib : errno.c.obj (.text:__aeabi_errno_addr)
                  0000a510    00000006     driverlib.lib : gpio.obj (.text:GPIOIntClear)
                  0000a516    00000006                   : gpio.obj (.text:GPIOPinWrite)
                  0000a51c    00000006                   : sysctl.obj (.text:SysCtlDelay)
                  0000a522    00000004     rtsv7M4_T_le_v4SPD16_eabi.lib : pre_init.c.obj (.text:_system_pre_init)
                  0000a526    00000004                                   : exit.c.obj (.text:abort:abort)

.const     0    0000a52c    00000614     
                  0000a52c    00000120     driverlib.lib : sysctl.obj (.const:g_pppui32XTALtoVCO)
                  0000a64c    00000101     rtsv7M4_T_le_v4SPD16_eabi.lib : ctype.c.obj (.const:.string:_ctypes_)
                  0000a74d    00000003     --HOLE-- [fill = 0]
                  0000a750    00000090     driverlib.lib : gpio.obj (.const:g_pui32GPIOBaseAddrs)
                  0000a7e0    00000070                   : interrupt.obj (.const)
                  0000a850    0000006c                   : sysctl.obj (.const:g_pui32Xtals)
                  0000a8bc    0000003c     driver.obj (.const:OpcodeTranslateTable)
                  0000a8f8    00000038     driver.obj (.const:_SlActionLookupTable)
                  0000a930    00000030     driverlib.lib : sysctl.obj (.const:g_sXTALtoMEMTIM)
                  0000a960    0000002c     connect.obj (.const:$P$T0$1)
                  0000a98c    00000020     connect.obj (.const:$P$T3$4)
                  0000a9ac    00000020     connect.obj (.const:$P$T5$6)
                  0000a9cc    00000020     driver.obj (.const:RxMsgClassLUT)
                  0000a9ec    00000014     driver.obj (.const:$P$T0$1)
                  0000aa00    00000014     nonos.obj (.const:$P$T0$1)
                  0000aa14    00000014     connect.obj (.const:$P$T1$2)
                  0000aa28    00000014     connect.obj (.const:$P$T4$5)
                  0000aa3c    00000014     connect.obj (.const:$P$T6$7)
                  0000aa50    00000010     socket.obj (.const:.string:_SlPayloadByProtocolLUT)
                  0000aa60    0000000c     connect.obj (.const:$P$T2$3)
                  0000aa6c    00000008     device.obj (.const:StartResponseLUT)
                  0000aa74    00000008     driverlib.lib : sysctl.obj (.const)
                  0000aa7c    00000008     driver.obj (.const:g_H2NCnysPattern)
                  0000aa84    00000008     driver.obj (.const:g_H2NSyncPattern)
                  0000aa8c    00000004     netapp.obj (.const:$P$T0$1)
                  0000aa90    00000004     socket.obj (.const:$P$T0$1)
                  0000aa94    00000004     wlan.obj (.const:$P$T0$1)
                  0000aa98    00000004     socket.obj (.const:$P$T1$2)
                  0000aa9c    00000004     wlan.obj (.const:$P$T1$2)
                  0000aaa0    00000004     socket.obj (.const:$P$T2$3)
                  0000aaa4    00000004     wlan.obj (.const:$P$T2$3)
                  0000aaa8    00000004     socket.obj (.const:_SlAcceptCmdCtrl)
                  0000aaac    00000004     device.obj (.const:_SlDeviceGetCmdCtrl)
                  0000aab0    00000004     device.obj (.const:_SlDeviceSetCmdCtrl)
                  0000aab4    00000004     device.obj (.const:_SlEventMaskGetCmdCtrl)
                  0000aab8    00000004     device.obj (.const:_SlEventMaskSetCmdCtrl)
                  0000aabc    00000004     netapp.obj (.const:_SlGetHostByNameCtrl)
                  0000aac0    00000004     netapp.obj (.const:_SlGetHostByServiceCtrl)
                  0000aac4    00000004     netapp.obj (.const:_SlGetServiceListeCtrl)
                  0000aac8    00000004     socket.obj (.const:_SlGetSockOptCmdCtrl)
                  0000aacc    00000004     socket.obj (.const:_SlListenCmdCtrl)
                  0000aad0    00000004     netapp.obj (.const:_SlNetAppGetCmdCtrl)
                  0000aad4    00000004     netapp.obj (.const:_SlNetAppSendTokenValueCmdCtrl)
                  0000aad8    00000004     netapp.obj (.const:_SlNetAppSetCmdCtrl)
                  0000aadc    00000004     netapp.obj (.const:_SlNetAppStartCtrl)
                  0000aae0    00000004     netapp.obj (.const:_SlNetAppStopCtrl)
                  0000aae4    00000004     netcfg.obj (.const:_SlNetCfgGetCmdCtrl)
                  0000aae8    00000004     netcfg.obj (.const:_SlNetCfgSetCmdCtrl)
                  0000aaec    00000004     wlan.obj (.const:_SlPolicyGetCmdCtrl)
                  0000aaf0    00000004     wlan.obj (.const:_SlPolicySetCmdCtrl)
                  0000aaf4    00000004     wlan.obj (.const:_SlProfileDelCmdCtrl)
                  0000aaf8    00000004     wlan.obj (.const:_SlProfileGetCmdCtrl)
                  0000aafc    00000004     socket.obj (.const:_SlRecvCmdCtrl)
                  0000ab00    00000004     socket.obj (.const:_SlRecvfomCmdCtrl)
                  0000ab04    00000004     netapp.obj (.const:_SlRegisterServiceCtrl)
                  0000ab08    00000004     wlan.obj (.const:_SlRxFilterAddtCmdCtrl)
                  0000ab0c    00000004     wlan.obj (.const:_SlRxFilterGetCmdCtrl)
                  0000ab10    00000004     wlan.obj (.const:_SlRxFilterSetCmdCtrl)
                  0000ab14    00000004     socket.obj (.const:_SlSelectCmdCtrl)
                  0000ab18    00000004     socket.obj (.const:_SlSendCmdCtrl)
                  0000ab1c    00000004     socket.obj (.const:_SlSetSockOptCmdCtrl)
                  0000ab20    00000004     wlan.obj (.const:_SlSmartConfigStartCmdCtrl)
                  0000ab24    00000004     socket.obj (.const:_SlSockCloseCmdCtrl)
                  0000ab28    00000004     socket.obj (.const:_SlSockSocketCmdCtrl)
                  0000ab2c    00000004     device.obj (.const:_SlStopCmdCtrl)
                  0000ab30    00000004     wlan.obj (.const:_SlWlanCfgGetCmdCtrl)
                  0000ab34    00000004     wlan.obj (.const:_SlWlanCfgSetCmdCtrl)
                  0000ab38    00000004     wlan.obj (.const:_SlWlanGetNetworkListCtrl)
                  0000ab3c    00000004     wlan.obj (.const:_SlWlanSetModeCmdCtrl)

.cinit     0    0000ab40    00000048     
                  0000ab40    0000000e     (.cinit..data.load) [load image, compression = lzss]
                  0000ab4e    00000002     --HOLE-- [fill = 0]
                  0000ab50    0000000c     (__TI_handler_table)
                  0000ab5c    00000004     --HOLE-- [fill = 0]
                  0000ab60    00000008     (.cinit..bss.load) [load image, compression = zero_init]
                  0000ab68    00000008     (.cinit..vtable.load) [load image, compression = zero_init]
                  0000ab70    00000018     (__TI_cinit_table)

.init_array 
*          0    00000000    00000000     UNINITIALIZED

.vtable    0    20000000    0000026c     UNINITIALIZED
                  20000000    0000026c     driverlib.lib : interrupt.obj (.vtable)

.bss       0    2000026c    00000caf     UNINITIALIZED
                  2000026c    00000630     (.common:appData)
                  2000089c    000003c0     (.common:instructions)
                  20000c5c    00000168     driver.obj (.bss:g_StatMem)
                  20000dc4    00000064     (.common:Edxpost)
                  20000e28    00000064     (.common:Id)
                  20000e8c    00000064     (.common:Score)
                  20000ef0    00000018     (.common:theTime)
                  20000f08    00000004     (.common:g_Status)
                  20000f0c    00000004     (.common:g_SysClock)
                  20000f10    00000004     (.common:g_ucUARTBuffer)
                  20000f14    00000004     (.common:numberOfInstructions)
                  20000f18    00000001     (.common:IntIsMasked)
                  20000f19    00000001     (.common:RxIrqCnt)
                  20000f1a    00000001     (.common:g_bDeviceRestartIsRequired)

.data      0    200016f0    000002ec     UNINITIALIZED
                  200016f0    00000200     connect.obj (.data:buildstr)
                  200018f0    0000003c     nonos.obj (.data:g__SlNonOsCB)
                  2000192c    00000032     connect.obj (.data:mystring2)
                  2000195e    00000032     connect.obj (.data:mystring)
                  20001990    0000001c     main.obj (.data)
                  200019ac    0000000d     driver.obj (.data)
                  200019b9    00000003     --HOLE--
                  200019bc    0000000c     connect.obj (.data)
                  200019c8    00000005     connect.obj (.data:strcontentlength)
                  200019cd    00000003     --HOLE--
                  200019d0    00000004     board.obj (.data)
                  200019d4    00000004     rtsv7M4_T_le_v4SPD16_eabi.lib : errno.c.obj (.data)
                  200019d8    00000004     timer_tick.obj (.data)

.stack     0    20000f20    000007d0     UNINITIALIZED
                  20000f20    00000004     rtsv7M4_T_le_v4SPD16_eabi.lib : boot_cortex_m.c.obj (.stack)
                  20000f24    000007cc     --HOLE--

MODULE SUMMARY

       Module                          code    ro data   rw data
       ------                          ----    -------   -------
    .\
       connect.obj                     6344    180       3505   
       main.obj                        2004    0         28     
       ADCSWTrigger.obj                1832    0         0      
       tm4c1294ncpdt_startup_ccs.obj   12      520       0      
       PLL.obj                         272     0         0      
       SysTick.obj                     120     0         0      
    +--+-------------------------------+-------+---------+---------+
       Total:                          10584   700       3533   
                                                                
    .\board\
       board.obj                       204     0         9      
    +--+-------------------------------+-------+---------+---------+
       Total:                          204     0         9      
                                                                
    .\cli_uart\
       cli_uart.obj                    352     0         4      
    +--+-------------------------------+-------+---------+---------+
       Total:                          352     0         4      
                                                                
    .\simplelink\source\
       driver.obj                      7604    184       375    
       socket.obj                      3904    68        0      
       wlan.obj                        3576    60        0      
       netapp.obj                      3088    40        0      
       device.obj                      1388    28        0      
       nonos.obj                       412     20        60     
       netcfg.obj                      360     8         0      
    +--+-------------------------------+-------+---------+---------+
       Total:                          20332   408       435    
                                                                
    .\spi\
       spi.obj                         544     0         0      
    +--+-------------------------------+-------+---------+---------+
       Total:                          544     0         0      
                                                                
    .\timer\
       timer_tick.obj                  92      0         4      
    +--+-------------------------------+-------+---------+---------+
       Total:                          92      0         4      
                                                                
    C:/ti/tirtos_tivac_2_16_01_14/products/TivaWare_C_Series-2.1.1.71b/driverlib/ccs/Debug/driverlib.lib
       sysctl.obj                      674     452       0      
       interrupt.obj                   172     112       620    
       gpio.obj                        592     144       0      
       ssi.obj                         110     0         0      
       systick.obj                     104     0         0      
       fpu.obj                         32      0         0      
       cpu.obj                         12      0         0      
    +--+-------------------------------+-------+---------+---------+
       Total:                          1696    708       620    
                                                                
    C:\ti\ccs901\ccs\tools\compiler\ti-cgt-arm_18.12.1.LTS\lib\rtsv7M4_T_le_v4SPD16_eabi.lib
       _printfi.c.obj                  4851    0         0      
       fd_add_t2.asm.obj               438     0         0      
       fd_div_t2.asm.obj               310     0         0      
       s_scalbn.c.obj                  272     0         0      
       fd_cmp_t2.asm.obj               268     0         0      
       ctype.c.obj                     0       257       0      
       fd_mul_t2.asm.obj               252     0         0      
       memcpy_t2.asm.obj               156     0         0      
       ull_div_t2.asm.obj              150     0         0      
       memset_t2.asm.obj               122     0         0      
       fd_tos_t2.asm.obj               110     0         0      
       copy_decompress_lzss.c.obj      104     0         0      
       s_frexp.c.obj                   100     0         0      
       sprintf.c.obj                   98      0         0      
       ltoa.c.obj                      84      0         0      
       atoi.c.obj                      76      0         0      
       fd_toi_t2.asm.obj               72      0         0      
       autoinit.c.obj                  68      0         0      
       fs_tod_t2.asm.obj               56      0         0      
       boot_cortex_m.c.obj             52      0         0      
       strstr.c.obj                    52      0         0      
       i_tofd_t2.asm.obj               46      0         0      
       strcat.c.obj                    30      0         0      
       memccpy.c.obj                   28      0         0      
       s_copysign.c.obj                26      0         0      
       strchr.c.obj                    22      0         0      
       strcpy.c.obj                    20      0         0      
       strlen.c.obj                    20      0         0      
       wcslen.c.obj                    18      0         0      
       copy_decompress_none.c.obj      14      0         0      
       copy_zero_init.c.obj            12      0         0      
       errno.c.obj                     8       0         4      
       exit.c.obj                      4       0         0      
       pre_init.c.obj                  4       0         0      
       div0.asm.obj                    2       0         0      
    +--+-------------------------------+-------+---------+---------+
       Total:                          7945    257       4      
                                                                
       Stack:                          0       0         2000   
       Linker Generated:               0       66        0      
    +--+-------------------------------+-------+---------+---------+
       Grand Total:                    41749   2139      6609   


LINKER GENERATED COPY TABLES

__TI_cinit_table @ 0000ab70 records: 3, size/record: 8, table size: 24
	.data: load addr=0000ab40, load size=0000000e bytes, run addr=200016f0, run size=000002ec bytes, compression=lzss
	.bss: load addr=0000ab60, load size=00000008 bytes, run addr=2000026c, run size=00000caf bytes, compression=zero_init
	.vtable: load addr=0000ab68, load size=00000008 bytes, run addr=20000000, run size=0000026c bytes, compression=zero_init


LINKER GENERATED HANDLER TABLE

__TI_handler_table @ 0000ab50 records: 3, size/record: 4, table size: 12
	index: 0, handler: __TI_zero_init
	index: 1, handler: __TI_decompress_lzss
	index: 2, handler: __TI_decompress_none


GLOBAL SYMBOLS: SORTED ALPHABETICALLY BY Name 

address   name                                  
-------   ----                                  
00007a8f  ADC0_InSeq3                           
000079b5  ADC0_InitAllTriggerSeq3               
000078c5  ADC0_InitSWTriggerSeq3                
000073f1  ADC0_InitSWTriggerSeq3_Ch0            
0000a527  C$$EXIT                               
0000974b  CC3100_InterruptDisable               
0000973f  CC3100_InterruptEnable                
00009717  CC3100_disable                        
0000972b  CC3100_enable                         
00008e4b  CLI_Configure                         
00008da5  CLI_Read                              
00008df1  CLI_Write                             
0000a4bd  CPUcpsie                              
0000379d  CreateConnection                      
20000dc4  Edxpost                               
000036fd  ExecuteInstructions                   
0000a445  FPUEnable                             
0000a455  FPULazyStackingEnable                 
0000a2b3  GPIODirModeSet                        
0000a511  GPIOIntClear                          
0000a485  GPIOIntDisable                        
0000a4c9  GPIOIntEnable                         
0000a493  GPIOIntStatus                         
00009e05  GPIOIntTypeSet                        
00009769  GPIOM_intHandler                      
00009177  GPIOPadConfigSet                      
00009fa5  GPIOPinConfigure                      
0000a3fd  GPIOPinTypeGPIOInput                  
0000a40f  GPIOPinTypeSSI                        
0000a517  GPIOPinWrite                          
00003781  GetHostIP                             
000036cb  GetInstruction                        
20000e28  Id                                    
00009c75  IntEnable                             
20000f18  IntIsMasked                           
0000a465  IntMasterEnable                       
0000a1b5  IntRegister                           
00002659  Lab16                                 
00009757  MaskIntHdlr                           
0000a8bc  OpcodeTranslateTable                  
000093cd  PLL_Init                              
0000a4e1  ResetISR                              
20000f19  RxIrqCnt                              
00004749  SL_FD_CLR                             
00004771  SL_FD_ISSET                           
00004721  SL_FD_SET                             
0000479d  SL_FD_ZERO                            
0000a501  SSIBusy                               
0000a13f  SSIConfigSetExpClk                    
0000a421  SSIDataGetNonBlocking                 
0000a4a1  SSIDataPutNonBlocking                 
0000a4ed  SSIEnable                             
20000e8c  Score                                 
00002ffd  SendDecimal                           
00002e6d  SendTDS                               
0000209d  SimpleLinkGeneralEventHandler         
0000206b  SimpleLinkHttpServerCallback          
00002029  SimpleLinkNetAppEventHandler          
00002079  SimpleLinkPingReport                  
000020a9  SimpleLinkSockEventHandler            
00001fbd  SimpleLinkWlanEventHandler            
00008515  SysCtlClockFreqSet                    
0000a51d  SysCtlDelay                           
0000a1e9  SysCtlPeripheralEnable                
0000a399  SysTickDisable                        
0000a3ad  SysTickEnable                         
0000a3c1  SysTickIntEnable                      
0000a2fd  SysTickIntRegister                    
0000a475  SysTickPeriodSet                      
00009b21  SysTick_Init                          
00009b3d  SysTick_Wait                          
00009b63  SysTick_Wait10ms                      
00009767  UARTRxTxHandler                       
0000975f  UnMaskIntHdlr                         
0000a8f8  _SlActionLookupTable                  
00001e6d  _SlDriverHandleError                  
00001685  _SlDrvBasicCmd                        
00000565  _SlDrvCmdOp                           
000016d9  _SlDrvCmdSend                         
00000621  _SlDrvDataReadOp                      
00000801  _SlDrvDataWriteOp                     
00007fcd  _SlDrvDeviceEventHandler              
00001cdb  _SlDrvDispatchHttpServerEvents        
000003ed  _SlDrvDriverCBDeinit                  
0000024f  _SlDrvDriverCBInit                    
00001dbf  _SlDrvGlobalObjUnLock                 
00001f2d  _SlDrvIsTimeoutExpired                
00001de1  _SlDrvMemZero                         
00001295  _SlDrvMsgReadSpawnCtx                 
000060b9  _SlDrvNetAppEventHandler              
00001d0b  _SlDrvObjLockWaitForever              
00001d59  _SlDrvObjUnLock                       
00000209  _SlDrvProtectAsyncRespSetting         
00001d31  _SlDrvProtectionObjLockWaitForever    
00001d79  _SlDrvProtectionObjUnLock             
000018e7  _SlDrvReleasePoolObj                  
00001df7  _SlDrvResetCmdExt                     
00000511  _SlDrvRxIrqHandler                    
00001f0d  _SlDrvStartMeasureTimeout             
00001ceb  _SlDrvSyncObjSignal                   
00001e09  _SlDrvSyncObjWaitForever              
00001e2d  _SlDrvSyncObjWaitTimeout              
00001755  _SlDrvWaitForPoolObj                  
0000aad4  _SlNetAppSendTokenValueCmdCtrl        
00008bc1  _SlNonOsMainLoopTask                  
00008ab9  _SlNonOsSemGet                        
00008aa1  _SlNonOsSemSet                        
00008b61  _SlNonOsSpawn                         
200016f0  __STACK_END                           
000007d0  __STACK_SIZE                          
20001120  __STACK_TOP                           
0000ab70  __TI_CINIT_Base                       
0000ab88  __TI_CINIT_Limit                      
0000ab50  __TI_Handler_Table_Base               
0000ab5c  __TI_Handler_Table_Limit              
0000a07d  __TI_auto_init_nobinit_nopinit        
00009cdd  __TI_decompress_lzss                  
0000a4af  __TI_decompress_none                  
ffffffff  __TI_pprof_out_hndl                   
000061cd  __TI_printfi                          
ffffffff  __TI_prof_data_size                   
ffffffff  __TI_prof_data_start                  
00000000  __TI_static_base__                    
0000a4d5  __TI_zero_init                        
00009999  __aeabi_cdcmpeq                       
00009999  __aeabi_cdcmple                       
00009a1f  __aeabi_cdrcmple                      
00009c07  __aeabi_d2f                           
0000a035  __aeabi_d2iz                          
000088f3  __aeabi_dadd                          
00009041  __aeabi_ddiv                          
000095ed  __aeabi_dmul                          
000088e9  __aeabi_dsub                          
0000a509  __aeabi_errno_addr                    
0000a17b  __aeabi_f2d                           
0000a285  __aeabi_i2d                           
00006c1b  __aeabi_idiv0                         
00006c1b  __aeabi_ldiv0                         
00009aa5  __aeabi_memclr                        
00009aa5  __aeabi_memclr4                       
00009aa5  __aeabi_memclr8                       
00009867  __aeabi_memcpy                        
00009867  __aeabi_memcpy4                       
00009867  __aeabi_memcpy8                       
00009aa7  __aeabi_memset                        
00009aa7  __aeabi_memset4                       
00009aa7  __aeabi_memset8                       
00009903  __aeabi_uldivmod                      
ffffffff  __binit__                             
ffffffff  __c_args__                            
UNDEFED   __mpu_init                            
20000f20  __stack                               
0000a21d  _c_int00_noargs                       
0000a64c  _ctypes_                              
0000431d  _sl_HandleAsync_Accept                
00003edb  _sl_HandleAsync_Connect               
00005abb  _sl_HandleAsync_DnsGetHostByAddr      
00005c09  _sl_HandleAsync_DnsGetHostByName      
000059f5  _sl_HandleAsync_DnsGetHostByService   
00007c09  _sl_HandleAsync_InitComplete          
00005cdd  _sl_HandleAsync_PingResponse          
0000437d  _sl_HandleAsync_Select                
00007c8d  _sl_HandleAsync_Stop                  
00005f99  _sl_NetAppSendTokenValue              
0000390d  _sl_ParseAddress                      
UNDEFED   _system_post_cinit                    
0000a523  _system_pre_init                      
0000a527  abort                                 
2000026c  appData                               
00009f59  atoi                                  
ffffffff  binit                                 
000029e5  buildDecimal                          
000027e1  buildTDS                              
200016f0  buildstr                              
00002539  checkInternetConnection               
000024a5  checkLanConnection                    
00002245  configureSimpleLinkToDefaultState     
200019bc  contentLength                         
0000a351  copysign                              
0000a351  copysignl                             
20001998  currentDay                            
20001994  currentHour                           
20001990  currentMinutes                        
2000199c  currentMonth                          
200019a4  currentSecond                         
200019a0  currentYear                           
00002609  displayBanner                         
200019d4  errno                                 
00002439  establishConnectionWithAP             
00009d45  frexp                                 
00009d45  frexpl                                
200019c4  g_GatewayIP                           
200019c0  g_PingPacketsRecv                     
200019ac  g_SlDeviceStatus                      
20000f08  g_Status                              
20000f0c  g_SysClock                            
200018f0  g__SlNonOsCB                          
20000f1a  g_bDeviceRestartIsRequired            
200019b0  g_pCB                                 
20000000  g_pfnRAMVectors                       
00000000  g_pfnVectors                          
20000f10  g_ucUARTBuffer                        
00002de9  getCurrentDay                         
00002dfb  getCurrentHour                        
00002e05  getCurrentMinute                      
00002def  getCurrentMonth                       
00002e0b  getCurrentSecond                      
00002df5  getCurrentYear                        
000033f1  getNextInstruction                    
00003195  getNumberOfInstructions               
00006e5b  getPh                                 
00006cef  getTDS                                
000096e9  initClk                               
000025ef  initializeAppVariables                
2000089c  instructions                          
200019a8  lastSyncMinutes                       
000094dd  ldexp                                 
000094dd  ldexpl                                
00009eb1  ltoa                                  
00006f65  main                                  
00006c1d  median                                
0000a335  memccpy                               
00009867  memcpy                                
00009aad  memset                                
2000195e  mystring                              
2000192c  mystring2                             
20000f14  numberOfInstructions                  
200019d0  pIrqEventHandler                      
200019b4  pPingCallBackFunc                     
00009703  registerInterruptHandler              
000094dd  scalbn                                
000094dd  scalbnl                               
000040f5  sl_Accept                             
00003a37  sl_Bind                               
000039e5  sl_Close                              
00003d65  sl_Connect                            
00007e7d  sl_DevGet                             
00007f3f  sl_DevSet                             
00007e11  sl_EventMaskGet                       
00007dab  sl_EventMaskSet                       
00004507  sl_GetSockOpt                         
0000429b  sl_Htonl                              
000042e1  sl_Htons                              
00004085  sl_Listen                             
00005acd  sl_NetAppDnsGetHostByName             
000058ed  sl_NetAppDnsGetHostByService          
00006005  sl_NetAppGet                          
00005655  sl_NetAppGetServiceList               
0000581d  sl_NetAppMDNSRegisterService          
00005747  sl_NetAppMDNSRegisterUnregisterService
00005881  sl_NetAppMDNSUnRegisterService        
00005d69  sl_NetAppPingStart                    
00005f07  sl_NetAppSet                          
000055bd  sl_NetAppStart                        
00005609  sl_NetAppStop                         
00008cc7  sl_NetCfgGet                          
00008c3d  sl_NetCfgSet                          
000043d5  sl_Recv                               
00003c25  sl_RecvFrom                           
000045bf  sl_Select                             
00003f59  sl_Send                               
00003ae5  sl_SendTo                             
0000447d  sl_SetSockOpt                         
00003967  sl_Socket                             
00007b35  sl_Start                              
00007cd7  sl_Stop                               
00007b2d  sl_Task                               
000047c5  sl_WlanConnect                        
00004a35  sl_WlanDisconnect                     
000054e5  sl_WlanGet                            
00004ffd  sl_WlanGetNetworkList                 
00004af9  sl_WlanPolicyGet                      
00004a69  sl_WlanPolicySet                      
00004bed  sl_WlanProfileAdd                     
00004fab  sl_WlanProfileDel                     
00004ea1  sl_WlanProfileGet                     
00005093  sl_WlanRxFilterAdd                    
000051ad  sl_WlanRxFilterGet                    
00005129  sl_WlanRxFilterSet                    
000052a5  sl_WlanRxStatGet                      
00005241  sl_WlanRxStatStart                    
00005271  sl_WlanRxStatStop                     
00005449  sl_WlanSet                            
000053f1  sl_WlanSetMode                        
00005339  sl_WlanSmartConfigStart               
00005305  sl_WlanSmartConfigStop                
000082f5  spi_Close                             
00008301  spi_Open                              
00008469  spi_Read                              
00008405  spi_Write                             
0000a0c1  sprintf                               
00009701  stopWDT                               
0000a2dd  strcat                                
0000a383  strchr                                
200019c8  strcontentlength                      
0000a3d5  strcpy                                
0000a3e9  strlen                                
0000a251  strstr                                
20000ef0  theTime                               
00009de5  timer_GetCurrentTimestamp             
00002b45  updateLocalTime                       
0000a433  wcslen                                


GLOBAL SYMBOLS: SORTED BY Symbol Address 

address   name                                  
-------   ----                                  
00000000  __TI_static_base__                    
00000000  g_pfnVectors                          
00000209  _SlDrvProtectAsyncRespSetting         
0000024f  _SlDrvDriverCBInit                    
000003ed  _SlDrvDriverCBDeinit                  
00000511  _SlDrvRxIrqHandler                    
00000565  _SlDrvCmdOp                           
00000621  _SlDrvDataReadOp                      
000007d0  __STACK_SIZE                          
00000801  _SlDrvDataWriteOp                     
00001295  _SlDrvMsgReadSpawnCtx                 
00001685  _SlDrvBasicCmd                        
000016d9  _SlDrvCmdSend                         
00001755  _SlDrvWaitForPoolObj                  
000018e7  _SlDrvReleasePoolObj                  
00001cdb  _SlDrvDispatchHttpServerEvents        
00001ceb  _SlDrvSyncObjSignal                   
00001d0b  _SlDrvObjLockWaitForever              
00001d31  _SlDrvProtectionObjLockWaitForever    
00001d59  _SlDrvObjUnLock                       
00001d79  _SlDrvProtectionObjUnLock             
00001dbf  _SlDrvGlobalObjUnLock                 
00001de1  _SlDrvMemZero                         
00001df7  _SlDrvResetCmdExt                     
00001e09  _SlDrvSyncObjWaitForever              
00001e2d  _SlDrvSyncObjWaitTimeout              
00001e6d  _SlDriverHandleError                  
00001f0d  _SlDrvStartMeasureTimeout             
00001f2d  _SlDrvIsTimeoutExpired                
00001fbd  SimpleLinkWlanEventHandler            
00002029  SimpleLinkNetAppEventHandler          
0000206b  SimpleLinkHttpServerCallback          
00002079  SimpleLinkPingReport                  
0000209d  SimpleLinkGeneralEventHandler         
000020a9  SimpleLinkSockEventHandler            
00002245  configureSimpleLinkToDefaultState     
00002439  establishConnectionWithAP             
000024a5  checkLanConnection                    
00002539  checkInternetConnection               
000025ef  initializeAppVariables                
00002609  displayBanner                         
00002659  Lab16                                 
000027e1  buildTDS                              
000029e5  buildDecimal                          
00002b45  updateLocalTime                       
00002de9  getCurrentDay                         
00002def  getCurrentMonth                       
00002df5  getCurrentYear                        
00002dfb  getCurrentHour                        
00002e05  getCurrentMinute                      
00002e0b  getCurrentSecond                      
00002e6d  SendTDS                               
00002ffd  SendDecimal                           
00003195  getNumberOfInstructions               
000033f1  getNextInstruction                    
000036cb  GetInstruction                        
000036fd  ExecuteInstructions                   
00003781  GetHostIP                             
0000379d  CreateConnection                      
0000390d  _sl_ParseAddress                      
00003967  sl_Socket                             
000039e5  sl_Close                              
00003a37  sl_Bind                               
00003ae5  sl_SendTo                             
00003c25  sl_RecvFrom                           
00003d65  sl_Connect                            
00003edb  _sl_HandleAsync_Connect               
00003f59  sl_Send                               
00004085  sl_Listen                             
000040f5  sl_Accept                             
0000429b  sl_Htonl                              
000042e1  sl_Htons                              
0000431d  _sl_HandleAsync_Accept                
0000437d  _sl_HandleAsync_Select                
000043d5  sl_Recv                               
0000447d  sl_SetSockOpt                         
00004507  sl_GetSockOpt                         
000045bf  sl_Select                             
00004721  SL_FD_SET                             
00004749  SL_FD_CLR                             
00004771  SL_FD_ISSET                           
0000479d  SL_FD_ZERO                            
000047c5  sl_WlanConnect                        
00004a35  sl_WlanDisconnect                     
00004a69  sl_WlanPolicySet                      
00004af9  sl_WlanPolicyGet                      
00004bed  sl_WlanProfileAdd                     
00004ea1  sl_WlanProfileGet                     
00004fab  sl_WlanProfileDel                     
00004ffd  sl_WlanGetNetworkList                 
00005093  sl_WlanRxFilterAdd                    
00005129  sl_WlanRxFilterSet                    
000051ad  sl_WlanRxFilterGet                    
00005241  sl_WlanRxStatStart                    
00005271  sl_WlanRxStatStop                     
000052a5  sl_WlanRxStatGet                      
00005305  sl_WlanSmartConfigStop                
00005339  sl_WlanSmartConfigStart               
000053f1  sl_WlanSetMode                        
00005449  sl_WlanSet                            
000054e5  sl_WlanGet                            
000055bd  sl_NetAppStart                        
00005609  sl_NetAppStop                         
00005655  sl_NetAppGetServiceList               
00005747  sl_NetAppMDNSRegisterUnregisterService
0000581d  sl_NetAppMDNSRegisterService          
00005881  sl_NetAppMDNSUnRegisterService        
000058ed  sl_NetAppDnsGetHostByService          
000059f5  _sl_HandleAsync_DnsGetHostByService   
00005abb  _sl_HandleAsync_DnsGetHostByAddr      
00005acd  sl_NetAppDnsGetHostByName             
00005c09  _sl_HandleAsync_DnsGetHostByName      
00005cdd  _sl_HandleAsync_PingResponse          
00005d69  sl_NetAppPingStart                    
00005f07  sl_NetAppSet                          
00005f99  _sl_NetAppSendTokenValue              
00006005  sl_NetAppGet                          
000060b9  _SlDrvNetAppEventHandler              
000061cd  __TI_printfi                          
00006c1b  __aeabi_idiv0                         
00006c1b  __aeabi_ldiv0                         
00006c1d  median                                
00006cef  getTDS                                
00006e5b  getPh                                 
00006f65  main                                  
000073f1  ADC0_InitSWTriggerSeq3_Ch0            
000078c5  ADC0_InitSWTriggerSeq3                
000079b5  ADC0_InitAllTriggerSeq3               
00007a8f  ADC0_InSeq3                           
00007b2d  sl_Task                               
00007b35  sl_Start                              
00007c09  _sl_HandleAsync_InitComplete          
00007c8d  _sl_HandleAsync_Stop                  
00007cd7  sl_Stop                               
00007dab  sl_EventMaskSet                       
00007e11  sl_EventMaskGet                       
00007e7d  sl_DevGet                             
00007f3f  sl_DevSet                             
00007fcd  _SlDrvDeviceEventHandler              
000082f5  spi_Close                             
00008301  spi_Open                              
00008405  spi_Write                             
00008469  spi_Read                              
00008515  SysCtlClockFreqSet                    
000088e9  __aeabi_dsub                          
000088f3  __aeabi_dadd                          
00008aa1  _SlNonOsSemSet                        
00008ab9  _SlNonOsSemGet                        
00008b61  _SlNonOsSpawn                         
00008bc1  _SlNonOsMainLoopTask                  
00008c3d  sl_NetCfgSet                          
00008cc7  sl_NetCfgGet                          
00008da5  CLI_Read                              
00008df1  CLI_Write                             
00008e4b  CLI_Configure                         
00009041  __aeabi_ddiv                          
00009177  GPIOPadConfigSet                      
000093cd  PLL_Init                              
000094dd  ldexp                                 
000094dd  ldexpl                                
000094dd  scalbn                                
000094dd  scalbnl                               
000095ed  __aeabi_dmul                          
000096e9  initClk                               
00009701  stopWDT                               
00009703  registerInterruptHandler              
00009717  CC3100_disable                        
0000972b  CC3100_enable                         
0000973f  CC3100_InterruptEnable                
0000974b  CC3100_InterruptDisable               
00009757  MaskIntHdlr                           
0000975f  UnMaskIntHdlr                         
00009767  UARTRxTxHandler                       
00009769  GPIOM_intHandler                      
00009867  __aeabi_memcpy                        
00009867  __aeabi_memcpy4                       
00009867  __aeabi_memcpy8                       
00009867  memcpy                                
00009903  __aeabi_uldivmod                      
00009999  __aeabi_cdcmpeq                       
00009999  __aeabi_cdcmple                       
00009a1f  __aeabi_cdrcmple                      
00009aa5  __aeabi_memclr                        
00009aa5  __aeabi_memclr4                       
00009aa5  __aeabi_memclr8                       
00009aa7  __aeabi_memset                        
00009aa7  __aeabi_memset4                       
00009aa7  __aeabi_memset8                       
00009aad  memset                                
00009b21  SysTick_Init                          
00009b3d  SysTick_Wait                          
00009b63  SysTick_Wait10ms                      
00009c07  __aeabi_d2f                           
00009c75  IntEnable                             
00009cdd  __TI_decompress_lzss                  
00009d45  frexp                                 
00009d45  frexpl                                
00009de5  timer_GetCurrentTimestamp             
00009e05  GPIOIntTypeSet                        
00009eb1  ltoa                                  
00009f59  atoi                                  
00009fa5  GPIOPinConfigure                      
0000a035  __aeabi_d2iz                          
0000a07d  __TI_auto_init_nobinit_nopinit        
0000a0c1  sprintf                               
0000a13f  SSIConfigSetExpClk                    
0000a17b  __aeabi_f2d                           
0000a1b5  IntRegister                           
0000a1e9  SysCtlPeripheralEnable                
0000a21d  _c_int00_noargs                       
0000a251  strstr                                
0000a285  __aeabi_i2d                           
0000a2b3  GPIODirModeSet                        
0000a2dd  strcat                                
0000a2fd  SysTickIntRegister                    
0000a335  memccpy                               
0000a351  copysign                              
0000a351  copysignl                             
0000a383  strchr                                
0000a399  SysTickDisable                        
0000a3ad  SysTickEnable                         
0000a3c1  SysTickIntEnable                      
0000a3d5  strcpy                                
0000a3e9  strlen                                
0000a3fd  GPIOPinTypeGPIOInput                  
0000a40f  GPIOPinTypeSSI                        
0000a421  SSIDataGetNonBlocking                 
0000a433  wcslen                                
0000a445  FPUEnable                             
0000a455  FPULazyStackingEnable                 
0000a465  IntMasterEnable                       
0000a475  SysTickPeriodSet                      
0000a485  GPIOIntDisable                        
0000a493  GPIOIntStatus                         
0000a4a1  SSIDataPutNonBlocking                 
0000a4af  __TI_decompress_none                  
0000a4bd  CPUcpsie                              
0000a4c9  GPIOIntEnable                         
0000a4d5  __TI_zero_init                        
0000a4e1  ResetISR                              
0000a4ed  SSIEnable                             
0000a501  SSIBusy                               
0000a509  __aeabi_errno_addr                    
0000a511  GPIOIntClear                          
0000a517  GPIOPinWrite                          
0000a51d  SysCtlDelay                           
0000a523  _system_pre_init                      
0000a527  C$$EXIT                               
0000a527  abort                                 
0000a64c  _ctypes_                              
0000a8bc  OpcodeTranslateTable                  
0000a8f8  _SlActionLookupTable                  
0000aad4  _SlNetAppSendTokenValueCmdCtrl        
0000ab50  __TI_Handler_Table_Base               
0000ab5c  __TI_Handler_Table_Limit              
0000ab70  __TI_CINIT_Base                       
0000ab88  __TI_CINIT_Limit                      
20000000  g_pfnRAMVectors                       
2000026c  appData                               
2000089c  instructions                          
20000dc4  Edxpost                               
20000e28  Id                                    
20000e8c  Score                                 
20000ef0  theTime                               
20000f08  g_Status                              
20000f0c  g_SysClock                            
20000f10  g_ucUARTBuffer                        
20000f14  numberOfInstructions                  
20000f18  IntIsMasked                           
20000f19  RxIrqCnt                              
20000f1a  g_bDeviceRestartIsRequired            
20000f20  __stack                               
20001120  __STACK_TOP                           
200016f0  __STACK_END                           
200016f0  buildstr                              
200018f0  g__SlNonOsCB                          
2000192c  mystring2                             
2000195e  mystring                              
20001990  currentMinutes                        
20001994  currentHour                           
20001998  currentDay                            
2000199c  currentMonth                          
200019a0  currentYear                           
200019a4  currentSecond                         
200019a8  lastSyncMinutes                       
200019ac  g_SlDeviceStatus                      
200019b0  g_pCB                                 
200019b4  pPingCallBackFunc                     
200019bc  contentLength                         
200019c0  g_PingPacketsRecv                     
200019c4  g_GatewayIP                           
200019c8  strcontentlength                      
200019d0  pIrqEventHandler                      
200019d4  errno                                 
ffffffff  __TI_pprof_out_hndl                   
ffffffff  __TI_prof_data_size                   
ffffffff  __TI_prof_data_start                  
ffffffff  __binit__                             
ffffffff  __c_args__                            
ffffffff  binit                                 
UNDEFED   __mpu_init                            
UNDEFED   _system_post_cinit                    

[302 symbols]
