******************************************************************************
                  TI ARM Linker PC v18.12.1                    
******************************************************************************
>> Linked Wed Aug 21 22:13:07 2019

OUTPUT FILE NAME:   <getting_started_with_wlan_station.out>
ENTRY POINT SYMBOL: "_c_int00_noargs"  address: 0000a4ad


MEMORY CONFIGURATION

         name            origin    length      used     unused   attr    fill
----------------------  --------  ---------  --------  --------  ----  --------
  FLASH                 00000000   00100000  0000ae16  000f51ea  R  X
  SRAM                  20000000   00040000  00001a77  0003e589  RW X


SEGMENT ALLOCATION MAP

run origin  load origin   length   init length attrs members
----------  ----------- ---------- ----------- ----- -------
00000000    00000000    0000ae18   0000ae18    r-x
  00000000    00000000    00000208   00000208    r-- .intvecs
  00000208    00000208    0000a5b2   0000a5b2    r-x .text
  0000a7bc    0000a7bc    00000614   00000614    r-- .const
  0000add0    0000add0    00000048   00000048    r-- .cinit
20000000    20000000    00001a7c   00000000    rw-
  20000000    20000000    0000026c   00000000    rw- .vtable
  2000026c    2000026c    00000d4f   00000000    rw- .bss
  20000fc0    20000fc0    000007d0   00000000    rw- .stack
  20001790    20001790    000002ec   00000000    rw- .data


SECTION ALLOCATION MAP

 output                                  attributes/
section   page    origin      length       input sections
--------  ----  ----------  ----------   ----------------
.intvecs   0    00000000    00000208     
                  00000000    00000208     tm4c1294ncpdt_startup_ccs.obj (.intvecs)

.text      0    00000208    0000a5b2     
                  00000208    00001db4     driver.obj (.text)
                  00001fbc    00001b80     connect.obj (.text)
                  00003b3c    00000f40     socket.obj (.text)
                  00004a7c    00000df8     wlan.obj (.text)
                  00005874    00000c10     netapp.obj (.text)
                  00006484    00000a4e     rtsv7M4_T_le_v4SPD16_eabi.lib : _printfi.c.obj (.text:__TI_printfi)
                  00006ed2    00000002                                   : div0.asm.obj (.text)
                  00006ed4    000007ac     main.obj (.text)
                  00007680    00000728     ADCSWTrigger.obj (.text)
                  00007da8    0000056c     device.obj (.text)
                  00008314    00000270     rtsv7M4_T_le_v4SPD16_eabi.lib : _printfi.c.obj (.text:_pconv_a)
                  00008584    00000220     spi.obj (.text)
                  000087a4    00000204     driverlib.lib : sysctl.obj (.text:SysCtlClockFreqSet)
                  000089a8    000001d0     rtsv7M4_T_le_v4SPD16_eabi.lib : _printfi.c.obj (.text:_pconv_g)
                  00008b78    000001b6                                   : fd_add_t2.asm.obj (.text)
                  00008d2e    00000002     --HOLE-- [fill = 0]
                  00008d30    0000019c     nonos.obj (.text)
                  00008ecc    00000168     netcfg.obj (.text)
                  00009034    00000160     cli_uart.obj (.text)
                  00009194    0000013c     rtsv7M4_T_le_v4SPD16_eabi.lib : _printfi.c.obj (.text:_pconv_e)
                  000092d0    00000136                                   : fd_div_t2.asm.obj (.text)
                  00009406    00000130     driverlib.lib : gpio.obj (.text:GPIOPadConfigSet)
                  00009536    00000002     --HOLE-- [fill = 0]
                  00009538    00000124     rtsv7M4_T_le_v4SPD16_eabi.lib : _printfi.c.obj (.text:fcvt)
                  0000965c    00000110     PLL.obj (.text)
                  0000976c    00000110     rtsv7M4_T_le_v4SPD16_eabi.lib : s_scalbn.c.obj (.text:scalbn)
                  0000987c    000000fc                                   : fd_mul_t2.asm.obj (.text)
                  00009978    000000cc     board.obj (.text)
                  00009a44    000000b1     rtsv7M4_T_le_v4SPD16_eabi.lib : _printfi.c.obj (.text:_ltostr)
                  00009af5    00000001     --HOLE-- [fill = 0]
                  00009af6    0000009c                                   : memcpy_t2.asm.obj (.text)
                  00009b92    00000096                                   : ull_div_t2.asm.obj (.text)
                  00009c28    00000086                                   : fd_cmp_t2.asm.obj (.text:__aeabi_cdcmple)
                  00009cae    00000086                                   : fd_cmp_t2.asm.obj (.text:__aeabi_cdrcmple)
                  00009d34    0000007a                                   : memset_t2.asm.obj (.text)
                  00009dae    00000002     --HOLE-- [fill = 0]
                  00009db0    00000078     SysTick.obj (.text)
                  00009e28    0000006e     rtsv7M4_T_le_v4SPD16_eabi.lib : _printfi.c.obj (.text:_mcpy)
                  00009e96    0000006e                                   : fd_tos_t2.asm.obj (.text)
                  00009f04    00000068     driverlib.lib : interrupt.obj (.text:IntEnable)
                  00009f6c    00000068     rtsv7M4_T_le_v4SPD16_eabi.lib : copy_decompress_lzss.c.obj (.text:decompress:lzss:__TI_decompress_lzss)
                  00009fd4    00000064                                   : s_frexp.c.obj (.text:frexp)
                  0000a038    0000005c     timer_tick.obj (.text)
                  0000a094    00000056     driverlib.lib : gpio.obj (.text:GPIOIntTypeSet)
                  0000a0ea    00000056     rtsv7M4_T_le_v4SPD16_eabi.lib : _printfi.c.obj (.text:_pconv_f)
                  0000a140    00000054                                   : ltoa.c.obj (.text:ltoa)
                  0000a194    00000052                                   : _printfi.c.obj (.text:_ecpy)
                  0000a1e6    00000002     --HOLE-- [fill = 0]
                  0000a1e8    0000004c                                   : atoi.c.obj (.text:atoi)
                  0000a234    00000048     driverlib.lib : gpio.obj (.text:GPIOPinConfigure)
                  0000a27c    00000048                   : sysctl.obj (.text:_SysCtlFrequencyGet)
                  0000a2c4    00000048     rtsv7M4_T_le_v4SPD16_eabi.lib : fd_toi_t2.asm.obj (.text)
                  0000a30c    00000044                                   : autoinit.c.obj (.text:__TI_auto_init_nobinit_nopinit:__TI_auto_init_nobinit_nopinit)
                  0000a350    00000040                                   : sprintf.c.obj (.text:sprintf)
                  0000a390    0000003e                                   : _printfi.c.obj (.text:_fcpy)
                  0000a3ce    0000003c     driverlib.lib : ssi.obj (.text:SSIConfigSetExpClk)
                  0000a40a    00000038     rtsv7M4_T_le_v4SPD16_eabi.lib : fs_tod_t2.asm.obj (.text)
                  0000a442    00000002     --HOLE-- [fill = 0]
                  0000a444    00000034     driverlib.lib : interrupt.obj (.text:IntRegister)
                  0000a478    00000034                   : sysctl.obj (.text:SysCtlPeripheralEnable)
                  0000a4ac    00000034     rtsv7M4_T_le_v4SPD16_eabi.lib : boot_cortex_m.c.obj (.text:_c_int00_noargs:_c_int00_noargs)
                  0000a4e0    00000034                                   : strstr.c.obj (.text:strstr)
                  0000a514    0000002e                                   : i_tofd_t2.asm.obj (.text)
                  0000a542    0000002a     driverlib.lib : gpio.obj (.text:GPIODirModeSet)
                  0000a56c    0000001e     rtsv7M4_T_le_v4SPD16_eabi.lib : strcat.c.obj (.text:strcat)
                  0000a58a    00000002     --HOLE-- [fill = 0]
                  0000a58c    0000001c     driverlib.lib : systick.obj (.text:SysTickIntRegister)
                  0000a5a8    0000001c                   : sysctl.obj (.text:_SysCtlMemTimingGet)
                  0000a5c4    0000001c     rtsv7M4_T_le_v4SPD16_eabi.lib : memccpy.c.obj (.text:memccpy)
                  0000a5e0    0000001a                                   : s_copysign.c.obj (.text:copysign)
                  0000a5fa    00000018                                   : sprintf.c.obj (.text:_outs)
                  0000a612    00000016                                   : strchr.c.obj (.text:strchr)
                  0000a628    00000014     driverlib.lib : systick.obj (.text:SysTickDisable)
                  0000a63c    00000014                   : systick.obj (.text:SysTickEnable)
                  0000a650    00000014                   : systick.obj (.text:SysTickIntEnable)
                  0000a664    00000014     rtsv7M4_T_le_v4SPD16_eabi.lib : strcpy.c.obj (.text:strcpy)
                  0000a678    00000014                                   : strlen.c.obj (.text:strlen)
                  0000a68c    00000012     driverlib.lib : gpio.obj (.text:GPIOPinTypeGPIOInput)
                  0000a69e    00000012                   : gpio.obj (.text:GPIOPinTypeSSI)
                  0000a6b0    00000012                   : ssi.obj (.text:SSIDataGetNonBlocking)
                  0000a6c2    00000012     rtsv7M4_T_le_v4SPD16_eabi.lib : wcslen.c.obj (.text:wcslen)
                  0000a6d4    00000010     driverlib.lib : fpu.obj (.text:FPUEnable)
                  0000a6e4    00000010                   : fpu.obj (.text:FPULazyStackingEnable)
                  0000a6f4    00000010                   : interrupt.obj (.text:IntMasterEnable)
                  0000a704    00000010                   : systick.obj (.text:SysTickPeriodSet)
                  0000a714    0000000e                   : gpio.obj (.text:GPIOIntDisable)
                  0000a722    0000000e                   : gpio.obj (.text:GPIOIntStatus)
                  0000a730    0000000e                   : ssi.obj (.text:SSIDataPutNonBlocking)
                  0000a73e    0000000e     rtsv7M4_T_le_v4SPD16_eabi.lib : copy_decompress_none.c.obj (.text:decompress:none:__TI_decompress_none)
                  0000a74c    0000000c     driverlib.lib : cpu.obj (.text:CPUcpsie)
                  0000a758    0000000c                   : gpio.obj (.text:GPIOIntEnable)
                  0000a764    0000000c     rtsv7M4_T_le_v4SPD16_eabi.lib : copy_zero_init.c.obj (.text:decompress:ZI:__TI_zero_init)
                  0000a770    0000000c     tm4c1294ncpdt_startup_ccs.obj (.text)
                  0000a77c    0000000a     driverlib.lib : ssi.obj (.text:SSIEnable)
                  0000a786    0000000a     rtsv7M4_T_le_v4SPD16_eabi.lib : sprintf.c.obj (.text:_outc)
                  0000a790    00000008     driverlib.lib : ssi.obj (.text:SSIBusy)
                  0000a798    00000008     rtsv7M4_T_le_v4SPD16_eabi.lib : errno.c.obj (.text:__aeabi_errno_addr)
                  0000a7a0    00000006     driverlib.lib : gpio.obj (.text:GPIOIntClear)
                  0000a7a6    00000006                   : gpio.obj (.text:GPIOPinWrite)
                  0000a7ac    00000006                   : sysctl.obj (.text:SysCtlDelay)
                  0000a7b2    00000004     rtsv7M4_T_le_v4SPD16_eabi.lib : pre_init.c.obj (.text:_system_pre_init)
                  0000a7b6    00000004                                   : exit.c.obj (.text:abort:abort)

.const     0    0000a7bc    00000614     
                  0000a7bc    00000120     driverlib.lib : sysctl.obj (.const:g_pppui32XTALtoVCO)
                  0000a8dc    00000101     rtsv7M4_T_le_v4SPD16_eabi.lib : ctype.c.obj (.const:.string:_ctypes_)
                  0000a9dd    00000003     --HOLE-- [fill = 0]
                  0000a9e0    00000090     driverlib.lib : gpio.obj (.const:g_pui32GPIOBaseAddrs)
                  0000aa70    00000070                   : interrupt.obj (.const)
                  0000aae0    0000006c                   : sysctl.obj (.const:g_pui32Xtals)
                  0000ab4c    0000003c     driver.obj (.const:OpcodeTranslateTable)
                  0000ab88    00000038     driver.obj (.const:_SlActionLookupTable)
                  0000abc0    00000030     driverlib.lib : sysctl.obj (.const:g_sXTALtoMEMTIM)
                  0000abf0    0000002c     connect.obj (.const:$P$T0$1)
                  0000ac1c    00000020     connect.obj (.const:$P$T3$4)
                  0000ac3c    00000020     connect.obj (.const:$P$T5$6)
                  0000ac5c    00000020     driver.obj (.const:RxMsgClassLUT)
                  0000ac7c    00000014     driver.obj (.const:$P$T0$1)
                  0000ac90    00000014     nonos.obj (.const:$P$T0$1)
                  0000aca4    00000014     connect.obj (.const:$P$T1$2)
                  0000acb8    00000014     connect.obj (.const:$P$T4$5)
                  0000accc    00000014     connect.obj (.const:$P$T6$7)
                  0000ace0    00000010     socket.obj (.const:.string:_SlPayloadByProtocolLUT)
                  0000acf0    0000000c     connect.obj (.const:$P$T2$3)
                  0000acfc    00000008     device.obj (.const:StartResponseLUT)
                  0000ad04    00000008     driverlib.lib : sysctl.obj (.const)
                  0000ad0c    00000008     driver.obj (.const:g_H2NCnysPattern)
                  0000ad14    00000008     driver.obj (.const:g_H2NSyncPattern)
                  0000ad1c    00000004     netapp.obj (.const:$P$T0$1)
                  0000ad20    00000004     socket.obj (.const:$P$T0$1)
                  0000ad24    00000004     wlan.obj (.const:$P$T0$1)
                  0000ad28    00000004     socket.obj (.const:$P$T1$2)
                  0000ad2c    00000004     wlan.obj (.const:$P$T1$2)
                  0000ad30    00000004     socket.obj (.const:$P$T2$3)
                  0000ad34    00000004     wlan.obj (.const:$P$T2$3)
                  0000ad38    00000004     socket.obj (.const:_SlAcceptCmdCtrl)
                  0000ad3c    00000004     device.obj (.const:_SlDeviceGetCmdCtrl)
                  0000ad40    00000004     device.obj (.const:_SlDeviceSetCmdCtrl)
                  0000ad44    00000004     device.obj (.const:_SlEventMaskGetCmdCtrl)
                  0000ad48    00000004     device.obj (.const:_SlEventMaskSetCmdCtrl)
                  0000ad4c    00000004     netapp.obj (.const:_SlGetHostByNameCtrl)
                  0000ad50    00000004     netapp.obj (.const:_SlGetHostByServiceCtrl)
                  0000ad54    00000004     netapp.obj (.const:_SlGetServiceListeCtrl)
                  0000ad58    00000004     socket.obj (.const:_SlGetSockOptCmdCtrl)
                  0000ad5c    00000004     socket.obj (.const:_SlListenCmdCtrl)
                  0000ad60    00000004     netapp.obj (.const:_SlNetAppGetCmdCtrl)
                  0000ad64    00000004     netapp.obj (.const:_SlNetAppSendTokenValueCmdCtrl)
                  0000ad68    00000004     netapp.obj (.const:_SlNetAppSetCmdCtrl)
                  0000ad6c    00000004     netapp.obj (.const:_SlNetAppStartCtrl)
                  0000ad70    00000004     netapp.obj (.const:_SlNetAppStopCtrl)
                  0000ad74    00000004     netcfg.obj (.const:_SlNetCfgGetCmdCtrl)
                  0000ad78    00000004     netcfg.obj (.const:_SlNetCfgSetCmdCtrl)
                  0000ad7c    00000004     wlan.obj (.const:_SlPolicyGetCmdCtrl)
                  0000ad80    00000004     wlan.obj (.const:_SlPolicySetCmdCtrl)
                  0000ad84    00000004     wlan.obj (.const:_SlProfileDelCmdCtrl)
                  0000ad88    00000004     wlan.obj (.const:_SlProfileGetCmdCtrl)
                  0000ad8c    00000004     socket.obj (.const:_SlRecvCmdCtrl)
                  0000ad90    00000004     socket.obj (.const:_SlRecvfomCmdCtrl)
                  0000ad94    00000004     netapp.obj (.const:_SlRegisterServiceCtrl)
                  0000ad98    00000004     wlan.obj (.const:_SlRxFilterAddtCmdCtrl)
                  0000ad9c    00000004     wlan.obj (.const:_SlRxFilterGetCmdCtrl)
                  0000ada0    00000004     wlan.obj (.const:_SlRxFilterSetCmdCtrl)
                  0000ada4    00000004     socket.obj (.const:_SlSelectCmdCtrl)
                  0000ada8    00000004     socket.obj (.const:_SlSendCmdCtrl)
                  0000adac    00000004     socket.obj (.const:_SlSetSockOptCmdCtrl)
                  0000adb0    00000004     wlan.obj (.const:_SlSmartConfigStartCmdCtrl)
                  0000adb4    00000004     socket.obj (.const:_SlSockCloseCmdCtrl)
                  0000adb8    00000004     socket.obj (.const:_SlSockSocketCmdCtrl)
                  0000adbc    00000004     device.obj (.const:_SlStopCmdCtrl)
                  0000adc0    00000004     wlan.obj (.const:_SlWlanCfgGetCmdCtrl)
                  0000adc4    00000004     wlan.obj (.const:_SlWlanCfgSetCmdCtrl)
                  0000adc8    00000004     wlan.obj (.const:_SlWlanGetNetworkListCtrl)
                  0000adcc    00000004     wlan.obj (.const:_SlWlanSetModeCmdCtrl)

.cinit     0    0000add0    00000048     
                  0000add0    0000000e     (.cinit..data.load) [load image, compression = lzss]
                  0000adde    00000002     --HOLE-- [fill = 0]
                  0000ade0    0000000c     (__TI_handler_table)
                  0000adec    00000004     --HOLE-- [fill = 0]
                  0000adf0    00000008     (.cinit..bss.load) [load image, compression = zero_init]
                  0000adf8    00000008     (.cinit..vtable.load) [load image, compression = zero_init]
                  0000ae00    00000018     (__TI_cinit_table)

.init_array 
*          0    00000000    00000000     UNINITIALIZED

.vtable    0    20000000    0000026c     UNINITIALIZED
                  20000000    0000026c     driverlib.lib : interrupt.obj (.vtable)

.bss       0    2000026c    00000d4f     UNINITIALIZED
                  2000026c    00000630     (.common:appData)
                  2000089c    00000460     (.common:instructions)
                  20000cfc    00000168     driver.obj (.bss:g_StatMem)
                  20000e64    00000064     (.common:Edxpost)
                  20000ec8    00000064     (.common:Id)
                  20000f2c    00000064     (.common:Score)
                  20000f90    00000018     (.common:theTime)
                  20000fa8    00000004     (.common:g_Status)
                  20000fac    00000004     (.common:g_SysClock)
                  20000fb0    00000004     (.common:g_ucUARTBuffer)
                  20000fb4    00000004     (.common:numberOfInstructions)
                  20000fb8    00000001     (.common:IntIsMasked)
                  20000fb9    00000001     (.common:RxIrqCnt)
                  20000fba    00000001     (.common:g_bDeviceRestartIsRequired)

.data      0    20001790    000002ec     UNINITIALIZED
                  20001790    00000200     connect.obj (.data:buildstr)
                  20001990    0000003c     nonos.obj (.data:g__SlNonOsCB)
                  200019cc    00000032     connect.obj (.data:mystring2)
                  200019fe    00000032     connect.obj (.data:mystring)
                  20001a30    0000001c     main.obj (.data)
                  20001a4c    0000000d     driver.obj (.data)
                  20001a59    00000003     --HOLE--
                  20001a5c    0000000c     connect.obj (.data)
                  20001a68    00000005     connect.obj (.data:strcontentlength)
                  20001a6d    00000003     --HOLE--
                  20001a70    00000004     board.obj (.data)
                  20001a74    00000004     rtsv7M4_T_le_v4SPD16_eabi.lib : errno.c.obj (.data)
                  20001a78    00000004     timer_tick.obj (.data)

.stack     0    20000fc0    000007d0     UNINITIALIZED
                  20000fc0    00000004     rtsv7M4_T_le_v4SPD16_eabi.lib : boot_cortex_m.c.obj (.stack)
                  20000fc4    000007cc     --HOLE--

MODULE SUMMARY

       Module                          code    ro data   rw data
       ------                          ----    -------   -------
    .\
       connect.obj                     7040    180       3665   
       main.obj                        1964    0         28     
       ADCSWTrigger.obj                1832    0         0      
       tm4c1294ncpdt_startup_ccs.obj   12      520       0      
       PLL.obj                         272     0         0      
       SysTick.obj                     120     0         0      
    +--+-------------------------------+-------+---------+---------+
       Total:                          11240   700       3693   
                                                                
    .\board\
       board.obj                       204     0         9      
    +--+-------------------------------+-------+---------+---------+
       Total:                          204     0         9      
                                                                
    .\cli_uart\
       cli_uart.obj                    352     0         4      
    +--+-------------------------------+-------+---------+---------+
       Total:                          352     0         4      
                                                                
    .\simplelink\source\
       driver.obj                      7604    184       375    
       socket.obj                      3904    68        0      
       wlan.obj                        3576    60        0      
       netapp.obj                      3088    40        0      
       device.obj                      1388    28        0      
       nonos.obj                       412     20        60     
       netcfg.obj                      360     8         0      
    +--+-------------------------------+-------+---------+---------+
       Total:                          20332   408       435    
                                                                
    .\spi\
       spi.obj                         544     0         0      
    +--+-------------------------------+-------+---------+---------+
       Total:                          544     0         0      
                                                                
    .\timer\
       timer_tick.obj                  92      0         4      
    +--+-------------------------------+-------+---------+---------+
       Total:                          92      0         4      
                                                                
    C:/ti/tirtos_tivac_2_16_01_14/products/TivaWare_C_Series-2.1.1.71b/driverlib/ccs/Debug/driverlib.lib
       sysctl.obj                      674     452       0      
       interrupt.obj                   172     112       620    
       gpio.obj                        592     144       0      
       ssi.obj                         110     0         0      
       systick.obj                     104     0         0      
       fpu.obj                         32      0         0      
       cpu.obj                         12      0         0      
    +--+-------------------------------+-------+---------+---------+
       Total:                          1696    708       620    
                                                                
    C:\ti\ccs901\ccs\tools\compiler\ti-cgt-arm_18.12.1.LTS\lib\rtsv7M4_T_le_v4SPD16_eabi.lib
       _printfi.c.obj                  4851    0         0      
       fd_add_t2.asm.obj               438     0         0      
       fd_div_t2.asm.obj               310     0         0      
       s_scalbn.c.obj                  272     0         0      
       fd_cmp_t2.asm.obj               268     0         0      
       ctype.c.obj                     0       257       0      
       fd_mul_t2.asm.obj               252     0         0      
       memcpy_t2.asm.obj               156     0         0      
       ull_div_t2.asm.obj              150     0         0      
       memset_t2.asm.obj               122     0         0      
       fd_tos_t2.asm.obj               110     0         0      
       copy_decompress_lzss.c.obj      104     0         0      
       s_frexp.c.obj                   100     0         0      
       sprintf.c.obj                   98      0         0      
       ltoa.c.obj                      84      0         0      
       atoi.c.obj                      76      0         0      
       fd_toi_t2.asm.obj               72      0         0      
       autoinit.c.obj                  68      0         0      
       fs_tod_t2.asm.obj               56      0         0      
       boot_cortex_m.c.obj             52      0         0      
       strstr.c.obj                    52      0         0      
       i_tofd_t2.asm.obj               46      0         0      
       strcat.c.obj                    30      0         0      
       memccpy.c.obj                   28      0         0      
       s_copysign.c.obj                26      0         0      
       strchr.c.obj                    22      0         0      
       strcpy.c.obj                    20      0         0      
       strlen.c.obj                    20      0         0      
       wcslen.c.obj                    18      0         0      
       copy_decompress_none.c.obj      14      0         0      
       copy_zero_init.c.obj            12      0         0      
       errno.c.obj                     8       0         4      
       exit.c.obj                      4       0         0      
       pre_init.c.obj                  4       0         0      
       div0.asm.obj                    2       0         0      
    +--+-------------------------------+-------+---------+---------+
       Total:                          7945    257       4      
                                                                
       Stack:                          0       0         2000   
       Linker Generated:               0       66        0      
    +--+-------------------------------+-------+---------+---------+
       Grand Total:                    42405   2139      6769   


LINKER GENERATED COPY TABLES

__TI_cinit_table @ 0000ae00 records: 3, size/record: 8, table size: 24
	.data: load addr=0000add0, load size=0000000e bytes, run addr=20001790, run size=000002ec bytes, compression=lzss
	.bss: load addr=0000adf0, load size=00000008 bytes, run addr=2000026c, run size=00000d4f bytes, compression=zero_init
	.vtable: load addr=0000adf8, load size=00000008 bytes, run addr=20000000, run size=0000026c bytes, compression=zero_init


LINKER GENERATED HANDLER TABLE

__TI_handler_table @ 0000ade0 records: 3, size/record: 4, table size: 12
	index: 0, handler: __TI_zero_init
	index: 1, handler: __TI_decompress_lzss
	index: 2, handler: __TI_decompress_none


GLOBAL SYMBOLS: SORTED ALPHABETICALLY BY Name 

address   name                                  
-------   ----                                  
00007d1f  ADC0_InSeq3                           
00007c45  ADC0_InitAllTriggerSeq3               
00007b55  ADC0_InitSWTriggerSeq3                
00007681  ADC0_InitSWTriggerSeq3_Ch0            
0000a7b7  C$$EXIT                               
000099db  CC3100_InterruptDisable               
000099cf  CC3100_InterruptEnable                
000099a7  CC3100_disable                        
000099bb  CC3100_enable                         
000090db  CLI_Configure                         
00009035  CLI_Read                              
00009081  CLI_Write                             
0000a74d  CPUcpsie                              
00003a79  CreateConnection                      
20000e64  Edxpost                               
000039ad  ExecuteInstructions                   
0000a6d5  FPUEnable                             
0000a6e5  FPULazyStackingEnable                 
0000a543  GPIODirModeSet                        
0000a7a1  GPIOIntClear                          
0000a715  GPIOIntDisable                        
0000a759  GPIOIntEnable                         
0000a723  GPIOIntStatus                         
0000a095  GPIOIntTypeSet                        
000099f9  GPIOM_intHandler                      
00009407  GPIOPadConfigSet                      
0000a235  GPIOPinConfigure                      
0000a68d  GPIOPinTypeGPIOInput                  
0000a69f  GPIOPinTypeSSI                        
0000a7a7  GPIOPinWrite                          
00003a51  GetHostIP                             
00003975  GetInstruction                        
20000ec8  Id                                    
00009f05  IntEnable                             
20000fb8  IntIsMasked                           
0000a6f5  IntMasterEnable                       
0000a445  IntRegister                           
00002659  Lab16                                 
000099e7  MaskIntHdlr                           
0000ab4c  OpcodeTranslateTable                  
0000965d  PLL_Init                              
0000a771  ResetISR                              
20000fb9  RxIrqCnt                              
00004a01  SL_FD_CLR                             
00004a29  SL_FD_ISSET                           
000049d9  SL_FD_SET                             
00004a55  SL_FD_ZERO                            
0000a791  SSIBusy                               
0000a3cf  SSIConfigSetExpClk                    
0000a6b1  SSIDataGetNonBlocking                 
0000a731  SSIDataPutNonBlocking                 
0000a77d  SSIEnable                             
20000f2c  Score                                 
000037f9  SendAck                               
0000307d  SendDecimal                           
00002eed  SendTDS                               
0000209d  SimpleLinkGeneralEventHandler         
0000206b  SimpleLinkHttpServerCallback          
00002029  SimpleLinkNetAppEventHandler          
00002079  SimpleLinkPingReport                  
000020a9  SimpleLinkSockEventHandler            
00001fbd  SimpleLinkWlanEventHandler            
000087a5  SysCtlClockFreqSet                    
0000a7ad  SysCtlDelay                           
0000a479  SysCtlPeripheralEnable                
0000a629  SysTickDisable                        
0000a63d  SysTickEnable                         
0000a651  SysTickIntEnable                      
0000a58d  SysTickIntRegister                    
0000a705  SysTickPeriodSet                      
00009db1  SysTick_Init                          
00009dcd  SysTick_Wait                          
00009df3  SysTick_Wait10ms                      
000099f7  UARTRxTxHandler                       
000099ef  UnMaskIntHdlr                         
0000ab88  _SlActionLookupTable                  
00001e6d  _SlDriverHandleError                  
00001685  _SlDrvBasicCmd                        
00000565  _SlDrvCmdOp                           
000016d9  _SlDrvCmdSend                         
00000621  _SlDrvDataReadOp                      
00000801  _SlDrvDataWriteOp                     
0000825d  _SlDrvDeviceEventHandler              
00001cdb  _SlDrvDispatchHttpServerEvents        
000003ed  _SlDrvDriverCBDeinit                  
0000024f  _SlDrvDriverCBInit                    
00001dbf  _SlDrvGlobalObjUnLock                 
00001f2d  _SlDrvIsTimeoutExpired                
00001de1  _SlDrvMemZero                         
00001295  _SlDrvMsgReadSpawnCtx                 
00006371  _SlDrvNetAppEventHandler              
00001d0b  _SlDrvObjLockWaitForever              
00001d59  _SlDrvObjUnLock                       
00000209  _SlDrvProtectAsyncRespSetting         
00001d31  _SlDrvProtectionObjLockWaitForever    
00001d79  _SlDrvProtectionObjUnLock             
000018e7  _SlDrvReleasePoolObj                  
00001df7  _SlDrvResetCmdExt                     
00000511  _SlDrvRxIrqHandler                    
00001f0d  _SlDrvStartMeasureTimeout             
00001ceb  _SlDrvSyncObjSignal                   
00001e09  _SlDrvSyncObjWaitForever              
00001e2d  _SlDrvSyncObjWaitTimeout              
00001755  _SlDrvWaitForPoolObj                  
0000ad64  _SlNetAppSendTokenValueCmdCtrl        
00008e51  _SlNonOsMainLoopTask                  
00008d49  _SlNonOsSemGet                        
00008d31  _SlNonOsSemSet                        
00008df1  _SlNonOsSpawn                         
20001790  __STACK_END                           
000007d0  __STACK_SIZE                          
200011c0  __STACK_TOP                           
0000ae00  __TI_CINIT_Base                       
0000ae18  __TI_CINIT_Limit                      
0000ade0  __TI_Handler_Table_Base               
0000adec  __TI_Handler_Table_Limit              
0000a30d  __TI_auto_init_nobinit_nopinit        
00009f6d  __TI_decompress_lzss                  
0000a73f  __TI_decompress_none                  
ffffffff  __TI_pprof_out_hndl                   
00006485  __TI_printfi                          
ffffffff  __TI_prof_data_size                   
ffffffff  __TI_prof_data_start                  
00000000  __TI_static_base__                    
0000a765  __TI_zero_init                        
00009c29  __aeabi_cdcmpeq                       
00009c29  __aeabi_cdcmple                       
00009caf  __aeabi_cdrcmple                      
00009e97  __aeabi_d2f                           
0000a2c5  __aeabi_d2iz                          
00008b83  __aeabi_dadd                          
000092d1  __aeabi_ddiv                          
0000987d  __aeabi_dmul                          
00008b79  __aeabi_dsub                          
0000a799  __aeabi_errno_addr                    
0000a40b  __aeabi_f2d                           
0000a515  __aeabi_i2d                           
00006ed3  __aeabi_idiv0                         
00006ed3  __aeabi_ldiv0                         
00009d35  __aeabi_memclr                        
00009d35  __aeabi_memclr4                       
00009d35  __aeabi_memclr8                       
00009af7  __aeabi_memcpy                        
00009af7  __aeabi_memcpy4                       
00009af7  __aeabi_memcpy8                       
00009d37  __aeabi_memset                        
00009d37  __aeabi_memset4                       
00009d37  __aeabi_memset8                       
00009b93  __aeabi_uldivmod                      
ffffffff  __binit__                             
ffffffff  __c_args__                            
UNDEFED   __mpu_init                            
20000fc0  __stack                               
0000a4ad  _c_int00_noargs                       
0000a8dc  _ctypes_                              
000045d5  _sl_HandleAsync_Accept                
00004193  _sl_HandleAsync_Connect               
00005d73  _sl_HandleAsync_DnsGetHostByAddr      
00005ec1  _sl_HandleAsync_DnsGetHostByName      
00005cad  _sl_HandleAsync_DnsGetHostByService   
00007e99  _sl_HandleAsync_InitComplete          
00005f95  _sl_HandleAsync_PingResponse          
00004635  _sl_HandleAsync_Select                
00007f1d  _sl_HandleAsync_Stop                  
00006251  _sl_NetAppSendTokenValue              
00003bc5  _sl_ParseAddress                      
UNDEFED   _system_post_cinit                    
0000a7b3  _system_pre_init                      
0000a7b7  abort                                 
2000026c  appData                               
0000a1e9  atoi                                  
ffffffff  binit                                 
000029e5  buildDecimal                          
000027e1  buildTDS                              
00002a75  buildack                              
20001790  buildstr                              
00002539  checkInternetConnection               
000024a5  checkLanConnection                    
00002245  configureSimpleLinkToDefaultState     
20001a5c  contentLength                         
0000a5e1  copysign                              
0000a5e1  copysignl                             
20001a38  currentDay                            
20001a34  currentHour                           
20001a30  currentMinutes                        
20001a3c  currentMonth                          
20001a44  currentSecond                         
20001a40  currentYear                           
00002609  displayBanner                         
20001a74  errno                                 
00002439  establishConnectionWithAP             
00009fd5  frexp                                 
00009fd5  frexpl                                
20001a64  g_GatewayIP                           
20001a60  g_PingPacketsRecv                     
20001a4c  g_SlDeviceStatus                      
20000fa8  g_Status                              
20000fac  g_SysClock                            
20001990  g__SlNonOsCB                          
20000fba  g_bDeviceRestartIsRequired            
20001a50  g_pCB                                 
20000000  g_pfnRAMVectors                       
00000000  g_pfnVectors                          
20000fb0  g_ucUARTBuffer                        
00002e69  getCurrentDay                         
00002e7b  getCurrentHour                        
00002e85  getCurrentMinute                      
00002e6f  getCurrentMonth                       
00002e8b  getCurrentSecond                      
00002e75  getCurrentYear                        
00003471  getNextInstruction                    
00003215  getNumberOfInstructions               
00007113  getPh                                 
00006fa7  getTDS                                
00009979  initClk                               
000025ef  initializeAppVariables                
2000089c  instructions                          
20001a48  lastSyncMinutes                       
0000976d  ldexp                                 
0000976d  ldexpl                                
0000a141  ltoa                                  
0000721d  main                                  
00006ed5  median                                
0000a5c5  memccpy                               
00009af7  memcpy                                
00009d3d  memset                                
200019fe  mystring                              
200019cc  mystring2                             
20000fb4  numberOfInstructions                  
20001a70  pIrqEventHandler                      
20001a54  pPingCallBackFunc                     
00009993  registerInterruptHandler              
0000976d  scalbn                                
0000976d  scalbnl                               
000043ad  sl_Accept                             
00003cef  sl_Bind                               
00003c9d  sl_Close                              
0000401d  sl_Connect                            
0000810d  sl_DevGet                             
000081cf  sl_DevSet                             
000080a1  sl_EventMaskGet                       
0000803b  sl_EventMaskSet                       
000047bf  sl_GetSockOpt                         
00004553  sl_Htonl                              
00004599  sl_Htons                              
0000433d  sl_Listen                             
00005d85  sl_NetAppDnsGetHostByName             
00005ba5  sl_NetAppDnsGetHostByService          
000062bd  sl_NetAppGet                          
0000590d  sl_NetAppGetServiceList               
00005ad5  sl_NetAppMDNSRegisterService          
000059ff  sl_NetAppMDNSRegisterUnregisterService
00005b39  sl_NetAppMDNSUnRegisterService        
00006021  sl_NetAppPingStart                    
000061bf  sl_NetAppSet                          
00005875  sl_NetAppStart                        
000058c1  sl_NetAppStop                         
00008f57  sl_NetCfgGet                          
00008ecd  sl_NetCfgSet                          
0000468d  sl_Recv                               
00003edd  sl_RecvFrom                           
00004877  sl_Select                             
00004211  sl_Send                               
00003d9d  sl_SendTo                             
00004735  sl_SetSockOpt                         
00003c1f  sl_Socket                             
00007dc5  sl_Start                              
00007f67  sl_Stop                               
00007dbd  sl_Task                               
00004a7d  sl_WlanConnect                        
00004ced  sl_WlanDisconnect                     
0000579d  sl_WlanGet                            
000052b5  sl_WlanGetNetworkList                 
00004db1  sl_WlanPolicyGet                      
00004d21  sl_WlanPolicySet                      
00004ea5  sl_WlanProfileAdd                     
00005263  sl_WlanProfileDel                     
00005159  sl_WlanProfileGet                     
0000534b  sl_WlanRxFilterAdd                    
00005465  sl_WlanRxFilterGet                    
000053e1  sl_WlanRxFilterSet                    
0000555d  sl_WlanRxStatGet                      
000054f9  sl_WlanRxStatStart                    
00005529  sl_WlanRxStatStop                     
00005701  sl_WlanSet                            
000056a9  sl_WlanSetMode                        
000055f1  sl_WlanSmartConfigStart               
000055bd  sl_WlanSmartConfigStop                
00008585  spi_Close                             
00008591  spi_Open                              
000086f9  spi_Read                              
00008695  spi_Write                             
0000a351  sprintf                               
00009991  stopWDT                               
0000a56d  strcat                                
0000a613  strchr                                
20001a68  strcontentlength                      
0000a665  strcpy                                
0000a679  strlen                                
0000a4e1  strstr                                
20000f90  theTime                               
0000a075  timer_GetCurrentTimestamp             
00002bc3  updateLocalTime                       
0000a6c3  wcslen                                


GLOBAL SYMBOLS: SORTED BY Symbol Address 

address   name                                  
-------   ----                                  
00000000  __TI_static_base__                    
00000000  g_pfnVectors                          
00000209  _SlDrvProtectAsyncRespSetting         
0000024f  _SlDrvDriverCBInit                    
000003ed  _SlDrvDriverCBDeinit                  
00000511  _SlDrvRxIrqHandler                    
00000565  _SlDrvCmdOp                           
00000621  _SlDrvDataReadOp                      
000007d0  __STACK_SIZE                          
00000801  _SlDrvDataWriteOp                     
00001295  _SlDrvMsgReadSpawnCtx                 
00001685  _SlDrvBasicCmd                        
000016d9  _SlDrvCmdSend                         
00001755  _SlDrvWaitForPoolObj                  
000018e7  _SlDrvReleasePoolObj                  
00001cdb  _SlDrvDispatchHttpServerEvents        
00001ceb  _SlDrvSyncObjSignal                   
00001d0b  _SlDrvObjLockWaitForever              
00001d31  _SlDrvProtectionObjLockWaitForever    
00001d59  _SlDrvObjUnLock                       
00001d79  _SlDrvProtectionObjUnLock             
00001dbf  _SlDrvGlobalObjUnLock                 
00001de1  _SlDrvMemZero                         
00001df7  _SlDrvResetCmdExt                     
00001e09  _SlDrvSyncObjWaitForever              
00001e2d  _SlDrvSyncObjWaitTimeout              
00001e6d  _SlDriverHandleError                  
00001f0d  _SlDrvStartMeasureTimeout             
00001f2d  _SlDrvIsTimeoutExpired                
00001fbd  SimpleLinkWlanEventHandler            
00002029  SimpleLinkNetAppEventHandler          
0000206b  SimpleLinkHttpServerCallback          
00002079  SimpleLinkPingReport                  
0000209d  SimpleLinkGeneralEventHandler         
000020a9  SimpleLinkSockEventHandler            
00002245  configureSimpleLinkToDefaultState     
00002439  establishConnectionWithAP             
000024a5  checkLanConnection                    
00002539  checkInternetConnection               
000025ef  initializeAppVariables                
00002609  displayBanner                         
00002659  Lab16                                 
000027e1  buildTDS                              
000029e5  buildDecimal                          
00002a75  buildack                              
00002bc3  updateLocalTime                       
00002e69  getCurrentDay                         
00002e6f  getCurrentMonth                       
00002e75  getCurrentYear                        
00002e7b  getCurrentHour                        
00002e85  getCurrentMinute                      
00002e8b  getCurrentSecond                      
00002eed  SendTDS                               
0000307d  SendDecimal                           
00003215  getNumberOfInstructions               
00003471  getNextInstruction                    
000037f9  SendAck                               
00003975  GetInstruction                        
000039ad  ExecuteInstructions                   
00003a51  GetHostIP                             
00003a79  CreateConnection                      
00003bc5  _sl_ParseAddress                      
00003c1f  sl_Socket                             
00003c9d  sl_Close                              
00003cef  sl_Bind                               
00003d9d  sl_SendTo                             
00003edd  sl_RecvFrom                           
0000401d  sl_Connect                            
00004193  _sl_HandleAsync_Connect               
00004211  sl_Send                               
0000433d  sl_Listen                             
000043ad  sl_Accept                             
00004553  sl_Htonl                              
00004599  sl_Htons                              
000045d5  _sl_HandleAsync_Accept                
00004635  _sl_HandleAsync_Select                
0000468d  sl_Recv                               
00004735  sl_SetSockOpt                         
000047bf  sl_GetSockOpt                         
00004877  sl_Select                             
000049d9  SL_FD_SET                             
00004a01  SL_FD_CLR                             
00004a29  SL_FD_ISSET                           
00004a55  SL_FD_ZERO                            
00004a7d  sl_WlanConnect                        
00004ced  sl_WlanDisconnect                     
00004d21  sl_WlanPolicySet                      
00004db1  sl_WlanPolicyGet                      
00004ea5  sl_WlanProfileAdd                     
00005159  sl_WlanProfileGet                     
00005263  sl_WlanProfileDel                     
000052b5  sl_WlanGetNetworkList                 
0000534b  sl_WlanRxFilterAdd                    
000053e1  sl_WlanRxFilterSet                    
00005465  sl_WlanRxFilterGet                    
000054f9  sl_WlanRxStatStart                    
00005529  sl_WlanRxStatStop                     
0000555d  sl_WlanRxStatGet                      
000055bd  sl_WlanSmartConfigStop                
000055f1  sl_WlanSmartConfigStart               
000056a9  sl_WlanSetMode                        
00005701  sl_WlanSet                            
0000579d  sl_WlanGet                            
00005875  sl_NetAppStart                        
000058c1  sl_NetAppStop                         
0000590d  sl_NetAppGetServiceList               
000059ff  sl_NetAppMDNSRegisterUnregisterService
00005ad5  sl_NetAppMDNSRegisterService          
00005b39  sl_NetAppMDNSUnRegisterService        
00005ba5  sl_NetAppDnsGetHostByService          
00005cad  _sl_HandleAsync_DnsGetHostByService   
00005d73  _sl_HandleAsync_DnsGetHostByAddr      
00005d85  sl_NetAppDnsGetHostByName             
00005ec1  _sl_HandleAsync_DnsGetHostByName      
00005f95  _sl_HandleAsync_PingResponse          
00006021  sl_NetAppPingStart                    
000061bf  sl_NetAppSet                          
00006251  _sl_NetAppSendTokenValue              
000062bd  sl_NetAppGet                          
00006371  _SlDrvNetAppEventHandler              
00006485  __TI_printfi                          
00006ed3  __aeabi_idiv0                         
00006ed3  __aeabi_ldiv0                         
00006ed5  median                                
00006fa7  getTDS                                
00007113  getPh                                 
0000721d  main                                  
00007681  ADC0_InitSWTriggerSeq3_Ch0            
00007b55  ADC0_InitSWTriggerSeq3                
00007c45  ADC0_InitAllTriggerSeq3               
00007d1f  ADC0_InSeq3                           
00007dbd  sl_Task                               
00007dc5  sl_Start                              
00007e99  _sl_HandleAsync_InitComplete          
00007f1d  _sl_HandleAsync_Stop                  
00007f67  sl_Stop                               
0000803b  sl_EventMaskSet                       
000080a1  sl_EventMaskGet                       
0000810d  sl_DevGet                             
000081cf  sl_DevSet                             
0000825d  _SlDrvDeviceEventHandler              
00008585  spi_Close                             
00008591  spi_Open                              
00008695  spi_Write                             
000086f9  spi_Read                              
000087a5  SysCtlClockFreqSet                    
00008b79  __aeabi_dsub                          
00008b83  __aeabi_dadd                          
00008d31  _SlNonOsSemSet                        
00008d49  _SlNonOsSemGet                        
00008df1  _SlNonOsSpawn                         
00008e51  _SlNonOsMainLoopTask                  
00008ecd  sl_NetCfgSet                          
00008f57  sl_NetCfgGet                          
00009035  CLI_Read                              
00009081  CLI_Write                             
000090db  CLI_Configure                         
000092d1  __aeabi_ddiv                          
00009407  GPIOPadConfigSet                      
0000965d  PLL_Init                              
0000976d  ldexp                                 
0000976d  ldexpl                                
0000976d  scalbn                                
0000976d  scalbnl                               
0000987d  __aeabi_dmul                          
00009979  initClk                               
00009991  stopWDT                               
00009993  registerInterruptHandler              
000099a7  CC3100_disable                        
000099bb  CC3100_enable                         
000099cf  CC3100_InterruptEnable                
000099db  CC3100_InterruptDisable               
000099e7  MaskIntHdlr                           
000099ef  UnMaskIntHdlr                         
000099f7  UARTRxTxHandler                       
000099f9  GPIOM_intHandler                      
00009af7  __aeabi_memcpy                        
00009af7  __aeabi_memcpy4                       
00009af7  __aeabi_memcpy8                       
00009af7  memcpy                                
00009b93  __aeabi_uldivmod                      
00009c29  __aeabi_cdcmpeq                       
00009c29  __aeabi_cdcmple                       
00009caf  __aeabi_cdrcmple                      
00009d35  __aeabi_memclr                        
00009d35  __aeabi_memclr4                       
00009d35  __aeabi_memclr8                       
00009d37  __aeabi_memset                        
00009d37  __aeabi_memset4                       
00009d37  __aeabi_memset8                       
00009d3d  memset                                
00009db1  SysTick_Init                          
00009dcd  SysTick_Wait                          
00009df3  SysTick_Wait10ms                      
00009e97  __aeabi_d2f                           
00009f05  IntEnable                             
00009f6d  __TI_decompress_lzss                  
00009fd5  frexp                                 
00009fd5  frexpl                                
0000a075  timer_GetCurrentTimestamp             
0000a095  GPIOIntTypeSet                        
0000a141  ltoa                                  
0000a1e9  atoi                                  
0000a235  GPIOPinConfigure                      
0000a2c5  __aeabi_d2iz                          
0000a30d  __TI_auto_init_nobinit_nopinit        
0000a351  sprintf                               
0000a3cf  SSIConfigSetExpClk                    
0000a40b  __aeabi_f2d                           
0000a445  IntRegister                           
0000a479  SysCtlPeripheralEnable                
0000a4ad  _c_int00_noargs                       
0000a4e1  strstr                                
0000a515  __aeabi_i2d                           
0000a543  GPIODirModeSet                        
0000a56d  strcat                                
0000a58d  SysTickIntRegister                    
0000a5c5  memccpy                               
0000a5e1  copysign                              
0000a5e1  copysignl                             
0000a613  strchr                                
0000a629  SysTickDisable                        
0000a63d  SysTickEnable                         
0000a651  SysTickIntEnable                      
0000a665  strcpy                                
0000a679  strlen                                
0000a68d  GPIOPinTypeGPIOInput                  
0000a69f  GPIOPinTypeSSI                        
0000a6b1  SSIDataGetNonBlocking                 
0000a6c3  wcslen                                
0000a6d5  FPUEnable                             
0000a6e5  FPULazyStackingEnable                 
0000a6f5  IntMasterEnable                       
0000a705  SysTickPeriodSet                      
0000a715  GPIOIntDisable                        
0000a723  GPIOIntStatus                         
0000a731  SSIDataPutNonBlocking                 
0000a73f  __TI_decompress_none                  
0000a74d  CPUcpsie                              
0000a759  GPIOIntEnable                         
0000a765  __TI_zero_init                        
0000a771  ResetISR                              
0000a77d  SSIEnable                             
0000a791  SSIBusy                               
0000a799  __aeabi_errno_addr                    
0000a7a1  GPIOIntClear                          
0000a7a7  GPIOPinWrite                          
0000a7ad  SysCtlDelay                           
0000a7b3  _system_pre_init                      
0000a7b7  C$$EXIT                               
0000a7b7  abort                                 
0000a8dc  _ctypes_                              
0000ab4c  OpcodeTranslateTable                  
0000ab88  _SlActionLookupTable                  
0000ad64  _SlNetAppSendTokenValueCmdCtrl        
0000ade0  __TI_Handler_Table_Base               
0000adec  __TI_Handler_Table_Limit              
0000ae00  __TI_CINIT_Base                       
0000ae18  __TI_CINIT_Limit                      
20000000  g_pfnRAMVectors                       
2000026c  appData                               
2000089c  instructions                          
20000e64  Edxpost                               
20000ec8  Id                                    
20000f2c  Score                                 
20000f90  theTime                               
20000fa8  g_Status                              
20000fac  g_SysClock                            
20000fb0  g_ucUARTBuffer                        
20000fb4  numberOfInstructions                  
20000fb8  IntIsMasked                           
20000fb9  RxIrqCnt                              
20000fba  g_bDeviceRestartIsRequired            
20000fc0  __stack                               
200011c0  __STACK_TOP                           
20001790  __STACK_END                           
20001790  buildstr                              
20001990  g__SlNonOsCB                          
200019cc  mystring2                             
200019fe  mystring                              
20001a30  currentMinutes                        
20001a34  currentHour                           
20001a38  currentDay                            
20001a3c  currentMonth                          
20001a40  currentYear                           
20001a44  currentSecond                         
20001a48  lastSyncMinutes                       
20001a4c  g_SlDeviceStatus                      
20001a50  g_pCB                                 
20001a54  pPingCallBackFunc                     
20001a5c  contentLength                         
20001a60  g_PingPacketsRecv                     
20001a64  g_GatewayIP                           
20001a68  strcontentlength                      
20001a70  pIrqEventHandler                      
20001a74  errno                                 
ffffffff  __TI_pprof_out_hndl                   
ffffffff  __TI_prof_data_size                   
ffffffff  __TI_prof_data_start                  
ffffffff  __binit__                             
ffffffff  __c_args__                            
ffffffff  binit                                 
UNDEFED   __mpu_init                            
UNDEFED   _system_post_cinit                    

[304 symbols]
