<?xml version="1.0" encoding="ISO-8859-1" ?>
<link_info>
   <banner>TI ARM Linker PC v18.12.1.LTS</banner>
   <copyright>Copyright (c) 1996-2018 Texas Instruments Incorporated</copyright>
   <link_time>0x5cf748dc</link_time>
   <link_errors>0x0</link_errors>
   <output_file>getting_started_with_wlan_station.out</output_file>
   <entry_point>
      <name>_c_int00_noargs</name>
      <address>0x66e5</address>
   </entry_point>
   <input_file_list>
      <input_file id="fl-2">
         <path>.\</path>
         <kind>object</kind>
         <file>main.obj</file>
         <name>main.obj</name>
      </input_file>
      <input_file id="fl-3">
         <path>.\</path>
         <kind>object</kind>
         <file>tm4c1294ncpdt_startup_ccs.obj</file>
         <name>tm4c1294ncpdt_startup_ccs.obj</name>
      </input_file>
      <input_file id="fl-4">
         <path>.\board\</path>
         <kind>object</kind>
         <file>board.obj</file>
         <name>board.obj</name>
      </input_file>
      <input_file id="fl-5">
         <path>.\cli_uart\</path>
         <kind>object</kind>
         <file>cli_uart.obj</file>
         <name>cli_uart.obj</name>
      </input_file>
      <input_file id="fl-6">
         <path>.\simplelink\source\</path>
         <kind>object</kind>
         <file>device.obj</file>
         <name>device.obj</name>
      </input_file>
      <input_file id="fl-7">
         <path>.\simplelink\source\</path>
         <kind>object</kind>
         <file>driver.obj</file>
         <name>driver.obj</name>
      </input_file>
      <input_file id="fl-8">
         <path>.\simplelink\source\</path>
         <kind>object</kind>
         <file>flowcont.obj</file>
         <name>flowcont.obj</name>
      </input_file>
      <input_file id="fl-9">
         <path>.\simplelink\source\</path>
         <kind>object</kind>
         <file>fs.obj</file>
         <name>fs.obj</name>
      </input_file>
      <input_file id="fl-a">
         <path>.\simplelink\source\</path>
         <kind>object</kind>
         <file>netapp.obj</file>
         <name>netapp.obj</name>
      </input_file>
      <input_file id="fl-b">
         <path>.\simplelink\source\</path>
         <kind>object</kind>
         <file>netcfg.obj</file>
         <name>netcfg.obj</name>
      </input_file>
      <input_file id="fl-c">
         <path>.\simplelink\source\</path>
         <kind>object</kind>
         <file>nonos.obj</file>
         <name>nonos.obj</name>
      </input_file>
      <input_file id="fl-d">
         <path>.\simplelink\source\</path>
         <kind>object</kind>
         <file>socket.obj</file>
         <name>socket.obj</name>
      </input_file>
      <input_file id="fl-e">
         <path>.\simplelink\source\</path>
         <kind>object</kind>
         <file>spawn.obj</file>
         <name>spawn.obj</name>
      </input_file>
      <input_file id="fl-f">
         <path>.\simplelink\source\</path>
         <kind>object</kind>
         <file>wlan.obj</file>
         <name>wlan.obj</name>
      </input_file>
      <input_file id="fl-10">
         <path>.\spi\</path>
         <kind>object</kind>
         <file>spi.obj</file>
         <name>spi.obj</name>
      </input_file>
      <input_file id="fl-11">
         <path>.\timer\</path>
         <kind>object</kind>
         <file>timer_tick.obj</file>
         <name>timer_tick.obj</name>
      </input_file>
      <input_file id="fl-16">
         <kind>object</kind>
         <file>&lt;internal&gt;</file>
         <name>&lt;internal&gt;</name>
      </input_file>
      <input_file id="fl-17">
         <path>C:\ti\tirtos_tivac_2_16_01_14\products\TivaWare_C_Series-2.1.1.71b\driverlib\ccs\Debug\</path>
         <kind>archive</kind>
         <file>driverlib.lib</file>
         <name>fpu.obj</name>
      </input_file>
      <input_file id="fl-18">
         <path>C:\ti\tirtos_tivac_2_16_01_14\products\TivaWare_C_Series-2.1.1.71b\driverlib\ccs\Debug\</path>
         <kind>archive</kind>
         <file>driverlib.lib</file>
         <name>gpio.obj</name>
      </input_file>
      <input_file id="fl-19">
         <path>C:\ti\tirtos_tivac_2_16_01_14\products\TivaWare_C_Series-2.1.1.71b\driverlib\ccs\Debug\</path>
         <kind>archive</kind>
         <file>driverlib.lib</file>
         <name>interrupt.obj</name>
      </input_file>
      <input_file id="fl-1a">
         <path>C:\ti\tirtos_tivac_2_16_01_14\products\TivaWare_C_Series-2.1.1.71b\driverlib\ccs\Debug\</path>
         <kind>archive</kind>
         <file>driverlib.lib</file>
         <name>ssi.obj</name>
      </input_file>
      <input_file id="fl-1b">
         <path>C:\ti\tirtos_tivac_2_16_01_14\products\TivaWare_C_Series-2.1.1.71b\driverlib\ccs\Debug\</path>
         <kind>archive</kind>
         <file>driverlib.lib</file>
         <name>sysctl.obj</name>
      </input_file>
      <input_file id="fl-1c">
         <path>C:\ti\tirtos_tivac_2_16_01_14\products\TivaWare_C_Series-2.1.1.71b\driverlib\ccs\Debug\</path>
         <kind>archive</kind>
         <file>driverlib.lib</file>
         <name>systick.obj</name>
      </input_file>
      <input_file id="fl-1d">
         <path>C:\ti\tirtos_tivac_2_16_01_14\products\TivaWare_C_Series-2.1.1.71b\driverlib\ccs\Debug\</path>
         <kind>archive</kind>
         <file>driverlib.lib</file>
         <name>cpu.obj</name>
      </input_file>
      <input_file id="fl-d3">
         <path>C:\ti\ccs901\ccs\tools\compiler\ti-cgt-arm_18.12.1.LTS\lib\</path>
         <kind>archive</kind>
         <file>rtsv7M4_T_le_v4SPD16_eabi.lib</file>
         <name>memcpy_t2.asm.obj</name>
      </input_file>
      <input_file id="fl-d4">
         <path>C:\ti\ccs901\ccs\tools\compiler\ti-cgt-arm_18.12.1.LTS\lib\</path>
         <kind>archive</kind>
         <file>rtsv7M4_T_le_v4SPD16_eabi.lib</file>
         <name>memset_t2.asm.obj</name>
      </input_file>
      <input_file id="fl-d5">
         <path>C:\ti\ccs901\ccs\tools\compiler\ti-cgt-arm_18.12.1.LTS\lib\</path>
         <kind>archive</kind>
         <file>rtsv7M4_T_le_v4SPD16_eabi.lib</file>
         <name>copy_zero_init.c.obj</name>
      </input_file>
      <input_file id="fl-d6">
         <path>C:\ti\ccs901\ccs\tools\compiler\ti-cgt-arm_18.12.1.LTS\lib\</path>
         <kind>archive</kind>
         <file>rtsv7M4_T_le_v4SPD16_eabi.lib</file>
         <name>copy_decompress_none.c.obj</name>
      </input_file>
      <input_file id="fl-d7">
         <path>C:\ti\ccs901\ccs\tools\compiler\ti-cgt-arm_18.12.1.LTS\lib\</path>
         <kind>archive</kind>
         <file>rtsv7M4_T_le_v4SPD16_eabi.lib</file>
         <name>copy_decompress_lzss.c.obj</name>
      </input_file>
      <input_file id="fl-d8">
         <path>C:\ti\ccs901\ccs\tools\compiler\ti-cgt-arm_18.12.1.LTS\lib\</path>
         <kind>archive</kind>
         <file>rtsv7M4_T_le_v4SPD16_eabi.lib</file>
         <name>strlen.c.obj</name>
      </input_file>
      <input_file id="fl-d9">
         <path>C:\ti\ccs901\ccs\tools\compiler\ti-cgt-arm_18.12.1.LTS\lib\</path>
         <kind>archive</kind>
         <file>rtsv7M4_T_le_v4SPD16_eabi.lib</file>
         <name>boot_cortex_m.c.obj</name>
      </input_file>
      <input_file id="fl-da">
         <path>C:\ti\ccs901\ccs\tools\compiler\ti-cgt-arm_18.12.1.LTS\lib\</path>
         <kind>archive</kind>
         <file>rtsv7M4_T_le_v4SPD16_eabi.lib</file>
         <name>autoinit.c.obj</name>
      </input_file>
      <input_file id="fl-db">
         <path>C:\ti\ccs901\ccs\tools\compiler\ti-cgt-arm_18.12.1.LTS\lib\</path>
         <kind>archive</kind>
         <file>rtsv7M4_T_le_v4SPD16_eabi.lib</file>
         <name>pre_init.c.obj</name>
      </input_file>
      <input_file id="fl-dc">
         <path>C:\ti\ccs901\ccs\tools\compiler\ti-cgt-arm_18.12.1.LTS\lib\</path>
         <kind>archive</kind>
         <file>rtsv7M4_T_le_v4SPD16_eabi.lib</file>
         <name>cpy_tbl.c.obj</name>
      </input_file>
      <input_file id="fl-dd">
         <path>C:\ti\ccs901\ccs\tools\compiler\ti-cgt-arm_18.12.1.LTS\lib\</path>
         <kind>archive</kind>
         <file>rtsv7M4_T_le_v4SPD16_eabi.lib</file>
         <name>exit.c.obj</name>
      </input_file>
      <input_file id="fl-de">
         <path>C:\ti\ccs901\ccs\tools\compiler\ti-cgt-arm_18.12.1.LTS\lib\</path>
         <kind>archive</kind>
         <file>rtsv7M4_T_le_v4SPD16_eabi.lib</file>
         <name>_lock.c.obj</name>
      </input_file>
      <input_file id="fl-df">
         <path>C:\ti\ccs901\ccs\tools\compiler\ti-cgt-arm_18.12.1.LTS\lib\</path>
         <kind>archive</kind>
         <file>rtsv7M4_T_le_v4SPD16_eabi.lib</file>
         <name>args_main.c.obj</name>
      </input_file>
   </input_file_list>
   <object_component_list>
      <object_component id="oc-f">
         <name>.intvecs</name>
         <load_address>0x0</load_address>
         <run_address>0x0</run_address>
         <size>0x208</size>
         <input_file_ref idref="fl-3"/>
      </object_component>
      <object_component id="oc-1ef">
         <name>.text</name>
         <load_address>0x208</load_address>
         <run_address>0x208</run_address>
         <size>0x1db4</size>
         <input_file_ref idref="fl-7"/>
      </object_component>
      <object_component id="oc-3c7">
         <name>.text</name>
         <load_address>0x1fbc</load_address>
         <run_address>0x1fbc</run_address>
         <size>0xf40</size>
         <input_file_ref idref="fl-d"/>
      </object_component>
      <object_component id="oc-14d">
         <name>.text</name>
         <load_address>0x2efc</load_address>
         <run_address>0x2efc</run_address>
         <size>0xdf8</size>
         <input_file_ref idref="fl-f"/>
      </object_component>
      <object_component id="oc-159">
         <name>.text</name>
         <load_address>0x3cf4</load_address>
         <run_address>0x3cf4</run_address>
         <size>0xc10</size>
         <input_file_ref idref="fl-a"/>
      </object_component>
      <object_component id="oc-d5">
         <name>.text</name>
         <load_address>0x4904</load_address>
         <run_address>0x4904</run_address>
         <size>0x9dc</size>
         <input_file_ref idref="fl-2"/>
      </object_component>
      <object_component id="oc-141">
         <name>.text</name>
         <load_address>0x52e0</load_address>
         <run_address>0x52e0</run_address>
         <size>0x56c</size>
         <input_file_ref idref="fl-6"/>
      </object_component>
      <object_component id="oc-1f5">
         <name>.text</name>
         <load_address>0x584c</load_address>
         <run_address>0x584c</run_address>
         <size>0x220</size>
         <input_file_ref idref="fl-10"/>
      </object_component>
      <object_component id="oc-7d">
         <name>.text:SysCtlClockFreqSet</name>
         <load_address>0x5a6c</load_address>
         <run_address>0x5a6c</run_address>
         <size>0x204</size>
         <input_file_ref idref="fl-1b"/>
      </object_component>
      <object_component id="oc-147">
         <name>.text</name>
         <load_address>0x5c70</load_address>
         <run_address>0x5c70</run_address>
         <size>0x19c</size>
         <input_file_ref idref="fl-c"/>
      </object_component>
      <object_component id="oc-153">
         <name>.text</name>
         <load_address>0x5e0c</load_address>
         <run_address>0x5e0c</run_address>
         <size>0x168</size>
         <input_file_ref idref="fl-b"/>
      </object_component>
      <object_component id="oc-138">
         <name>.text</name>
         <load_address>0x5f74</load_address>
         <run_address>0x5f74</run_address>
         <size>0x160</size>
         <input_file_ref idref="fl-5"/>
      </object_component>
      <object_component id="oc-30a">
         <name>.text:GPIOPadConfigSet</name>
         <load_address>0x60d4</load_address>
         <run_address>0x60d4</run_address>
         <size>0x130</size>
         <input_file_ref idref="fl-18"/>
      </object_component>
      <object_component id="oc-2a">
         <name>.text</name>
         <load_address>0x6204</load_address>
         <run_address>0x6204</run_address>
         <size>0xcc</size>
         <input_file_ref idref="fl-4"/>
      </object_component>
      <object_component id="oc-3e">
         <name>.text</name>
         <load_address>0x62d0</load_address>
         <run_address>0x62d0</run_address>
         <size>0x9c</size>
         <input_file_ref idref="fl-d3"/>
      </object_component>
      <object_component id="oc-c9">
         <name>.text</name>
         <load_address>0x636c</load_address>
         <run_address>0x636c</run_address>
         <size>0x7a</size>
         <input_file_ref idref="fl-d4"/>
      </object_component>
      <object_component id="oc-316">
         <name>.text:IntEnable</name>
         <load_address>0x63e8</load_address>
         <run_address>0x63e8</run_address>
         <size>0x68</size>
         <input_file_ref idref="fl-19"/>
      </object_component>
      <object_component id="oc-12">
         <name>.text:decompress:lzss:__TI_decompress_lzss</name>
         <load_address>0x6450</load_address>
         <run_address>0x6450</run_address>
         <size>0x68</size>
         <input_file_ref idref="fl-d7"/>
      </object_component>
      <object_component id="oc-2e0">
         <name>.text</name>
         <load_address>0x64b8</load_address>
         <run_address>0x64b8</run_address>
         <size>0x5c</size>
         <input_file_ref idref="fl-11"/>
      </object_component>
      <object_component id="oc-310">
         <name>.text:GPIOIntTypeSet</name>
         <load_address>0x6514</load_address>
         <run_address>0x6514</run_address>
         <size>0x56</size>
         <input_file_ref idref="fl-18"/>
      </object_component>
      <object_component id="oc-1e3">
         <name>.text:GPIOPinConfigure</name>
         <load_address>0x656c</load_address>
         <run_address>0x656c</run_address>
         <size>0x48</size>
         <input_file_ref idref="fl-18"/>
      </object_component>
      <object_component id="oc-ef">
         <name>.text:_SysCtlFrequencyGet</name>
         <load_address>0x65b4</load_address>
         <run_address>0x65b4</run_address>
         <size>0x48</size>
         <input_file_ref idref="fl-1b"/>
      </object_component>
      <object_component id="oc-191">
         <name>.text:__TI_auto_init_nobinit_nopinit:__TI_auto_init_nobinit_nopinit</name>
         <load_address>0x65fc</load_address>
         <run_address>0x65fc</run_address>
         <size>0x44</size>
         <input_file_ref idref="fl-da"/>
      </object_component>
      <object_component id="oc-2f8">
         <name>.text:SSIConfigSetExpClk</name>
         <load_address>0x6640</load_address>
         <run_address>0x6640</run_address>
         <size>0x3c</size>
         <input_file_ref idref="fl-1a"/>
      </object_component>
      <object_component id="oc-454">
         <name>.text:IntRegister</name>
         <load_address>0x667c</load_address>
         <run_address>0x667c</run_address>
         <size>0x34</size>
         <input_file_ref idref="fl-19"/>
      </object_component>
      <object_component id="oc-2ec">
         <name>.text:SysCtlPeripheralEnable</name>
         <load_address>0x66b0</load_address>
         <run_address>0x66b0</run_address>
         <size>0x34</size>
         <input_file_ref idref="fl-1b"/>
      </object_component>
      <object_component id="oc-5c">
         <name>.text:_c_int00_noargs:_c_int00_noargs</name>
         <load_address>0x66e4</load_address>
         <run_address>0x66e4</run_address>
         <size>0x34</size>
         <input_file_ref idref="fl-d9"/>
      </object_component>
      <object_component id="oc-3f2">
         <name>.text:GPIODirModeSet</name>
         <load_address>0x6718</load_address>
         <run_address>0x6718</run_address>
         <size>0x2a</size>
         <input_file_ref idref="fl-18"/>
      </object_component>
      <object_component id="oc-3db">
         <name>.text:SysTickIntRegister</name>
         <load_address>0x6744</load_address>
         <run_address>0x6744</run_address>
         <size>0x1c</size>
         <input_file_ref idref="fl-1c"/>
      </object_component>
      <object_component id="oc-e9">
         <name>.text:_SysCtlMemTimingGet</name>
         <load_address>0x6760</load_address>
         <run_address>0x6760</run_address>
         <size>0x1c</size>
         <input_file_ref idref="fl-1b"/>
      </object_component>
      <object_component id="oc-3cf">
         <name>.text:SysTickDisable</name>
         <load_address>0x677c</load_address>
         <run_address>0x677c</run_address>
         <size>0x14</size>
         <input_file_ref idref="fl-1c"/>
      </object_component>
      <object_component id="oc-3e7">
         <name>.text:SysTickEnable</name>
         <load_address>0x6790</load_address>
         <run_address>0x6790</run_address>
         <size>0x14</size>
         <input_file_ref idref="fl-1c"/>
      </object_component>
      <object_component id="oc-3e1">
         <name>.text:SysTickIntEnable</name>
         <load_address>0x67a4</load_address>
         <run_address>0x67a4</run_address>
         <size>0x14</size>
         <input_file_ref idref="fl-1c"/>
      </object_component>
      <object_component id="oc-15f">
         <name>.text:strlen</name>
         <load_address>0x67b8</load_address>
         <run_address>0x67b8</run_address>
         <size>0x14</size>
         <input_file_ref idref="fl-d8"/>
      </object_component>
      <object_component id="oc-304">
         <name>.text:GPIOPinTypeGPIOInput</name>
         <load_address>0x67cc</load_address>
         <run_address>0x67cc</run_address>
         <size>0x12</size>
         <input_file_ref idref="fl-18"/>
      </object_component>
      <object_component id="oc-2f2">
         <name>.text:GPIOPinTypeSSI</name>
         <load_address>0x67de</load_address>
         <run_address>0x67de</run_address>
         <size>0x12</size>
         <input_file_ref idref="fl-18"/>
      </object_component>
      <object_component id="oc-32f">
         <name>.text:SSIDataGetNonBlocking</name>
         <load_address>0x67f0</load_address>
         <run_address>0x67f0</run_address>
         <size>0x12</size>
         <input_file_ref idref="fl-1a"/>
      </object_component>
      <object_component id="oc-4a">
         <name>.text:decompress:ZI:__TI_zero_init_nomemset:__TI_zero_init_nomemset</name>
         <load_address>0x6802</load_address>
         <run_address>0x6802</run_address>
         <size>0x12</size>
         <input_file_ref idref="fl-d5"/>
      </object_component>
      <object_component id="oc-71">
         <name>.text:FPUEnable</name>
         <load_address>0x6814</load_address>
         <run_address>0x6814</run_address>
         <size>0x10</size>
         <input_file_ref idref="fl-17"/>
      </object_component>
      <object_component id="oc-77">
         <name>.text:FPULazyStackingEnable</name>
         <load_address>0x6824</load_address>
         <run_address>0x6824</run_address>
         <size>0x10</size>
         <input_file_ref idref="fl-17"/>
      </object_component>
      <object_component id="oc-31c">
         <name>.text:IntMasterEnable</name>
         <load_address>0x6834</load_address>
         <run_address>0x6834</run_address>
         <size>0x10</size>
         <input_file_ref idref="fl-19"/>
      </object_component>
      <object_component id="oc-3d5">
         <name>.text:SysTickPeriodSet</name>
         <load_address>0x6844</load_address>
         <run_address>0x6844</run_address>
         <size>0x10</size>
         <input_file_ref idref="fl-1c"/>
      </object_component>
      <object_component id="oc-89">
         <name>.text:GPIOIntDisable</name>
         <load_address>0x6854</load_address>
         <run_address>0x6854</run_address>
         <size>0xe</size>
         <input_file_ref idref="fl-18"/>
      </object_component>
      <object_component id="oc-8f">
         <name>.text:GPIOIntStatus</name>
         <load_address>0x6862</load_address>
         <run_address>0x6862</run_address>
         <size>0xe</size>
         <input_file_ref idref="fl-18"/>
      </object_component>
      <object_component id="oc-329">
         <name>.text:SSIDataPutNonBlocking</name>
         <load_address>0x6870</load_address>
         <run_address>0x6870</run_address>
         <size>0xe</size>
         <input_file_ref idref="fl-1a"/>
      </object_component>
      <object_component id="oc-18">
         <name>.text:decompress:none:__TI_decompress_none</name>
         <load_address>0x687e</load_address>
         <run_address>0x687e</run_address>
         <size>0xe</size>
         <input_file_ref idref="fl-d6"/>
      </object_component>
      <object_component id="oc-404">
         <name>.text:CPUcpsie</name>
         <load_address>0x688c</load_address>
         <run_address>0x688c</run_address>
         <size>0xc</size>
         <input_file_ref idref="fl-1d"/>
      </object_component>
      <object_component id="oc-83">
         <name>.text:GPIOIntEnable</name>
         <load_address>0x6898</load_address>
         <run_address>0x6898</run_address>
         <size>0xc</size>
         <input_file_ref idref="fl-18"/>
      </object_component>
      <object_component id="oc-24">
         <name>.text</name>
         <load_address>0x68a4</load_address>
         <run_address>0x68a4</run_address>
         <size>0xc</size>
         <input_file_ref idref="fl-3"/>
      </object_component>
      <object_component id="oc-2fe">
         <name>.text:SSIEnable</name>
         <load_address>0x68b0</load_address>
         <run_address>0x68b0</run_address>
         <size>0xa</size>
         <input_file_ref idref="fl-1a"/>
      </object_component>
      <object_component id="oc-335">
         <name>.text:SSIBusy</name>
         <load_address>0x68ba</load_address>
         <run_address>0x68ba</run_address>
         <size>0x8</size>
         <input_file_ref idref="fl-1a"/>
      </object_component>
      <object_component id="oc-95">
         <name>.text:GPIOIntClear</name>
         <load_address>0x68c2</load_address>
         <run_address>0x68c2</run_address>
         <size>0x6</size>
         <input_file_ref idref="fl-18"/>
      </object_component>
      <object_component id="oc-323">
         <name>.text:GPIOPinWrite</name>
         <load_address>0x68c8</load_address>
         <run_address>0x68c8</run_address>
         <size>0x6</size>
         <input_file_ref idref="fl-18"/>
      </object_component>
      <object_component id="oc-322">
         <name>.text:SysCtlDelay</name>
         <load_address>0x68ce</load_address>
         <run_address>0x68ce</run_address>
         <size>0x6</size>
         <input_file_ref idref="fl-1b"/>
      </object_component>
      <object_component id="oc-cf">
         <name>.text:_system_pre_init</name>
         <load_address>0x68d4</load_address>
         <run_address>0x68d4</run_address>
         <size>0x4</size>
         <input_file_ref idref="fl-db"/>
      </object_component>
      <object_component id="oc-185">
         <name>.text:abort:abort</name>
         <load_address>0x68d8</load_address>
         <run_address>0x68d8</run_address>
         <size>0x4</size>
         <input_file_ref idref="fl-dd"/>
      </object_component>
      <object_component id="oc-f8">
         <name>.const:g_pppui32XTALtoVCO</name>
         <load_address>0x68dc</load_address>
         <run_address>0x68dc</run_address>
         <size>0x120</size>
         <input_file_ref idref="fl-1b"/>
      </object_component>
      <object_component id="oc-2c4">
         <name>.const:g_pui32GPIOBaseAddrs</name>
         <load_address>0x69fc</load_address>
         <run_address>0x69fc</run_address>
         <size>0x90</size>
         <input_file_ref idref="fl-18"/>
      </object_component>
      <object_component id="oc-3ff">
         <name>.const</name>
         <load_address>0x6a8c</load_address>
         <run_address>0x6a8c</run_address>
         <size>0x70</size>
         <input_file_ref idref="fl-19"/>
      </object_component>
      <object_component id="oc-f5">
         <name>.const:g_pui32Xtals</name>
         <load_address>0x6afc</load_address>
         <run_address>0x6afc</run_address>
         <size>0x6c</size>
         <input_file_ref idref="fl-1b"/>
      </object_component>
      <object_component id="oc-2d1">
         <name>.const:OpcodeTranslateTable</name>
         <load_address>0x6b68</load_address>
         <run_address>0x6b68</run_address>
         <size>0x3c</size>
         <input_file_ref idref="fl-7"/>
      </object_component>
      <object_component id="oc-2dd">
         <name>.const:_SlActionLookupTable</name>
         <load_address>0x6ba4</load_address>
         <run_address>0x6ba4</run_address>
         <size>0x38</size>
         <input_file_ref idref="fl-7"/>
      </object_component>
      <object_component id="oc-1c3">
         <name>.const:g_sXTALtoMEMTIM</name>
         <load_address>0x6bdc</load_address>
         <run_address>0x6bdc</run_address>
         <size>0x30</size>
         <input_file_ref idref="fl-1b"/>
      </object_component>
      <object_component id="oc-165">
         <name>.const:$P$T0$1</name>
         <load_address>0x6c0c</load_address>
         <run_address>0x6c0c</run_address>
         <size>0x2c</size>
         <input_file_ref idref="fl-2"/>
      </object_component>
      <object_component id="oc-16e">
         <name>.const:$P$T3$4</name>
         <load_address>0x6c38</load_address>
         <run_address>0x6c38</run_address>
         <size>0x20</size>
         <input_file_ref idref="fl-2"/>
      </object_component>
      <object_component id="oc-174">
         <name>.const:$P$T5$6</name>
         <load_address>0x6c58</load_address>
         <run_address>0x6c58</run_address>
         <size>0x20</size>
         <input_file_ref idref="fl-2"/>
      </object_component>
      <object_component id="oc-2d4">
         <name>.const:RxMsgClassLUT</name>
         <load_address>0x6c78</load_address>
         <run_address>0x6c78</run_address>
         <size>0x20</size>
         <input_file_ref idref="fl-7"/>
      </object_component>
      <object_component id="oc-2d7">
         <name>.const:$P$T0$1</name>
         <load_address>0x6c98</load_address>
         <run_address>0x6c98</run_address>
         <size>0x14</size>
         <input_file_ref idref="fl-7"/>
      </object_component>
      <object_component id="oc-224">
         <name>.const:$P$T0$1</name>
         <load_address>0x6cac</load_address>
         <run_address>0x6cac</run_address>
         <size>0x14</size>
         <input_file_ref idref="fl-c"/>
      </object_component>
      <object_component id="oc-168">
         <name>.const:$P$T1$2</name>
         <load_address>0x6cc0</load_address>
         <run_address>0x6cc0</run_address>
         <size>0x14</size>
         <input_file_ref idref="fl-2"/>
      </object_component>
      <object_component id="oc-171">
         <name>.const:$P$T4$5</name>
         <load_address>0x6cd4</load_address>
         <run_address>0x6cd4</run_address>
         <size>0x14</size>
         <input_file_ref idref="fl-2"/>
      </object_component>
      <object_component id="oc-177">
         <name>.const:$P$T6$7</name>
         <load_address>0x6ce8</load_address>
         <run_address>0x6ce8</run_address>
         <size>0x14</size>
         <input_file_ref idref="fl-2"/>
      </object_component>
      <object_component id="oc-420">
         <name>.const:.string:_SlPayloadByProtocolLUT</name>
         <load_address>0x6cfc</load_address>
         <run_address>0x6cfc</run_address>
         <size>0x10</size>
         <input_file_ref idref="fl-d"/>
      </object_component>
      <object_component id="oc-16b">
         <name>.const:$P$T2$3</name>
         <load_address>0x6d0c</load_address>
         <run_address>0x6d0c</run_address>
         <size>0xc</size>
         <input_file_ref idref="fl-2"/>
      </object_component>
      <object_component id="oc-1fb">
         <name>.const:StartResponseLUT</name>
         <load_address>0x6d18</load_address>
         <run_address>0x6d18</run_address>
         <size>0x8</size>
         <input_file_ref idref="fl-6"/>
      </object_component>
      <object_component id="oc-fb">
         <name>.const</name>
         <load_address>0x6d20</load_address>
         <run_address>0x6d20</run_address>
         <size>0x8</size>
         <input_file_ref idref="fl-1b"/>
      </object_component>
      <object_component id="oc-2da">
         <name>.const:g_H2NCnysPattern</name>
         <load_address>0x6d28</load_address>
         <run_address>0x6d28</run_address>
         <size>0x8</size>
         <input_file_ref idref="fl-7"/>
      </object_component>
      <object_component id="oc-2ce">
         <name>.const:g_H2NSyncPattern</name>
         <load_address>0x6d30</load_address>
         <run_address>0x6d30</run_address>
         <size>0x8</size>
         <input_file_ref idref="fl-7"/>
      </object_component>
      <object_component id="oc-27f">
         <name>.const:$P$T0$1</name>
         <load_address>0x6d38</load_address>
         <run_address>0x6d38</run_address>
         <size>0x4</size>
         <input_file_ref idref="fl-a"/>
      </object_component>
      <object_component id="oc-429">
         <name>.const:$P$T0$1</name>
         <load_address>0x6d3c</load_address>
         <run_address>0x6d3c</run_address>
         <size>0x4</size>
         <input_file_ref idref="fl-d"/>
      </object_component>
      <object_component id="oc-22c">
         <name>.const:$P$T0$1</name>
         <load_address>0x6d40</load_address>
         <run_address>0x6d40</run_address>
         <size>0x4</size>
         <input_file_ref idref="fl-f"/>
      </object_component>
      <object_component id="oc-42c">
         <name>.const:$P$T1$2</name>
         <load_address>0x6d44</load_address>
         <run_address>0x6d44</run_address>
         <size>0x4</size>
         <input_file_ref idref="fl-d"/>
      </object_component>
      <object_component id="oc-235">
         <name>.const:$P$T1$2</name>
         <load_address>0x6d48</load_address>
         <run_address>0x6d48</run_address>
         <size>0x4</size>
         <input_file_ref idref="fl-f"/>
      </object_component>
      <object_component id="oc-432">
         <name>.const:$P$T2$3</name>
         <load_address>0x6d4c</load_address>
         <run_address>0x6d4c</run_address>
         <size>0x4</size>
         <input_file_ref idref="fl-d"/>
      </object_component>
      <object_component id="oc-24a">
         <name>.const:$P$T2$3</name>
         <load_address>0x6d50</load_address>
         <run_address>0x6d50</run_address>
         <size>0x4</size>
         <input_file_ref idref="fl-f"/>
      </object_component>
      <object_component id="oc-43b">
         <name>.const:_SlAcceptCmdCtrl</name>
         <load_address>0x6d54</load_address>
         <run_address>0x6d54</run_address>
         <size>0x4</size>
         <input_file_ref idref="fl-d"/>
      </object_component>
      <object_component id="oc-20d">
         <name>.const:_SlDeviceGetCmdCtrl</name>
         <load_address>0x6d58</load_address>
         <run_address>0x6d58</run_address>
         <size>0x4</size>
         <input_file_ref idref="fl-6"/>
      </object_component>
      <object_component id="oc-210">
         <name>.const:_SlDeviceSetCmdCtrl</name>
         <load_address>0x6d5c</load_address>
         <run_address>0x6d5c</run_address>
         <size>0x4</size>
         <input_file_ref idref="fl-6"/>
      </object_component>
      <object_component id="oc-20a">
         <name>.const:_SlEventMaskGetCmdCtrl</name>
         <load_address>0x6d60</load_address>
         <run_address>0x6d60</run_address>
         <size>0x4</size>
         <input_file_ref idref="fl-6"/>
      </object_component>
      <object_component id="oc-207">
         <name>.const:_SlEventMaskSetCmdCtrl</name>
         <load_address>0x6d64</load_address>
         <run_address>0x6d64</run_address>
         <size>0x4</size>
         <input_file_ref idref="fl-6"/>
      </object_component>
      <object_component id="oc-27c">
         <name>.const:_SlGetHostByNameCtrl</name>
         <load_address>0x6d68</load_address>
         <run_address>0x6d68</run_address>
         <size>0x4</size>
         <input_file_ref idref="fl-a"/>
      </object_component>
      <object_component id="oc-279">
         <name>.const:_SlGetHostByServiceCtrl</name>
         <load_address>0x6d6c</load_address>
         <run_address>0x6d6c</run_address>
         <size>0x4</size>
         <input_file_ref idref="fl-a"/>
      </object_component>
      <object_component id="oc-273">
         <name>.const:_SlGetServiceListeCtrl</name>
         <load_address>0x6d70</load_address>
         <run_address>0x6d70</run_address>
         <size>0x4</size>
         <input_file_ref idref="fl-a"/>
      </object_component>
      <object_component id="oc-444">
         <name>.const:_SlGetSockOptCmdCtrl</name>
         <load_address>0x6d74</load_address>
         <run_address>0x6d74</run_address>
         <size>0x4</size>
         <input_file_ref idref="fl-d"/>
      </object_component>
      <object_component id="oc-438">
         <name>.const:_SlListenCmdCtrl</name>
         <load_address>0x6d78</load_address>
         <run_address>0x6d78</run_address>
         <size>0x4</size>
         <input_file_ref idref="fl-d"/>
      </object_component>
      <object_component id="oc-288">
         <name>.const:_SlNetAppGetCmdCtrl</name>
         <load_address>0x6d7c</load_address>
         <run_address>0x6d7c</run_address>
         <size>0x4</size>
         <input_file_ref idref="fl-a"/>
      </object_component>
      <object_component id="oc-285">
         <name>.const:_SlNetAppSendTokenValueCmdCtrl</name>
         <load_address>0x6d80</load_address>
         <run_address>0x6d80</run_address>
         <size>0x4</size>
         <input_file_ref idref="fl-a"/>
      </object_component>
      <object_component id="oc-282">
         <name>.const:_SlNetAppSetCmdCtrl</name>
         <load_address>0x6d84</load_address>
         <run_address>0x6d84</run_address>
         <size>0x4</size>
         <input_file_ref idref="fl-a"/>
      </object_component>
      <object_component id="oc-26d">
         <name>.const:_SlNetAppStartCtrl</name>
         <load_address>0x6d88</load_address>
         <run_address>0x6d88</run_address>
         <size>0x4</size>
         <input_file_ref idref="fl-a"/>
      </object_component>
      <object_component id="oc-270">
         <name>.const:_SlNetAppStopCtrl</name>
         <load_address>0x6d8c</load_address>
         <run_address>0x6d8c</run_address>
         <size>0x4</size>
         <input_file_ref idref="fl-a"/>
      </object_component>
      <object_component id="oc-263">
         <name>.const:_SlNetCfgGetCmdCtrl</name>
         <load_address>0x6d90</load_address>
         <run_address>0x6d90</run_address>
         <size>0x4</size>
         <input_file_ref idref="fl-b"/>
      </object_component>
      <object_component id="oc-260">
         <name>.const:_SlNetCfgSetCmdCtrl</name>
         <load_address>0x6d94</load_address>
         <run_address>0x6d94</run_address>
         <size>0x4</size>
         <input_file_ref idref="fl-b"/>
      </object_component>
      <object_component id="oc-232">
         <name>.const:_SlPolicyGetCmdCtrl</name>
         <load_address>0x6d98</load_address>
         <run_address>0x6d98</run_address>
         <size>0x4</size>
         <input_file_ref idref="fl-f"/>
      </object_component>
      <object_component id="oc-22f">
         <name>.const:_SlPolicySetCmdCtrl</name>
         <load_address>0x6d9c</load_address>
         <run_address>0x6d9c</run_address>
         <size>0x4</size>
         <input_file_ref idref="fl-f"/>
      </object_component>
      <object_component id="oc-23b">
         <name>.const:_SlProfileDelCmdCtrl</name>
         <load_address>0x6da0</load_address>
         <run_address>0x6da0</run_address>
         <size>0x4</size>
         <input_file_ref idref="fl-f"/>
      </object_component>
      <object_component id="oc-238">
         <name>.const:_SlProfileGetCmdCtrl</name>
         <load_address>0x6da4</load_address>
         <run_address>0x6da4</run_address>
         <size>0x4</size>
         <input_file_ref idref="fl-f"/>
      </object_component>
      <object_component id="oc-43e">
         <name>.const:_SlRecvCmdCtrl</name>
         <load_address>0x6da8</load_address>
         <run_address>0x6da8</run_address>
         <size>0x4</size>
         <input_file_ref idref="fl-d"/>
      </object_component>
      <object_component id="oc-42f">
         <name>.const:_SlRecvfomCmdCtrl</name>
         <load_address>0x6dac</load_address>
         <run_address>0x6dac</run_address>
         <size>0x4</size>
         <input_file_ref idref="fl-d"/>
      </object_component>
      <object_component id="oc-276">
         <name>.const:_SlRegisterServiceCtrl</name>
         <load_address>0x6db0</load_address>
         <run_address>0x6db0</run_address>
         <size>0x4</size>
         <input_file_ref idref="fl-a"/>
      </object_component>
      <object_component id="oc-241">
         <name>.const:_SlRxFilterAddtCmdCtrl</name>
         <load_address>0x6db4</load_address>
         <run_address>0x6db4</run_address>
         <size>0x4</size>
         <input_file_ref idref="fl-f"/>
      </object_component>
      <object_component id="oc-247">
         <name>.const:_SlRxFilterGetCmdCtrl</name>
         <load_address>0x6db8</load_address>
         <run_address>0x6db8</run_address>
         <size>0x4</size>
         <input_file_ref idref="fl-f"/>
      </object_component>
      <object_component id="oc-244">
         <name>.const:_SlRxFilterSetCmdCtrl</name>
         <load_address>0x6dbc</load_address>
         <run_address>0x6dbc</run_address>
         <size>0x4</size>
         <input_file_ref idref="fl-f"/>
      </object_component>
      <object_component id="oc-447">
         <name>.const:_SlSelectCmdCtrl</name>
         <load_address>0x6dc0</load_address>
         <run_address>0x6dc0</run_address>
         <size>0x4</size>
         <input_file_ref idref="fl-d"/>
      </object_component>
      <object_component id="oc-435">
         <name>.const:_SlSendCmdCtrl</name>
         <load_address>0x6dc4</load_address>
         <run_address>0x6dc4</run_address>
         <size>0x4</size>
         <input_file_ref idref="fl-d"/>
      </object_component>
      <object_component id="oc-441">
         <name>.const:_SlSetSockOptCmdCtrl</name>
         <load_address>0x6dc8</load_address>
         <run_address>0x6dc8</run_address>
         <size>0x4</size>
         <input_file_ref idref="fl-d"/>
      </object_component>
      <object_component id="oc-24d">
         <name>.const:_SlSmartConfigStartCmdCtrl</name>
         <load_address>0x6dcc</load_address>
         <run_address>0x6dcc</run_address>
         <size>0x4</size>
         <input_file_ref idref="fl-f"/>
      </object_component>
      <object_component id="oc-426">
         <name>.const:_SlSockCloseCmdCtrl</name>
         <load_address>0x6dd0</load_address>
         <run_address>0x6dd0</run_address>
         <size>0x4</size>
         <input_file_ref idref="fl-d"/>
      </object_component>
      <object_component id="oc-423">
         <name>.const:_SlSockSocketCmdCtrl</name>
         <load_address>0x6dd4</load_address>
         <run_address>0x6dd4</run_address>
         <size>0x4</size>
         <input_file_ref idref="fl-d"/>
      </object_component>
      <object_component id="oc-204">
         <name>.const:_SlStopCmdCtrl</name>
         <load_address>0x6dd8</load_address>
         <run_address>0x6dd8</run_address>
         <size>0x4</size>
         <input_file_ref idref="fl-6"/>
      </object_component>
      <object_component id="oc-256">
         <name>.const:_SlWlanCfgGetCmdCtrl</name>
         <load_address>0x6ddc</load_address>
         <run_address>0x6ddc</run_address>
         <size>0x4</size>
         <input_file_ref idref="fl-f"/>
      </object_component>
      <object_component id="oc-253">
         <name>.const:_SlWlanCfgSetCmdCtrl</name>
         <load_address>0x6de0</load_address>
         <run_address>0x6de0</run_address>
         <size>0x4</size>
         <input_file_ref idref="fl-f"/>
      </object_component>
      <object_component id="oc-23e">
         <name>.const:_SlWlanGetNetworkListCtrl</name>
         <load_address>0x6de4</load_address>
         <run_address>0x6de4</run_address>
         <size>0x4</size>
         <input_file_ref idref="fl-f"/>
      </object_component>
      <object_component id="oc-250">
         <name>.const:_SlWlanSetModeCmdCtrl</name>
         <load_address>0x6de8</load_address>
         <run_address>0x6de8</run_address>
         <size>0x4</size>
         <input_file_ref idref="fl-f"/>
      </object_component>
      <object_component id="oc-4ba">
         <name>.cinit..data.load</name>
         <load_address>0x6df0</load_address>
         <run_address>0x6df0</run_address>
         <size>0xd</size>
      </object_component>
      <object_component id="oc-4b7">
         <name>__TI_handler_table</name>
         <load_address>0x6e00</load_address>
         <run_address>0x6e00</run_address>
         <size>0xc</size>
      </object_component>
      <object_component id="oc-4bb">
         <name>.cinit..bss.load</name>
         <load_address>0x6e10</load_address>
         <run_address>0x6e10</run_address>
         <size>0x8</size>
      </object_component>
      <object_component id="oc-4b9">
         <name>.cinit..vtable.load</name>
         <load_address>0x6e18</load_address>
         <run_address>0x6e18</run_address>
         <size>0x8</size>
      </object_component>
      <object_component id="oc-4b8">
         <name>__TI_cinit_table</name>
         <load_address>0x6e20</load_address>
         <run_address>0x6e20</run_address>
         <size>0x18</size>
      </object_component>
      <object_component id="oc-488">
         <name>.vtable</name>
         <uninitialized>true</uninitialized>
         <run_address>0x20000000</run_address>
         <size>0x26c</size>
         <input_file_ref idref="fl-19"/>
      </object_component>
      <object_component id="oc-13e">
         <name>.data</name>
         <load_address>0x200006f0</load_address>
         <run_address>0x200006f0</run_address>
         <size>0xc</size>
         <input_file_ref idref="fl-2"/>
      </object_component>
      <object_component id="oc-9e">
         <name>.data</name>
         <load_address>0x200006fc</load_address>
         <run_address>0x200006fc</run_address>
         <size>0x4</size>
         <input_file_ref idref="fl-4"/>
      </object_component>
      <object_component id="oc-1fe">
         <name>.data</name>
         <load_address>0x200006e0</load_address>
         <run_address>0x200006e0</run_address>
         <size>0xd</size>
         <input_file_ref idref="fl-7"/>
      </object_component>
      <object_component id="oc-227">
         <name>.data:g__SlNonOsCB</name>
         <load_address>0x200006a4</load_address>
         <run_address>0x200006a4</run_address>
         <size>0x3c</size>
         <input_file_ref idref="fl-c"/>
      </object_component>
      <object_component id="oc-3ed">
         <name>.data</name>
         <load_address>0x20000700</load_address>
         <run_address>0x20000700</run_address>
         <size>0x4</size>
         <input_file_ref idref="fl-11"/>
      </object_component>
      <object_component id="oc-2ca">
         <name>.bss:g_StatMem</name>
         <uninitialized>true</uninitialized>
         <run_address>0x20000530</run_address>
         <size>0x168</size>
         <input_file_ref idref="fl-7"/>
      </object_component>
      <object_component id="oc-a1">
         <name>.common:IntIsMasked</name>
         <uninitialized>true</uninitialized>
         <run_address>0x200006a0</run_address>
         <size>0x1</size>
      </object_component>
      <object_component id="oc-9b">
         <name>.common:g_SysClock</name>
         <uninitialized>true</uninitialized>
         <run_address>0x20000698</run_address>
         <size>0x4</size>
      </object_component>
      <object_component id="oc-1e9">
         <name>.common:g_ucUARTBuffer</name>
         <uninitialized>true</uninitialized>
         <run_address>0x2000069c</run_address>
         <size>0x4</size>
      </object_component>
      <object_component id="oc-2cd">
         <name>.common:RxIrqCnt</name>
         <uninitialized>true</uninitialized>
         <run_address>0x200006a1</run_address>
         <size>0x1</size>
      </object_component>
      <object_component id="oc-201">
         <name>.common:g_bDeviceRestartIsRequired</name>
         <uninitialized>true</uninitialized>
         <run_address>0x200006a2</run_address>
         <size>0x1</size>
      </object_component>
      <object_component id="oc-21">
         <name>.stack</name>
         <uninitialized>true</uninitialized>
         <run_address>0x20000270</run_address>
         <size>0x4</size>
         <input_file_ref idref="fl-d9"/>
      </object_component>
      <object_component id="oc-4bc">
         <name>.stack</name>
         <uninitialized>true</uninitialized>
         <run_address>0x20000270</run_address>
         <size>0x0</size>
      </object_component>
      <object_component id="oc-122">
         <name>.debug_info</name>
         <load_address>0x0</load_address>
         <run_address>0x0</run_address>
         <size>0x9ea</size>
         <input_file_ref idref="fl-2"/>
      </object_component>
      <object_component id="oc-13f">
         <name>.debug_info</name>
         <load_address>0x9ea</load_address>
         <run_address>0x9ea</run_address>
         <size>0x13b</size>
         <input_file_ref idref="fl-2"/>
      </object_component>
      <object_component id="oc-166">
         <name>.debug_info</name>
         <load_address>0xb25</load_address>
         <run_address>0xb25</run_address>
         <size>0xdf</size>
         <input_file_ref idref="fl-2"/>
      </object_component>
      <object_component id="oc-169">
         <name>.debug_info</name>
         <load_address>0xc04</load_address>
         <run_address>0xc04</run_address>
         <size>0xdf</size>
         <input_file_ref idref="fl-2"/>
      </object_component>
      <object_component id="oc-16c">
         <name>.debug_info</name>
         <load_address>0xce3</load_address>
         <run_address>0xce3</run_address>
         <size>0xdf</size>
         <input_file_ref idref="fl-2"/>
      </object_component>
      <object_component id="oc-16f">
         <name>.debug_info</name>
         <load_address>0xdc2</load_address>
         <run_address>0xdc2</run_address>
         <size>0xdf</size>
         <input_file_ref idref="fl-2"/>
      </object_component>
      <object_component id="oc-172">
         <name>.debug_info</name>
         <load_address>0xea1</load_address>
         <run_address>0xea1</run_address>
         <size>0xdf</size>
         <input_file_ref idref="fl-2"/>
      </object_component>
      <object_component id="oc-175">
         <name>.debug_info</name>
         <load_address>0xf80</load_address>
         <run_address>0xf80</run_address>
         <size>0xdf</size>
         <input_file_ref idref="fl-2"/>
      </object_component>
      <object_component id="oc-178">
         <name>.debug_info</name>
         <load_address>0x105f</load_address>
         <run_address>0x105f</run_address>
         <size>0xdf</size>
         <input_file_ref idref="fl-2"/>
      </object_component>
      <object_component id="oc-d6">
         <name>.debug_info</name>
         <load_address>0x113e</load_address>
         <run_address>0x113e</run_address>
         <size>0xef2</size>
         <input_file_ref idref="fl-2"/>
      </object_component>
      <object_component id="oc-17b">
         <name>.debug_info</name>
         <load_address>0x2030</load_address>
         <run_address>0x2030</run_address>
         <size>0x46a</size>
         <input_file_ref idref="fl-2"/>
      </object_component>
      <object_component id="oc-1d7">
         <name>.debug_info</name>
         <load_address>0x249a</load_address>
         <run_address>0x249a</run_address>
         <size>0x92</size>
         <input_file_ref idref="fl-2"/>
      </object_component>
      <object_component id="oc-1de">
         <name>.debug_info</name>
         <load_address>0x252c</load_address>
         <run_address>0x252c</run_address>
         <size>0x87f</size>
         <input_file_ref idref="fl-2"/>
      </object_component>
      <object_component id="oc-111">
         <name>.debug_info</name>
         <load_address>0x2dab</load_address>
         <run_address>0x2dab</run_address>
         <size>0x611</size>
         <input_file_ref idref="fl-2"/>
      </object_component>
      <object_component id="oc-180">
         <name>.debug_info</name>
         <load_address>0x33bc</load_address>
         <run_address>0x33bc</run_address>
         <size>0xa71</size>
         <input_file_ref idref="fl-2"/>
      </object_component>
      <object_component id="oc-116">
         <name>.debug_info</name>
         <load_address>0x3e2d</load_address>
         <run_address>0x3e2d</run_address>
         <size>0xc4</size>
         <input_file_ref idref="fl-2"/>
      </object_component>
      <object_component id="oc-11b">
         <name>.debug_info</name>
         <load_address>0x3ef1</load_address>
         <run_address>0x3ef1</run_address>
         <size>0x6c8</size>
         <input_file_ref idref="fl-2"/>
      </object_component>
      <object_component id="oc-39">
         <name>.debug_info</name>
         <load_address>0x45b9</load_address>
         <run_address>0x45b9</run_address>
         <size>0x84</size>
         <input_file_ref idref="fl-2"/>
      </object_component>
      <object_component id="oc-a3">
         <name>.debug_info</name>
         <load_address>0x463d</load_address>
         <run_address>0x463d</run_address>
         <size>0x2c</size>
         <input_file_ref idref="fl-2"/>
      </object_component>
      <object_component id="oc-33c">
         <name>.debug_info</name>
         <load_address>0x4669</load_address>
         <run_address>0x4669</run_address>
         <size>0x2c</size>
         <input_file_ref idref="fl-2"/>
      </object_component>
      <object_component id="oc-12f">
         <name>.debug_info</name>
         <load_address>0x4695</load_address>
         <run_address>0x4695</run_address>
         <size>0x2c</size>
         <input_file_ref idref="fl-2"/>
      </object_component>
      <object_component id="oc-32">
         <name>.debug_info</name>
         <load_address>0x46c1</load_address>
         <run_address>0x46c1</run_address>
         <size>0x2e7</size>
         <input_file_ref idref="fl-3"/>
      </object_component>
      <object_component id="oc-10">
         <name>.debug_info</name>
         <load_address>0x49a8</load_address>
         <run_address>0x49a8</run_address>
         <size>0xfe</size>
         <input_file_ref idref="fl-3"/>
      </object_component>
      <object_component id="oc-25">
         <name>.debug_info</name>
         <load_address>0x4aa6</load_address>
         <run_address>0x4aa6</run_address>
         <size>0x27d</size>
         <input_file_ref idref="fl-3"/>
      </object_component>
      <object_component id="oc-aa">
         <name>.debug_info</name>
         <load_address>0x4d23</load_address>
         <run_address>0x4d23</run_address>
         <size>0x26b</size>
         <input_file_ref idref="fl-3"/>
      </object_component>
      <object_component id="oc-123">
         <name>.debug_info</name>
         <load_address>0x4f8e</load_address>
         <run_address>0x4f8e</run_address>
         <size>0x297</size>
         <input_file_ref idref="fl-3"/>
      </object_component>
      <object_component id="oc-af">
         <name>.debug_info</name>
         <load_address>0x5225</load_address>
         <run_address>0x5225</run_address>
         <size>0xbb</size>
         <input_file_ref idref="fl-3"/>
      </object_component>
      <object_component id="oc-9c">
         <name>.debug_info</name>
         <load_address>0x52e0</load_address>
         <run_address>0x52e0</run_address>
         <size>0x6ac</size>
         <input_file_ref idref="fl-4"/>
      </object_component>
      <object_component id="oc-9f">
         <name>.debug_info</name>
         <load_address>0x598c</load_address>
         <run_address>0x598c</run_address>
         <size>0x134</size>
         <input_file_ref idref="fl-4"/>
      </object_component>
      <object_component id="oc-2b">
         <name>.debug_info</name>
         <load_address>0x5ac0</load_address>
         <run_address>0x5ac0</run_address>
         <size>0xb80</size>
         <input_file_ref idref="fl-4"/>
      </object_component>
      <object_component id="oc-1ea">
         <name>.debug_info</name>
         <load_address>0x6640</load_address>
         <run_address>0x6640</run_address>
         <size>0x376</size>
         <input_file_ref idref="fl-5"/>
      </object_component>
      <object_component id="oc-13c">
         <name>.debug_info</name>
         <load_address>0x69b6</load_address>
         <run_address>0x69b6</run_address>
         <size>0x4a0</size>
         <input_file_ref idref="fl-5"/>
      </object_component>
      <object_component id="oc-104">
         <name>.debug_info</name>
         <load_address>0x6e56</load_address>
         <run_address>0x6e56</run_address>
         <size>0x8b</size>
         <input_file_ref idref="fl-5"/>
      </object_component>
      <object_component id="oc-214">
         <name>.debug_info</name>
         <load_address>0x6ee1</load_address>
         <run_address>0x6ee1</run_address>
         <size>0xaec</size>
         <input_file_ref idref="fl-6"/>
      </object_component>
      <object_component id="oc-1fc">
         <name>.debug_info</name>
         <load_address>0x79cd</load_address>
         <run_address>0x79cd</run_address>
         <size>0x122</size>
         <input_file_ref idref="fl-6"/>
      </object_component>
      <object_component id="oc-205">
         <name>.debug_info</name>
         <load_address>0x7aef</load_address>
         <run_address>0x7aef</run_address>
         <size>0x11e</size>
         <input_file_ref idref="fl-6"/>
      </object_component>
      <object_component id="oc-208">
         <name>.debug_info</name>
         <load_address>0x7c0d</load_address>
         <run_address>0x7c0d</run_address>
         <size>0x12f</size>
         <input_file_ref idref="fl-6"/>
      </object_component>
      <object_component id="oc-20b">
         <name>.debug_info</name>
         <load_address>0x7d3c</load_address>
         <run_address>0x7d3c</run_address>
         <size>0x12f</size>
         <input_file_ref idref="fl-6"/>
      </object_component>
      <object_component id="oc-20e">
         <name>.debug_info</name>
         <load_address>0x7e6b</load_address>
         <run_address>0x7e6b</run_address>
         <size>0x129</size>
         <input_file_ref idref="fl-6"/>
      </object_component>
      <object_component id="oc-211">
         <name>.debug_info</name>
         <load_address>0x7f94</load_address>
         <run_address>0x7f94</run_address>
         <size>0x129</size>
         <input_file_ref idref="fl-6"/>
      </object_component>
      <object_component id="oc-142">
         <name>.debug_info</name>
         <load_address>0x80bd</load_address>
         <run_address>0x80bd</run_address>
         <size>0x13e5</size>
         <input_file_ref idref="fl-6"/>
      </object_component>
      <object_component id="oc-21f">
         <name>.debug_info</name>
         <load_address>0x94a2</load_address>
         <run_address>0x94a2</run_address>
         <size>0x68a</size>
         <input_file_ref idref="fl-6"/>
      </object_component>
      <object_component id="oc-215">
         <name>.debug_info</name>
         <load_address>0x9b2c</load_address>
         <run_address>0x9b2c</run_address>
         <size>0x236f</size>
         <input_file_ref idref="fl-6"/>
      </object_component>
      <object_component id="oc-21a">
         <name>.debug_info</name>
         <load_address>0xbe9b</load_address>
         <run_address>0xbe9b</run_address>
         <size>0x16a</size>
         <input_file_ref idref="fl-6"/>
      </object_component>
      <object_component id="oc-202">
         <name>.debug_info</name>
         <load_address>0xc005</load_address>
         <run_address>0xc005</run_address>
         <size>0xc13</size>
         <input_file_ref idref="fl-7"/>
      </object_component>
      <object_component id="oc-1ff">
         <name>.debug_info</name>
         <load_address>0xcc18</load_address>
         <run_address>0xcc18</run_address>
         <size>0x19e</size>
         <input_file_ref idref="fl-7"/>
      </object_component>
      <object_component id="oc-2cb">
         <name>.debug_info</name>
         <load_address>0xcdb6</load_address>
         <run_address>0xcdb6</run_address>
         <size>0x115</size>
         <input_file_ref idref="fl-7"/>
      </object_component>
      <object_component id="oc-2cf">
         <name>.debug_info</name>
         <load_address>0xcecb</load_address>
         <run_address>0xcecb</run_address>
         <size>0x123</size>
         <input_file_ref idref="fl-7"/>
      </object_component>
      <object_component id="oc-2db">
         <name>.debug_info</name>
         <load_address>0xcfee</load_address>
         <run_address>0xcfee</run_address>
         <size>0x123</size>
         <input_file_ref idref="fl-7"/>
      </object_component>
      <object_component id="oc-2de">
         <name>.debug_info</name>
         <load_address>0xd111</load_address>
         <run_address>0xd111</run_address>
         <size>0x12c</size>
         <input_file_ref idref="fl-7"/>
      </object_component>
      <object_component id="oc-2d2">
         <name>.debug_info</name>
         <load_address>0xd23d</load_address>
         <run_address>0xd23d</run_address>
         <size>0x12c</size>
         <input_file_ref idref="fl-7"/>
      </object_component>
      <object_component id="oc-2d5">
         <name>.debug_info</name>
         <load_address>0xd369</load_address>
         <run_address>0xd369</run_address>
         <size>0x11d</size>
         <input_file_ref idref="fl-7"/>
      </object_component>
      <object_component id="oc-2d8">
         <name>.debug_info</name>
         <load_address>0xd486</load_address>
         <run_address>0xd486</run_address>
         <size>0x111</size>
         <input_file_ref idref="fl-7"/>
      </object_component>
      <object_component id="oc-1f2">
         <name>.debug_info</name>
         <load_address>0xd597</load_address>
         <run_address>0xd597</run_address>
         <size>0x40e4</size>
         <input_file_ref idref="fl-7"/>
      </object_component>
      <object_component id="oc-2e7">
         <name>.debug_info</name>
         <load_address>0x1167b</load_address>
         <run_address>0x1167b</run_address>
         <size>0x11f</size>
         <input_file_ref idref="fl-7"/>
      </object_component>
      <object_component id="oc-28c">
         <name>.debug_info</name>
         <load_address>0x1179a</load_address>
         <run_address>0x1179a</run_address>
         <size>0xab5</size>
         <input_file_ref idref="fl-a"/>
      </object_component>
      <object_component id="oc-26e">
         <name>.debug_info</name>
         <load_address>0x1224f</load_address>
         <run_address>0x1224f</run_address>
         <size>0x126</size>
         <input_file_ref idref="fl-a"/>
      </object_component>
      <object_component id="oc-271">
         <name>.debug_info</name>
         <load_address>0x12375</load_address>
         <run_address>0x12375</run_address>
         <size>0x124</size>
         <input_file_ref idref="fl-a"/>
      </object_component>
      <object_component id="oc-274">
         <name>.debug_info</name>
         <load_address>0x12499</load_address>
         <run_address>0x12499</run_address>
         <size>0x12e</size>
         <input_file_ref idref="fl-a"/>
      </object_component>
      <object_component id="oc-277">
         <name>.debug_info</name>
         <load_address>0x125c7</load_address>
         <run_address>0x125c7</run_address>
         <size>0x12f</size>
         <input_file_ref idref="fl-a"/>
      </object_component>
      <object_component id="oc-27a">
         <name>.debug_info</name>
         <load_address>0x126f6</load_address>
         <run_address>0x126f6</run_address>
         <size>0x131</size>
         <input_file_ref idref="fl-a"/>
      </object_component>
      <object_component id="oc-27d">
         <name>.debug_info</name>
         <load_address>0x12827</load_address>
         <run_address>0x12827</run_address>
         <size>0x12b</size>
         <input_file_ref idref="fl-a"/>
      </object_component>
      <object_component id="oc-283">
         <name>.debug_info</name>
         <load_address>0x12952</load_address>
         <run_address>0x12952</run_address>
         <size>0x129</size>
         <input_file_ref idref="fl-a"/>
      </object_component>
      <object_component id="oc-286">
         <name>.debug_info</name>
         <load_address>0x12a7b</load_address>
         <run_address>0x12a7b</run_address>
         <size>0x140</size>
         <input_file_ref idref="fl-a"/>
      </object_component>
      <object_component id="oc-289">
         <name>.debug_info</name>
         <load_address>0x12bbb</load_address>
         <run_address>0x12bbb</run_address>
         <size>0x129</size>
         <input_file_ref idref="fl-a"/>
      </object_component>
      <object_component id="oc-280">
         <name>.debug_info</name>
         <load_address>0x12ce4</load_address>
         <run_address>0x12ce4</run_address>
         <size>0x111</size>
         <input_file_ref idref="fl-a"/>
      </object_component>
      <object_component id="oc-15a">
         <name>.debug_info</name>
         <load_address>0x12df5</load_address>
         <run_address>0x12df5</run_address>
         <size>0x25e1</size>
         <input_file_ref idref="fl-a"/>
      </object_component>
      <object_component id="oc-28d">
         <name>.debug_info</name>
         <load_address>0x153d6</load_address>
         <run_address>0x153d6</run_address>
         <size>0x5c2</size>
         <input_file_ref idref="fl-a"/>
      </object_component>
      <object_component id="oc-267">
         <name>.debug_info</name>
         <load_address>0x15998</load_address>
         <run_address>0x15998</run_address>
         <size>0x63b</size>
         <input_file_ref idref="fl-b"/>
      </object_component>
      <object_component id="oc-261">
         <name>.debug_info</name>
         <load_address>0x15fd3</load_address>
         <run_address>0x15fd3</run_address>
         <size>0x128</size>
         <input_file_ref idref="fl-b"/>
      </object_component>
      <object_component id="oc-264">
         <name>.debug_info</name>
         <load_address>0x160fb</load_address>
         <run_address>0x160fb</run_address>
         <size>0x128</size>
         <input_file_ref idref="fl-b"/>
      </object_component>
      <object_component id="oc-155">
         <name>.debug_info</name>
         <load_address>0x16223</load_address>
         <run_address>0x16223</run_address>
         <size>0x4f4</size>
         <input_file_ref idref="fl-b"/>
      </object_component>
      <object_component id="oc-268">
         <name>.debug_info</name>
         <load_address>0x16717</load_address>
         <run_address>0x16717</run_address>
         <size>0x9d</size>
         <input_file_ref idref="fl-b"/>
      </object_component>
      <object_component id="oc-22b">
         <name>.debug_info</name>
         <load_address>0x167b4</load_address>
         <run_address>0x167b4</run_address>
         <size>0x60d</size>
         <input_file_ref idref="fl-c"/>
      </object_component>
      <object_component id="oc-228">
         <name>.debug_info</name>
         <load_address>0x16dc1</load_address>
         <run_address>0x16dc1</run_address>
         <size>0x11a</size>
         <input_file_ref idref="fl-c"/>
      </object_component>
      <object_component id="oc-225">
         <name>.debug_info</name>
         <load_address>0x16edb</load_address>
         <run_address>0x16edb</run_address>
         <size>0x10f</size>
         <input_file_ref idref="fl-c"/>
      </object_component>
      <object_component id="oc-149">
         <name>.debug_info</name>
         <load_address>0x16fea</load_address>
         <run_address>0x16fea</run_address>
         <size>0x677</size>
         <input_file_ref idref="fl-c"/>
      </object_component>
      <object_component id="oc-44b">
         <name>.debug_info</name>
         <load_address>0x17661</load_address>
         <run_address>0x17661</run_address>
         <size>0x93f</size>
         <input_file_ref idref="fl-d"/>
      </object_component>
      <object_component id="oc-421">
         <name>.debug_info</name>
         <load_address>0x17fa0</load_address>
         <run_address>0x17fa0</run_address>
         <size>0x130</size>
         <input_file_ref idref="fl-d"/>
      </object_component>
      <object_component id="oc-424">
         <name>.debug_info</name>
         <load_address>0x180d0</load_address>
         <run_address>0x180d0</run_address>
         <size>0x12a</size>
         <input_file_ref idref="fl-d"/>
      </object_component>
      <object_component id="oc-427">
         <name>.debug_info</name>
         <load_address>0x181fa</load_address>
         <run_address>0x181fa</run_address>
         <size>0x128</size>
         <input_file_ref idref="fl-d"/>
      </object_component>
      <object_component id="oc-430">
         <name>.debug_info</name>
         <load_address>0x18322</load_address>
         <run_address>0x18322</run_address>
         <size>0x125</size>
         <input_file_ref idref="fl-d"/>
      </object_component>
      <object_component id="oc-436">
         <name>.debug_info</name>
         <load_address>0x18447</load_address>
         <run_address>0x18447</run_address>
         <size>0x11f</size>
         <input_file_ref idref="fl-d"/>
      </object_component>
      <object_component id="oc-439">
         <name>.debug_info</name>
         <load_address>0x18566</load_address>
         <run_address>0x18566</run_address>
         <size>0x123</size>
         <input_file_ref idref="fl-d"/>
      </object_component>
      <object_component id="oc-43c">
         <name>.debug_info</name>
         <load_address>0x18689</load_address>
         <run_address>0x18689</run_address>
         <size>0x123</size>
         <input_file_ref idref="fl-d"/>
      </object_component>
      <object_component id="oc-43f">
         <name>.debug_info</name>
         <load_address>0x187ac</load_address>
         <run_address>0x187ac</run_address>
         <size>0x11f</size>
         <input_file_ref idref="fl-d"/>
      </object_component>
      <object_component id="oc-442">
         <name>.debug_info</name>
         <load_address>0x188cb</load_address>
         <run_address>0x188cb</run_address>
         <size>0x12b</size>
         <input_file_ref idref="fl-d"/>
      </object_component>
      <object_component id="oc-445">
         <name>.debug_info</name>
         <load_address>0x189f6</load_address>
         <run_address>0x189f6</run_address>
         <size>0x12b</size>
         <input_file_ref idref="fl-d"/>
      </object_component>
      <object_component id="oc-448">
         <name>.debug_info</name>
         <load_address>0x18b21</load_address>
         <run_address>0x18b21</run_address>
         <size>0x123</size>
         <input_file_ref idref="fl-d"/>
      </object_component>
      <object_component id="oc-42a">
         <name>.debug_info</name>
         <load_address>0x18c44</load_address>
         <run_address>0x18c44</run_address>
         <size>0x111</size>
         <input_file_ref idref="fl-d"/>
      </object_component>
      <object_component id="oc-42d">
         <name>.debug_info</name>
         <load_address>0x18d55</load_address>
         <run_address>0x18d55</run_address>
         <size>0x111</size>
         <input_file_ref idref="fl-d"/>
      </object_component>
      <object_component id="oc-433">
         <name>.debug_info</name>
         <load_address>0x18e66</load_address>
         <run_address>0x18e66</run_address>
         <size>0x111</size>
         <input_file_ref idref="fl-d"/>
      </object_component>
      <object_component id="oc-3ca">
         <name>.debug_info</name>
         <load_address>0x18f77</load_address>
         <run_address>0x18f77</run_address>
         <size>0x262a</size>
         <input_file_ref idref="fl-d"/>
      </object_component>
      <object_component id="oc-44c">
         <name>.debug_info</name>
         <load_address>0x1b5a1</load_address>
         <run_address>0x1b5a1</run_address>
         <size>0x368</size>
         <input_file_ref idref="fl-d"/>
      </object_component>
      <object_component id="oc-25a">
         <name>.debug_info</name>
         <load_address>0x1b909</load_address>
         <run_address>0x1b909</run_address>
         <size>0x74e</size>
         <input_file_ref idref="fl-f"/>
      </object_component>
      <object_component id="oc-230">
         <name>.debug_info</name>
         <load_address>0x1c057</load_address>
         <run_address>0x1c057</run_address>
         <size>0x126</size>
         <input_file_ref idref="fl-f"/>
      </object_component>
      <object_component id="oc-233">
         <name>.debug_info</name>
         <load_address>0x1c17d</load_address>
         <run_address>0x1c17d</run_address>
         <size>0x127</size>
         <input_file_ref idref="fl-f"/>
      </object_component>
      <object_component id="oc-239">
         <name>.debug_info</name>
         <load_address>0x1c2a4</load_address>
         <run_address>0x1c2a4</run_address>
         <size>0x129</size>
         <input_file_ref idref="fl-f"/>
      </object_component>
      <object_component id="oc-23c">
         <name>.debug_info</name>
         <load_address>0x1c3cd</load_address>
         <run_address>0x1c3cd</run_address>
         <size>0x129</size>
         <input_file_ref idref="fl-f"/>
      </object_component>
      <object_component id="oc-23f">
         <name>.debug_info</name>
         <load_address>0x1c4f6</load_address>
         <run_address>0x1c4f6</run_address>
         <size>0x133</size>
         <input_file_ref idref="fl-f"/>
      </object_component>
      <object_component id="oc-242">
         <name>.debug_info</name>
         <load_address>0x1c629</load_address>
         <run_address>0x1c629</run_address>
         <size>0x12d</size>
         <input_file_ref idref="fl-f"/>
      </object_component>
      <object_component id="oc-245">
         <name>.debug_info</name>
         <load_address>0x1c756</load_address>
         <run_address>0x1c756</run_address>
         <size>0x12b</size>
         <input_file_ref idref="fl-f"/>
      </object_component>
      <object_component id="oc-248">
         <name>.debug_info</name>
         <load_address>0x1c881</load_address>
         <run_address>0x1c881</run_address>
         <size>0x12b</size>
         <input_file_ref idref="fl-f"/>
      </object_component>
      <object_component id="oc-24e">
         <name>.debug_info</name>
         <load_address>0x1c9ac</load_address>
         <run_address>0x1c9ac</run_address>
         <size>0x135</size>
         <input_file_ref idref="fl-f"/>
      </object_component>
      <object_component id="oc-251">
         <name>.debug_info</name>
         <load_address>0x1cae1</load_address>
         <run_address>0x1cae1</run_address>
         <size>0x12b</size>
         <input_file_ref idref="fl-f"/>
      </object_component>
      <object_component id="oc-254">
         <name>.debug_info</name>
         <load_address>0x1cc0c</load_address>
         <run_address>0x1cc0c</run_address>
         <size>0x129</size>
         <input_file_ref idref="fl-f"/>
      </object_component>
      <object_component id="oc-257">
         <name>.debug_info</name>
         <load_address>0x1cd35</load_address>
         <run_address>0x1cd35</run_address>
         <size>0x129</size>
         <input_file_ref idref="fl-f"/>
      </object_component>
      <object_component id="oc-22d">
         <name>.debug_info</name>
         <load_address>0x1ce5e</load_address>
         <run_address>0x1ce5e</run_address>
         <size>0x10e</size>
         <input_file_ref idref="fl-f"/>
      </object_component>
      <object_component id="oc-236">
         <name>.debug_info</name>
         <load_address>0x1cf6c</load_address>
         <run_address>0x1cf6c</run_address>
         <size>0x10f</size>
         <input_file_ref idref="fl-f"/>
      </object_component>
      <object_component id="oc-24b">
         <name>.debug_info</name>
         <load_address>0x1d07b</load_address>
         <run_address>0x1d07b</run_address>
         <size>0x10f</size>
         <input_file_ref idref="fl-f"/>
      </object_component>
      <object_component id="oc-14f">
         <name>.debug_info</name>
         <load_address>0x1d18a</load_address>
         <run_address>0x1d18a</run_address>
         <size>0x21ce</size>
         <input_file_ref idref="fl-f"/>
      </object_component>
      <object_component id="oc-25b">
         <name>.debug_info</name>
         <load_address>0x1f358</load_address>
         <run_address>0x1f358</run_address>
         <size>0x48e</size>
         <input_file_ref idref="fl-f"/>
      </object_component>
      <object_component id="oc-341">
         <name>.debug_info</name>
         <load_address>0x1f7e6</load_address>
         <run_address>0x1f7e6</run_address>
         <size>0x990</size>
         <input_file_ref idref="fl-10"/>
      </object_component>
      <object_component id="oc-1f9">
         <name>.debug_info</name>
         <load_address>0x20176</load_address>
         <run_address>0x20176</run_address>
         <size>0x8d0</size>
         <input_file_ref idref="fl-10"/>
      </object_component>
      <object_component id="oc-45f">
         <name>.debug_info</name>
         <load_address>0x20a46</load_address>
         <run_address>0x20a46</run_address>
         <size>0x397</size>
         <input_file_ref idref="fl-11"/>
      </object_component>
      <object_component id="oc-3ee">
         <name>.debug_info</name>
         <load_address>0x20ddd</load_address>
         <run_address>0x20ddd</run_address>
         <size>0x12a</size>
         <input_file_ref idref="fl-11"/>
      </object_component>
      <object_component id="oc-2e1">
         <name>.debug_info</name>
         <load_address>0x20f07</load_address>
         <run_address>0x20f07</run_address>
         <size>0x464</size>
         <input_file_ref idref="fl-11"/>
      </object_component>
      <object_component id="oc-79">
         <name>.debug_info</name>
         <load_address>0x2136b</load_address>
         <run_address>0x2136b</run_address>
         <size>0x225</size>
         <input_file_ref idref="fl-17"/>
      </object_component>
      <object_component id="oc-73">
         <name>.debug_info</name>
         <load_address>0x21590</load_address>
         <run_address>0x21590</run_address>
         <size>0x20d</size>
         <input_file_ref idref="fl-17"/>
      </object_component>
      <object_component id="oc-ff">
         <name>.debug_info</name>
         <load_address>0x2179d</load_address>
         <run_address>0x2179d</run_address>
         <size>0x18b</size>
         <input_file_ref idref="fl-17"/>
      </object_component>
      <object_component id="oc-10b">
         <name>.debug_info</name>
         <load_address>0x21928</load_address>
         <run_address>0x21928</run_address>
         <size>0x230</size>
         <input_file_ref idref="fl-18"/>
      </object_component>
      <object_component id="oc-2c5">
         <name>.debug_info</name>
         <load_address>0x21b58</load_address>
         <run_address>0x21b58</run_address>
         <size>0x15b</size>
         <input_file_ref idref="fl-18"/>
      </object_component>
      <object_component id="oc-325">
         <name>.debug_info</name>
         <load_address>0x21cb3</load_address>
         <run_address>0x21cb3</run_address>
         <size>0x2a3</size>
         <input_file_ref idref="fl-18"/>
      </object_component>
      <object_component id="oc-3f4">
         <name>.debug_info</name>
         <load_address>0x21f56</load_address>
         <run_address>0x21f56</run_address>
         <size>0x2b3</size>
         <input_file_ref idref="fl-18"/>
      </object_component>
      <object_component id="oc-30c">
         <name>.debug_info</name>
         <load_address>0x22209</load_address>
         <run_address>0x22209</run_address>
         <size>0x316</size>
         <input_file_ref idref="fl-18"/>
      </object_component>
      <object_component id="oc-2f4">
         <name>.debug_info</name>
         <load_address>0x2251f</load_address>
         <run_address>0x2251f</run_address>
         <size>0x2a9</size>
         <input_file_ref idref="fl-18"/>
      </object_component>
      <object_component id="oc-306">
         <name>.debug_info</name>
         <load_address>0x227c8</load_address>
         <run_address>0x227c8</run_address>
         <size>0x2b5</size>
         <input_file_ref idref="fl-18"/>
      </object_component>
      <object_component id="oc-1e5">
         <name>.debug_info</name>
         <load_address>0x22a7d</load_address>
         <run_address>0x22a7d</run_address>
         <size>0x280</size>
         <input_file_ref idref="fl-18"/>
      </object_component>
      <object_component id="oc-313">
         <name>.debug_info</name>
         <load_address>0x22cfd</load_address>
         <run_address>0x22cfd</run_address>
         <size>0x2bb</size>
         <input_file_ref idref="fl-18"/>
      </object_component>
      <object_component id="oc-92">
         <name>.debug_info</name>
         <load_address>0x22fb8</load_address>
         <run_address>0x22fb8</run_address>
         <size>0x27f</size>
         <input_file_ref idref="fl-18"/>
      </object_component>
      <object_component id="oc-85">
         <name>.debug_info</name>
         <load_address>0x23237</load_address>
         <run_address>0x23237</run_address>
         <size>0x28f</size>
         <input_file_ref idref="fl-18"/>
      </object_component>
      <object_component id="oc-8b">
         <name>.debug_info</name>
         <load_address>0x234c6</load_address>
         <run_address>0x234c6</run_address>
         <size>0x291</size>
         <input_file_ref idref="fl-18"/>
      </object_component>
      <object_component id="oc-97">
         <name>.debug_info</name>
         <load_address>0x23757</load_address>
         <run_address>0x23757</run_address>
         <size>0x28d</size>
         <input_file_ref idref="fl-18"/>
      </object_component>
      <object_component id="oc-403">
         <name>.debug_info</name>
         <load_address>0x239e4</load_address>
         <run_address>0x239e4</run_address>
         <size>0x20e</size>
         <input_file_ref idref="fl-19"/>
      </object_component>
      <object_component id="oc-400">
         <name>.debug_info</name>
         <load_address>0x23bf2</load_address>
         <run_address>0x23bf2</run_address>
         <size>0x210</size>
         <input_file_ref idref="fl-19"/>
      </object_component>
      <object_component id="oc-489">
         <name>.debug_info</name>
         <load_address>0x23e02</load_address>
         <run_address>0x23e02</run_address>
         <size>0x157</size>
         <input_file_ref idref="fl-19"/>
      </object_component>
      <object_component id="oc-457">
         <name>.debug_info</name>
[...]
      </symbol>
      <symbol id="sm-531">
         <name>sl_NetAppSet</name>
         <value>0x463f</value>
         <object_component_ref idref="oc-159"/>
      </symbol>
      <symbol id="sm-532">
         <name>_SlNetAppSendTokenValueCmdCtrl</name>
         <value>0x6d80</value>
         <object_component_ref idref="oc-285"/>
      </symbol>
      <symbol id="sm-533">
         <name>sl_NetAppStop</name>
         <value>0x3d41</value>
         <object_component_ref idref="oc-159"/>
      </symbol>
      <symbol id="sm-534">
         <name>sl_NetAppDnsGetHostByName</name>
         <value>0x4205</value>
         <object_component_ref idref="oc-159"/>
      </symbol>
      <symbol id="sm-535">
         <name>_sl_HandleAsync_DnsGetHostByName</name>
         <value>0x4341</value>
         <object_component_ref idref="oc-159"/>
      </symbol>
      <symbol id="sm-536">
         <name>_sl_HandleAsync_PingResponse</name>
         <value>0x4415</value>
         <object_component_ref idref="oc-159"/>
      </symbol>
      <symbol id="sm-537">
         <name>sl_NetAppDnsGetHostByService</name>
         <value>0x4025</value>
         <object_component_ref idref="oc-159"/>
      </symbol>
      <symbol id="sm-538">
         <name>sl_NetAppPingStart</name>
         <value>0x44a1</value>
         <object_component_ref idref="oc-159"/>
      </symbol>
      <symbol id="sm-539">
         <name>_SlDrvNetAppEventHandler</name>
         <value>0x47f1</value>
         <object_component_ref idref="oc-159"/>
      </symbol>
      <symbol id="sm-53a">
         <name>_sl_HandleAsync_DnsGetHostByService</name>
         <value>0x412d</value>
         <object_component_ref idref="oc-159"/>
      </symbol>
      <symbol id="sm-53b">
         <name>sl_NetAppStart</name>
         <value>0x3cf5</value>
         <object_component_ref idref="oc-159"/>
      </symbol>
      <symbol id="sm-53c">
         <name>sl_NetAppMDNSRegisterService</name>
         <value>0x3f55</value>
         <object_component_ref idref="oc-159"/>
      </symbol>
      <symbol id="sm-53d">
         <name>_sl_NetAppSendTokenValue</name>
         <value>0x46d1</value>
         <object_component_ref idref="oc-159"/>
      </symbol>
      <symbol id="sm-53e">
         <name>sl_NetAppGet</name>
         <value>0x473d</value>
         <object_component_ref idref="oc-159"/>
      </symbol>
      <symbol id="sm-53f">
         <name>sl_NetAppMDNSRegisterUnregisterService</name>
         <value>0x3e7f</value>
         <object_component_ref idref="oc-159"/>
      </symbol>
      <symbol id="sm-540">
         <name>_sl_HandleAsync_DnsGetHostByAddr</name>
         <value>0x41f3</value>
         <object_component_ref idref="oc-159"/>
      </symbol>
      <symbol id="sm-576">
         <name>sl_NetCfgGet</name>
         <value>0x5e97</value>
         <object_component_ref idref="oc-153"/>
      </symbol>
      <symbol id="sm-577">
         <name>sl_NetCfgSet</name>
         <value>0x5e0d</value>
         <object_component_ref idref="oc-153"/>
      </symbol>
      <symbol id="sm-5a7">
         <name>_SlNonOsSemSet</name>
         <value>0x5c71</value>
         <object_component_ref idref="oc-147"/>
      </symbol>
      <symbol id="sm-5a8">
         <name>_SlNonOsSpawn</name>
         <value>0x5d31</value>
         <object_component_ref idref="oc-147"/>
      </symbol>
      <symbol id="sm-5a9">
         <name>_SlNonOsSemGet</name>
         <value>0x5c89</value>
         <object_component_ref idref="oc-147"/>
      </symbol>
      <symbol id="sm-5aa">
         <name>_SlNonOsMainLoopTask</name>
         <value>0x5d91</value>
         <object_component_ref idref="oc-147"/>
      </symbol>
      <symbol id="sm-5ab">
         <name>g__SlNonOsCB</name>
         <value>0x200006a4</value>
         <object_component_ref idref="oc-227"/>
      </symbol>
      <symbol id="sm-6fb">
         <name>sl_Accept</name>
         <value>0x282d</value>
         <object_component_ref idref="oc-3c7"/>
      </symbol>
      <symbol id="sm-6fc">
         <name>sl_Recv</name>
         <value>0x2b0d</value>
         <object_component_ref idref="oc-3c7"/>
      </symbol>
      <symbol id="sm-6fd">
         <name>SL_FD_ZERO</name>
         <value>0x2ed5</value>
         <object_component_ref idref="oc-3c7"/>
      </symbol>
      <symbol id="sm-6fe">
         <name>SL_FD_SET</name>
         <value>0x2e59</value>
         <object_component_ref idref="oc-3c7"/>
      </symbol>
      <symbol id="sm-6ff">
         <name>sl_SendTo</name>
         <value>0x221d</value>
         <object_component_ref idref="oc-3c7"/>
      </symbol>
      <symbol id="sm-700">
         <name>sl_Send</name>
         <value>0x2691</value>
         <object_component_ref idref="oc-3c7"/>
      </symbol>
      <symbol id="sm-701">
         <name>_sl_HandleAsync_Connect</name>
         <value>0x2613</value>
         <object_component_ref idref="oc-3c7"/>
      </symbol>
      <symbol id="sm-702">
         <name>sl_Htonl</name>
         <value>0x29d3</value>
         <object_component_ref idref="oc-3c7"/>
      </symbol>
      <symbol id="sm-703">
         <name>sl_Htons</name>
         <value>0x2a19</value>
         <object_component_ref idref="oc-3c7"/>
      </symbol>
      <symbol id="sm-704">
         <name>sl_Connect</name>
         <value>0x249d</value>
         <object_component_ref idref="oc-3c7"/>
      </symbol>
      <symbol id="sm-705">
         <name>sl_Socket</name>
         <value>0x209f</value>
         <object_component_ref idref="oc-3c7"/>
      </symbol>
      <symbol id="sm-706">
         <name>sl_Select</name>
         <value>0x2cf7</value>
         <object_component_ref idref="oc-3c7"/>
      </symbol>
      <symbol id="sm-707">
         <name>_sl_HandleAsync_Select</name>
         <value>0x2ab5</value>
         <object_component_ref idref="oc-3c7"/>
      </symbol>
      <symbol id="sm-708">
         <name>sl_RecvFrom</name>
         <value>0x235d</value>
         <object_component_ref idref="oc-3c7"/>
      </symbol>
      <symbol id="sm-709">
         <name>SL_FD_CLR</name>
         <value>0x2e81</value>
         <object_component_ref idref="oc-3c7"/>
      </symbol>
      <symbol id="sm-70a">
         <name>sl_Close</name>
         <value>0x211d</value>
         <object_component_ref idref="oc-3c7"/>
      </symbol>
      <symbol id="sm-70b">
         <name>_sl_HandleAsync_Accept</name>
         <value>0x2a55</value>
         <object_component_ref idref="oc-3c7"/>
      </symbol>
      <symbol id="sm-70c">
         <name>sl_GetSockOpt</name>
         <value>0x2c3f</value>
         <object_component_ref idref="oc-3c7"/>
      </symbol>
      <symbol id="sm-70d">
         <name>sl_SetSockOpt</name>
         <value>0x2bb5</value>
         <object_component_ref idref="oc-3c7"/>
      </symbol>
      <symbol id="sm-70e">
         <name>_sl_ParseAddress</name>
         <value>0x2045</value>
         <object_component_ref idref="oc-3c7"/>
      </symbol>
      <symbol id="sm-70f">
         <name>sl_Listen</name>
         <value>0x27bd</value>
         <object_component_ref idref="oc-3c7"/>
      </symbol>
      <symbol id="sm-710">
         <name>SL_FD_ISSET</name>
         <value>0x2ea9</value>
         <object_component_ref idref="oc-3c7"/>
      </symbol>
      <symbol id="sm-711">
         <name>sl_Bind</name>
         <value>0x216f</value>
         <object_component_ref idref="oc-3c7"/>
      </symbol>
      <symbol id="sm-85d">
         <name>sl_WlanSmartConfigStop</name>
         <value>0x3a3d</value>
         <object_component_ref idref="oc-14d"/>
      </symbol>
      <symbol id="sm-85e">
         <name>sl_WlanProfileAdd</name>
         <value>0x3325</value>
         <object_component_ref idref="oc-14d"/>
      </symbol>
      <symbol id="sm-85f">
         <name>sl_WlanDisconnect</name>
         <value>0x316d</value>
         <object_component_ref idref="oc-14d"/>
      </symbol>
      <symbol id="sm-860">
         <name>sl_WlanRxFilterGet</name>
         <value>0x38e5</value>
         <object_component_ref idref="oc-14d"/>
      </symbol>
      <symbol id="sm-861">
         <name>sl_WlanRxStatGet</name>
         <value>0x39dd</value>
         <object_component_ref idref="oc-14d"/>
      </symbol>
      <symbol id="sm-862">
         <name>sl_WlanPolicySet</name>
         <value>0x31a1</value>
         <object_component_ref idref="oc-14d"/>
      </symbol>
      <symbol id="sm-863">
         <name>sl_WlanRxStatStart</name>
         <value>0x3979</value>
         <object_component_ref idref="oc-14d"/>
      </symbol>
      <symbol id="sm-864">
         <name>sl_WlanProfileGet</name>
         <value>0x35d9</value>
         <object_component_ref idref="oc-14d"/>
      </symbol>
      <symbol id="sm-865">
         <name>sl_WlanPolicyGet</name>
         <value>0x3231</value>
         <object_component_ref idref="oc-14d"/>
      </symbol>
      <symbol id="sm-866">
         <name>sl_WlanGet</name>
         <value>0x3c1d</value>
         <object_component_ref idref="oc-14d"/>
      </symbol>
      <symbol id="sm-867">
         <name>sl_WlanRxStatStop</name>
         <value>0x39a9</value>
         <object_component_ref idref="oc-14d"/>
      </symbol>
      <symbol id="sm-868">
         <name>sl_WlanSmartConfigStart</name>
         <value>0x3a71</value>
         <object_component_ref idref="oc-14d"/>
      </symbol>
      <symbol id="sm-869">
         <name>sl_WlanRxFilterAdd</name>
         <value>0x37cb</value>
         <object_component_ref idref="oc-14d"/>
      </symbol>
      <symbol id="sm-86a">
         <name>sl_WlanProfileDel</name>
         <value>0x36e3</value>
         <object_component_ref idref="oc-14d"/>
      </symbol>
      <symbol id="sm-86b">
         <name>sl_WlanRxFilterSet</name>
         <value>0x3861</value>
         <object_component_ref idref="oc-14d"/>
      </symbol>
      <symbol id="sm-86c">
         <name>sl_WlanConnect</name>
         <value>0x2efd</value>
         <object_component_ref idref="oc-14d"/>
      </symbol>
      <symbol id="sm-86d">
         <name>sl_WlanSet</name>
         <value>0x3b81</value>
         <object_component_ref idref="oc-14d"/>
      </symbol>
      <symbol id="sm-86e">
         <name>sl_WlanGetNetworkList</name>
         <value>0x3735</value>
         <object_component_ref idref="oc-14d"/>
      </symbol>
      <symbol id="sm-86f">
         <name>sl_WlanSetMode</name>
         <value>0x3b29</value>
         <object_component_ref idref="oc-14d"/>
      </symbol>
      <symbol id="sm-895">
         <name>spi_Read</name>
         <value>0x59c1</value>
         <object_component_ref idref="oc-1f5"/>
      </symbol>
      <symbol id="sm-896">
         <name>spi_Close</name>
         <value>0x584d</value>
         <object_component_ref idref="oc-1f5"/>
      </symbol>
      <symbol id="sm-897">
         <name>spi_Write</name>
         <value>0x595d</value>
         <object_component_ref idref="oc-1f5"/>
      </symbol>
      <symbol id="sm-898">
         <name>spi_Open</name>
         <value>0x5859</value>
         <object_component_ref idref="oc-1f5"/>
      </symbol>
      <symbol id="sm-8b7">
         <name>timer_GetCurrentTimestamp</name>
         <value>0x64f5</value>
         <object_component_ref idref="oc-2e0"/>
      </symbol>
      <symbol id="sm-8d2">
         <name>FPULazyStackingEnable</name>
         <value>0x6825</value>
         <object_component_ref idref="oc-77"/>
      </symbol>
      <symbol id="sm-8d3">
         <name>FPUEnable</name>
         <value>0x6815</value>
         <object_component_ref idref="oc-71"/>
      </symbol>
      <symbol id="sm-93d">
         <name>GPIOPinConfigure</name>
         <value>0x656d</value>
         <object_component_ref idref="oc-1e3"/>
      </symbol>
      <symbol id="sm-93e">
         <name>GPIOIntDisable</name>
         <value>0x6855</value>
         <object_component_ref idref="oc-89"/>
      </symbol>
      <symbol id="sm-93f">
         <name>GPIOIntEnable</name>
         <value>0x6899</value>
         <object_component_ref idref="oc-83"/>
      </symbol>
      <symbol id="sm-940">
         <name>GPIOIntTypeSet</name>
         <value>0x6515</value>
         <object_component_ref idref="oc-310"/>
      </symbol>
      <symbol id="sm-941">
         <name>GPIOPinTypeGPIOInput</name>
         <value>0x67cd</value>
         <object_component_ref idref="oc-304"/>
      </symbol>
      <symbol id="sm-942">
         <name>GPIOIntClear</name>
         <value>0x68c3</value>
         <object_component_ref idref="oc-95"/>
      </symbol>
      <symbol id="sm-943">
         <name>GPIOIntStatus</name>
         <value>0x6863</value>
         <object_component_ref idref="oc-8f"/>
      </symbol>
      <symbol id="sm-944">
         <name>GPIODirModeSet</name>
         <value>0x6719</value>
         <object_component_ref idref="oc-3f2"/>
      </symbol>
      <symbol id="sm-945">
         <name>GPIOPinWrite</name>
         <value>0x68c9</value>
         <object_component_ref idref="oc-323"/>
      </symbol>
      <symbol id="sm-946">
         <name>GPIOPadConfigSet</name>
         <value>0x60d5</value>
         <object_component_ref idref="oc-30a"/>
      </symbol>
      <symbol id="sm-947">
         <name>GPIOPinTypeSSI</name>
         <value>0x67df</value>
         <object_component_ref idref="oc-2f2"/>
      </symbol>
      <symbol id="sm-989">
         <name>IntEnable</name>
         <value>0x63e9</value>
         <object_component_ref idref="oc-316"/>
      </symbol>
      <symbol id="sm-98a">
         <name>IntRegister</name>
         <value>0x667d</value>
         <object_component_ref idref="oc-454"/>
      </symbol>
      <symbol id="sm-98b">
         <name>g_pfnRAMVectors</name>
         <value>0x20000000</value>
         <object_component_ref idref="oc-488"/>
      </symbol>
      <symbol id="sm-98c">
         <name>IntMasterEnable</name>
         <value>0x6835</value>
         <object_component_ref idref="oc-31c"/>
      </symbol>
      <symbol id="sm-9bb">
         <name>SSIDataGetNonBlocking</name>
         <value>0x67f1</value>
         <object_component_ref idref="oc-32f"/>
      </symbol>
      <symbol id="sm-9bc">
         <name>SSIDataPutNonBlocking</name>
         <value>0x6871</value>
         <object_component_ref idref="oc-329"/>
      </symbol>
      <symbol id="sm-9bd">
         <name>SSIConfigSetExpClk</name>
         <value>0x6641</value>
         <object_component_ref idref="oc-2f8"/>
      </symbol>
      <symbol id="sm-9be">
         <name>SSIEnable</name>
         <value>0x68b1</value>
         <object_component_ref idref="oc-2fe"/>
      </symbol>
      <symbol id="sm-9bf">
         <name>SSIBusy</name>
         <value>0x68bb</value>
         <object_component_ref idref="oc-335"/>
      </symbol>
      <symbol id="sm-a2f">
         <name>SysCtlDelay</name>
         <value>0x68cf</value>
         <object_component_ref idref="oc-322"/>
      </symbol>
      <symbol id="sm-a30">
         <name>SysCtlPeripheralEnable</name>
         <value>0x66b1</value>
         <object_component_ref idref="oc-2ec"/>
      </symbol>
      <symbol id="sm-a31">
         <name>SysCtlClockFreqSet</name>
         <value>0x5a6d</value>
         <object_component_ref idref="oc-7d"/>
      </symbol>
      <symbol id="sm-a68">
         <name>SysTickEnable</name>
         <value>0x6791</value>
         <object_component_ref idref="oc-3e7"/>
      </symbol>
      <symbol id="sm-a69">
         <name>SysTickIntRegister</name>
         <value>0x6745</value>
         <object_component_ref idref="oc-3db"/>
      </symbol>
      <symbol id="sm-a6a">
         <name>SysTickIntEnable</name>
         <value>0x67a5</value>
         <object_component_ref idref="oc-3e1"/>
      </symbol>
      <symbol id="sm-a6b">
         <name>SysTickPeriodSet</name>
         <value>0x6845</value>
         <object_component_ref idref="oc-3d5"/>
      </symbol>
      <symbol id="sm-a6c">
         <name>SysTickDisable</name>
         <value>0x677d</value>
         <object_component_ref idref="oc-3cf"/>
      </symbol>
      <symbol id="sm-a76">
         <name>CPUcpsie</name>
         <value>0x688d</value>
         <object_component_ref idref="oc-404"/>
      </symbol>
      <symbol id="sm-a91">
         <name>memcpy</name>
         <value>0x62d1</value>
         <object_component_ref idref="oc-3e"/>
      </symbol>
      <symbol id="sm-a92">
         <name>__aeabi_memcpy</name>
         <value>0x62d1</value>
         <object_component_ref idref="oc-3e"/>
      </symbol>
      <symbol id="sm-a93">
         <name>__aeabi_memcpy8</name>
         <value>0x62d1</value>
         <object_component_ref idref="oc-3e"/>
      </symbol>
      <symbol id="sm-a94">
         <name>__aeabi_memcpy4</name>
         <value>0x62d1</value>
         <object_component_ref idref="oc-3e"/>
      </symbol>
      <symbol id="sm-aa3">
         <name>__aeabi_memset</name>
         <value>0x636f</value>
         <object_component_ref idref="oc-c9"/>
      </symbol>
      <symbol id="sm-aa4">
         <name>memset</name>
         <value>0x6375</value>
         <object_component_ref idref="oc-c9"/>
      </symbol>
      <symbol id="sm-aa5">
         <name>__aeabi_memset8</name>
         <value>0x636f</value>
         <object_component_ref idref="oc-c9"/>
      </symbol>
      <symbol id="sm-aa6">
         <name>__aeabi_memset4</name>
         <value>0x636f</value>
         <object_component_ref idref="oc-c9"/>
      </symbol>
      <symbol id="sm-aa7">
         <name>__aeabi_memclr8</name>
         <value>0x636d</value>
         <object_component_ref idref="oc-c9"/>
      </symbol>
      <symbol id="sm-aa8">
         <name>__aeabi_memclr4</name>
         <value>0x636d</value>
         <object_component_ref idref="oc-c9"/>
      </symbol>
      <symbol id="sm-aa9">
         <name>__aeabi_memclr</name>
         <value>0x636d</value>
         <object_component_ref idref="oc-c9"/>
      </symbol>
      <symbol id="sm-abd">
         <name>__TI_zero_init_nomemset</name>
         <value>0x6803</value>
         <object_component_ref idref="oc-4a"/>
      </symbol>
      <symbol id="sm-ad4">
         <name>__TI_decompress_none</name>
         <value>0x687f</value>
         <object_component_ref idref="oc-18"/>
      </symbol>
      <symbol id="sm-af7">
         <name>__TI_decompress_lzss</name>
         <value>0x6451</value>
         <object_component_ref idref="oc-12"/>
      </symbol>
      <symbol id="sm-b05">
         <name>strlen</name>
         <value>0x67b9</value>
         <object_component_ref idref="oc-15f"/>
      </symbol>
      <symbol id="sm-b18">
         <name>__stack</name>
         <value>0x20000270</value>
         <object_component_ref idref="oc-21"/>
      </symbol>
      <symbol id="sm-b19">
         <name>_c_int00_noargs</name>
         <value>0x66e5</value>
         <object_component_ref idref="oc-5c"/>
      </symbol>
      <symbol id="sm-b41">
         <name>__TI_auto_init_nobinit_nopinit</name>
         <value>0x65fd</value>
         <object_component_ref idref="oc-191"/>
      </symbol>
      <symbol id="sm-b4b">
         <name>_system_pre_init</name>
         <value>0x68d5</value>
         <object_component_ref idref="oc-cf"/>
      </symbol>
      <symbol id="sm-b57">
         <name>C$$EXIT</name>
         <value>0x68d9</value>
         <object_component_ref idref="oc-185"/>
      </symbol>
      <symbol id="sm-b58">
         <name>abort</name>
         <value>0x68d9</value>
         <object_component_ref idref="oc-185"/>
      </symbol>
      <symbol id="sm-b5b">
         <name>__TI_static_base__</name>
         <value>0x0</value>
      </symbol>
      <symbol id="sm-b5e">
         <name>__mpu_init</name>
         <value>0x0</value>
      </symbol>
      <symbol id="sm-b5f">
         <name>_system_post_cinit</name>
         <value>0x0</value>
      </symbol>
   </symbol_table>
   <title>Link successful</title>
</link_info>
