<?xml version="1.0" encoding="ISO-8859-1" ?>
<link_info>
   <banner>TI ARM Linker PC v18.12.1.LTS</banner>
   <copyright>Copyright (c) 1996-2018 Texas Instruments Incorporated</copyright>
   <link_time>0x60695639</link_time>
   <link_errors>0x0</link_errors>
   <output_file>getting_started_with_wlan_station.out</output_file>
   <entry_point>
      <name>_c_int00_noargs</name>
      <address>0x9f8d</address>
   </entry_point>
   <input_file_list>
      <input_file id="fl-2">
         <path>.\</path>
         <kind>object</kind>
         <file>ADCSWTrigger.obj</file>
         <name>ADCSWTrigger.obj</name>
      </input_file>
      <input_file id="fl-3">
         <path>.\</path>
         <kind>object</kind>
         <file>PLL.obj</file>
         <name>PLL.obj</name>
      </input_file>
      <input_file id="fl-4">
         <path>.\</path>
         <kind>object</kind>
         <file>PWM.obj</file>
         <name>PWM.obj</name>
      </input_file>
      <input_file id="fl-5">
         <path>.\</path>
         <kind>object</kind>
         <file>SysTick.obj</file>
         <name>SysTick.obj</name>
      </input_file>
      <input_file id="fl-6">
         <path>.\</path>
         <kind>object</kind>
         <file>connect.obj</file>
         <name>connect.obj</name>
      </input_file>
      <input_file id="fl-7">
         <path>.\</path>
         <kind>object</kind>
         <file>io.obj</file>
         <name>io.obj</name>
      </input_file>
      <input_file id="fl-8">
         <path>.\</path>
         <kind>object</kind>
         <file>main.obj</file>
         <name>main.obj</name>
      </input_file>
      <input_file id="fl-9">
         <path>.\</path>
         <kind>object</kind>
         <file>stringbuilder.obj</file>
         <name>stringbuilder.obj</name>
      </input_file>
      <input_file id="fl-a">
         <path>.\</path>
         <kind>object</kind>
         <file>tm4c1294ncpdt_startup_ccs.obj</file>
         <name>tm4c1294ncpdt_startup_ccs.obj</name>
      </input_file>
      <input_file id="fl-b">
         <path>.\board\</path>
         <kind>object</kind>
         <file>board.obj</file>
         <name>board.obj</name>
      </input_file>
      <input_file id="fl-c">
         <path>.\cli_uart\</path>
         <kind>object</kind>
         <file>cli_uart.obj</file>
         <name>cli_uart.obj</name>
      </input_file>
      <input_file id="fl-d">
         <path>.\simplelink\source\</path>
         <kind>object</kind>
         <file>device.obj</file>
         <name>device.obj</name>
      </input_file>
      <input_file id="fl-e">
         <path>.\simplelink\source\</path>
         <kind>object</kind>
         <file>driver.obj</file>
         <name>driver.obj</name>
      </input_file>
      <input_file id="fl-f">
         <path>.\simplelink\source\</path>
         <kind>object</kind>
         <file>flowcont.obj</file>
         <name>flowcont.obj</name>
      </input_file>
      <input_file id="fl-10">
         <path>.\simplelink\source\</path>
         <kind>object</kind>
         <file>fs.obj</file>
         <name>fs.obj</name>
      </input_file>
      <input_file id="fl-11">
         <path>.\simplelink\source\</path>
         <kind>object</kind>
         <file>netapp.obj</file>
         <name>netapp.obj</name>
      </input_file>
      <input_file id="fl-12">
         <path>.\simplelink\source\</path>
         <kind>object</kind>
         <file>netcfg.obj</file>
         <name>netcfg.obj</name>
      </input_file>
      <input_file id="fl-13">
         <path>.\simplelink\source\</path>
         <kind>object</kind>
         <file>nonos.obj</file>
         <name>nonos.obj</name>
      </input_file>
      <input_file id="fl-14">
         <path>.\simplelink\source\</path>
         <kind>object</kind>
         <file>socket.obj</file>
         <name>socket.obj</name>
      </input_file>
      <input_file id="fl-15">
         <path>.\simplelink\source\</path>
         <kind>object</kind>
         <file>spawn.obj</file>
         <name>spawn.obj</name>
      </input_file>
      <input_file id="fl-16">
         <path>.\simplelink\source\</path>
         <kind>object</kind>
         <file>wlan.obj</file>
         <name>wlan.obj</name>
      </input_file>
      <input_file id="fl-17">
         <path>.\spi\</path>
         <kind>object</kind>
         <file>spi.obj</file>
         <name>spi.obj</name>
      </input_file>
      <input_file id="fl-18">
         <path>.\timer\</path>
         <kind>object</kind>
         <file>timer_tick.obj</file>
         <name>timer_tick.obj</name>
      </input_file>
      <input_file id="fl-1d">
         <kind>object</kind>
         <file>&lt;internal&gt;</file>
         <name>&lt;internal&gt;</name>
      </input_file>
      <input_file id="fl-1e">
         <path>C:\ti\tirtos_tivac_2_16_01_14\products\TivaWare_C_Series-2.1.1.71b\driverlib\ccs\Debug\</path>
         <kind>archive</kind>
         <file>driverlib.lib</file>
         <name>fpu.obj</name>
      </input_file>
      <input_file id="fl-1f">
         <path>C:\ti\tirtos_tivac_2_16_01_14\products\TivaWare_C_Series-2.1.1.71b\driverlib\ccs\Debug\</path>
         <kind>archive</kind>
         <file>driverlib.lib</file>
         <name>gpio.obj</name>
      </input_file>
      <input_file id="fl-20">
         <path>C:\ti\tirtos_tivac_2_16_01_14\products\TivaWare_C_Series-2.1.1.71b\driverlib\ccs\Debug\</path>
         <kind>archive</kind>
         <file>driverlib.lib</file>
         <name>interrupt.obj</name>
      </input_file>
      <input_file id="fl-21">
         <path>C:\ti\tirtos_tivac_2_16_01_14\products\TivaWare_C_Series-2.1.1.71b\driverlib\ccs\Debug\</path>
         <kind>archive</kind>
         <file>driverlib.lib</file>
         <name>ssi.obj</name>
      </input_file>
      <input_file id="fl-22">
         <path>C:\ti\tirtos_tivac_2_16_01_14\products\TivaWare_C_Series-2.1.1.71b\driverlib\ccs\Debug\</path>
         <kind>archive</kind>
         <file>driverlib.lib</file>
         <name>sysctl.obj</name>
      </input_file>
      <input_file id="fl-23">
         <path>C:\ti\tirtos_tivac_2_16_01_14\products\TivaWare_C_Series-2.1.1.71b\driverlib\ccs\Debug\</path>
         <kind>archive</kind>
         <file>driverlib.lib</file>
         <name>systick.obj</name>
      </input_file>
      <input_file id="fl-24">
         <path>C:\ti\tirtos_tivac_2_16_01_14\products\TivaWare_C_Series-2.1.1.71b\driverlib\ccs\Debug\</path>
         <kind>archive</kind>
         <file>driverlib.lib</file>
         <name>cpu.obj</name>
      </input_file>
      <input_file id="fl-da">
         <path>C:\ti\ccs901\ccs\tools\compiler\ti-cgt-arm_18.12.1.LTS\lib\</path>
         <kind>archive</kind>
         <file>rtsv7M4_T_le_v4SPD16_eabi.lib</file>
         <name>sprintf.c.obj</name>
      </input_file>
      <input_file id="fl-db">
         <path>C:\ti\ccs901\ccs\tools\compiler\ti-cgt-arm_18.12.1.LTS\lib\</path>
         <kind>archive</kind>
         <file>rtsv7M4_T_le_v4SPD16_eabi.lib</file>
         <name>fd_add_t2.asm.obj</name>
      </input_file>
      <input_file id="fl-dc">
         <path>C:\ti\ccs901\ccs\tools\compiler\ti-cgt-arm_18.12.1.LTS\lib\</path>
         <kind>archive</kind>
         <file>rtsv7M4_T_le_v4SPD16_eabi.lib</file>
         <name>fd_div_t2.asm.obj</name>
      </input_file>
      <input_file id="fl-dd">
         <path>C:\ti\ccs901\ccs\tools\compiler\ti-cgt-arm_18.12.1.LTS\lib\</path>
         <kind>archive</kind>
         <file>rtsv7M4_T_le_v4SPD16_eabi.lib</file>
         <name>fd_mul_t2.asm.obj</name>
      </input_file>
      <input_file id="fl-de">
         <path>C:\ti\ccs901\ccs\tools\compiler\ti-cgt-arm_18.12.1.LTS\lib\</path>
         <kind>archive</kind>
         <file>rtsv7M4_T_le_v4SPD16_eabi.lib</file>
         <name>fd_tos_t2.asm.obj</name>
      </input_file>
      <input_file id="fl-df">
         <path>C:\ti\ccs901\ccs\tools\compiler\ti-cgt-arm_18.12.1.LTS\lib\</path>
         <kind>archive</kind>
         <file>rtsv7M4_T_le_v4SPD16_eabi.lib</file>
         <name>fs_tod_t2.asm.obj</name>
      </input_file>
      <input_file id="fl-e0">
         <path>C:\ti\ccs901\ccs\tools\compiler\ti-cgt-arm_18.12.1.LTS\lib\</path>
         <kind>archive</kind>
         <file>rtsv7M4_T_le_v4SPD16_eabi.lib</file>
         <name>i_tofd_t2.asm.obj</name>
      </input_file>
      <input_file id="fl-e1">
         <path>C:\ti\ccs901\ccs\tools\compiler\ti-cgt-arm_18.12.1.LTS\lib\</path>
         <kind>archive</kind>
         <file>rtsv7M4_T_le_v4SPD16_eabi.lib</file>
         <name>memcpy_t2.asm.obj</name>
      </input_file>
      <input_file id="fl-e2">
         <path>C:\ti\ccs901\ccs\tools\compiler\ti-cgt-arm_18.12.1.LTS\lib\</path>
         <kind>archive</kind>
         <file>rtsv7M4_T_le_v4SPD16_eabi.lib</file>
         <name>memset_t2.asm.obj</name>
      </input_file>
      <input_file id="fl-e3">
         <path>C:\ti\ccs901\ccs\tools\compiler\ti-cgt-arm_18.12.1.LTS\lib\</path>
         <kind>archive</kind>
         <file>rtsv7M4_T_le_v4SPD16_eabi.lib</file>
         <name>copy_zero_init.c.obj</name>
      </input_file>
      <input_file id="fl-e4">
         <path>C:\ti\ccs901\ccs\tools\compiler\ti-cgt-arm_18.12.1.LTS\lib\</path>
         <kind>archive</kind>
         <file>rtsv7M4_T_le_v4SPD16_eabi.lib</file>
         <name>copy_decompress_none.c.obj</name>
      </input_file>
      <input_file id="fl-e5">
         <path>C:\ti\ccs901\ccs\tools\compiler\ti-cgt-arm_18.12.1.LTS\lib\</path>
         <kind>archive</kind>
         <file>rtsv7M4_T_le_v4SPD16_eabi.lib</file>
         <name>copy_decompress_lzss.c.obj</name>
      </input_file>
      <input_file id="fl-e6">
         <path>C:\ti\ccs901\ccs\tools\compiler\ti-cgt-arm_18.12.1.LTS\lib\</path>
         <kind>archive</kind>
         <file>rtsv7M4_T_le_v4SPD16_eabi.lib</file>
         <name>atoi.c.obj</name>
      </input_file>
      <input_file id="fl-e7">
         <path>C:\ti\ccs901\ccs\tools\compiler\ti-cgt-arm_18.12.1.LTS\lib\</path>
         <kind>archive</kind>
         <file>rtsv7M4_T_le_v4SPD16_eabi.lib</file>
         <name>ctype.c.obj</name>
      </input_file>
      <input_file id="fl-e8">
         <path>C:\ti\ccs901\ccs\tools\compiler\ti-cgt-arm_18.12.1.LTS\lib\</path>
         <kind>archive</kind>
         <file>rtsv7M4_T_le_v4SPD16_eabi.lib</file>
         <name>strcat.c.obj</name>
      </input_file>
      <input_file id="fl-e9">
         <path>C:\ti\ccs901\ccs\tools\compiler\ti-cgt-arm_18.12.1.LTS\lib\</path>
         <kind>archive</kind>
         <file>rtsv7M4_T_le_v4SPD16_eabi.lib</file>
         <name>strcpy.c.obj</name>
      </input_file>
      <input_file id="fl-ea">
         <path>C:\ti\ccs901\ccs\tools\compiler\ti-cgt-arm_18.12.1.LTS\lib\</path>
         <kind>archive</kind>
         <file>rtsv7M4_T_le_v4SPD16_eabi.lib</file>
         <name>strlen.c.obj</name>
      </input_file>
      <input_file id="fl-eb">
         <path>C:\ti\ccs901\ccs\tools\compiler\ti-cgt-arm_18.12.1.LTS\lib\</path>
         <kind>archive</kind>
         <file>rtsv7M4_T_le_v4SPD16_eabi.lib</file>
         <name>strstr.c.obj</name>
      </input_file>
      <input_file id="fl-ec">
         <path>C:\ti\ccs901\ccs\tools\compiler\ti-cgt-arm_18.12.1.LTS\lib\</path>
         <kind>archive</kind>
         <file>rtsv7M4_T_le_v4SPD16_eabi.lib</file>
         <name>boot_cortex_m.c.obj</name>
      </input_file>
      <input_file id="fl-ed">
         <path>C:\ti\ccs901\ccs\tools\compiler\ti-cgt-arm_18.12.1.LTS\lib\</path>
         <kind>archive</kind>
         <file>rtsv7M4_T_le_v4SPD16_eabi.lib</file>
         <name>_printfi.c.obj</name>
      </input_file>
      <input_file id="fl-ee">
         <path>C:\ti\ccs901\ccs\tools\compiler\ti-cgt-arm_18.12.1.LTS\lib\</path>
         <kind>archive</kind>
         <file>rtsv7M4_T_le_v4SPD16_eabi.lib</file>
         <name>s_frexp.c.obj</name>
      </input_file>
      <input_file id="fl-ef">
         <path>C:\ti\ccs901\ccs\tools\compiler\ti-cgt-arm_18.12.1.LTS\lib\</path>
         <kind>archive</kind>
         <file>rtsv7M4_T_le_v4SPD16_eabi.lib</file>
         <name>s_scalbn.c.obj</name>
      </input_file>
      <input_file id="fl-f0">
         <path>C:\ti\ccs901\ccs\tools\compiler\ti-cgt-arm_18.12.1.LTS\lib\</path>
         <kind>archive</kind>
         <file>rtsv7M4_T_le_v4SPD16_eabi.lib</file>
         <name>s_copysign.c.obj</name>
      </input_file>
      <input_file id="fl-f1">
         <path>C:\ti\ccs901\ccs\tools\compiler\ti-cgt-arm_18.12.1.LTS\lib\</path>
         <kind>archive</kind>
         <file>rtsv7M4_T_le_v4SPD16_eabi.lib</file>
         <name>ull_div_t2.asm.obj</name>
      </input_file>
      <input_file id="fl-f2">
         <path>C:\ti\ccs901\ccs\tools\compiler\ti-cgt-arm_18.12.1.LTS\lib\</path>
         <kind>archive</kind>
         <file>rtsv7M4_T_le_v4SPD16_eabi.lib</file>
         <name>fd_cmp_t2.asm.obj</name>
      </input_file>
      <input_file id="fl-f3">
         <path>C:\ti\ccs901\ccs\tools\compiler\ti-cgt-arm_18.12.1.LTS\lib\</path>
         <kind>archive</kind>
         <file>rtsv7M4_T_le_v4SPD16_eabi.lib</file>
         <name>fd_toi_t2.asm.obj</name>
      </input_file>
      <input_file id="fl-f4">
         <path>C:\ti\ccs901\ccs\tools\compiler\ti-cgt-arm_18.12.1.LTS\lib\</path>
         <kind>archive</kind>
         <file>rtsv7M4_T_le_v4SPD16_eabi.lib</file>
         <name>autoinit.c.obj</name>
      </input_file>
      <input_file id="fl-f5">
         <path>C:\ti\ccs901\ccs\tools\compiler\ti-cgt-arm_18.12.1.LTS\lib\</path>
         <kind>archive</kind>
         <file>rtsv7M4_T_le_v4SPD16_eabi.lib</file>
         <name>pre_init.c.obj</name>
      </input_file>
      <input_file id="fl-f6">
         <path>C:\ti\ccs901\ccs\tools\compiler\ti-cgt-arm_18.12.1.LTS\lib\</path>
         <kind>archive</kind>
         <file>rtsv7M4_T_le_v4SPD16_eabi.lib</file>
         <name>cpy_tbl.c.obj</name>
      </input_file>
      <input_file id="fl-f7">
         <path>C:\ti\ccs901\ccs\tools\compiler\ti-cgt-arm_18.12.1.LTS\lib\</path>
         <kind>archive</kind>
         <file>rtsv7M4_T_le_v4SPD16_eabi.lib</file>
         <name>exit.c.obj</name>
      </input_file>
      <input_file id="fl-f8">
         <path>C:\ti\ccs901\ccs\tools\compiler\ti-cgt-arm_18.12.1.LTS\lib\</path>
         <kind>archive</kind>
         <file>rtsv7M4_T_le_v4SPD16_eabi.lib</file>
         <name>_lock.c.obj</name>
      </input_file>
      <input_file id="fl-f9">
         <path>C:\ti\ccs901\ccs\tools\compiler\ti-cgt-arm_18.12.1.LTS\lib\</path>
         <kind>archive</kind>
         <file>rtsv7M4_T_le_v4SPD16_eabi.lib</file>
         <name>args_main.c.obj</name>
      </input_file>
      <input_file id="fl-fa">
         <path>C:\ti\ccs901\ccs\tools\compiler\ti-cgt-arm_18.12.1.LTS\lib\</path>
         <kind>archive</kind>
         <file>rtsv7M4_T_le_v4SPD16_eabi.lib</file>
         <name>ltoa.c.obj</name>
      </input_file>
      <input_file id="fl-fb">
         <path>C:\ti\ccs901\ccs\tools\compiler\ti-cgt-arm_18.12.1.LTS\lib\</path>
         <kind>archive</kind>
         <file>rtsv7M4_T_le_v4SPD16_eabi.lib</file>
         <name>memccpy.c.obj</name>
      </input_file>
      <input_file id="fl-fc">
         <path>C:\ti\ccs901\ccs\tools\compiler\ti-cgt-arm_18.12.1.LTS\lib\</path>
         <kind>archive</kind>
         <file>rtsv7M4_T_le_v4SPD16_eabi.lib</file>
         <name>strchr.c.obj</name>
      </input_file>
      <input_file id="fl-fd">
         <path>C:\ti\ccs901\ccs\tools\compiler\ti-cgt-arm_18.12.1.LTS\lib\</path>
         <kind>archive</kind>
         <file>rtsv7M4_T_le_v4SPD16_eabi.lib</file>
         <name>errno.c.obj</name>
      </input_file>
      <input_file id="fl-fe">
         <path>C:\ti\ccs901\ccs\tools\compiler\ti-cgt-arm_18.12.1.LTS\lib\</path>
         <kind>archive</kind>
         <file>rtsv7M4_T_le_v4SPD16_eabi.lib</file>
         <name>wcslen.c.obj</name>
      </input_file>
      <input_file id="fl-ff">
         <path>C:\ti\ccs901\ccs\tools\compiler\ti-cgt-arm_18.12.1.LTS\lib\</path>
         <kind>archive</kind>
         <file>rtsv7M4_T_le_v4SPD16_eabi.lib</file>
         <name>div0.asm.obj</name>
      </input_file>
   </input_file_list>
   <object_component_list>
      <object_component id="oc-f">
         <name>.intvecs</name>
         <load_address>0x0</load_address>
         <run_address>0x0</run_address>
         <size>0x208</size>
         <input_file_ref idref="fl-a"/>
      </object_component>
      <object_component id="oc-1b8">
         <name>.text</name>
         <load_address>0x208</load_address>
         <run_address>0x208</run_address>
         <size>0x1db4</size>
         <input_file_ref idref="fl-e"/>
      </object_component>
      <object_component id="oc-9b">
         <name>.text</name>
         <load_address>0x1fbc</load_address>
         <run_address>0x1fbc</run_address>
         <size>0x132c</size>
         <input_file_ref idref="fl-6"/>
      </object_component>
      <object_component id="oc-149">
         <name>.text</name>
         <load_address>0x32e8</load_address>
         <run_address>0x32e8</run_address>
         <size>0xf40</size>
         <input_file_ref idref="fl-14"/>
      </object_component>
      <object_component id="oc-10d">
         <name>.text</name>
         <load_address>0x4228</load_address>
         <run_address>0x4228</run_address>
         <size>0xdf8</size>
         <input_file_ref idref="fl-16"/>
      </object_component>
      <object_component id="oc-11c">
         <name>.text</name>
         <load_address>0x5020</load_address>
         <run_address>0x5020</run_address>
         <size>0xc10</size>
         <input_file_ref idref="fl-11"/>
      </object_component>
      <object_component id="oc-47b">
         <name>.text:__TI_printfi</name>
         <load_address>0x5c30</load_address>
         <run_address>0x5c30</run_address>
         <size>0xa4e</size>
         <input_file_ref idref="fl-ed"/>
      </object_component>
      <object_component id="oc-612">
         <name>.text</name>
         <load_address>0x667e</load_address>
         <run_address>0x667e</run_address>
         <size>0x2</size>
         <input_file_ref idref="fl-ff"/>
      </object_component>
      <object_component id="oc-80">
         <name>.text</name>
         <load_address>0x6680</load_address>
         <run_address>0x6680</run_address>
         <size>0x728</size>
         <input_file_ref idref="fl-2"/>
      </object_component>
      <object_component id="oc-2a">
         <name>.text</name>
         <load_address>0x6da8</load_address>
         <run_address>0x6da8</run_address>
         <size>0x6c8</size>
         <input_file_ref idref="fl-8"/>
      </object_component>
      <object_component id="oc-b9">
         <name>.text</name>
         <load_address>0x7470</load_address>
         <run_address>0x7470</run_address>
         <size>0x56c</size>
         <input_file_ref idref="fl-d"/>
      </object_component>
      <object_component id="oc-552">
         <name>.text:_pconv_a</name>
         <load_address>0x79dc</load_address>
         <run_address>0x79dc</run_address>
         <size>0x270</size>
         <input_file_ref idref="fl-ed"/>
      </object_component>
      <object_component id="oc-153">
         <name>.text</name>
         <load_address>0x7c4c</load_address>
         <run_address>0x7c4c</run_address>
         <size>0x268</size>
         <input_file_ref idref="fl-9"/>
      </object_component>
      <object_component id="oc-1be">
         <name>.text</name>
         <load_address>0x7eb4</load_address>
         <run_address>0x7eb4</run_address>
         <size>0x220</size>
         <input_file_ref idref="fl-17"/>
      </object_component>
      <object_component id="oc-189">
         <name>.text:SysCtlClockFreqSet</name>
         <load_address>0x80d4</load_address>
         <run_address>0x80d4</run_address>
         <size>0x204</size>
         <input_file_ref idref="fl-22"/>
      </object_component>
      <object_component id="oc-b3">
         <name>.text</name>
         <load_address>0x82d8</load_address>
         <run_address>0x82d8</run_address>
         <size>0x1dc</size>
         <input_file_ref idref="fl-4"/>
      </object_component>
      <object_component id="oc-540">
         <name>.text:_pconv_g</name>
         <load_address>0x84b4</load_address>
         <run_address>0x84b4</run_address>
         <size>0x1d0</size>
         <input_file_ref idref="fl-ed"/>
      </object_component>
      <object_component id="oc-96">
         <name>.text</name>
         <load_address>0x8684</load_address>
         <run_address>0x8684</run_address>
         <size>0x1b6</size>
         <input_file_ref idref="fl-db"/>
      </object_component>
      <object_component id="oc-107">
         <name>.text</name>
         <load_address>0x883c</load_address>
         <run_address>0x883c</run_address>
         <size>0x19c</size>
         <input_file_ref idref="fl-13"/>
      </object_component>
      <object_component id="oc-116">
         <name>.text</name>
         <load_address>0x89d8</load_address>
         <run_address>0x89d8</run_address>
         <size>0x168</size>
         <input_file_ref idref="fl-12"/>
      </object_component>
      <object_component id="oc-ad">
         <name>.text</name>
         <load_address>0x8b40</load_address>
         <run_address>0x8b40</run_address>
         <size>0x160</size>
         <input_file_ref idref="fl-c"/>
      </object_component>
      <object_component id="oc-54c">
         <name>.text:_pconv_e</name>
         <load_address>0x8ca0</load_address>
         <run_address>0x8ca0</run_address>
         <size>0x13c</size>
         <input_file_ref idref="fl-ed"/>
      </object_component>
      <object_component id="oc-76">
         <name>.text</name>
         <load_address>0x8ddc</load_address>
         <run_address>0x8ddc</run_address>
         <size>0x136</size>
         <input_file_ref idref="fl-dc"/>
      </object_component>
      <object_component id="oc-39d">
         <name>.text:GPIOPadConfigSet</name>
         <load_address>0x8f12</load_address>
         <run_address>0x8f12</run_address>
         <size>0x130</size>
         <input_file_ref idref="fl-1f"/>
      </object_component>
      <object_component id="oc-5ca">
         <name>.text:fcvt</name>
         <load_address>0x9044</load_address>
         <run_address>0x9044</run_address>
         <size>0x124</size>
         <input_file_ref idref="fl-ed"/>
      </object_component>
      <object_component id="oc-a1">
         <name>.text</name>
         <load_address>0x9168</load_address>
         <run_address>0x9168</run_address>
         <size>0x110</size>
         <input_file_ref idref="fl-3"/>
      </object_component>
      <object_component id="oc-5de">
         <name>.text:scalbn</name>
         <load_address>0x9278</load_address>
         <run_address>0x9278</run_address>
         <size>0x110</size>
         <input_file_ref idref="fl-ef"/>
      </object_component>
      <object_component id="oc-91">
         <name>.text</name>
         <load_address>0x9388</load_address>
         <run_address>0x9388</run_address>
         <size>0xfc</size>
         <input_file_ref idref="fl-dd"/>
      </object_component>
      <object_component id="oc-535">
         <name>.text:_ltostr</name>
         <load_address>0x9484</load_address>
         <run_address>0x9484</run_address>
         <size>0xb1</size>
         <input_file_ref idref="fl-ed"/>
      </object_component>
      <object_component id="oc-a7">
         <name>.text</name>
         <load_address>0x9538</load_address>
         <run_address>0x9538</run_address>
         <size>0xa0</size>
         <input_file_ref idref="fl-b"/>
      </object_component>
      <object_component id="oc-3e">
         <name>.text</name>
         <load_address>0x95d8</load_address>
         <run_address>0x95d8</run_address>
         <size>0x9c</size>
         <input_file_ref idref="fl-e1"/>
      </object_component>
      <object_component id="oc-5a6">
         <name>.text</name>
         <load_address>0x9674</load_address>
         <run_address>0x9674</run_address>
         <size>0x96</size>
         <input_file_ref idref="fl-f1"/>
      </object_component>
      <object_component id="oc-53b">
         <name>.text:__aeabi_cdcmple</name>
         <load_address>0x970a</load_address>
         <run_address>0x970a</run_address>
         <size>0x86</size>
         <input_file_ref idref="fl-f2"/>
      </object_component>
      <object_component id="oc-5ad">
         <name>.text:__aeabi_cdrcmple</name>
         <load_address>0x9790</load_address>
         <run_address>0x9790</run_address>
         <size>0x86</size>
         <input_file_ref idref="fl-f2"/>
      </object_component>
      <object_component id="oc-e3">
         <name>.text</name>
         <load_address>0x9816</load_address>
         <run_address>0x9816</run_address>
         <size>0x7a</size>
         <input_file_ref idref="fl-e2"/>
      </object_component>
      <object_component id="oc-86">
         <name>.text</name>
         <load_address>0x9890</load_address>
         <run_address>0x9890</run_address>
         <size>0x78</size>
         <input_file_ref idref="fl-5"/>
      </object_component>
      <object_component id="oc-5c3">
         <name>.text:_mcpy</name>
         <load_address>0x9908</load_address>
         <run_address>0x9908</run_address>
         <size>0x6e</size>
         <input_file_ref idref="fl-ed"/>
      </object_component>
      <object_component id="oc-7b">
         <name>.text</name>
         <load_address>0x9976</load_address>
         <run_address>0x9976</run_address>
         <size>0x6e</size>
         <input_file_ref idref="fl-de"/>
      </object_component>
      <object_component id="oc-3b5">
         <name>.text:IntEnable</name>
         <load_address>0x99e4</load_address>
         <run_address>0x99e4</run_address>
         <size>0x68</size>
         <input_file_ref idref="fl-20"/>
      </object_component>
      <object_component id="oc-12">
         <name>.text:decompress:lzss:__TI_decompress_lzss</name>
         <load_address>0x9a4c</load_address>
         <run_address>0x9a4c</run_address>
         <size>0x68</size>
         <input_file_ref idref="fl-e5"/>
      </object_component>
      <object_component id="oc-5d8">
         <name>.text:frexp</name>
         <load_address>0x9ab4</load_address>
         <run_address>0x9ab4</run_address>
         <size>0x64</size>
         <input_file_ref idref="fl-ee"/>
      </object_component>
      <object_component id="oc-373">
         <name>.text</name>
         <load_address>0x9b18</load_address>
         <run_address>0x9b18</run_address>
         <size>0x5c</size>
         <input_file_ref idref="fl-18"/>
      </object_component>
      <object_component id="oc-3a3">
         <name>.text:GPIOIntTypeSet</name>
         <load_address>0x9b74</load_address>
         <run_address>0x9b74</run_address>
         <size>0x56</size>
         <input_file_ref idref="fl-1f"/>
      </object_component>
      <object_component id="oc-546">
         <name>.text:_pconv_f</name>
         <load_address>0x9bca</load_address>
         <run_address>0x9bca</run_address>
         <size>0x56</size>
         <input_file_ref idref="fl-ed"/>
      </object_component>
      <object_component id="oc-5b7">
         <name>.text:ltoa</name>
         <load_address>0x9c20</load_address>
         <run_address>0x9c20</run_address>
         <size>0x54</size>
         <input_file_ref idref="fl-fa"/>
      </object_component>
      <object_component id="oc-5bd">
         <name>.text:_ecpy</name>
         <load_address>0x9c74</load_address>
         <run_address>0x9c74</run_address>
         <size>0x52</size>
         <input_file_ref idref="fl-ed"/>
      </object_component>
      <object_component id="oc-15a">
         <name>.text:atoi</name>
         <load_address>0x9cc8</load_address>
         <run_address>0x9cc8</run_address>
         <size>0x4c</size>
         <input_file_ref idref="fl-e6"/>
      </object_component>
      <object_component id="oc-1a8">
         <name>.text:GPIOPinConfigure</name>
         <load_address>0x9d14</load_address>
         <run_address>0x9d14</run_address>
         <size>0x48</size>
         <input_file_ref idref="fl-1f"/>
      </object_component>
      <object_component id="oc-33a">
         <name>.text:_SysCtlFrequencyGet</name>
         <load_address>0x9d5c</load_address>
         <run_address>0x9d5c</run_address>
         <size>0x48</size>
         <input_file_ref idref="fl-22"/>
      </object_component>
      <object_component id="oc-5b2">
         <name>.text</name>
         <load_address>0x9da4</load_address>
         <run_address>0x9da4</run_address>
         <size>0x48</size>
         <input_file_ref idref="fl-f3"/>
      </object_component>
      <object_component id="oc-220">
         <name>.text:__TI_auto_init_nobinit_nopinit:__TI_auto_init_nobinit_nopinit</name>
         <load_address>0x9dec</load_address>
         <run_address>0x9dec</run_address>
         <size>0x44</size>
         <input_file_ref idref="fl-f4"/>
      </object_component>
      <object_component id="oc-30f">
         <name>.text:sprintf</name>
         <load_address>0x9e30</load_address>
         <run_address>0x9e30</run_address>
         <size>0x40</size>
         <input_file_ref idref="fl-da"/>
      </object_component>
      <object_component id="oc-5d0">
         <name>.text:_fcpy</name>
         <load_address>0x9e70</load_address>
         <run_address>0x9e70</run_address>
         <size>0x3e</size>
         <input_file_ref idref="fl-ed"/>
      </object_component>
      <object_component id="oc-38b">
         <name>.text:SSIConfigSetExpClk</name>
         <load_address>0x9eae</load_address>
         <run_address>0x9eae</run_address>
         <size>0x3c</size>
         <input_file_ref idref="fl-21"/>
      </object_component>
      <object_component id="oc-8c">
         <name>.text</name>
         <load_address>0x9eea</load_address>
         <run_address>0x9eea</run_address>
         <size>0x38</size>
         <input_file_ref idref="fl-df"/>
      </object_component>
      <object_component id="oc-583">
         <name>.text:IntRegister</name>
         <load_address>0x9f24</load_address>
         <run_address>0x9f24</run_address>
         <size>0x34</size>
         <input_file_ref idref="fl-20"/>
      </object_component>
      <object_component id="oc-37f">
         <name>.text:SysCtlPeripheralEnable</name>
         <load_address>0x9f58</load_address>
         <run_address>0x9f58</run_address>
         <size>0x34</size>
         <input_file_ref idref="fl-22"/>
      </object_component>
      <object_component id="oc-5c">
         <name>.text:_c_int00_noargs:_c_int00_noargs</name>
         <load_address>0x9f8c</load_address>
         <run_address>0x9f8c</run_address>
         <size>0x34</size>
         <input_file_ref idref="fl-ec"/>
      </object_component>
      <object_component id="oc-137">
         <name>.text:strstr</name>
         <load_address>0x9fc0</load_address>
         <run_address>0x9fc0</run_address>
         <size>0x34</size>
         <input_file_ref idref="fl-eb"/>
      </object_component>
      <object_component id="oc-71">
         <name>.text</name>
         <load_address>0x9ff4</load_address>
         <run_address>0x9ff4</run_address>
         <size>0x2e</size>
         <input_file_ref idref="fl-e0"/>
      </object_component>
      <object_component id="oc-4f3">
         <name>.text:GPIODirModeSet</name>
         <load_address>0xa022</load_address>
         <run_address>0xa022</run_address>
         <size>0x2a</size>
         <input_file_ref idref="fl-1f"/>
      </object_component>
      <object_component id="oc-24">
         <name>.text</name>
         <load_address>0xa04c</load_address>
         <run_address>0xa04c</run_address>
         <size>0x26</size>
         <input_file_ref idref="fl-a"/>
      </object_component>
      <object_component id="oc-315">
         <name>.text:strcat</name>
         <load_address>0xa072</load_address>
         <run_address>0xa072</run_address>
         <size>0x1e</size>
         <input_file_ref idref="fl-e8"/>
      </object_component>
      <object_component id="oc-4dc">
         <name>.text:SysTickIntRegister</name>
         <load_address>0xa090</load_address>
         <run_address>0xa090</run_address>
         <size>0x1c</size>
         <input_file_ref idref="fl-23"/>
      </object_component>
      <object_component id="oc-334">
         <name>.text:_SysCtlMemTimingGet</name>
         <load_address>0xa0ac</load_address>
         <run_address>0xa0ac</run_address>
         <size>0x1c</size>
         <input_file_ref idref="fl-22"/>
      </object_component>
      <object_component id="oc-558">
         <name>.text:memccpy</name>
         <load_address>0xa0c8</load_address>
         <run_address>0xa0c8</run_address>
         <size>0x1c</size>
         <input_file_ref idref="fl-fb"/>
      </object_component>
      <object_component id="oc-627">
         <name>.text:copysign</name>
         <load_address>0xa0e4</load_address>
         <run_address>0xa0e4</run_address>
         <size>0x1a</size>
         <input_file_ref idref="fl-f0"/>
      </object_component>
      <object_component id="oc-481">
         <name>.text:_outs</name>
         <load_address>0xa0fe</load_address>
         <run_address>0xa0fe</run_address>
         <size>0x18</size>
         <input_file_ref idref="fl-da"/>
      </object_component>
      <object_component id="oc-5e4">
         <name>.text:strchr</name>
         <load_address>0xa116</load_address>
         <run_address>0xa116</run_address>
         <size>0x16</size>
         <input_file_ref idref="fl-fc"/>
      </object_component>
      <object_component id="oc-4d0">
         <name>.text:SysTickDisable</name>
         <load_address>0xa12c</load_address>
         <run_address>0xa12c</run_address>
         <size>0x14</size>
         <input_file_ref idref="fl-23"/>
      </object_component>
      <object_component id="oc-4e8">
         <name>.text:SysTickEnable</name>
         <load_address>0xa140</load_address>
         <run_address>0xa140</run_address>
         <size>0x14</size>
         <input_file_ref idref="fl-23"/>
      </object_component>
      <object_component id="oc-4e2">
         <name>.text:SysTickIntEnable</name>
         <load_address>0xa154</load_address>
         <run_address>0xa154</run_address>
         <size>0x14</size>
         <input_file_ref idref="fl-23"/>
      </object_component>
      <object_component id="oc-143">
         <name>.text:strcpy</name>
         <load_address>0xa168</load_address>
         <run_address>0xa168</run_address>
         <size>0x14</size>
         <input_file_ref idref="fl-e9"/>
      </object_component>
      <object_component id="oc-122">
         <name>.text:strlen</name>
         <load_address>0xa17c</load_address>
         <run_address>0xa17c</run_address>
         <size>0x14</size>
         <input_file_ref idref="fl-ea"/>
      </object_component>
      <object_component id="oc-397">
         <name>.text:GPIOPinTypeGPIOInput</name>
         <load_address>0xa190</load_address>
         <run_address>0xa190</run_address>
         <size>0x12</size>
         <input_file_ref idref="fl-1f"/>
      </object_component>
      <object_component id="oc-385">
         <name>.text:GPIOPinTypeSSI</name>
         <load_address>0xa1a2</load_address>
         <run_address>0xa1a2</run_address>
         <size>0x12</size>
         <input_file_ref idref="fl-1f"/>
      </object_component>
      <object_component id="oc-3ce">
         <name>.text:SSIDataGetNonBlocking</name>
         <load_address>0xa1b4</load_address>
         <run_address>0xa1b4</run_address>
         <size>0x12</size>
         <input_file_ref idref="fl-21"/>
      </object_component>
      <object_component id="oc-55e">
         <name>.text:wcslen</name>
         <load_address>0xa1c6</load_address>
         <run_address>0xa1c6</run_address>
         <size>0x12</size>
         <input_file_ref idref="fl-fe"/>
      </object_component>
      <object_component id="oc-17d">
         <name>.text:FPUEnable</name>
         <load_address>0xa1d8</load_address>
         <run_address>0xa1d8</run_address>
         <size>0x10</size>
         <input_file_ref idref="fl-1e"/>
      </object_component>
      <object_component id="oc-183">
         <name>.text:FPULazyStackingEnable</name>
         <load_address>0xa1e8</load_address>
         <run_address>0xa1e8</run_address>
         <size>0x10</size>
         <input_file_ref idref="fl-1e"/>
      </object_component>
      <object_component id="oc-3bb">
         <name>.text:IntMasterEnable</name>
         <load_address>0xa1f8</load_address>
         <run_address>0xa1f8</run_address>
         <size>0x10</size>
         <input_file_ref idref="fl-20"/>
      </object_component>
      <object_component id="oc-4d6">
         <name>.text:SysTickPeriodSet</name>
         <load_address>0xa208</load_address>
         <run_address>0xa208</run_address>
         <size>0x10</size>
         <input_file_ref idref="fl-23"/>
      </object_component>
      <object_component id="oc-195">
         <name>.text:GPIOIntDisable</name>
         <load_address>0xa218</load_address>
         <run_address>0xa218</run_address>
         <size>0xe</size>
         <input_file_ref idref="fl-1f"/>
      </object_component>
      <object_component id="oc-3a9">
         <name>.text:GPIOIntStatus</name>
         <load_address>0xa226</load_address>
         <run_address>0xa226</run_address>
         <size>0xe</size>
         <input_file_ref idref="fl-1f"/>
      </object_component>
      <object_component id="oc-3c8">
         <name>.text:SSIDataPutNonBlocking</name>
         <load_address>0xa234</load_address>
         <run_address>0xa234</run_address>
         <size>0xe</size>
         <input_file_ref idref="fl-21"/>
      </object_component>
      <object_component id="oc-18">
         <name>.text:decompress:none:__TI_decompress_none</name>
         <load_address>0xa242</load_address>
         <run_address>0xa242</run_address>
         <size>0xe</size>
         <input_file_ref idref="fl-e4"/>
      </object_component>
      <object_component id="oc-507">
         <name>.text:CPUcpsie</name>
         <load_address>0xa250</load_address>
         <run_address>0xa250</run_address>
         <size>0xc</size>
         <input_file_ref idref="fl-24"/>
      </object_component>
      <object_component id="oc-18f">
         <name>.text:GPIOIntEnable</name>
         <load_address>0xa25c</load_address>
         <run_address>0xa25c</run_address>
         <size>0xc</size>
         <input_file_ref idref="fl-1f"/>
      </object_component>
      <object_component id="oc-50">
         <name>.text:decompress:ZI:__TI_zero_init</name>
         <load_address>0xa268</load_address>
         <run_address>0xa268</run_address>
         <size>0xc</size>
         <input_file_ref idref="fl-e3"/>
      </object_component>
      <object_component id="oc-391">
         <name>.text:SSIEnable</name>
         <load_address>0xa274</load_address>
         <run_address>0xa274</run_address>
         <size>0xa</size>
         <input_file_ref idref="fl-21"/>
      </object_component>
      <object_component id="oc-487">
         <name>.text:_outc</name>
         <load_address>0xa27e</load_address>
         <run_address>0xa27e</run_address>
         <size>0xa</size>
         <input_file_ref idref="fl-da"/>
      </object_component>
      <object_component id="oc-3d4">
         <name>.text:SSIBusy</name>
         <load_address>0xa288</load_address>
         <run_address>0xa288</run_address>
         <size>0x8</size>
         <input_file_ref idref="fl-21"/>
      </object_component>
      <object_component id="oc-564">
         <name>.text:__aeabi_errno_addr</name>
         <load_address>0xa290</load_address>
         <run_address>0xa290</run_address>
         <size>0x8</size>
         <input_file_ref idref="fl-fd"/>
      </object_component>
      <object_component id="oc-3af">
         <name>.text:GPIOIntClear</name>
         <load_address>0xa298</load_address>
         <run_address>0xa298</run_address>
         <size>0x6</size>
         <input_file_ref idref="fl-1f"/>
      </object_component>
      <object_component id="oc-3c2">
         <name>.text:GPIOPinWrite</name>
         <load_address>0xa29e</load_address>
         <run_address>0xa29e</run_address>
         <size>0x6</size>
         <input_file_ref idref="fl-1f"/>
      </object_component>
      <object_component id="oc-3c1">
         <name>.text:SysCtlDelay</name>
         <load_address>0xa2a4</load_address>
         <run_address>0xa2a4</run_address>
         <size>0x6</size>
         <input_file_ref idref="fl-22"/>
      </object_component>
      <object_component id="oc-e9">
         <name>.text:_system_pre_init</name>
         <load_address>0xa2aa</load_address>
         <run_address>0xa2aa</run_address>
         <size>0x4</size>
         <input_file_ref idref="fl-f5"/>
      </object_component>
      <object_component id="oc-214">
         <name>.text:abort:abort</name>
         <load_address>0xa2ae</load_address>
         <run_address>0xa2ae</run_address>
         <size>0x4</size>
         <input_file_ref idref="fl-f7"/>
      </object_component>
      <object_component id="oc-343">
         <name>.const:g_pppui32XTALtoVCO</name>
         <load_address>0xa2b4</load_address>
         <run_address>0xa2b4</run_address>
         <size>0x120</size>
         <input_file_ref idref="fl-22"/>
      </object_component>
      <object_component id="oc-32d">
         <name>.const:.string:_ctypes_</name>
         <load_address>0xa3d4</load_address>
         <run_address>0xa3d4</run_address>
         <size>0x101</size>
         <input_file_ref idref="fl-e7"/>
      </object_component>
      <object_component id="oc-357">
         <name>.const:g_pui32GPIOBaseAddrs</name>
         <load_address>0xa4d8</load_address>
         <run_address>0xa4d8</run_address>
         <size>0x90</size>
         <input_file_ref idref="fl-1f"/>
      </object_component>
      <object_component id="oc-502">
         <name>.const</name>
         <load_address>0xa568</load_address>
         <run_address>0xa568</run_address>
         <size>0x70</size>
         <input_file_ref idref="fl-20"/>
      </object_component>
      <object_component id="oc-340">
         <name>.const:g_pui32Xtals</name>
         <load_address>0xa5d8</load_address>
         <run_address>0xa5d8</run_address>
         <size>0x6c</size>
         <input_file_ref idref="fl-22"/>
      </object_component>
      <object_component id="oc-364">
         <name>.const:OpcodeTranslateTable</name>
         <load_address>0xa644</load_address>
         <run_address>0xa644</run_address>
         <size>0x3c</size>
         <input_file_ref idref="fl-e"/>
      </object_component>
      <object_component id="oc-370">
         <name>.const:_SlActionLookupTable</name>
         <load_address>0xa680</load_address>
         <run_address>0xa680</run_address>
         <size>0x38</size>
         <input_file_ref idref="fl-e"/>
      </object_component>
      <object_component id="oc-4ac">
         <name>.const:g_sXTALtoMEMTIM</name>
         <load_address>0xa6b8</load_address>
         <run_address>0xa6b8</run_address>
         <size>0x30</size>
         <input_file_ref idref="fl-22"/>
      </object_component>
      <object_component id="oc-128">
         <name>.const:$P$T0$1</name>
         <load_address>0xa6e8</load_address>
         <run_address>0xa6e8</run_address>
         <size>0x2c</size>
         <input_file_ref idref="fl-6"/>
      </object_component>
      <object_component id="oc-131">
         <name>.const:$P$T3$4</name>
         <load_address>0xa714</load_address>
         <run_address>0xa714</run_address>
         <size>0x20</size>
         <input_file_ref idref="fl-6"/>
      </object_component>
      <object_component id="oc-13d">
         <name>.const:$P$T5$6</name>
         <load_address>0xa734</load_address>
         <run_address>0xa734</run_address>
         <size>0x20</size>
         <input_file_ref idref="fl-6"/>
      </object_component>
      <object_component id="oc-367">
         <name>.const:RxMsgClassLUT</name>
         <load_address>0xa754</load_address>
         <run_address>0xa754</run_address>
         <size>0x20</size>
         <input_file_ref idref="fl-e"/>
      </object_component>
      <object_component id="oc-36a">
         <name>.const:$P$T0$1</name>
         <load_address>0xa774</load_address>
         <run_address>0xa774</run_address>
         <size>0x14</size>
         <input_file_ref idref="fl-e"/>
      </object_component>
      <object_component id="oc-256">
         <name>.const:$P$T0$1</name>
         <load_address>0xa788</load_address>
         <run_address>0xa788</run_address>
         <size>0x14</size>
         <input_file_ref idref="fl-13"/>
      </object_component>
      <object_component id="oc-12b">
         <name>.const:$P$T1$2</name>
         <load_address>0xa79c</load_address>
         <run_address>0xa79c</run_address>
         <size>0x14</size>
         <input_file_ref idref="fl-6"/>
      </object_component>
      <object_component id="oc-134">
         <name>.const:$P$T4$5</name>
         <load_address>0xa7b0</load_address>
         <run_address>0xa7b0</run_address>
         <size>0x14</size>
         <input_file_ref idref="fl-6"/>
      </object_component>
      <object_component id="oc-140">
         <name>.const:$P$T6$7</name>
         <load_address>0xa7c4</load_address>
         <run_address>0xa7c4</run_address>
         <size>0x14</size>
         <input_file_ref idref="fl-6"/>
      </object_component>
      <object_component id="oc-2de">
         <name>.const:.string:_SlPayloadByProtocolLUT</name>
         <load_address>0xa7d8</load_address>
         <run_address>0xa7d8</run_address>
         <size>0x10</size>
         <input_file_ref idref="fl-14"/>
      </object_component>
      <object_component id="oc-12e">
         <name>.const:$P$T2$3</name>
         <load_address>0xa7e8</load_address>
         <run_address>0xa7e8</run_address>
         <size>0xc</size>
         <input_file_ref idref="fl-6"/>
      </object_component>
      <object_component id="oc-1c4">
         <name>.const:StartResponseLUT</name>
         <load_address>0xa7f4</load_address>
         <run_address>0xa7f4</run_address>
         <size>0x8</size>
         <input_file_ref idref="fl-d"/>
      </object_component>
      <object_component id="oc-346">
         <name>.const</name>
         <load_address>0xa7fc</load_address>
         <run_address>0xa7fc</run_address>
         <size>0x8</size>
         <input_file_ref idref="fl-22"/>
      </object_component>
      <object_component id="oc-36d">
         <name>.const:g_H2NCnysPattern</name>
         <load_address>0xa804</load_address>
         <run_address>0xa804</run_address>
         <size>0x8</size>
         <input_file_ref idref="fl-e"/>
      </object_component>
      <object_component id="oc-361">
         <name>.const:g_H2NSyncPattern</name>
         <load_address>0xa80c</load_address>
         <run_address>0xa80c</run_address>
         <size>0x8</size>
         <input_file_ref idref="fl-e"/>
      </object_component>
      <object_component id="oc-2b7">
         <name>.const:$P$T0$1</name>
         <load_address>0xa814</load_address>
         <run_address>0xa814</run_address>
         <size>0x4</size>
         <input_file_ref idref="fl-11"/>
      </object_component>
      <object_component id="oc-2e7">
         <name>.const:$P$T0$1</name>
         <load_address>0xa818</load_address>
         <run_address>0xa818</run_address>
         <size>0x4</size>
         <input_file_ref idref="fl-14"/>
      </object_component>
      <object_component id="oc-25e">
         <name>.const:$P$T0$1</name>
         <load_address>0xa81c</load_address>
         <run_address>0xa81c</run_address>
         <size>0x4</size>
         <input_file_ref idref="fl-16"/>
      </object_component>
      <object_component id="oc-2ea">
         <name>.const:$P$T1$2</name>
         <load_address>0xa820</load_address>
         <run_address>0xa820</run_address>
         <size>0x4</size>
         <input_file_ref idref="fl-14"/>
      </object_component>
      <object_component id="oc-267">
         <name>.const:$P$T1$2</name>
         <load_address>0xa824</load_address>
         <run_address>0xa824</run_address>
         <size>0x4</size>
         <input_file_ref idref="fl-16"/>
      </object_component>
      <object_component id="oc-2f0">
         <name>.const:$P$T2$3</name>
         <load_address>0xa828</load_address>
         <run_address>0xa828</run_address>
         <size>0x4</size>
         <input_file_ref idref="fl-14"/>
      </object_component>
      <object_component id="oc-27c">
         <name>.const:$P$T2$3</name>
         <load_address>0xa82c</load_address>
         <run_address>0xa82c</run_address>
         <size>0x4</size>
         <input_file_ref idref="fl-16"/>
      </object_component>
      <object_component id="oc-2f9">
         <name>.const:_SlAcceptCmdCtrl</name>
         <load_address>0xa830</load_address>
         <run_address>0xa830</run_address>
         <size>0x4</size>
         <input_file_ref idref="fl-14"/>
      </object_component>
      <object_component id="oc-1d6">
         <name>.const:_SlDeviceGetCmdCtrl</name>
         <load_address>0xa834</load_address>
         <run_address>0xa834</run_address>
         <size>0x4</size>
         <input_file_ref idref="fl-d"/>
      </object_component>
      <object_component id="oc-1d9">
         <name>.const:_SlDeviceSetCmdCtrl</name>
         <load_address>0xa838</load_address>
         <run_address>0xa838</run_address>
         <size>0x4</size>
         <input_file_ref idref="fl-d"/>
      </object_component>
      <object_component id="oc-1d3">
         <name>.const:_SlEventMaskGetCmdCtrl</name>
         <load_address>0xa83c</load_address>
         <run_address>0xa83c</run_address>
         <size>0x4</size>
         <input_file_ref idref="fl-d"/>
      </object_component>
      <object_component id="oc-1d0">
         <name>.const:_SlEventMaskSetCmdCtrl</name>
         <load_address>0xa840</load_address>
         <run_address>0xa840</run_address>
         <size>0x4</size>
         <input_file_ref idref="fl-d"/>
      </object_component>
      <object_component id="oc-2b4">
         <name>.const:_SlGetHostByNameCtrl</name>
         <load_address>0xa844</load_address>
         <run_address>0xa844</run_address>
         <size>0x4</size>
         <input_file_ref idref="fl-11"/>
      </object_component>
      <object_component id="oc-2b1">
         <name>.const:_SlGetHostByServiceCtrl</name>
         <load_address>0xa848</load_address>
         <run_address>0xa848</run_address>
         <size>0x4</size>
         <input_file_ref idref="fl-11"/>
      </object_component>
      <object_component id="oc-2ab">
         <name>.const:_SlGetServiceListeCtrl</name>
         <load_address>0xa84c</load_address>
         <run_address>0xa84c</run_address>
         <size>0x4</size>
         <input_file_ref idref="fl-11"/>
      </object_component>
      <object_component id="oc-302">
         <name>.const:_SlGetSockOptCmdCtrl</name>
         <load_address>0xa850</load_address>
         <run_address>0xa850</run_address>
         <size>0x4</size>
         <input_file_ref idref="fl-14"/>
      </object_component>
      <object_component id="oc-2f6">
         <name>.const:_SlListenCmdCtrl</name>
         <load_address>0xa854</load_address>
         <run_address>0xa854</run_address>
         <size>0x4</size>
         <input_file_ref idref="fl-14"/>
      </object_component>
      <object_component id="oc-2c0">
         <name>.const:_SlNetAppGetCmdCtrl</name>
         <load_address>0xa858</load_address>
         <run_address>0xa858</run_address>
         <size>0x4</size>
         <input_file_ref idref="fl-11"/>
      </object_component>
      <object_component id="oc-2bd">
         <name>.const:_SlNetAppSendTokenValueCmdCtrl</name>
         <load_address>0xa85c</load_address>
         <run_address>0xa85c</run_address>
         <size>0x4</size>
         <input_file_ref idref="fl-11"/>
      </object_component>
      <object_component id="oc-2ba">
         <name>.const:_SlNetAppSetCmdCtrl</name>
         <load_address>0xa860</load_address>
         <run_address>0xa860</run_address>
         <size>0x4</size>
         <input_file_ref idref="fl-11"/>
      </object_component>
      <object_component id="oc-2a5">
         <name>.const:_SlNetAppStartCtrl</name>
         <load_address>0xa864</load_address>
         <run_address>0xa864</run_address>
         <size>0x4</size>
         <input_file_ref idref="fl-11"/>
      </object_component>
      <object_component id="oc-2a8">
         <name>.const:_SlNetAppStopCtrl</name>
         <load_address>0xa868</load_address>
         <run_address>0xa868</run_address>
         <size>0x4</size>
         <input_file_ref idref="fl-11"/>
      </object_component>
      <object_component id="oc-29b">
         <name>.const:_SlNetCfgGetCmdCtrl</name>
         <load_address>0xa86c</load_address>
         <run_address>0xa86c</run_address>
         <size>0x4</size>
         <input_file_ref idref="fl-12"/>
      </object_component>
      <object_component id="oc-298">
         <name>.const:_SlNetCfgSetCmdCtrl</name>
         <load_address>0xa870</load_address>
         <run_address>0xa870</run_address>
         <size>0x4</size>
         <input_file_ref idref="fl-12"/>
      </object_component>
      <object_component id="oc-264">
         <name>.const:_SlPolicyGetCmdCtrl</name>
         <load_address>0xa874</load_address>
         <run_address>0xa874</run_address>
         <size>0x4</size>
         <input_file_ref idref="fl-16"/>
      </object_component>
      <object_component id="oc-261">
         <name>.const:_SlPolicySetCmdCtrl</name>
         <load_address>0xa878</load_address>
         <run_address>0xa878</run_address>
         <size>0x4</size>
         <input_file_ref idref="fl-16"/>
      </object_component>
      <object_component id="oc-26d">
         <name>.const:_SlProfileDelCmdCtrl</name>
         <load_address>0xa87c</load_address>
         <run_address>0xa87c</run_address>
         <size>0x4</size>
         <input_file_ref idref="fl-16"/>
      </object_component>
      <object_component id="oc-26a">
         <name>.const:_SlProfileGetCmdCtrl</name>
         <load_address>0xa880</load_address>
         <run_address>0xa880</run_address>
         <size>0x4</size>
         <input_file_ref idref="fl-16"/>
      </object_component>
      <object_component id="oc-2fc">
         <name>.const:_SlRecvCmdCtrl</name>
         <load_address>0xa884</load_address>
         <run_address>0xa884</run_address>
         <size>0x4</size>
         <input_file_ref idref="fl-14"/>
      </object_component>
      <object_component id="oc-2ed">
         <name>.const:_SlRecvfomCmdCtrl</name>
         <load_address>0xa888</load_address>
         <run_address>0xa888</run_address>
         <size>0x4</size>
         <input_file_ref idref="fl-14"/>
      </object_component>
      <object_component id="oc-2ae">
         <name>.const:_SlRegisterServiceCtrl</name>
         <load_address>0xa88c</load_address>
         <run_address>0xa88c</run_address>
         <size>0x4</size>
         <input_file_ref idref="fl-11"/>
      </object_component>
      <object_component id="oc-273">
         <name>.const:_SlRxFilterAddtCmdCtrl</name>
         <load_address>0xa890</load_address>
         <run_address>0xa890</run_address>
         <size>0x4</size>
         <input_file_ref idref="fl-16"/>
      </object_component>
      <object_component id="oc-279">
         <name>.const:_SlRxFilterGetCmdCtrl</name>
         <load_address>0xa894</load_address>
         <run_address>0xa894</run_address>
         <size>0x4</size>
         <input_file_ref idref="fl-16"/>
      </object_component>
      <object_component id="oc-276">
         <name>.const:_SlRxFilterSetCmdCtrl</name>
         <load_address>0xa898</load_address>
         <run_address>0xa898</run_address>
         <size>0x4</size>
         <input_file_ref idref="fl-16"/>
      </object_component>
      <object_component id="oc-305">
         <name>.const:_SlSelectCmdCtrl</name>
         <load_address>0xa89c</load_address>
         <run_address>0xa89c</run_address>
         <size>0x4</size>
         <input_file_ref idref="fl-14"/>
      </object_component>
      <object_component id="oc-2f3">
         <name>.const:_SlSendCmdCtrl</name>
         <load_address>0xa8a0</load_address>
         <run_address>0xa8a0</run_address>
         <size>0x4</size>
         <input_file_ref idref="fl-14"/>
      </object_component>
      <object_component id="oc-2ff">
         <name>.const:_SlSetSockOptCmdCtrl</name>
         <load_address>0xa8a4</load_address>
         <run_address>0xa8a4</run_address>
         <size>0x4</size>
         <input_file_ref idref="fl-14"/>
      </object_component>
      <object_component id="oc-27f">
         <name>.const:_SlSmartConfigStartCmdCtrl</name>
         <load_address>0xa8a8</load_address>
         <run_address>0xa8a8</run_address>
         <size>0x4</size>
         <input_file_ref idref="fl-16"/>
      </object_component>
      <object_component id="oc-2e4">
         <name>.const:_SlSockCloseCmdCtrl</name>
         <load_address>0xa8ac</load_address>
         <run_address>0xa8ac</run_address>
         <size>0x4</size>
         <input_file_ref idref="fl-14"/>
      </object_component>
      <object_component id="oc-2e1">
         <name>.const:_SlSockSocketCmdCtrl</name>
         <load_address>0xa8b0</load_address>
         <run_address>0xa8b0</run_address>
         <size>0x4</size>
         <input_file_ref idref="fl-14"/>
      </object_component>
      <object_component id="oc-1cd">
         <name>.const:_SlStopCmdCtrl</name>
         <load_address>0xa8b4</load_address>
         <run_address>0xa8b4</run_address>
         <size>0x4</size>
         <input_file_ref idref="fl-d"/>
      </object_component>
      <object_component id="oc-288">
         <name>.const:_SlWlanCfgGetCmdCtrl</name>
         <load_address>0xa8b8</load_address>
         <run_address>0xa8b8</run_address>
         <size>0x4</size>
         <input_file_ref idref="fl-16"/>
      </object_component>
      <object_component id="oc-285">
         <name>.const:_SlWlanCfgSetCmdCtrl</name>
         <load_address>0xa8bc</load_address>
         <run_address>0xa8bc</run_address>
         <size>0x4</size>
         <input_file_ref idref="fl-16"/>
      </object_component>
      <object_component id="oc-270">
         <name>.const:_SlWlanGetNetworkListCtrl</name>
         <load_address>0xa8c0</load_address>
         <run_address>0xa8c0</run_address>
         <size>0x4</size>
         <input_file_ref idref="fl-16"/>
      </object_component>
      <object_component id="oc-282">
         <name>.const:_SlWlanSetModeCmdCtrl</name>
         <load_address>0xa8c4</load_address>
         <run_address>0xa8c4</run_address>
         <size>0x4</size>
         <input_file_ref idref="fl-16"/>
      </object_component>
      <object_component id="oc-67e">
         <name>.cinit..data.load</name>
         <load_address>0xa8c8</load_address>
         <run_address>0xa8c8</run_address>
         <size>0xe</size>
      </object_component>
      <object_component id="oc-67b">
         <name>__TI_handler_table</name>
         <load_address>0xa8d8</load_address>
         <run_address>0xa8d8</run_address>
         <size>0xc</size>
      </object_component>
      <object_component id="oc-67f">
         <name>.cinit..bss.load</name>
         <load_address>0xa8e8</load_address>
         <run_address>0xa8e8</run_address>
         <size>0x8</size>
      </object_component>
      <object_component id="oc-67d">
         <name>.cinit..vtable.load</name>
         <load_address>0xa8f0</load_address>
         <run_address>0xa8f0</run_address>
         <size>0x8</size>
      </object_component>
      <object_component id="oc-67c">
         <name>__TI_cinit_table</name>
         <load_address>0xa8f8</load_address>
         <run_address>0xa8f8</run_address>
         <size>0x18</size>
      </object_component>
      <object_component id="oc-60c">
         <name>.vtable</name>
         <uninitialized>true</uninitialized>
         <run_address>0x20000000</run_address>
         <size>0x26c</size>
         <input_file_ref idref="fl-20"/>
      </object_component>
      <object_component id="oc-104">
         <name>.data</name>
         <load_address>0x20001a40</load_address>
         <run_address>0x20001a40</run_address>
         <size>0x8</size>
         <input_file_ref idref="fl-6"/>
      </object_component>
      <object_component id="oc-321">
         <name>.data</name>
         <load_address>0x20001a58</load_address>
         <run_address>0x20001a58</run_address>
         <size>0x4</size>
         <input_file_ref idref="fl-9"/>
      </object_component>
      <object_component id="oc-327">
         <name>.data:buildstr</name>
         <load_address>0x20001790</load_address>
         <run_address>0x20001790</run_address>
         <size>0x200</size>
         <input_file_ref idref="fl-9"/>
      </object_component>
      <object_component id="oc-324">
         <name>.data:strcontentlength</name>
         <load_address>0x20001a48</load_address>
         <run_address>0x20001a48</run_address>
         <size>0x5</size>
         <input_file_ref idref="fl-9"/>
      </object_component>
      <object_component id="oc-31b">
         <name>.data:mystring</name>
         <load_address>0x200019fe</load_address>
         <run_address>0x200019fe</run_address>
         <size>0x32</size>
         <input_file_ref idref="fl-9"/>
      </object_component>
      <object_component id="oc-31e">
         <name>.data:mystring2</name>
         <load_address>0x200019cc</load_address>
         <run_address>0x200019cc</run_address>
         <size>0x32</size>
         <input_file_ref idref="fl-9"/>
      </object_component>
      <object_component id="oc-19e">
         <name>.data</name>
         <load_address>0x20001a50</load_address>
         <run_address>0x20001a50</run_address>
         <size>0x4</size>
         <input_file_ref idref="fl-b"/>
      </object_component>
      <object_component id="oc-1c7">
         <name>.data</name>
         <load_address>0x20001a30</load_address>
         <run_address>0x20001a30</run_address>
         <size>0xd</size>
         <input_file_ref idref="fl-e"/>
      </object_component>
      <object_component id="oc-259">
         <name>.data:g__SlNonOsCB</name>
         <load_address>0x20001990</load_address>
         <run_address>0x20001990</run_address>
         <size>0x3c</size>
         <input_file_ref idref="fl-13"/>
      </object_component>
      <object_component id="oc-4ee">
         <name>.data</name>
         <load_address>0x20001a5c</load_address>
         <run_address>0x20001a5c</run_address>
         <size>0x4</size>
         <input_file_ref idref="fl-18"/>
      </object_component>
      <object_component id="oc-5f4">
         <name>.data</name>
         <load_address>0x20001a54</load_address>
         <run_address>0x20001a54</run_address>
         <size>0x4</size>
         <input_file_ref idref="fl-fd"/>
      </object_component>
      <object_component id="oc-35d">
         <name>.bss:g_StatMem</name>
         <uninitialized>true</uninitialized>
         <run_address>0x20000cfc</run_address>
         <size>0x168</size>
         <input_file_ref idref="fl-e"/>
      </object_component>
      <object_component id="oc-161">
         <name>.common:numberOfInstructions</name>
         <uninitialized>true</uninitialized>
         <run_address>0x20000fb4</run_address>
         <size>0x4</size>
      </object_component>
      <object_component id="oc-160">
         <name>.common:instructions</name>
         <uninitialized>true</uninitialized>
         <run_address>0x2000089c</run_address>
         <size>0x460</size>
      </object_component>
      <object_component id="oc-113">
         <name>.common:g_Status</name>
         <uninitialized>true</uninitialized>
         <run_address>0x20000fa8</run_address>
         <size>0x4</size>
      </object_component>
      <object_component id="oc-152">
         <name>.common:appData</name>
         <uninitialized>true</uninitialized>
         <run_address>0x2000026c</run_address>
         <size>0x630</size>
      </object_component>
      <object_component id="oc-159">
         <name>.common:theTime</name>
         <uninitialized>true</uninitialized>
         <run_address>0x20000f90</run_address>
         <size>0x18</size>
      </object_component>
      <object_component id="oc-14f">
         <name>.common:Id</name>
         <uninitialized>true</uninitialized>
         <run_address>0x20000ec8</run_address>
         <size>0x64</size>
      </object_component>
      <object_component id="oc-150">
         <name>.common:Score</name>
         <uninitialized>true</uninitialized>
         <run_address>0x20000f2c</run_address>
         <size>0x64</size>
      </object_component>
      <object_component id="oc-151">
         <name>.common:Edxpost</name>
         <uninitialized>true</uninitialized>
         <run_address>0x20000e64</run_address>
         <size>0x64</size>
      </object_component>
      <object_component id="oc-1a1">
         <name>.common:IntIsMasked</name>
         <uninitialized>true</uninitialized>
         <run_address>0x20000fb8</run_address>
         <size>0x1</size>
      </object_component>
      <object_component id="oc-19b">
         <name>.common:g_SysClock</name>
         <uninitialized>true</uninitialized>
         <run_address>0x20000fac</run_address>
         <size>0x4</size>
      </object_component>
      <object_component id="oc-1ae">
         <name>.common:g_ucUARTBuffer</name>
         <uninitialized>true</uninitialized>
         <run_address>0x20000fb0</run_address>
         <size>0x4</size>
      </object_component>
      <object_component id="oc-360">
         <name>.common:RxIrqCnt</name>
         <uninitialized>true</uninitialized>
         <run_address>0x20000fb9</run_address>
         <size>0x1</size>
      </object_component>
      <object_component id="oc-1ca">
         <name>.common:g_bDeviceRestartIsRequired</name>
         <uninitialized>true</uninitialized>
         <run_address>0x20000fba</run_address>
         <size>0x1</size>
      </object_component>
      <object_component id="oc-21">
         <name>.stack</name>
         <uninitialized>true</uninitialized>
         <run_address>0x20000fc0</run_address>
         <size>0x4</size>
         <input_file_ref idref="fl-ec"/>
      </object_component>
      <object_component id="oc-680">
         <name>.stack</name>
         <uninitialized>true</uninitialized>
         <run_address>0x20000fc0</run_address>
         <size>0x0</size>
      </object_component>
      <object_component id="oc-203">
         <name>.debug_info</name>
         <load_address>0x0</load_address>
         <run_address>0x0</run_address>
         <size>0x274</size>
         <input_file_ref idref="fl-2"/>
      </object_component>
      <object_component id="oc-81">
         <name>.debug_info</name>
         <load_address>0x274</load_address>
         <run_address>0x274</run_address>
         <size>0x3c4</size>
         <input_file_ref idref="fl-2"/>
      </object_component>
      <object_component id="oc-c4">
         <name>.debug_info</name>
         <load_address>0x638</load_address>
         <run_address>0x638</run_address>
         <size>0x26b</size>
         <input_file_ref idref="fl-2"/>
      </object_component>
      <object_component id="oc-39">
         <name>.debug_info</name>
         <load_address>0x8a3</load_address>
         <run_address>0x8a3</run_address>
         <size>0x84</size>
         <input_file_ref idref="fl-2"/>
      </object_component>
      <object_component id="oc-1fe">
         <name>.debug_info</name>
         <load_address>0x927</load_address>
         <run_address>0x927</run_address>
         <size>0x297</size>
         <input_file_ref idref="fl-2"/>
      </object_component>
      <object_component id="oc-c9">
         <name>.debug_info</name>
         <load_address>0xbbe</load_address>
         <run_address>0xbbe</run_address>
         <size>0xbb</size>
         <input_file_ref idref="fl-2"/>
      </object_component>
      <object_component id="oc-a5">
         <name>.debug_info</name>
         <load_address>0xc79</load_address>
         <run_address>0xc79</run_address>
         <size>0x120</size>
         <input_file_ref idref="fl-3"/>
      </object_component>
      <object_component id="oc-b7">
         <name>.debug_info</name>
         <load_address>0xd99</load_address>
         <run_address>0xd99</run_address>
         <size>0x2bd</size>
         <input_file_ref idref="fl-4"/>
      </object_component>
      <object_component id="oc-100">
         <name>.debug_info</name>
         <load_address>0x1056</load_address>
         <run_address>0x1056</run_address>
         <size>0x274</size>
         <input_file_ref idref="fl-5"/>
      </object_component>
      <object_component id="oc-88">
         <name>.debug_info</name>
         <load_address>0x12ca</load_address>
         <run_address>0x12ca</run_address>
         <size>0x26f</size>
         <input_file_ref idref="fl-5"/>
      </object_component>
      <object_component id="oc-114">
         <name>.debug_info</name>
         <load_address>0x1539</load_address>
         <run_address>0x1539</run_address>
         <size>0xe6d</size>
         <input_file_ref idref="fl-6"/>
      </object_component>
      <object_component id="oc-105">
         <name>.debug_info</name>
         <load_address>0x23a6</load_address>
         <run_address>0x23a6</run_address>
         <size>0x11d</size>
         <input_file_ref idref="fl-6"/>
      </object_component>
      <object_component id="oc-129">
         <name>.debug_info</name>
         <load_address>0x24c3</load_address>
         <run_address>0x24c3</run_address>
         <size>0xe2</size>
         <input_file_ref idref="fl-6"/>
      </object_component>
      <object_component id="oc-12c">
         <name>.debug_info</name>
         <load_address>0x25a5</load_address>
         <run_address>0x25a5</run_address>
         <size>0xe2</size>
         <input_file_ref idref="fl-6"/>
      </object_component>
      <object_component id="oc-12f">
         <name>.debug_info</name>
         <load_address>0x2687</load_address>
         <run_address>0x2687</run_address>
         <size>0xe2</size>
         <input_file_ref idref="fl-6"/>
      </object_component>
      <object_component id="oc-132">
         <name>.debug_info</name>
         <load_address>0x2769</load_address>
         <run_address>0x2769</run_address>
         <size>0xe2</size>
         <input_file_ref idref="fl-6"/>
      </object_component>
      <object_component id="oc-135">
         <name>.debug_info</name>
         <load_address>0x284b</load_address>
         <run_address>0x284b</run_address>
         <size>0xe2</size>
         <input_file_ref idref="fl-6"/>
      </object_component>
      <object_component id="oc-13e">
         <name>.debug_info</name>
         <load_address>0x292d</load_address>
         <run_address>0x292d</run_address>
         <size>0xe2</size>
         <input_file_ref idref="fl-6"/>
      </object_component>
      <object_component id="oc-141">
         <name>.debug_info</name>
         <load_address>0x2a0f</load_address>
         <run_address>0x2a0f</run_address>
         <size>0xe2</size>
         <input_file_ref idref="fl-6"/>
      </object_component>
      <object_component id="oc-9c">
         <name>.debug_info</name>
         <load_address>0x2af1</load_address>
         <run_address>0x2af1</run_address>
         <size>0x1d8d</size>
         <input_file_ref idref="fl-6"/>
      </object_component>
      <object_component id="oc-163">
         <name>.debug_info</name>
         <load_address>0x487e</load_address>
         <run_address>0x487e</run_address>
         <size>0x46a</size>
         <input_file_ref idref="fl-6"/>
      </object_component>
      <object_component id="oc-1e3">
         <name>.debug_info</name>
         <load_address>0x4ce8</load_address>
         <run_address>0x4ce8</run_address>
         <size>0x92</size>
         <input_file_ref idref="fl-6"/>
      </object_component>
      <object_component id="oc-177">
         <name>.debug_info</name>
         <load_address>0x4d7a</load_address>
         <run_address>0x4d7a</run_address>
         <size>0x87f</size>
         <input_file_ref idref="fl-6"/>
      </object_component>
      <object_component id="oc-172">
         <name>.debug_info</name>
         <load_address>0x55f9</load_address>
         <run_address>0x55f9</run_address>
         <size>0x611</size>
         <input_file_ref idref="fl-6"/>
      </object_component>
      <object_component id="oc-16d">
         <name>.debug_info</name>
         <load_address>0x5c0a</load_address>
         <run_address>0x5c0a</run_address>
         <size>0xa71</size>
         <input_file_ref idref="fl-6"/>
      </object_component>
      <object_component id="oc-1f9">
         <name>.debug_info</name>
         <load_address>0x667b</load_address>
         <run_address>0x667b</run_address>
         <size>0x148</size>
         <input_file_ref idref="fl-6"/>
      </object_component>
      <object_component id="oc-294">
         <name>.debug_info</name>
         <load_address>0x67c3</load_address>
         <run_address>0x67c3</run_address>
         <size>0x114</size>
         <input_file_ref idref="fl-6"/>
      </object_component>
      <object_component id="oc-1f4">
         <name>.debug_info</name>
         <load_address>0x68d7</load_address>
         <run_address>0x68d7</run_address>
         <size>0xc4</size>
         <input_file_ref idref="fl-6"/>
      </object_component>
      <object_component id="oc-168">
         <name>.debug_info</name>
         <load_address>0x699b</load_address>
         <run_address>0x699b</run_address>
         <size>0x6c8</size>
         <input_file_ref idref="fl-6"/>
      </object_component>
      <object_component id="oc-1a3">
         <name>.debug_info</name>
         <load_address>0x7063</load_address>
         <run_address>0x7063</run_address>
         <size>0x2c</size>
         <input_file_ref idref="fl-6"/>
      </object_component>
      <object_component id="oc-3db">
         <name>.debug_info</name>
         <load_address>0x708f</load_address>
         <run_address>0x708f</run_address>
         <size>0x2c</size>
         <input_file_ref idref="fl-6"/>
      </object_component>
      <object_component id="oc-20b">
         <name>.debug_info</name>
         <load_address>0x70bb</load_address>
         <run_address>0x70bb</run_address>
         <size>0x2c</size>
         <input_file_ref idref="fl-6"/>
      </object_component>
      <object_component id="oc-48f">
         <name>.debug_info</name>
         <load_address>0x70e7</load_address>
         <run_address>0x70e7</run_address>
         <size>0x2c</size>
         <input_file_ref idref="fl-6"/>
      </object_component>
      <object_component id="oc-c0">
         <name>.debug_info</name>
         <load_address>0x7113</load_address>
         <run_address>0x7113</run_address>
         <size>0xa8b</size>
         <input_file_ref idref="fl-8"/>
      </object_component>
      <object_component id="oc-2b">
         <name>.debug_info</name>
         <load_address>0x7b9e</load_address>
         <run_address>0x7b9e</run_address>
         <size>0xa1b</size>
         <input_file_ref idref="fl-8"/>
      </object_component>
      <object_component id="oc-32b">
         <name>.debug_info</name>
         <load_address>0x85b9</load_address>
         <run_address>0x85b9</run_address>
         <size>0x632</size>
         <input_file_ref idref="fl-9"/>
      </object_component>
      <object_component id="oc-322">
         <name>.debug_info</name>
         <load_address>0x8beb</load_address>
         <run_address>0x8beb</run_address>
         <size>0xf4</size>
         <input_file_ref idref="fl-9"/>
      </object_component>
      <object_component id="oc-328">
         <name>.debug_info</name>
         <load_address>0x8cdf</load_address>
         <run_address>0x8cdf</run_address>
         <size>0xea</size>
         <input_file_ref idref="fl-9"/>
      </object_component>
      <object_component id="oc-325">
         <name>.debug_info</name>
         <load_address>0x8dc9</load_address>
         <run_address>0x8dc9</run_address>
         <size>0xfa</size>
         <input_file_ref idref="fl-9"/>
      </object_component>
      <object_component id="oc-31c">
         <name>.debug_info</name>
         <load_address>0x8ec3</load_address>
         <run_address>0x8ec3</run_address>
         <size>0xea</size>
         <input_file_ref idref="fl-9"/>
      </object_component>
      <object_component id="oc-31f">
         <name>.debug_info</name>
         <load_address>0x8fad</load_address>
         <run_address>0x8fad</run_address>
         <size>0xec</size>
         <input_file_ref idref="fl-9"/>
      </object_component>
      <object_component id="oc-154">
         <name>.debug_info</name>
         <load_address>0x9099</load_address>
         <run_address>0x9099</run_address>
         <size>0x46d</size>
         <input_file_ref idref="fl-9"/>
      </object_component>
      <object_component id="oc-4a2">
         <name>.debug_info</name>
         <load_address>0x9506</load_address>
         <run_address>0x9506</run_address>
         <size>0xcc</size>
         <input_file_ref idref="fl-9"/>
      </object_component>
      <object_component id="oc-32">
         <name>.debug_info</name>
         <load_address>0x95d2</load_address>
         <run_address>0x95d2</run_address>
         <size>0x2e7</size>
         <input_file_ref idref="fl-a"/>
      </object_component>
      <object_component id="oc-10">
         <name>.debug_info</name>
         <load_address>0x98b9</load_address>
         <run_address>0x98b9</run_address>
         <size>0xfe</size>
         <input_file_ref idref="fl-a"/>
      </object_component>
      <object_component id="oc-26">
         <name>.debug_info</name>
         <load_address>0x99b7</load_address>
         <run_address>0x99b7</run_address>
         <size>0x4ef</size>
         <input_file_ref idref="fl-a"/>
      </object_component>
      <object_component id="oc-19c">
         <name>.debug_info</name>
         <load_address>0x9ea6</load_address>
         <run_address>0x9ea6</run_address>
         <size>0x648</size>
         <input_file_ref idref="fl-b"/>
      </object_component>
      <object_component id="oc-19f">
         <name>.debug_info</name>
         <load_address>0xa4ee</load_address>
         <run_address>0xa4ee</run_address>
         <size>0x134</size>
         <input_file_ref idref="fl-b"/>
      </object_component>
      <object_component id="oc-a8">
         <name>.debug_info</name>
         <load_address>0xa622</load_address>
         <run_address>0xa622</run_address>
         <size>0xa5d</size>
         <input_file_ref idref="fl-b"/>
      </object_component>
      <object_component id="oc-1af">
         <name>.debug_info</name>
         <load_address>0xb07f</load_address>
         <run_address>0xb07f</run_address>
         <size>0x376</size>
         <input_file_ref idref="fl-c"/>
      </object_component>
      <object_component id="oc-ae">
         <name>.debug_info</name>
         <load_address>0xb3f5</load_address>
         <run_address>0xb3f5</run_address>
         <size>0x4a0</size>
         <input_file_ref idref="fl-c"/>
      </object_component>
      <object_component id="oc-1b2">
         <name>.debug_info</name>
[...]
      </symbol>
      <symbol id="sm-93a">
         <name>sl_Socket</name>
         <value>0x33cb</value>
         <object_component_ref idref="oc-149"/>
      </symbol>
      <symbol id="sm-93b">
         <name>sl_Select</name>
         <value>0x4023</value>
         <object_component_ref idref="oc-149"/>
      </symbol>
      <symbol id="sm-93c">
         <name>_sl_HandleAsync_Select</name>
         <value>0x3de1</value>
         <object_component_ref idref="oc-149"/>
      </symbol>
      <symbol id="sm-93d">
         <name>sl_RecvFrom</name>
         <value>0x3689</value>
         <object_component_ref idref="oc-149"/>
      </symbol>
      <symbol id="sm-93e">
         <name>SL_FD_CLR</name>
         <value>0x41ad</value>
         <object_component_ref idref="oc-149"/>
      </symbol>
      <symbol id="sm-93f">
         <name>sl_Close</name>
         <value>0x3449</value>
         <object_component_ref idref="oc-149"/>
      </symbol>
      <symbol id="sm-940">
         <name>_sl_HandleAsync_Accept</name>
         <value>0x3d81</value>
         <object_component_ref idref="oc-149"/>
      </symbol>
      <symbol id="sm-941">
         <name>sl_GetSockOpt</name>
         <value>0x3f6b</value>
         <object_component_ref idref="oc-149"/>
      </symbol>
      <symbol id="sm-942">
         <name>sl_SetSockOpt</name>
         <value>0x3ee1</value>
         <object_component_ref idref="oc-149"/>
      </symbol>
      <symbol id="sm-943">
         <name>_sl_ParseAddress</name>
         <value>0x3371</value>
         <object_component_ref idref="oc-149"/>
      </symbol>
      <symbol id="sm-944">
         <name>sl_Listen</name>
         <value>0x3ae9</value>
         <object_component_ref idref="oc-149"/>
      </symbol>
      <symbol id="sm-945">
         <name>SL_FD_ISSET</name>
         <value>0x41d5</value>
         <object_component_ref idref="oc-149"/>
      </symbol>
      <symbol id="sm-946">
         <name>sl_Bind</name>
         <value>0x349b</value>
         <object_component_ref idref="oc-149"/>
      </symbol>
      <symbol id="sm-a92">
         <name>sl_WlanSmartConfigStop</name>
         <value>0x4d69</value>
         <object_component_ref idref="oc-10d"/>
      </symbol>
      <symbol id="sm-a93">
         <name>sl_WlanProfileAdd</name>
         <value>0x4651</value>
         <object_component_ref idref="oc-10d"/>
      </symbol>
      <symbol id="sm-a94">
         <name>sl_WlanDisconnect</name>
         <value>0x4499</value>
         <object_component_ref idref="oc-10d"/>
      </symbol>
      <symbol id="sm-a95">
         <name>sl_WlanRxFilterGet</name>
         <value>0x4c11</value>
         <object_component_ref idref="oc-10d"/>
      </symbol>
      <symbol id="sm-a96">
         <name>sl_WlanRxStatGet</name>
         <value>0x4d09</value>
         <object_component_ref idref="oc-10d"/>
      </symbol>
      <symbol id="sm-a97">
         <name>sl_WlanPolicySet</name>
         <value>0x44cd</value>
         <object_component_ref idref="oc-10d"/>
      </symbol>
      <symbol id="sm-a98">
         <name>sl_WlanRxStatStart</name>
         <value>0x4ca5</value>
         <object_component_ref idref="oc-10d"/>
      </symbol>
      <symbol id="sm-a99">
         <name>sl_WlanProfileGet</name>
         <value>0x4905</value>
         <object_component_ref idref="oc-10d"/>
      </symbol>
      <symbol id="sm-a9a">
         <name>sl_WlanPolicyGet</name>
         <value>0x455d</value>
         <object_component_ref idref="oc-10d"/>
      </symbol>
      <symbol id="sm-a9b">
         <name>sl_WlanGet</name>
         <value>0x4f49</value>
         <object_component_ref idref="oc-10d"/>
      </symbol>
      <symbol id="sm-a9c">
         <name>sl_WlanRxStatStop</name>
         <value>0x4cd5</value>
         <object_component_ref idref="oc-10d"/>
      </symbol>
      <symbol id="sm-a9d">
         <name>sl_WlanSmartConfigStart</name>
         <value>0x4d9d</value>
         <object_component_ref idref="oc-10d"/>
      </symbol>
      <symbol id="sm-a9e">
         <name>sl_WlanRxFilterAdd</name>
         <value>0x4af7</value>
         <object_component_ref idref="oc-10d"/>
      </symbol>
      <symbol id="sm-a9f">
         <name>sl_WlanProfileDel</name>
         <value>0x4a0f</value>
         <object_component_ref idref="oc-10d"/>
      </symbol>
      <symbol id="sm-aa0">
         <name>sl_WlanRxFilterSet</name>
         <value>0x4b8d</value>
         <object_component_ref idref="oc-10d"/>
      </symbol>
      <symbol id="sm-aa1">
         <name>sl_WlanConnect</name>
         <value>0x4229</value>
         <object_component_ref idref="oc-10d"/>
      </symbol>
      <symbol id="sm-aa2">
         <name>sl_WlanSet</name>
         <value>0x4ead</value>
         <object_component_ref idref="oc-10d"/>
      </symbol>
      <symbol id="sm-aa3">
         <name>sl_WlanGetNetworkList</name>
         <value>0x4a61</value>
         <object_component_ref idref="oc-10d"/>
      </symbol>
      <symbol id="sm-aa4">
         <name>sl_WlanSetMode</name>
         <value>0x4e55</value>
         <object_component_ref idref="oc-10d"/>
      </symbol>
      <symbol id="sm-aca">
         <name>spi_Read</name>
         <value>0x8029</value>
         <object_component_ref idref="oc-1be"/>
      </symbol>
      <symbol id="sm-acb">
         <name>spi_Close</name>
         <value>0x7eb5</value>
         <object_component_ref idref="oc-1be"/>
      </symbol>
      <symbol id="sm-acc">
         <name>spi_Write</name>
         <value>0x7fc5</value>
         <object_component_ref idref="oc-1be"/>
      </symbol>
      <symbol id="sm-acd">
         <name>spi_Open</name>
         <value>0x7ec1</value>
         <object_component_ref idref="oc-1be"/>
      </symbol>
      <symbol id="sm-aec">
         <name>timer_GetCurrentTimestamp</name>
         <value>0x9b55</value>
         <object_component_ref idref="oc-373"/>
      </symbol>
      <symbol id="sm-b07">
         <name>FPULazyStackingEnable</name>
         <value>0xa1e9</value>
         <object_component_ref idref="oc-183"/>
      </symbol>
      <symbol id="sm-b08">
         <name>FPUEnable</name>
         <value>0xa1d9</value>
         <object_component_ref idref="oc-17d"/>
      </symbol>
      <symbol id="sm-b72">
         <name>GPIOPinConfigure</name>
         <value>0x9d15</value>
         <object_component_ref idref="oc-1a8"/>
      </symbol>
      <symbol id="sm-b73">
         <name>GPIOIntDisable</name>
         <value>0xa219</value>
         <object_component_ref idref="oc-195"/>
      </symbol>
      <symbol id="sm-b74">
         <name>GPIOIntEnable</name>
         <value>0xa25d</value>
         <object_component_ref idref="oc-18f"/>
      </symbol>
      <symbol id="sm-b75">
         <name>GPIOIntTypeSet</name>
         <value>0x9b75</value>
         <object_component_ref idref="oc-3a3"/>
      </symbol>
      <symbol id="sm-b76">
         <name>GPIOPinTypeGPIOInput</name>
         <value>0xa191</value>
         <object_component_ref idref="oc-397"/>
      </symbol>
      <symbol id="sm-b77">
         <name>GPIOIntClear</name>
         <value>0xa299</value>
         <object_component_ref idref="oc-3af"/>
      </symbol>
      <symbol id="sm-b78">
         <name>GPIOIntStatus</name>
         <value>0xa227</value>
         <object_component_ref idref="oc-3a9"/>
      </symbol>
      <symbol id="sm-b79">
         <name>GPIODirModeSet</name>
         <value>0xa023</value>
         <object_component_ref idref="oc-4f3"/>
      </symbol>
      <symbol id="sm-b7a">
         <name>GPIOPinWrite</name>
         <value>0xa29f</value>
         <object_component_ref idref="oc-3c2"/>
      </symbol>
      <symbol id="sm-b7b">
         <name>GPIOPadConfigSet</name>
         <value>0x8f13</value>
         <object_component_ref idref="oc-39d"/>
      </symbol>
      <symbol id="sm-b7c">
         <name>GPIOPinTypeSSI</name>
         <value>0xa1a3</value>
         <object_component_ref idref="oc-385"/>
      </symbol>
      <symbol id="sm-bbe">
         <name>IntEnable</name>
         <value>0x99e5</value>
         <object_component_ref idref="oc-3b5"/>
      </symbol>
      <symbol id="sm-bbf">
         <name>IntRegister</name>
         <value>0x9f25</value>
         <object_component_ref idref="oc-583"/>
      </symbol>
      <symbol id="sm-bc0">
         <name>g_pfnRAMVectors</name>
         <value>0x20000000</value>
         <object_component_ref idref="oc-60c"/>
      </symbol>
      <symbol id="sm-bc1">
         <name>IntMasterEnable</name>
         <value>0xa1f9</value>
         <object_component_ref idref="oc-3bb"/>
      </symbol>
      <symbol id="sm-bf0">
         <name>SSIDataGetNonBlocking</name>
         <value>0xa1b5</value>
         <object_component_ref idref="oc-3ce"/>
      </symbol>
      <symbol id="sm-bf1">
         <name>SSIDataPutNonBlocking</name>
         <value>0xa235</value>
         <object_component_ref idref="oc-3c8"/>
      </symbol>
      <symbol id="sm-bf2">
         <name>SSIConfigSetExpClk</name>
         <value>0x9eaf</value>
         <object_component_ref idref="oc-38b"/>
      </symbol>
      <symbol id="sm-bf3">
         <name>SSIEnable</name>
         <value>0xa275</value>
         <object_component_ref idref="oc-391"/>
      </symbol>
      <symbol id="sm-bf4">
         <name>SSIBusy</name>
         <value>0xa289</value>
         <object_component_ref idref="oc-3d4"/>
      </symbol>
      <symbol id="sm-c64">
         <name>SysCtlDelay</name>
         <value>0xa2a5</value>
         <object_component_ref idref="oc-3c1"/>
      </symbol>
      <symbol id="sm-c65">
         <name>SysCtlPeripheralEnable</name>
         <value>0x9f59</value>
         <object_component_ref idref="oc-37f"/>
      </symbol>
      <symbol id="sm-c66">
         <name>SysCtlClockFreqSet</name>
         <value>0x80d5</value>
         <object_component_ref idref="oc-189"/>
      </symbol>
      <symbol id="sm-c9d">
         <name>SysTickEnable</name>
         <value>0xa141</value>
         <object_component_ref idref="oc-4e8"/>
      </symbol>
      <symbol id="sm-c9e">
         <name>SysTickIntRegister</name>
         <value>0xa091</value>
         <object_component_ref idref="oc-4dc"/>
      </symbol>
      <symbol id="sm-c9f">
         <name>SysTickIntEnable</name>
         <value>0xa155</value>
         <object_component_ref idref="oc-4e2"/>
      </symbol>
      <symbol id="sm-ca0">
         <name>SysTickPeriodSet</name>
         <value>0xa209</value>
         <object_component_ref idref="oc-4d6"/>
      </symbol>
      <symbol id="sm-ca1">
         <name>SysTickDisable</name>
         <value>0xa12d</value>
         <object_component_ref idref="oc-4d0"/>
      </symbol>
      <symbol id="sm-cab">
         <name>CPUcpsie</name>
         <value>0xa251</value>
         <object_component_ref idref="oc-507"/>
      </symbol>
      <symbol id="sm-cd2">
         <name>sprintf</name>
         <value>0x9e31</value>
         <object_component_ref idref="oc-30f"/>
      </symbol>
      <symbol id="sm-ce9">
         <name>__aeabi_dsub</name>
         <value>0x8685</value>
         <object_component_ref idref="oc-96"/>
      </symbol>
      <symbol id="sm-cea">
         <name>__aeabi_dadd</name>
         <value>0x868f</value>
         <object_component_ref idref="oc-96"/>
      </symbol>
      <symbol id="sm-cfe">
         <name>__aeabi_ddiv</name>
         <value>0x8ddd</value>
         <object_component_ref idref="oc-76"/>
      </symbol>
      <symbol id="sm-d09">
         <name>__aeabi_dmul</name>
         <value>0x9389</value>
         <object_component_ref idref="oc-91"/>
      </symbol>
      <symbol id="sm-d15">
         <name>__aeabi_d2f</name>
         <value>0x9977</value>
         <object_component_ref idref="oc-7b"/>
      </symbol>
      <symbol id="sm-d20">
         <name>__aeabi_f2d</name>
         <value>0x9eeb</value>
         <object_component_ref idref="oc-8c"/>
      </symbol>
      <symbol id="sm-d2a">
         <name>__aeabi_i2d</name>
         <value>0x9ff5</value>
         <object_component_ref idref="oc-71"/>
      </symbol>
      <symbol id="sm-d45">
         <name>memcpy</name>
         <value>0x95d9</value>
         <object_component_ref idref="oc-3e"/>
      </symbol>
      <symbol id="sm-d46">
         <name>__aeabi_memcpy</name>
         <value>0x95d9</value>
         <object_component_ref idref="oc-3e"/>
      </symbol>
      <symbol id="sm-d47">
         <name>__aeabi_memcpy8</name>
         <value>0x95d9</value>
         <object_component_ref idref="oc-3e"/>
      </symbol>
      <symbol id="sm-d48">
         <name>__aeabi_memcpy4</name>
         <value>0x95d9</value>
         <object_component_ref idref="oc-3e"/>
      </symbol>
      <symbol id="sm-d57">
         <name>__aeabi_memset</name>
         <value>0x9819</value>
         <object_component_ref idref="oc-e3"/>
      </symbol>
      <symbol id="sm-d58">
         <name>memset</name>
         <value>0x981f</value>
         <object_component_ref idref="oc-e3"/>
      </symbol>
      <symbol id="sm-d59">
         <name>__aeabi_memset8</name>
         <value>0x9819</value>
         <object_component_ref idref="oc-e3"/>
      </symbol>
      <symbol id="sm-d5a">
         <name>__aeabi_memset4</name>
         <value>0x9819</value>
         <object_component_ref idref="oc-e3"/>
      </symbol>
      <symbol id="sm-d5b">
         <name>__aeabi_memclr8</name>
         <value>0x9817</value>
         <object_component_ref idref="oc-e3"/>
      </symbol>
      <symbol id="sm-d5c">
         <name>__aeabi_memclr4</name>
         <value>0x9817</value>
         <object_component_ref idref="oc-e3"/>
      </symbol>
      <symbol id="sm-d5d">
         <name>__aeabi_memclr</name>
         <value>0x9817</value>
         <object_component_ref idref="oc-e3"/>
      </symbol>
      <symbol id="sm-d6f">
         <name>__TI_zero_init</name>
         <value>0xa269</value>
         <object_component_ref idref="oc-50"/>
      </symbol>
      <symbol id="sm-d86">
         <name>__TI_decompress_none</name>
         <value>0xa243</value>
         <object_component_ref idref="oc-18"/>
      </symbol>
      <symbol id="sm-da9">
         <name>__TI_decompress_lzss</name>
         <value>0x9a4d</value>
         <object_component_ref idref="oc-12"/>
      </symbol>
      <symbol id="sm-dbf">
         <name>atoi</name>
         <value>0x9cc9</value>
         <object_component_ref idref="oc-15a"/>
      </symbol>
      <symbol id="sm-dca">
         <name>_ctypes_</name>
         <value>0xa3d4</value>
         <object_component_ref idref="oc-32d"/>
      </symbol>
      <symbol id="sm-dda">
         <name>strcat</name>
         <value>0xa073</value>
         <object_component_ref idref="oc-315"/>
      </symbol>
      <symbol id="sm-de8">
         <name>strcpy</name>
         <value>0xa169</value>
         <object_component_ref idref="oc-143"/>
      </symbol>
      <symbol id="sm-df6">
         <name>strlen</name>
         <value>0xa17d</value>
         <object_component_ref idref="oc-122"/>
      </symbol>
      <symbol id="sm-e09">
         <name>strstr</name>
         <value>0x9fc1</value>
         <object_component_ref idref="oc-137"/>
      </symbol>
      <symbol id="sm-e1c">
         <name>__stack</name>
         <value>0x20000fc0</value>
         <object_component_ref idref="oc-21"/>
      </symbol>
      <symbol id="sm-e1d">
         <name>_c_int00_noargs</name>
         <value>0x9f8d</value>
         <object_component_ref idref="oc-5c"/>
      </symbol>
      <symbol id="sm-f82">
         <name>__TI_printfi</name>
         <value>0x5c31</value>
         <object_component_ref idref="oc-47b"/>
      </symbol>
      <symbol id="sm-fa2">
         <name>frexpl</name>
         <value>0x9ab5</value>
         <object_component_ref idref="oc-5d8"/>
      </symbol>
      <symbol id="sm-fa3">
         <name>frexp</name>
         <value>0x9ab5</value>
         <object_component_ref idref="oc-5d8"/>
      </symbol>
      <symbol id="sm-fc0">
         <name>scalbn</name>
         <value>0x9279</value>
         <object_component_ref idref="oc-5de"/>
      </symbol>
      <symbol id="sm-fc1">
         <name>scalbnl</name>
         <value>0x9279</value>
         <object_component_ref idref="oc-5de"/>
      </symbol>
      <symbol id="sm-fc2">
         <name>ldexpl</name>
         <value>0x9279</value>
         <object_component_ref idref="oc-5de"/>
      </symbol>
      <symbol id="sm-fc3">
         <name>ldexp</name>
         <value>0x9279</value>
         <object_component_ref idref="oc-5de"/>
      </symbol>
      <symbol id="sm-fcd">
         <name>copysign</name>
         <value>0xa0e5</value>
         <object_component_ref idref="oc-627"/>
      </symbol>
      <symbol id="sm-fce">
         <name>copysignl</name>
         <value>0xa0e5</value>
         <object_component_ref idref="oc-627"/>
      </symbol>
      <symbol id="sm-fdb">
         <name>__aeabi_uldivmod</name>
         <value>0x9675</value>
         <object_component_ref idref="oc-5a6"/>
      </symbol>
      <symbol id="sm-ffd">
         <name>__aeabi_cdcmpeq</name>
         <value>0x970b</value>
         <object_component_ref idref="oc-53b"/>
      </symbol>
      <symbol id="sm-ffe">
         <name>__aeabi_cdcmple</name>
         <value>0x970b</value>
         <object_component_ref idref="oc-53b"/>
      </symbol>
      <symbol id="sm-fff">
         <name>__aeabi_cdrcmple</name>
         <value>0x9791</value>
         <object_component_ref idref="oc-5ad"/>
      </symbol>
      <symbol id="sm-1009">
         <name>__aeabi_d2iz</name>
         <value>0x9da5</value>
         <object_component_ref idref="oc-5b2"/>
      </symbol>
      <symbol id="sm-1031">
         <name>__TI_auto_init_nobinit_nopinit</name>
         <value>0x9ded</value>
         <object_component_ref idref="oc-220"/>
      </symbol>
      <symbol id="sm-103b">
         <name>_system_pre_init</name>
         <value>0xa2ab</value>
         <object_component_ref idref="oc-e9"/>
      </symbol>
      <symbol id="sm-1047">
         <name>C$$EXIT</name>
         <value>0xa2af</value>
         <object_component_ref idref="oc-214"/>
      </symbol>
      <symbol id="sm-1048">
         <name>abort</name>
         <value>0xa2af</value>
         <object_component_ref idref="oc-214"/>
      </symbol>
      <symbol id="sm-1059">
         <name>ltoa</name>
         <value>0x9c21</value>
         <object_component_ref idref="oc-5b7"/>
      </symbol>
      <symbol id="sm-1069">
         <name>memccpy</name>
         <value>0xa0c9</value>
         <object_component_ref idref="oc-558"/>
      </symbol>
      <symbol id="sm-1079">
         <name>strchr</name>
         <value>0xa117</value>
         <object_component_ref idref="oc-5e4"/>
      </symbol>
      <symbol id="sm-108f">
         <name>__aeabi_errno_addr</name>
         <value>0xa291</value>
         <object_component_ref idref="oc-564"/>
      </symbol>
      <symbol id="sm-1090">
         <name>errno</name>
         <value>0x20001a54</value>
         <object_component_ref idref="oc-5f4"/>
      </symbol>
      <symbol id="sm-10a9">
         <name>wcslen</name>
         <value>0xa1c7</value>
         <object_component_ref idref="oc-55e"/>
      </symbol>
      <symbol id="sm-10b3">
         <name>__aeabi_idiv0</name>
         <value>0x667f</value>
         <object_component_ref idref="oc-612"/>
      </symbol>
      <symbol id="sm-10b4">
         <name>__aeabi_ldiv0</name>
         <value>0x667f</value>
         <object_component_ref idref="oc-612"/>
      </symbol>
      <symbol id="sm-10b5">
         <name>__TI_static_base__</name>
         <value>0x0</value>
      </symbol>
      <symbol id="sm-10b8">
         <name>__mpu_init</name>
         <value>0x0</value>
      </symbol>
      <symbol id="sm-10b9">
         <name>_system_post_cinit</name>
         <value>0x0</value>
      </symbol>
   </symbol_table>
   <title>Link successful</title>
</link_info>
